[2020-04-17T10:58:39.658+0800][0.028s] Heap region size: 1M
[2020-04-17T10:58:39.659+0800][0.028s] Heap address: 0x00000007e0000000, size: 512 MB, Compressed Oops mode: Zero based, Oop shift amount: 3
[2020-04-17T10:58:39.665+0800][0.035s] Using G1
[2020-04-17T10:58:39.666+0800][0.035s] Mark closed archive regions in map: [0x00000007fff00000, 0x00000007fff7aff8]
[2020-04-17T10:58:39.666+0800][0.035s] Mark open archive regions in map: [0x00000007ffe00000, 0x00000007ffe50ff8]
[2020-04-17T10:58:39.688+0800][0.058s] Periodic GC disabled
[2020-04-17T10:58:42.987+0800][3.357s] GC(0) Pause Young (Concurrent Start) (Metadata GC Threshold)
[2020-04-17T10:58:42.988+0800][3.357s] GC(0) Using 4 workers of 4 for evacuation
[2020-04-17T10:58:43.001+0800][3.371s] GC(0)   Pre Evacuate Collection Set: 0.1ms
[2020-04-17T10:58:43.001+0800][3.371s] GC(0)   Merge Heap Roots: 0.0ms
[2020-04-17T10:58:43.001+0800][3.371s] GC(0)   Evacuate Collection Set: 11.9ms
[2020-04-17T10:58:43.001+0800][3.371s] GC(0)   Post Evacuate Collection Set: 1.4ms
[2020-04-17T10:58:43.002+0800][3.371s] GC(0)   Other: 0.5ms
[2020-04-17T10:58:43.002+0800][3.371s] GC(0) Eden regions: 117->0(117)
[2020-04-17T10:58:43.002+0800][3.371s] GC(0) Survivor regions: 0->11(32)
[2020-04-17T10:58:43.002+0800][3.371s] GC(0) Old regions: 0->0
[2020-04-17T10:58:43.002+0800][3.371s] GC(0) Archive regions: 2->2
[2020-04-17T10:58:43.002+0800][3.371s] GC(0) Humongous regions: 0->0
[2020-04-17T10:58:43.002+0800][3.371s] GC(0) Metaspace: 20465K(21248K)->20465K(21248K) NonClass: 18095K(18688K)->18095K(18688K) Class: 2370K(2560K)->2370K(2560K)
[2020-04-17T10:58:43.002+0800][3.371s] GC(0) Pause Young (Concurrent Start) (Metadata GC Threshold) 117M->11M(512M) 14.206ms
[2020-04-17T10:58:43.002+0800][3.371s] GC(0) User=0.04s Sys=0.00s Real=0.02s
[2020-04-17T10:58:43.002+0800][3.371s] GC(1) Concurrent Cycle
[2020-04-17T10:58:43.002+0800][3.371s] GC(1) Concurrent Clear Claimed Marks
[2020-04-17T10:58:43.002+0800][3.371s] GC(1) Concurrent Clear Claimed Marks 0.040ms
[2020-04-17T10:58:43.002+0800][3.371s] GC(1) Concurrent Scan Root Regions
[2020-04-17T10:58:43.005+0800][3.374s] GC(1) Concurrent Scan Root Regions 2.999ms
[2020-04-17T10:58:43.005+0800][3.374s] GC(1) Concurrent Mark (3.374s)
[2020-04-17T10:58:43.005+0800][3.374s] GC(1) Concurrent Mark From Roots
[2020-04-17T10:58:43.005+0800][3.374s] GC(1) Using 4 workers of 4 for marking
[2020-04-17T10:58:43.009+0800][3.378s] GC(1) Concurrent Mark From Roots 3.972ms
[2020-04-17T10:58:43.009+0800][3.378s] GC(1) Concurrent Preclean
[2020-04-17T10:58:43.009+0800][3.378s] GC(1) Concurrent Preclean 0.054ms
[2020-04-17T10:58:43.009+0800][3.378s] GC(1) Concurrent Mark (3.374s, 3.378s) 4.177ms
[2020-04-17T10:58:43.010+0800][3.379s] GC(1) Pause Remark
[2020-04-17T10:58:43.012+0800][3.381s] GC(1) Pause Remark 12M->12M(512M) 1.638ms
[2020-04-17T10:58:43.012+0800][3.381s] GC(1) User=0.00s Sys=0.00s Real=0.00s
[2020-04-17T10:58:43.013+0800][3.382s] GC(1) Concurrent Rebuild Remembered Sets
[2020-04-17T10:58:43.013+0800][3.383s] GC(1) Concurrent Rebuild Remembered Sets 0.723ms
[2020-04-17T10:58:43.014+0800][3.383s] GC(1) Pause Cleanup
[2020-04-17T10:58:43.014+0800][3.383s] GC(1) Pause Cleanup 12M->12M(512M) 0.071ms
[2020-04-17T10:58:43.014+0800][3.383s] GC(1) User=0.00s Sys=0.00s Real=0.00s
[2020-04-17T10:58:43.014+0800][3.383s] GC(1) Concurrent Cleanup for Next Mark
[2020-04-17T10:58:43.017+0800][3.386s] GC(1) Concurrent Cleanup for Next Mark 2.805ms
[2020-04-17T10:58:43.017+0800][3.386s] GC(1) Concurrent Cycle 15.080ms
[2020-04-17T10:58:44.139+0800][4.509s] GC(2) Pause Young (Normal) (G1 Evacuation Pause)
[2020-04-17T10:58:44.139+0800][4.509s] GC(2) Using 4 workers of 4 for evacuation
[2020-04-17T10:58:44.157+0800][4.527s] GC(2)   Pre Evacuate Collection Set: 0.0ms
[2020-04-17T10:58:44.157+0800][4.527s] GC(2)   Merge Heap Roots: 0.0ms
[2020-04-17T10:58:44.157+0800][4.527s] GC(2)   Evacuate Collection Set: 16.8ms
[2020-04-17T10:58:44.157+0800][4.527s] GC(2)   Post Evacuate Collection Set: 0.8ms
[2020-04-17T10:58:44.157+0800][4.527s] GC(2)   Other: 0.2ms
[2020-04-17T10:58:44.157+0800][4.527s] GC(2) Eden regions: 117->0(110)
[2020-04-17T10:58:44.157+0800][4.527s] GC(2) Survivor regions: 11->18(32)
[2020-04-17T10:58:44.158+0800][4.527s] GC(2) Old regions: 0->0
[2020-04-17T10:58:44.158+0800][4.527s] GC(2) Archive regions: 2->2
[2020-04-17T10:58:44.158+0800][4.527s] GC(2) Humongous regions: 1->1
[2020-04-17T10:58:44.158+0800][4.527s] GC(2) Metaspace: 27587K(28668K)->27587K(28668K) NonClass: 24318K(25084K)->24318K(25084K) Class: 3268K(3584K)->3268K(3584K)
[2020-04-17T10:58:44.158+0800][4.527s] GC(2) Pause Young (Normal) (G1 Evacuation Pause) 129M->19M(512M) 18.147ms
[2020-04-17T10:58:44.158+0800][4.527s] GC(2) User=0.06s Sys=0.01s Real=0.02s
[2020-04-17T10:58:44.481+0800][4.850s] GC(3) Pause Young (Normal) (G1 Evacuation Pause)
[2020-04-17T10:58:44.481+0800][4.850s] GC(3) Using 4 workers of 4 for evacuation
[2020-04-17T10:58:44.494+0800][4.863s] GC(3)   Pre Evacuate Collection Set: 0.0ms
[2020-04-17T10:58:44.494+0800][4.863s] GC(3)   Merge Heap Roots: 0.0ms
[2020-04-17T10:58:44.494+0800][4.863s] GC(3)   Evacuate Collection Set: 11.6ms
[2020-04-17T10:58:44.494+0800][4.863s] GC(3)   Post Evacuate Collection Set: 0.8ms
[2020-04-17T10:58:44.494+0800][4.863s] GC(3)   Other: 0.2ms
[2020-04-17T10:58:44.494+0800][4.863s] GC(3) Eden regions: 110->0(108)
[2020-04-17T10:58:44.494+0800][4.863s] GC(3) Survivor regions: 18->20(32)
[2020-04-17T10:58:44.494+0800][4.863s] GC(3) Old regions: 0->0
[2020-04-17T10:58:44.494+0800][4.863s] GC(3) Archive regions: 2->2
[2020-04-17T10:58:44.494+0800][4.863s] GC(3) Humongous regions: 1->1
[2020-04-17T10:58:44.494+0800][4.863s] GC(3) Metaspace: 28943K(29948K)->28943K(29948K) NonClass: 25505K(26108K)->25505K(26108K) Class: 3437K(3840K)->3437K(3840K)
[2020-04-17T10:58:44.494+0800][4.863s] GC(3) Pause Young (Normal) (G1 Evacuation Pause) 129M->21M(512M) 12.958ms
[2020-04-17T10:58:44.494+0800][4.863s] GC(3) User=0.04s Sys=0.00s Real=0.01s
[2020-04-17T10:58:45.215+0800][5.585s] GC(4) Pause Young (Normal) (G1 Evacuation Pause)
[2020-04-17T10:58:45.215+0800][5.585s] GC(4) Using 4 workers of 4 for evacuation
[2020-04-17T10:58:45.228+0800][5.598s] GC(4)   Pre Evacuate Collection Set: 0.1ms
[2020-04-17T10:58:45.228+0800][5.598s] GC(4)   Merge Heap Roots: 0.0ms
[2020-04-17T10:58:45.228+0800][5.598s] GC(4)   Evacuate Collection Set: 11.9ms
[2020-04-17T10:58:45.228+0800][5.598s] GC(4)   Post Evacuate Collection Set: 1.0ms
[2020-04-17T10:58:45.229+0800][5.598s] GC(4)   Other: 0.2ms
[2020-04-17T10:58:45.229+0800][5.598s] GC(4) Eden regions: 108->0(108)
[2020-04-17T10:58:45.229+0800][5.598s] GC(4) Survivor regions: 20->20(32)
[2020-04-17T10:58:45.229+0800][5.598s] GC(4) Old regions: 0->0
[2020-04-17T10:58:45.229+0800][5.598s] GC(4) Archive regions: 2->2
[2020-04-17T10:58:45.229+0800][5.598s] GC(4) Humongous regions: 1->1
[2020-04-17T10:58:45.229+0800][5.598s] GC(4) Metaspace: 33461K(34556K)->33461K(34556K) NonClass: 29460K(30204K)->29460K(30204K) Class: 4000K(4352K)->4000K(4352K)
[2020-04-17T10:58:45.229+0800][5.598s] GC(4) Pause Young (Normal) (G1 Evacuation Pause) 129M->21M(512M) 13.281ms
[2020-04-17T10:58:45.229+0800][5.598s] GC(4) User=0.05s Sys=0.00s Real=0.01s
[2020-04-17T10:58:45.421+0800][5.790s] GC(5) Pause Young (Concurrent Start) (Metadata GC Threshold)
[2020-04-17T10:58:45.421+0800][5.790s] GC(5) Using 4 workers of 4 for evacuation
[2020-04-17T10:58:45.435+0800][5.804s] GC(5)   Pre Evacuate Collection Set: 0.1ms
[2020-04-17T10:58:45.435+0800][5.804s] GC(5)   Merge Heap Roots: 0.0ms
[2020-04-17T10:58:45.435+0800][5.804s] GC(5)   Evacuate Collection Set: 12.0ms
[2020-04-17T10:58:45.435+0800][5.804s] GC(5)   Post Evacuate Collection Set: 1.4ms
[2020-04-17T10:58:45.435+0800][5.804s] GC(5)   Other: 0.2ms
[2020-04-17T10:58:45.435+0800][5.804s] GC(5) Eden regions: 35->0(108)
[2020-04-17T10:58:45.435+0800][5.804s] GC(5) Survivor regions: 20->20(32)
[2020-04-17T10:58:45.435+0800][5.804s] GC(5) Old regions: 0->0
[2020-04-17T10:58:45.435+0800][5.804s] GC(5) Archive regions: 2->2
[2020-04-17T10:58:45.435+0800][5.804s] GC(5) Humongous regions: 1->1
[2020-04-17T10:58:45.435+0800][5.804s] GC(5) Metaspace: 34986K(36048K)->34986K(36048K) NonClass: 30738K(31484K)->30738K(31484K) Class: 4247K(4564K)->4247K(4564K)
[2020-04-17T10:58:45.435+0800][5.804s] GC(5) Pause Young (Concurrent Start) (Metadata GC Threshold) 56M->21M(512M) 14.032ms
[2020-04-17T10:58:45.435+0800][5.804s] GC(5) User=0.05s Sys=0.00s Real=0.01s
[2020-04-17T10:58:45.435+0800][5.804s] GC(6) Concurrent Cycle
[2020-04-17T10:58:45.435+0800][5.804s] GC(6) Concurrent Clear Claimed Marks
[2020-04-17T10:58:45.435+0800][5.805s] GC(6) Concurrent Clear Claimed Marks 0.056ms
[2020-04-17T10:58:45.435+0800][5.805s] GC(6) Concurrent Scan Root Regions
[2020-04-17T10:58:45.439+0800][5.808s] GC(6) Concurrent Scan Root Regions 3.850ms
[2020-04-17T10:58:45.439+0800][5.808s] GC(6) Concurrent Mark (5.808s)
[2020-04-17T10:58:45.439+0800][5.808s] GC(6) Concurrent Mark From Roots
[2020-04-17T10:58:45.439+0800][5.808s] GC(6) Using 4 workers of 4 for marking
[2020-04-17T10:58:45.444+0800][5.813s] GC(6) Concurrent Mark From Roots 4.763ms
[2020-04-17T10:58:45.444+0800][5.813s] GC(6) Concurrent Preclean
[2020-04-17T10:58:45.444+0800][5.813s] GC(6) Concurrent Preclean 0.028ms
[2020-04-17T10:58:45.444+0800][5.813s] GC(6) Concurrent Mark (5.808s, 5.813s) 4.871ms
[2020-04-17T10:58:45.445+0800][5.814s] GC(6) Pause Remark
[2020-04-17T10:58:45.449+0800][5.818s] GC(6) Pause Remark 21M->21M(512M) 4.601ms
[2020-04-17T10:58:45.449+0800][5.818s] GC(6) User=0.01s Sys=0.00s Real=0.00s
[2020-04-17T10:58:45.458+0800][5.827s] GC(6) Concurrent Rebuild Remembered Sets
[2020-04-17T10:58:45.459+0800][5.828s] GC(6) Concurrent Rebuild Remembered Sets 0.921ms
[2020-04-17T10:58:45.459+0800][5.828s] GC(6) Pause Cleanup
[2020-04-17T10:58:45.459+0800][5.828s] GC(6) Pause Cleanup 22M->22M(512M) 0.119ms
[2020-04-17T10:58:45.459+0800][5.828s] GC(6) User=0.00s Sys=0.00s Real=0.00s
[2020-04-17T10:58:45.459+0800][5.828s] GC(6) Concurrent Cleanup for Next Mark
[2020-04-17T10:58:45.462+0800][5.832s] GC(6) Concurrent Cleanup for Next Mark 3.192ms
[2020-04-17T10:58:45.462+0800][5.832s] GC(6) Concurrent Cycle 27.149ms
[2020-04-17T10:58:47.064+0800][7.433s] GC(7) Pause Young (Normal) (G1 Evacuation Pause)
[2020-04-17T10:58:47.064+0800][7.433s] GC(7) Using 4 workers of 4 for evacuation
[2020-04-17T10:58:47.116+0800][7.486s] GC(7)   Pre Evacuate Collection Set: 0.1ms
[2020-04-17T10:58:47.116+0800][7.486s] GC(7)   Merge Heap Roots: 0.0ms
[2020-04-17T10:58:47.116+0800][7.486s] GC(7)   Evacuate Collection Set: 50.4ms
[2020-04-17T10:58:47.116+0800][7.486s] GC(7)   Post Evacuate Collection Set: 1.5ms
[2020-04-17T10:58:47.117+0800][7.486s] GC(7)   Other: 0.2ms
[2020-04-17T10:58:47.117+0800][7.486s] GC(7) Eden regions: 108->0(96)
[2020-04-17T10:58:47.117+0800][7.486s] GC(7) Survivor regions: 20->32(32)
[2020-04-17T10:58:47.117+0800][7.486s] GC(7) Old regions: 0->12
[2020-04-17T10:58:47.117+0800][7.486s] GC(7) Archive regions: 2->2
[2020-04-17T10:58:47.117+0800][7.486s] GC(7) Humongous regions: 1->1
[2020-04-17T10:58:47.117+0800][7.486s] GC(7) Metaspace: 37624K(38992K)->37624K(38992K) NonClass: 33077K(34044K)->33077K(34044K) Class: 4546K(4948K)->4546K(4948K)
[2020-04-17T10:58:47.117+0800][7.486s] GC(7) Pause Young (Normal) (G1 Evacuation Pause) 129M->45M(512M) 52.303ms
[2020-04-17T10:58:47.117+0800][7.486s] GC(7) User=0.19s Sys=0.02s Real=0.05s
[2020-04-17T10:58:47.408+0800][7.777s] GC(8) Pause Young (Normal) (G1 Evacuation Pause)
[2020-04-17T10:58:47.408+0800][7.777s] GC(8) Using 4 workers of 4 for evacuation
[2020-04-17T10:58:47.546+0800][7.915s] GC(8)   Pre Evacuate Collection Set: 0.1ms
[2020-04-17T10:58:47.546+0800][7.916s] GC(8)   Merge Heap Roots: 0.1ms
[2020-04-17T10:58:47.546+0800][7.916s] GC(8)   Evacuate Collection Set: 136.5ms
[2020-04-17T10:58:47.546+0800][7.916s] GC(8)   Post Evacuate Collection Set: 1.4ms
[2020-04-17T10:58:47.546+0800][7.916s] GC(8)   Other: 0.2ms
[2020-04-17T10:58:47.546+0800][7.916s] GC(8) Eden regions: 96->0(96)
[2020-04-17T10:58:47.546+0800][7.916s] GC(8) Survivor regions: 32->32(32)
[2020-04-17T10:58:47.547+0800][7.916s] GC(8) Old regions: 12->98
[2020-04-17T10:58:47.547+0800][7.916s] GC(8) Archive regions: 2->2
[2020-04-17T10:58:47.547+0800][7.916s] GC(8) Humongous regions: 1->1
[2020-04-17T10:58:47.547+0800][7.916s] GC(8) Metaspace: 37626K(38992K)->37626K(38992K) NonClass: 33080K(34044K)->33080K(34044K) Class: 4546K(4948K)->4546K(4948K)
[2020-04-17T10:58:47.547+0800][7.916s] GC(8) Pause Young (Normal) (G1 Evacuation Pause) 141M->131M(512M) 138.515ms
[2020-04-17T10:58:47.547+0800][7.916s] GC(8) User=0.47s Sys=0.04s Real=0.14s
[2020-04-17T10:58:47.921+0800][8.290s] GC(9) Pause Young (Normal) (G1 Evacuation Pause)
[2020-04-17T10:58:47.921+0800][8.290s] GC(9) Using 4 workers of 4 for evacuation
[2020-04-17T10:58:48.063+0800][8.433s] GC(9)   Pre Evacuate Collection Set: 0.1ms
[2020-04-17T10:58:48.064+0800][8.433s] GC(9)   Merge Heap Roots: 0.0ms
[2020-04-17T10:58:48.064+0800][8.433s] GC(9)   Evacuate Collection Set: 141.8ms
[2020-04-17T10:58:48.064+0800][8.433s] GC(9)   Post Evacuate Collection Set: 0.8ms
[2020-04-17T10:58:48.064+0800][8.433s] GC(9)   Other: 0.2ms
[2020-04-17T10:58:48.064+0800][8.433s] GC(9) Eden regions: 96->0(96)
[2020-04-17T10:58:48.064+0800][8.433s] GC(9) Survivor regions: 32->32(32)
[2020-04-17T10:58:48.064+0800][8.433s] GC(9) Old regions: 98->180
[2020-04-17T10:58:48.064+0800][8.433s] GC(9) Archive regions: 2->2
[2020-04-17T10:58:48.064+0800][8.433s] GC(9) Humongous regions: 1->1
[2020-04-17T10:58:48.064+0800][8.433s] GC(9) Metaspace: 37626K(38992K)->37626K(38992K) NonClass: 33080K(34044K)->33080K(34044K) Class: 4546K(4948K)->4546K(4948K)
[2020-04-17T10:58:48.064+0800][8.433s] GC(9) Pause Young (Normal) (G1 Evacuation Pause) 227M->213M(512M) 143.108ms
[2020-04-17T10:58:48.064+0800][8.433s] GC(9) User=0.48s Sys=0.04s Real=0.14s
[2020-04-17T10:58:48.578+0800][8.947s] GC(10) Pause Young (Normal) (G1 Evacuation Pause)
[2020-04-17T10:58:48.578+0800][8.947s] GC(10) Using 4 workers of 4 for evacuation
[2020-04-17T10:58:48.724+0800][9.093s] GC(10)   Pre Evacuate Collection Set: 0.1ms
[2020-04-17T10:58:48.724+0800][9.093s] GC(10)   Merge Heap Roots: 0.1ms
[2020-04-17T10:58:48.724+0800][9.093s] GC(10)   Evacuate Collection Set: 145.1ms
[2020-04-17T10:58:48.724+0800][9.093s] GC(10)   Post Evacuate Collection Set: 0.6ms
[2020-04-17T10:58:48.724+0800][9.093s] GC(10)   Other: 0.2ms
[2020-04-17T10:58:48.724+0800][9.093s] GC(10) Eden regions: 96->0(96)
[2020-04-17T10:58:48.724+0800][9.093s] GC(10) Survivor regions: 32->32(32)
[2020-04-17T10:58:48.724+0800][9.093s] GC(10) Old regions: 180->260
[2020-04-17T10:58:48.724+0800][9.093s] GC(10) Archive regions: 2->2
[2020-04-17T10:58:48.724+0800][9.093s] GC(10) Humongous regions: 1->1
[2020-04-17T10:58:48.724+0800][9.093s] GC(10) Metaspace: 37626K(38992K)->37626K(38992K) NonClass: 33080K(34044K)->33080K(34044K) Class: 4546K(4948K)->4546K(4948K)
[2020-04-17T10:58:48.724+0800][9.093s] GC(10) Pause Young (Normal) (G1 Evacuation Pause) 309M->293M(512M) 146.259ms
[2020-04-17T10:58:48.724+0800][9.093s] GC(10) User=0.49s Sys=0.04s Real=0.15s
[2020-04-17T11:08:11.666+0800][572.019s] GC(11) Pause Young (Concurrent Start) (G1 Humongous Allocation)
[2020-04-17T11:08:11.666+0800][572.019s] GC(11) Using 4 workers of 4 for evacuation
[2020-04-17T11:08:11.789+0800][572.142s] GC(11)   Pre Evacuate Collection Set: 1.0ms
[2020-04-17T11:08:11.789+0800][572.142s] GC(11)   Merge Heap Roots: 0.2ms
[2020-04-17T11:08:11.789+0800][572.142s] GC(11)   Evacuate Collection Set: 120.7ms
[2020-04-17T11:08:11.789+0800][572.142s] GC(11)   Post Evacuate Collection Set: 0.8ms
[2020-04-17T11:08:11.789+0800][572.142s] GC(11)   Other: 0.6ms
[2020-04-17T11:08:11.789+0800][572.142s] GC(11) Eden regions: 47->0(96)
[2020-04-17T11:08:11.789+0800][572.142s] GC(11) Survivor regions: 32->32(32)
[2020-04-17T11:08:11.789+0800][572.142s] GC(11) Old regions: 260->283
[2020-04-17T11:08:11.789+0800][572.142s] GC(11) Archive regions: 2->2
[2020-04-17T11:08:11.789+0800][572.142s] GC(11) Humongous regions: 1->1
[2020-04-17T11:08:11.789+0800][572.142s] GC(11) Metaspace: 39937K(41296K)->39937K(41296K) NonClass: 35099K(36092K)->35099K(36092K) Class: 4837K(5204K)->4837K(5204K)
[2020-04-17T11:08:11.789+0800][572.142s] GC(11) Pause Young (Concurrent Start) (G1 Humongous Allocation) 340M->316M(512M) 123.486ms
[2020-04-17T11:08:11.789+0800][572.142s] GC(11) User=0.28s Sys=0.14s Real=0.12s
[2020-04-17T11:08:11.789+0800][572.142s] GC(12) Concurrent Cycle
[2020-04-17T11:08:11.789+0800][572.142s] GC(12) Concurrent Clear Claimed Marks
[2020-04-17T11:08:11.789+0800][572.142s] GC(12) Concurrent Clear Claimed Marks 0.072ms
[2020-04-17T11:08:11.790+0800][572.142s] GC(12) Concurrent Scan Root Regions
[2020-04-17T11:08:11.829+0800][572.182s] GC(12) Concurrent Scan Root Regions 39.851ms
[2020-04-17T11:08:11.829+0800][572.182s] GC(12) Concurrent Mark (572.182s)
[2020-04-17T11:08:11.829+0800][572.182s] GC(12) Concurrent Mark From Roots
[2020-04-17T11:08:11.829+0800][572.182s] GC(12) Using 4 workers of 4 for marking
[2020-04-17T11:08:12.573+0800][572.926s] GC(12) Concurrent Mark From Roots 743.743ms
[2020-04-17T11:08:12.573+0800][572.926s] GC(12) Concurrent Preclean
[2020-04-17T11:08:12.573+0800][572.926s] GC(12) Concurrent Preclean 0.242ms
[2020-04-17T11:08:12.573+0800][572.926s] GC(12) Concurrent Mark (572.182s, 572.926s) 744.056ms
[2020-04-17T11:08:12.574+0800][572.926s] GC(12) Pause Remark
[2020-04-17T11:08:12.603+0800][572.956s] GC(12) Pause Remark 323M->323M(512M) 29.435ms
[2020-04-17T11:08:12.603+0800][572.956s] GC(12) User=0.02s Sys=0.05s Real=0.03s
[2020-04-17T11:08:12.603+0800][572.956s] GC(12) Concurrent Rebuild Remembered Sets
[2020-04-17T11:08:12.827+0800][573.180s] GC(12) Concurrent Rebuild Remembered Sets 223.924ms
[2020-04-17T11:08:12.827+0800][573.180s] GC(12) Pause Cleanup
[2020-04-17T11:08:12.828+0800][573.180s] GC(12) Pause Cleanup 323M->323M(512M) 0.281ms
[2020-04-17T11:08:12.828+0800][573.180s] GC(12) User=0.00s Sys=0.00s Real=0.00s
[2020-04-17T11:08:12.828+0800][573.180s] GC(12) Concurrent Cleanup for Next Mark
[2020-04-17T11:08:12.837+0800][573.190s] GC(12) Concurrent Cleanup for Next Mark 9.166ms
[2020-04-17T11:08:12.837+0800][573.190s] GC(12) Concurrent Cycle 1047.574ms
[2020-04-17T14:07:34.179+0800][8105.766s] GC(13) Pause Young (Normal) (G1 Evacuation Pause)
[2020-04-17T14:07:34.181+0800][8105.769s] GC(13) Using 4 workers of 4 for evacuation
[2020-04-17T14:07:34.309+0800][8105.897s] GC(13)   Pre Evacuate Collection Set: 1.8ms
[2020-04-17T14:07:34.309+0800][8105.897s] GC(13)   Merge Heap Roots: 0.6ms
[2020-04-17T14:07:34.310+0800][8105.897s] GC(13)   Evacuate Collection Set: 122.9ms
[2020-04-17T14:07:34.310+0800][8105.897s] GC(13)   Post Evacuate Collection Set: 2.7ms
[2020-04-17T14:07:34.310+0800][8105.897s] GC(13)   Other: 3.0ms
[2020-04-17T14:07:34.310+0800][8105.897s] GC(13) Eden regions: 96->0(105)
[2020-04-17T14:07:34.310+0800][8105.897s] GC(13) Survivor regions: 32->23(32)
[2020-04-17T14:07:34.310+0800][8105.897s] GC(13) Old regions: 283->296
[2020-04-17T14:07:34.310+0800][8105.897s] GC(13) Archive regions: 2->2
[2020-04-17T14:07:34.310+0800][8105.897s] GC(13) Humongous regions: 4->4
[2020-04-17T14:07:34.310+0800][8105.897s] GC(13) Metaspace: 41598K(42960K)->41598K(42960K) NonClass: 36692K(37628K)->36692K(37628K) Class: 4905K(5332K)->4905K(5332K)
[2020-04-17T14:07:34.310+0800][8105.897s] GC(13) Pause Young (Normal) (G1 Evacuation Pause) 415M->323M(512M) 131.108ms
[2020-04-17T14:07:34.310+0800][8105.897s] GC(13) User=0.19s Sys=0.21s Real=0.14s
[2020-04-17T15:13:35.076+0800][10068.086s] GC(14) Pause Young (Concurrent Start) (G1 Evacuation Pause)
[2020-04-17T15:13:35.077+0800][10068.087s] GC(14) Using 4 workers of 4 for evacuation
[2020-04-17T15:13:35.163+0800][10068.173s] GC(14)   Pre Evacuate Collection Set: 1.3ms
[2020-04-17T15:13:35.163+0800][10068.173s] GC(14)   Merge Heap Roots: 0.3ms
[2020-04-17T15:13:35.163+0800][10068.173s] GC(14)   Evacuate Collection Set: 82.2ms
[2020-04-17T15:13:35.163+0800][10068.173s] GC(14)   Post Evacuate Collection Set: 1.7ms
[2020-04-17T15:13:35.163+0800][10068.173s] GC(14)   Other: 1.4ms
[2020-04-17T15:13:35.163+0800][10068.174s] GC(14) Eden regions: 105->0(103)
[2020-04-17T15:13:35.163+0800][10068.174s] GC(14) Survivor regions: 23->25(32)
[2020-04-17T15:13:35.163+0800][10068.174s] GC(14) Old regions: 296->296
[2020-04-17T15:13:35.163+0800][10068.174s] GC(14) Archive regions: 2->2
[2020-04-17T15:13:35.163+0800][10068.174s] GC(14) Humongous regions: 4->4
[2020-04-17T15:13:35.163+0800][10068.174s] GC(14) Metaspace: 42025K(43216K)->42025K(43216K) NonClass: 37118K(37884K)->37118K(37884K) Class: 4907K(5332K)->4907K(5332K)
[2020-04-17T15:13:35.163+0800][10068.174s] GC(14) Pause Young (Concurrent Start) (G1 Evacuation Pause) 428M->325M(512M) 87.382ms
[2020-04-17T15:13:35.163+0800][10068.174s] GC(14) User=0.12s Sys=0.14s Real=0.09s
[2020-04-17T15:13:35.163+0800][10068.174s] GC(15) Concurrent Cycle
[2020-04-17T15:13:35.163+0800][10068.174s] GC(15) Concurrent Clear Claimed Marks
[2020-04-17T15:13:35.163+0800][10068.174s] GC(15) Concurrent Clear Claimed Marks 0.082ms
[2020-04-17T15:13:35.163+0800][10068.174s] GC(15) Concurrent Scan Root Regions
[2020-04-17T15:13:35.182+0800][10068.193s] GC(15) Concurrent Scan Root Regions 18.956ms
[2020-04-17T15:13:35.182+0800][10068.193s] GC(15) Concurrent Mark (10068.193s)
[2020-04-17T15:13:35.183+0800][10068.193s] GC(15) Concurrent Mark From Roots
[2020-04-17T15:13:35.183+0800][10068.193s] GC(15) Using 4 workers of 4 for marking
[2020-04-17T15:13:35.775+0800][10068.785s] GC(16) Pause Young (Normal) (G1 Evacuation Pause)
[2020-04-17T15:13:35.775+0800][10068.785s] GC(16) Using 4 workers of 4 for evacuation
[2020-04-17T15:13:35.806+0800][10068.816s] GC(16)   Pre Evacuate Collection Set: 0.1ms
[2020-04-17T15:13:35.806+0800][10068.816s] GC(16)   Merge Heap Roots: 0.1ms
[2020-04-17T15:13:35.806+0800][10068.816s] GC(16)   Evacuate Collection Set: 30.0ms
[2020-04-17T15:13:35.806+0800][10068.816s] GC(16)   Post Evacuate Collection Set: 0.7ms
[2020-04-17T15:13:35.806+0800][10068.816s] GC(16)   Other: 0.2ms
[2020-04-17T15:13:35.806+0800][10068.816s] GC(16) Eden regions: 103->0(104)
[2020-04-17T15:13:35.806+0800][10068.816s] GC(16) Survivor regions: 25->24(32)
[2020-04-17T15:13:35.806+0800][10068.816s] GC(16) Old regions: 296->296
[2020-04-17T15:13:35.806+0800][10068.816s] GC(16) Archive regions: 2->2
[2020-04-17T15:13:35.806+0800][10068.816s] GC(16) Humongous regions: 4->4
[2020-04-17T15:13:35.806+0800][10068.816s] GC(16) Metaspace: 42142K(43472K)->42142K(43472K) NonClass: 37232K(38140K)->37232K(38140K) Class: 4909K(5332K)->4909K(5332K)
[2020-04-17T15:13:35.806+0800][10068.816s] GC(16) Pause Young (Normal) (G1 Evacuation Pause) 428M->324M(512M) 31.319ms
[2020-04-17T15:13:35.806+0800][10068.816s] GC(16) User=0.10s Sys=0.00s Real=0.03s
[2020-04-17T15:13:36.198+0800][10069.208s] GC(15) Concurrent Mark From Roots 1014.994ms
[2020-04-17T15:13:36.198+0800][10069.208s] GC(15) Concurrent Preclean
[2020-04-17T15:13:36.198+0800][10069.208s] GC(15) Concurrent Preclean 0.194ms
[2020-04-17T15:13:36.198+0800][10069.208s] GC(15) Concurrent Mark (10068.193s, 10069.208s) 1015.294ms
[2020-04-17T15:13:36.198+0800][10069.208s] GC(15) Pause Remark
[2020-04-17T15:13:36.203+0800][10069.213s] GC(15) Pause Remark 381M->381M(512M) 4.864ms
[2020-04-17T15:13:36.203+0800][10069.213s] GC(15) User=0.01s Sys=0.00s Real=0.01s
[2020-04-17T15:13:36.213+0800][10069.224s] GC(15) Concurrent Rebuild Remembered Sets
[2020-04-17T15:13:36.266+0800][10069.276s] GC(17) Pause Young (Normal) (G1 Evacuation Pause)
[2020-04-17T15:13:36.266+0800][10069.277s] GC(17) Using 4 workers of 4 for evacuation
[2020-04-17T15:13:36.296+0800][10069.306s] GC(17)   Pre Evacuate Collection Set: 0.0ms
[2020-04-17T15:13:36.296+0800][10069.306s] GC(17)   Merge Heap Roots: 0.0ms
[2020-04-17T15:13:36.296+0800][10069.306s] GC(17)   Evacuate Collection Set: 28.5ms
[2020-04-17T15:13:36.296+0800][10069.306s] GC(17)   Post Evacuate Collection Set: 0.8ms
[2020-04-17T15:13:36.296+0800][10069.306s] GC(17)   Other: 0.2ms
[2020-04-17T15:13:36.296+0800][10069.306s] GC(17) Eden regions: 104->0(104)
[2020-04-17T15:13:36.296+0800][10069.306s] GC(17) Survivor regions: 24->24(32)
[2020-04-17T15:13:36.296+0800][10069.306s] GC(17) Old regions: 296->296
[2020-04-17T15:13:36.296+0800][10069.306s] GC(17) Archive regions: 2->2
[2020-04-17T15:13:36.296+0800][10069.306s] GC(17) Humongous regions: 4->4
[2020-04-17T15:13:36.296+0800][10069.306s] GC(17) Metaspace: 42142K(43472K)->42142K(43472K) NonClass: 37232K(38140K)->37232K(38140K) Class: 4909K(5332K)->4909K(5332K)
[2020-04-17T15:13:36.296+0800][10069.306s] GC(17) Pause Young (Normal) (G1 Evacuation Pause) 428M->324M(512M) 29.725ms
[2020-04-17T15:13:36.296+0800][10069.306s] GC(17) User=0.10s Sys=0.01s Real=0.03s
[2020-04-17T15:13:36.501+0800][10069.511s] GC(18) Pause Young (Normal) (G1 Evacuation Pause)
[2020-04-17T15:13:36.501+0800][10069.511s] GC(18) Using 4 workers of 4 for evacuation
[2020-04-17T15:13:36.544+0800][10069.554s] GC(18)   Pre Evacuate Collection Set: 0.1ms
[2020-04-17T15:13:36.544+0800][10069.554s] GC(18)   Merge Heap Roots: 0.1ms
[2020-04-17T15:13:36.544+0800][10069.554s] GC(18)   Evacuate Collection Set: 41.9ms
[2020-04-17T15:13:36.544+0800][10069.554s] GC(18)   Post Evacuate Collection Set: 1.0ms
[2020-04-17T15:13:36.544+0800][10069.554s] GC(18)   Other: 0.2ms
[2020-04-17T15:13:36.544+0800][10069.554s] GC(18) Eden regions: 104->0(103)
[2020-04-17T15:13:36.544+0800][10069.554s] GC(18) Survivor regions: 24->25(32)
[2020-04-17T15:13:36.544+0800][10069.554s] GC(18) Old regions: 296->296
[2020-04-17T15:13:36.544+0800][10069.554s] GC(18) Archive regions: 2->2
[2020-04-17T15:13:36.544+0800][10069.555s] GC(18) Humongous regions: 4->4
[2020-04-17T15:13:36.544+0800][10069.555s] GC(18) Metaspace: 42142K(43472K)->42142K(43472K) NonClass: 37232K(38140K)->37232K(38140K) Class: 4909K(5332K)->4909K(5332K)
[2020-04-17T15:13:36.544+0800][10069.555s] GC(18) Pause Young (Normal) (G1 Evacuation Pause) 428M->325M(512M) 43.544ms
[2020-04-17T15:13:36.544+0800][10069.555s] GC(18) User=0.10s Sys=0.00s Real=0.04s
[2020-04-17T15:13:36.679+0800][10069.689s] GC(19) Pause Young (Normal) (G1 Evacuation Pause)
[2020-04-17T15:13:36.679+0800][10069.689s] GC(19) Using 4 workers of 4 for evacuation
[2020-04-17T15:13:36.730+0800][10069.741s] GC(19)   Pre Evacuate Collection Set: 0.1ms
[2020-04-17T15:13:36.730+0800][10069.741s] GC(19)   Merge Heap Roots: 0.1ms
[2020-04-17T15:13:36.730+0800][10069.741s] GC(19)   Evacuate Collection Set: 49.7ms
[2020-04-17T15:13:36.730+0800][10069.741s] GC(19)   Post Evacuate Collection Set: 1.5ms
[2020-04-17T15:13:36.730+0800][10069.741s] GC(19)   Other: 0.2ms
[2020-04-17T15:13:36.731+0800][10069.741s] GC(19) Eden regions: 103->0(104)
[2020-04-17T15:13:36.731+0800][10069.741s] GC(19) Survivor regions: 25->24(32)
[2020-04-17T15:13:36.731+0800][10069.741s] GC(19) Old regions: 296->296
[2020-04-17T15:13:36.731+0800][10069.741s] GC(19) Archive regions: 2->2
[2020-04-17T15:13:36.731+0800][10069.741s] GC(19) Humongous regions: 4->4
[2020-04-17T15:13:36.731+0800][10069.741s] GC(19) Metaspace: 42142K(43472K)->42142K(43472K) NonClass: 37232K(38140K)->37232K(38140K) Class: 4909K(5332K)->4909K(5332K)
[2020-04-17T15:13:36.731+0800][10069.741s] GC(19) Pause Young (Normal) (G1 Evacuation Pause) 428M->324M(512M) 51.977ms
[2020-04-17T15:13:36.731+0800][10069.741s] GC(19) User=0.09s Sys=0.00s Real=0.06s
[2020-04-17T15:13:36.804+0800][10069.814s] GC(20) Pause Young (Normal) (G1 Evacuation Pause)
[2020-04-17T15:13:36.804+0800][10069.814s] GC(20) Using 4 workers of 4 for evacuation
[2020-04-17T15:13:36.845+0800][10069.856s] GC(20)   Pre Evacuate Collection Set: 0.1ms
[2020-04-17T15:13:36.845+0800][10069.856s] GC(20)   Merge Heap Roots: 0.1ms
[2020-04-17T15:13:36.846+0800][10069.856s] GC(20)   Evacuate Collection Set: 40.5ms
[2020-04-17T15:13:36.846+0800][10069.856s] GC(20)   Post Evacuate Collection Set: 0.8ms
[2020-04-17T15:13:36.846+0800][10069.856s] GC(20)   Other: 0.2ms
[2020-04-17T15:13:36.846+0800][10069.856s] GC(20) Eden regions: 104->0(113)
[2020-04-17T15:13:36.846+0800][10069.856s] GC(20) Survivor regions: 24->15(32)
[2020-04-17T15:13:36.846+0800][10069.856s] GC(20) Old regions: 296->306
[2020-04-17T15:13:36.846+0800][10069.856s] GC(20) Archive regions: 2->2
[2020-04-17T15:13:36.846+0800][10069.856s] GC(20) Humongous regions: 4->4
[2020-04-17T15:13:36.846+0800][10069.856s] GC(20) Metaspace: 42142K(43472K)->42142K(43472K) NonClass: 37232K(38140K)->37232K(38140K) Class: 4909K(5332K)->4909K(5332K)
[2020-04-17T15:13:36.846+0800][10069.856s] GC(20) Pause Young (Normal) (G1 Evacuation Pause) 428M->324M(512M) 42.162ms
[2020-04-17T15:13:36.846+0800][10069.856s] GC(20) User=0.10s Sys=0.01s Real=0.04s
[2020-04-17T15:13:36.861+0800][10069.872s] GC(15) Concurrent Rebuild Remembered Sets 648.142ms
[2020-04-17T15:13:36.862+0800][10069.872s] GC(15) Pause Cleanup
[2020-04-17T15:13:36.863+0800][10069.873s] GC(15) Pause Cleanup 340M->340M(512M) 0.533ms
[2020-04-17T15:13:36.863+0800][10069.873s] GC(15) User=0.00s Sys=0.00s Real=0.00s
[2020-04-17T15:13:36.863+0800][10069.873s] GC(15) Concurrent Cleanup for Next Mark
[2020-04-17T15:13:36.872+0800][10069.882s] GC(15) Concurrent Cleanup for Next Mark 9.248ms
[2020-04-17T15:13:36.872+0800][10069.882s] GC(15) Concurrent Cycle 1708.663ms
[2020-04-17T15:13:36.891+0800][10069.901s] GC(21) Pause Young (Normal) (G1 Evacuation Pause)
[2020-04-17T15:13:36.891+0800][10069.901s] GC(21) Using 4 workers of 4 for evacuation
[2020-04-17T15:13:36.912+0800][10069.923s] GC(21)   Pre Evacuate Collection Set: 0.1ms
[2020-04-17T15:13:36.912+0800][10069.923s] GC(21)   Merge Heap Roots: 0.1ms
[2020-04-17T15:13:36.912+0800][10069.923s] GC(21)   Evacuate Collection Set: 20.7ms
[2020-04-17T15:13:36.912+0800][10069.923s] GC(21)   Post Evacuate Collection Set: 0.5ms
[2020-04-17T15:13:36.912+0800][10069.923s] GC(21)   Other: 0.2ms
[2020-04-17T15:13:36.912+0800][10069.923s] GC(21) Eden regions: 113->0(122)
[2020-04-17T15:13:36.912+0800][10069.923s] GC(21) Survivor regions: 15->6(32)
[2020-04-17T15:13:36.912+0800][10069.923s] GC(21) Old regions: 306->317
[2020-04-17T15:13:36.912+0800][10069.923s] GC(21) Archive regions: 2->2
[2020-04-17T15:13:36.912+0800][10069.923s] GC(21) Humongous regions: 4->4
[2020-04-17T15:13:36.912+0800][10069.923s] GC(21) Metaspace: 42142K(43472K)->42142K(43472K) NonClass: 37232K(38140K)->37232K(38140K) Class: 4909K(5332K)->4909K(5332K)
[2020-04-17T15:13:36.912+0800][10069.923s] GC(21) Pause Young (Normal) (G1 Evacuation Pause) 437M->326M(512M) 21.664ms
[2020-04-17T15:13:36.912+0800][10069.923s] GC(21) User=0.05s Sys=0.01s Real=0.02s
[2020-04-17T15:13:36.943+0800][10069.954s] GC(22) Pause Young (Concurrent Start) (G1 Evacuation Pause)
[2020-04-17T15:13:36.943+0800][10069.954s] GC(22) Using 4 workers of 4 for evacuation
[2020-04-17T15:13:36.949+0800][10069.959s] GC(22)   Pre Evacuate Collection Set: 0.1ms
[2020-04-17T15:13:36.949+0800][10069.959s] GC(22)   Merge Heap Roots: 0.1ms
[2020-04-17T15:13:36.949+0800][10069.959s] GC(22)   Evacuate Collection Set: 4.5ms
[2020-04-17T15:13:36.949+0800][10069.959s] GC(22)   Post Evacuate Collection Set: 0.5ms
[2020-04-17T15:13:36.949+0800][10069.959s] GC(22)   Other: 0.2ms
[2020-04-17T15:13:36.949+0800][10069.959s] GC(22) Eden regions: 122->0(125)
[2020-04-17T15:13:36.949+0800][10069.959s] GC(22) Survivor regions: 6->3(32)
[2020-04-17T15:13:36.949+0800][10069.959s] GC(22) Old regions: 317->320
[2020-04-17T15:13:36.949+0800][10069.959s] GC(22) Archive regions: 2->2
[2020-04-17T15:13:36.949+0800][10069.959s] GC(22) Humongous regions: 4->4
[2020-04-17T15:13:36.949+0800][10069.959s] GC(22) Metaspace: 42142K(43472K)->42142K(43472K) NonClass: 37232K(38140K)->37232K(38140K) Class: 4909K(5332K)->4909K(5332K)
[2020-04-17T15:13:36.949+0800][10069.959s] GC(22) Pause Young (Concurrent Start) (G1 Evacuation Pause) 448M->327M(512M) 5.573ms
[2020-04-17T15:13:36.949+0800][10069.959s] GC(22) User=0.02s Sys=0.00s Real=0.00s
[2020-04-17T15:13:36.949+0800][10069.959s] GC(23) Concurrent Cycle
[2020-04-17T15:13:36.949+0800][10069.960s] GC(23) Concurrent Clear Claimed Marks
[2020-04-17T15:13:36.949+0800][10069.960s] GC(23) Concurrent Clear Claimed Marks 0.068ms
[2020-04-17T15:13:36.949+0800][10069.960s] GC(23) Concurrent Scan Root Regions
[2020-04-17T15:13:36.951+0800][10069.962s] GC(23) Concurrent Scan Root Regions 2.302ms
[2020-04-17T15:13:36.952+0800][10069.962s] GC(23) Concurrent Mark (10069.962s)
[2020-04-17T15:13:36.952+0800][10069.962s] GC(23) Concurrent Mark From Roots
[2020-04-17T15:13:36.952+0800][10069.962s] GC(23) Using 4 workers of 4 for marking
[2020-04-17T15:13:37.080+0800][10070.091s] GC(24) Pause Young (Normal) (G1 Evacuation Pause)
[2020-04-17T15:13:37.080+0800][10070.091s] GC(24) Using 4 workers of 4 for evacuation
[2020-04-17T15:13:37.083+0800][10070.094s] GC(24)   Pre Evacuate Collection Set: 0.1ms
[2020-04-17T15:13:37.083+0800][10070.094s] GC(24)   Merge Heap Roots: 0.1ms
[2020-04-17T15:13:37.083+0800][10070.094s] GC(24)   Evacuate Collection Set: 2.4ms
[2020-04-17T15:13:37.083+0800][10070.094s] GC(24)   Post Evacuate Collection Set: 0.4ms
[2020-04-17T15:13:37.083+0800][10070.094s] GC(24)   Other: 0.2ms
[2020-04-17T15:13:37.083+0800][10070.094s] GC(24) Eden regions: 125->0(127)
[2020-04-17T15:13:37.083+0800][10070.094s] GC(24) Survivor regions: 3->1(32)
[2020-04-17T15:13:37.083+0800][10070.094s] GC(24) Old regions: 320->321
[2020-04-17T15:13:37.083+0800][10070.094s] GC(24) Archive regions: 2->2
[2020-04-17T15:13:37.083+0800][10070.094s] GC(24) Humongous regions: 4->4
[2020-04-17T15:13:37.083+0800][10070.094s] GC(24) Metaspace: 42142K(43472K)->42142K(43472K) NonClass: 37232K(38140K)->37232K(38140K) Class: 4909K(5332K)->4909K(5332K)
[2020-04-17T15:13:37.083+0800][10070.094s] GC(24) Pause Young (Normal) (G1 Evacuation Pause) 452M->326M(512M) 3.141ms
[2020-04-17T15:13:37.084+0800][10070.094s] GC(24) User=0.01s Sys=0.00s Real=0.00s
[2020-04-17T15:13:37.173+0800][10070.184s] GC(25) Pause Young (Normal) (G1 Evacuation Pause)
[2020-04-17T15:13:37.173+0800][10070.184s] GC(25) Using 4 workers of 4 for evacuation
[2020-04-17T15:13:37.177+0800][10070.187s] GC(25)   Pre Evacuate Collection Set: 0.1ms
[2020-04-17T15:13:37.177+0800][10070.187s] GC(25)   Merge Heap Roots: 0.0ms
[2020-04-17T15:13:37.177+0800][10070.187s] GC(25)   Evacuate Collection Set: 2.7ms
[2020-04-17T15:13:37.177+0800][10070.187s] GC(25)   Post Evacuate Collection Set: 0.4ms
[2020-04-17T15:13:37.177+0800][10070.187s] GC(25)   Other: 0.2ms
[2020-04-17T15:13:37.177+0800][10070.187s] GC(25) Eden regions: 127->0(128)
[2020-04-17T15:13:37.177+0800][10070.187s] GC(25) Survivor regions: 1->0(32)
[2020-04-17T15:13:37.177+0800][10070.187s] GC(25) Old regions: 321->322
[2020-04-17T15:13:37.177+0800][10070.187s] GC(25) Archive regions: 2->2
[2020-04-17T15:13:37.177+0800][10070.187s] GC(25) Humongous regions: 4->4
[2020-04-17T15:13:37.177+0800][10070.187s] GC(25) Metaspace: 42142K(43472K)->42142K(43472K) NonClass: 37232K(38140K)->37232K(38140K) Class: 4909K(5332K)->4909K(5332K)
[2020-04-17T15:13:37.177+0800][10070.187s] GC(25) Pause Young (Normal) (G1 Evacuation Pause) 453M->326M(512M) 3.587ms
[2020-04-17T15:13:37.177+0800][10070.187s] GC(25) User=0.00s Sys=0.00s Real=0.00s
[2020-04-17T15:13:37.253+0800][10070.263s] GC(26) Pause Young (Normal) (G1 Evacuation Pause)
[2020-04-17T15:13:37.253+0800][10070.263s] GC(26) Using 4 workers of 4 for evacuation
[2020-04-17T15:13:37.254+0800][10070.265s] GC(26)   Pre Evacuate Collection Set: 0.1ms
[2020-04-17T15:13:37.254+0800][10070.265s] GC(26)   Merge Heap Roots: 0.0ms
[2020-04-17T15:13:37.254+0800][10070.265s] GC(26)   Evacuate Collection Set: 0.4ms
[2020-04-17T15:13:37.254+0800][10070.265s] GC(26)   Post Evacuate Collection Set: 0.4ms
[2020-04-17T15:13:37.254+0800][10070.265s] GC(26)   Other: 0.2ms
[2020-04-17T15:13:37.254+0800][10070.265s] GC(26) Eden regions: 128->0(128)
[2020-04-17T15:13:37.254+0800][10070.265s] GC(26) Survivor regions: 0->0(32)
[2020-04-17T15:13:37.254+0800][10070.265s] GC(26) Old regions: 322->322
[2020-04-17T15:13:37.254+0800][10070.265s] GC(26) Archive regions: 2->2
[2020-04-17T15:13:37.254+0800][10070.265s] GC(26) Humongous regions: 4->4
[2020-04-17T15:13:37.254+0800][10070.265s] GC(26) Metaspace: 42142K(43472K)->42142K(43472K) NonClass: 37232K(38140K)->37232K(38140K) Class: 4909K(5332K)->4909K(5332K)
[2020-04-17T15:13:37.254+0800][10070.265s] GC(26) Pause Young (Normal) (G1 Evacuation Pause) 454M->326M(512M) 1.317ms
[2020-04-17T15:13:37.254+0800][10070.265s] GC(26) User=0.00s Sys=0.00s Real=0.00s
[2020-04-17T15:13:37.362+0800][10070.372s] GC(27) Pause Young (Normal) (G1 Evacuation Pause)
[2020-04-17T15:13:37.362+0800][10070.372s] GC(27) Using 4 workers of 4 for evacuation
[2020-04-17T15:13:37.364+0800][10070.374s] GC(27)   Pre Evacuate Collection Set: 0.1ms
[2020-04-17T15:13:37.364+0800][10070.374s] GC(27)   Merge Heap Roots: 0.0ms
[2020-04-17T15:13:37.364+0800][10070.374s] GC(27)   Evacuate Collection Set: 0.4ms
[2020-04-17T15:13:37.364+0800][10070.374s] GC(27)   Post Evacuate Collection Set: 1.4ms
[2020-04-17T15:13:37.364+0800][10070.374s] GC(27)   Other: 0.2ms
[2020-04-17T15:13:37.364+0800][10070.374s] GC(27) Eden regions: 128->0(128)
[2020-04-17T15:13:37.364+0800][10070.374s] GC(27) Survivor regions: 0->0(32)
[2020-04-17T15:13:37.364+0800][10070.374s] GC(27) Old regions: 322->322
[2020-04-17T15:13:37.364+0800][10070.374s] GC(27) Archive regions: 2->2
[2020-04-17T15:13:37.364+0800][10070.374s] GC(27) Humongous regions: 4->4
[2020-04-17T15:13:37.364+0800][10070.374s] GC(27) Metaspace: 42142K(43472K)->42142K(43472K) NonClass: 37232K(38140K)->37232K(38140K) Class: 4909K(5332K)->4909K(5332K)
[2020-04-17T15:13:37.364+0800][10070.374s] GC(27) Pause Young (Normal) (G1 Evacuation Pause) 454M->326M(512M) 2.260ms
[2020-04-17T15:13:37.364+0800][10070.374s] GC(27) User=0.00s Sys=0.00s Real=0.00s
[2020-04-17T15:13:37.455+0800][10070.465s] GC(28) Pause Young (Normal) (G1 Evacuation Pause)
[2020-04-17T15:13:37.455+0800][10070.465s] GC(28) Using 4 workers of 4 for evacuation
[2020-04-17T15:13:37.456+0800][10070.466s] GC(28)   Pre Evacuate Collection Set: 0.1ms
[2020-04-17T15:13:37.456+0800][10070.466s] GC(28)   Merge Heap Roots: 0.0ms
[2020-04-17T15:13:37.456+0800][10070.466s] GC(28)   Evacuate Collection Set: 0.4ms
[2020-04-17T15:13:37.456+0800][10070.466s] GC(28)   Post Evacuate Collection Set: 0.3ms
[2020-04-17T15:13:37.456+0800][10070.466s] GC(28)   Other: 0.1ms
[2020-04-17T15:13:37.456+0800][10070.466s] GC(28) Eden regions: 128->0(128)
[2020-04-17T15:13:37.456+0800][10070.466s] GC(28) Survivor regions: 0->0(32)
[2020-04-17T15:13:37.456+0800][10070.466s] GC(28) Old regions: 322->322
[2020-04-17T15:13:37.456+0800][10070.466s] GC(28) Archive regions: 2->2
[2020-04-17T15:13:37.456+0800][10070.466s] GC(28) Humongous regions: 4->4
[2020-04-17T15:13:37.456+0800][10070.466s] GC(28) Metaspace: 42142K(43472K)->42142K(43472K) NonClass: 37232K(38140K)->37232K(38140K) Class: 4909K(5332K)->4909K(5332K)
[2020-04-17T15:13:37.456+0800][10070.466s] GC(28) Pause Young (Normal) (G1 Evacuation Pause) 454M->326M(512M) 1.144ms
[2020-04-17T15:13:37.456+0800][10070.466s] GC(28) User=0.00s Sys=0.00s Real=0.00s
[2020-04-17T15:13:37.463+0800][10070.473s] GC(23) Concurrent Mark From Roots 511.179ms
[2020-04-17T15:13:37.463+0800][10070.473s] GC(23) Concurrent Preclean
[2020-04-17T15:13:37.463+0800][10070.473s] GC(23) Concurrent Preclean 0.165ms
[2020-04-17T15:13:37.463+0800][10070.473s] GC(23) Concurrent Mark (10069.962s, 10070.473s) 511.419ms
[2020-04-17T15:13:37.463+0800][10070.474s] GC(23) Pause Remark
[2020-04-17T15:13:37.497+0800][10070.508s] GC(23) Pause Remark 343M->343M(512M) 34.286ms
[2020-04-17T15:13:37.498+0800][10070.508s] GC(23) User=0.03s Sys=0.07s Real=0.03s
[2020-04-17T15:13:37.498+0800][10070.508s] GC(23) Concurrent Rebuild Remembered Sets
[2020-04-17T15:13:37.550+0800][10070.560s] GC(29) Pause Young (Normal) (G1 Evacuation Pause)
[2020-04-17T15:13:37.550+0800][10070.560s] GC(29) Using 4 workers of 4 for evacuation
[2020-04-17T15:13:37.550+0800][10070.561s] GC(29)   Pre Evacuate Collection Set: 0.0ms
[2020-04-17T15:13:37.551+0800][10070.561s] GC(29)   Merge Heap Roots: 0.0ms
[2020-04-17T15:13:37.551+0800][10070.561s] GC(29)   Evacuate Collection Set: 0.4ms
[2020-04-17T15:13:37.551+0800][10070.561s] GC(29)   Post Evacuate Collection Set: 0.3ms
[2020-04-17T15:13:37.551+0800][10070.561s] GC(29)   Other: 0.1ms
[2020-04-17T15:13:37.551+0800][10070.561s] GC(29) Eden regions: 128->0(128)
[2020-04-17T15:13:37.551+0800][10070.561s] GC(29) Survivor regions: 0->0(32)
[2020-04-17T15:13:37.551+0800][10070.561s] GC(29) Old regions: 322->322
[2020-04-17T15:13:37.551+0800][10070.561s] GC(29) Archive regions: 2->2
[2020-04-17T15:13:37.551+0800][10070.561s] GC(29) Humongous regions: 4->4
[2020-04-17T15:13:37.551+0800][10070.561s] GC(29) Metaspace: 42141K(43472K)->42141K(43472K) NonClass: 37232K(38140K)->37232K(38140K) Class: 4909K(5332K)->4909K(5332K)
[2020-04-17T15:13:37.551+0800][10070.561s] GC(29) Pause Young (Normal) (G1 Evacuation Pause) 454M->326M(512M) 1.058ms
[2020-04-17T15:13:37.551+0800][10070.561s] GC(29) User=0.00s Sys=0.00s Real=0.00s
[2020-04-17T15:13:37.621+0800][10070.631s] GC(30) Pause Young (Normal) (G1 Evacuation Pause)
[2020-04-17T15:13:37.621+0800][10070.631s] GC(30) Using 4 workers of 4 for evacuation
[2020-04-17T15:13:37.622+0800][10070.632s] GC(30)   Pre Evacuate Collection Set: 0.1ms
[2020-04-17T15:13:37.622+0800][10070.632s] GC(30)   Merge Heap Roots: 0.0ms
[2020-04-17T15:13:37.622+0800][10070.632s] GC(30)   Evacuate Collection Set: 0.4ms
[2020-04-17T15:13:37.622+0800][10070.632s] GC(30)   Post Evacuate Collection Set: 0.3ms
[2020-04-17T15:13:37.622+0800][10070.632s] GC(30)   Other: 0.2ms
[2020-04-17T15:13:37.622+0800][10070.632s] GC(30) Eden regions: 128->0(128)
[2020-04-17T15:13:37.622+0800][10070.632s] GC(30) Survivor regions: 0->0(32)
[2020-04-17T15:13:37.622+0800][10070.632s] GC(30) Old regions: 322->322
[2020-04-17T15:13:37.622+0800][10070.632s] GC(30) Archive regions: 2->2
[2020-04-17T15:13:37.622+0800][10070.632s] GC(30) Humongous regions: 4->4
[2020-04-17T15:13:37.622+0800][10070.632s] GC(30) Metaspace: 42141K(43472K)->42141K(43472K) NonClass: 37232K(38140K)->37232K(38140K) Class: 4909K(5332K)->4909K(5332K)
[2020-04-17T15:13:37.622+0800][10070.632s] GC(30) Pause Young (Normal) (G1 Evacuation Pause) 454M->326M(512M) 1.085ms
[2020-04-17T15:13:37.622+0800][10070.632s] GC(30) User=0.00s Sys=0.01s Real=0.00s
[2020-04-17T15:13:37.678+0800][10070.689s] GC(31) Pause Young (Normal) (G1 Evacuation Pause)
[2020-04-17T15:13:37.678+0800][10070.689s] GC(31) Using 4 workers of 4 for evacuation
[2020-04-17T15:13:37.679+0800][10070.690s] GC(31)   Pre Evacuate Collection Set: 0.1ms
[2020-04-17T15:13:37.679+0800][10070.690s] GC(31)   Merge Heap Roots: 0.0ms
[2020-04-17T15:13:37.679+0800][10070.690s] GC(31)   Evacuate Collection Set: 0.4ms
[2020-04-17T15:13:37.679+0800][10070.690s] GC(31)   Post Evacuate Collection Set: 0.3ms
[2020-04-17T15:13:37.679+0800][10070.690s] GC(31)   Other: 0.1ms
[2020-04-17T15:13:37.679+0800][10070.690s] GC(31) Eden regions: 128->0(128)
[2020-04-17T15:13:37.679+0800][10070.690s] GC(31) Survivor regions: 0->0(32)
[2020-04-17T15:13:37.679+0800][10070.690s] GC(31) Old regions: 322->322
[2020-04-17T15:13:37.679+0800][10070.690s] GC(31) Archive regions: 2->2
[2020-04-17T15:13:37.679+0800][10070.690s] GC(31) Humongous regions: 4->4
[2020-04-17T15:13:37.679+0800][10070.690s] GC(31) Metaspace: 42141K(43472K)->42141K(43472K) NonClass: 37232K(38140K)->37232K(38140K) Class: 4909K(5332K)->4909K(5332K)
[2020-04-17T15:13:37.679+0800][10070.690s] GC(31) Pause Young (Normal) (G1 Evacuation Pause) 454M->326M(512M) 1.155ms
[2020-04-17T15:13:37.679+0800][10070.690s] GC(31) User=0.00s Sys=0.00s Real=0.00s
[2020-04-17T15:13:37.747+0800][10070.757s] GC(23) Concurrent Rebuild Remembered Sets 249.016ms
[2020-04-17T15:13:37.747+0800][10070.757s] GC(23) Pause Cleanup
[2020-04-17T15:13:37.747+0800][10070.758s] GC(23) Pause Cleanup 445M->445M(512M) 0.322ms
[2020-04-17T15:13:37.747+0800][10070.758s] GC(23) User=0.00s Sys=0.00s Real=0.00s
[2020-04-17T15:13:37.747+0800][10070.758s] GC(23) Concurrent Cleanup for Next Mark
[2020-04-17T15:13:37.750+0800][10070.760s] GC(23) Concurrent Cleanup for Next Mark 2.505ms
[2020-04-17T15:13:37.750+0800][10070.760s] GC(23) Concurrent Cycle 800.790ms
[2020-04-17T15:13:37.752+0800][10070.762s] GC(32) Pause Young (Normal) (G1 Evacuation Pause)
[2020-04-17T15:13:37.752+0800][10070.762s] GC(32) Using 4 workers of 4 for evacuation
[2020-04-17T15:13:37.753+0800][10070.763s] GC(32)   Pre Evacuate Collection Set: 0.1ms
[2020-04-17T15:13:37.753+0800][10070.763s] GC(32)   Merge Heap Roots: 0.0ms
[2020-04-17T15:13:37.753+0800][10070.763s] GC(32)   Evacuate Collection Set: 0.5ms
[2020-04-17T15:13:37.753+0800][10070.763s] GC(32)   Post Evacuate Collection Set: 0.4ms
[2020-04-17T15:13:37.753+0800][10070.763s] GC(32)   Other: 0.2ms
[2020-04-17T15:13:37.753+0800][10070.763s] GC(32) Eden regions: 128->0(128)
[2020-04-17T15:13:37.753+0800][10070.763s] GC(32) Survivor regions: 0->0(32)
[2020-04-17T15:13:37.753+0800][10070.763s] GC(32) Old regions: 322->322
[2020-04-17T15:13:37.753+0800][10070.763s] GC(32) Archive regions: 2->2
[2020-04-17T15:13:37.753+0800][10070.763s] GC(32) Humongous regions: 4->4
[2020-04-17T15:13:37.753+0800][10070.763s] GC(32) Metaspace: 42141K(43472K)->42141K(43472K) NonClass: 37232K(38140K)->37232K(38140K) Class: 4909K(5332K)->4909K(5332K)
[2020-04-17T15:13:37.753+0800][10070.763s] GC(32) Pause Young (Normal) (G1 Evacuation Pause) 454M->326M(512M) 1.469ms
[2020-04-17T15:13:37.753+0800][10070.763s] GC(32) User=0.00s Sys=0.00s Real=0.00s
[2020-04-17T15:13:37.795+0800][10070.806s] GC(33) Pause Young (Concurrent Start) (G1 Evacuation Pause)
[2020-04-17T15:13:37.796+0800][10070.806s] GC(33) Using 4 workers of 4 for evacuation
[2020-04-17T15:13:37.799+0800][10070.809s] GC(33)   Pre Evacuate Collection Set: 0.2ms
[2020-04-17T15:13:37.799+0800][10070.809s] GC(33)   Merge Heap Roots: 0.9ms
[2020-04-17T15:13:37.799+0800][10070.809s] GC(33)   Evacuate Collection Set: 1.5ms
[2020-04-17T15:13:37.799+0800][10070.809s] GC(33)   Post Evacuate Collection Set: 0.3ms
[2020-04-17T15:13:37.799+0800][10070.809s] GC(33)   Other: 0.2ms
[2020-04-17T15:13:37.799+0800][10070.809s] GC(33) Eden regions: 128->0(128)
[2020-04-17T15:13:37.799+0800][10070.809s] GC(33) Survivor regions: 0->0(32)
[2020-04-17T15:13:37.799+0800][10070.809s] GC(33) Old regions: 322->322
[2020-04-17T15:13:37.799+0800][10070.809s] GC(33) Archive regions: 2->2
[2020-04-17T15:13:37.799+0800][10070.809s] GC(33) Humongous regions: 4->4
[2020-04-17T15:13:37.799+0800][10070.809s] GC(33) Metaspace: 42141K(43472K)->42141K(43472K) NonClass: 37232K(38140K)->37232K(38140K) Class: 4909K(5332K)->4909K(5332K)
[2020-04-17T15:13:37.799+0800][10070.809s] GC(33) Pause Young (Concurrent Start) (G1 Evacuation Pause) 454M->326M(512M) 3.232ms
[2020-04-17T15:13:37.799+0800][10070.809s] GC(33) User=0.00s Sys=0.00s Real=0.00s
[2020-04-17T15:13:37.799+0800][10070.809s] GC(34) Concurrent Cycle
[2020-04-17T15:13:37.799+0800][10070.809s] GC(34) Concurrent Clear Claimed Marks
[2020-04-17T15:13:37.799+0800][10070.809s] GC(34) Concurrent Clear Claimed Marks 0.073ms
[2020-04-17T15:13:37.799+0800][10070.809s] GC(34) Concurrent Scan Root Regions
[2020-04-17T15:13:37.799+0800][10070.809s] GC(34) Concurrent Scan Root Regions 0.008ms
[2020-04-17T15:13:37.799+0800][10070.809s] GC(34) Concurrent Mark (10070.809s)
[2020-04-17T15:13:37.799+0800][10070.809s] GC(34) Concurrent Mark From Roots
[2020-04-17T15:13:37.799+0800][10070.809s] GC(34) Using 4 workers of 4 for marking
[2020-04-17T15:13:37.932+0800][10070.942s] GC(35) Pause Young (Normal) (G1 Evacuation Pause)
[2020-04-17T15:13:37.932+0800][10070.943s] GC(35) Using 4 workers of 4 for evacuation
[2020-04-17T15:13:37.933+0800][10070.943s] GC(35)   Pre Evacuate Collection Set: 0.1ms
[2020-04-17T15:13:37.933+0800][10070.943s] GC(35)   Merge Heap Roots: 0.0ms
[2020-04-17T15:13:37.933+0800][10070.944s] GC(35)   Evacuate Collection Set: 0.4ms
[2020-04-17T15:13:37.933+0800][10070.944s] GC(35)   Post Evacuate Collection Set: 0.3ms
[2020-04-17T15:13:37.933+0800][10070.944s] GC(35)   Other: 0.3ms
[2020-04-17T15:13:37.933+0800][10070.944s] GC(35) Eden regions: 128->0(128)
[2020-04-17T15:13:37.933+0800][10070.944s] GC(35) Survivor regions: 0->0(32)
[2020-04-17T15:13:37.933+0800][10070.944s] GC(35) Old regions: 322->322
[2020-04-17T15:13:37.933+0800][10070.944s] GC(35) Archive regions: 2->2
[2020-04-17T15:13:37.933+0800][10070.944s] GC(35) Humongous regions: 4->4
[2020-04-17T15:13:37.933+0800][10070.944s] GC(35) Metaspace: 42141K(43472K)->42141K(43472K) NonClass: 37232K(38140K)->37232K(38140K) Class: 4909K(5332K)->4909K(5332K)
[2020-04-17T15:13:37.933+0800][10070.944s] GC(35) Pause Young (Normal) (G1 Evacuation Pause) 454M->326M(512M) 1.248ms
[2020-04-17T15:13:37.933+0800][10070.944s] GC(35) User=0.00s Sys=0.00s Real=0.00s
[2020-04-17T15:13:38.026+0800][10071.036s] GC(36) Pause Young (Normal) (G1 Evacuation Pause)
[2020-04-17T15:13:38.026+0800][10071.036s] GC(36) Using 4 workers of 4 for evacuation
[2020-04-17T15:13:38.027+0800][10071.037s] GC(36)   Pre Evacuate Collection Set: 0.1ms
[2020-04-17T15:13:38.027+0800][10071.037s] GC(36)   Merge Heap Roots: 0.0ms
[2020-04-17T15:13:38.027+0800][10071.037s] GC(36)   Evacuate Collection Set: 0.4ms
[2020-04-17T15:13:38.027+0800][10071.037s] GC(36)   Post Evacuate Collection Set: 0.3ms
[2020-04-17T15:13:38.027+0800][10071.037s] GC(36)   Other: 0.2ms
[2020-04-17T15:13:38.027+0800][10071.037s] GC(36) Eden regions: 128->0(128)
[2020-04-17T15:13:38.027+0800][10071.037s] GC(36) Survivor regions: 0->0(32)
[2020-04-17T15:13:38.027+0800][10071.037s] GC(36) Old regions: 322->322
[2020-04-17T15:13:38.027+0800][10071.037s] GC(36) Archive regions: 2->2
[2020-04-17T15:13:38.027+0800][10071.037s] GC(36) Humongous regions: 4->4
[2020-04-17T15:13:38.027+0800][10071.037s] GC(36) Metaspace: 42141K(43472K)->42141K(43472K) NonClass: 37232K(38140K)->37232K(38140K) Class: 4909K(5332K)->4909K(5332K)
[2020-04-17T15:13:38.027+0800][10071.037s] GC(36) Pause Young (Normal) (G1 Evacuation Pause) 454M->326M(512M) 1.175ms
[2020-04-17T15:13:38.027+0800][10071.038s] GC(36) User=0.00s Sys=0.00s Real=0.00s
[2020-04-17T15:13:38.106+0800][10071.116s] GC(37) Pause Young (Normal) (G1 Evacuation Pause)
[2020-04-17T15:13:38.106+0800][10071.116s] GC(37) Using 4 workers of 4 for evacuation
[2020-04-17T15:13:38.107+0800][10071.117s] GC(37)   Pre Evacuate Collection Set: 0.0ms
[2020-04-17T15:13:38.107+0800][10071.117s] GC(37)   Merge Heap Roots: 0.0ms
[2020-04-17T15:13:38.107+0800][10071.117s] GC(37)   Evacuate Collection Set: 0.4ms
[2020-04-17T15:13:38.107+0800][10071.117s] GC(37)   Post Evacuate Collection Set: 0.3ms
[2020-04-17T15:13:38.107+0800][10071.117s] GC(37)   Other: 0.1ms
[2020-04-17T15:13:38.107+0800][10071.117s] GC(37) Eden regions: 128->0(128)
[2020-04-17T15:13:38.107+0800][10071.117s] GC(37) Survivor regions: 0->0(32)
[2020-04-17T15:13:38.107+0800][10071.117s] GC(37) Old regions: 322->322
[2020-04-17T15:13:38.107+0800][10071.117s] GC(37) Archive regions: 2->2
[2020-04-17T15:13:38.107+0800][10071.117s] GC(37) Humongous regions: 4->4
[2020-04-17T15:13:38.107+0800][10071.117s] GC(37) Metaspace: 42141K(43472K)->42141K(43472K) NonClass: 37232K(38140K)->37232K(38140K) Class: 4909K(5332K)->4909K(5332K)
[2020-04-17T15:13:38.107+0800][10071.117s] GC(37) Pause Young (Normal) (G1 Evacuation Pause) 454M->326M(512M) 1.023ms
[2020-04-17T15:13:38.107+0800][10071.117s] GC(37) User=0.00s Sys=0.00s Real=0.00s
[2020-04-17T15:13:38.180+0800][10071.190s] GC(38) Pause Young (Normal) (G1 Evacuation Pause)
[2020-04-17T15:13:38.180+0800][10071.190s] GC(38) Using 4 workers of 4 for evacuation
[2020-04-17T15:13:38.181+0800][10071.191s] GC(38)   Pre Evacuate Collection Set: 0.1ms
[2020-04-17T15:13:38.181+0800][10071.191s] GC(38)   Merge Heap Roots: 0.0ms
[2020-04-17T15:13:38.181+0800][10071.191s] GC(38)   Evacuate Collection Set: 0.4ms
[2020-04-17T15:13:38.181+0800][10071.191s] GC(38)   Post Evacuate Collection Set: 0.3ms
[2020-04-17T15:13:38.181+0800][10071.191s] GC(38)   Other: 0.2ms
[2020-04-17T15:13:38.181+0800][10071.191s] GC(38) Eden regions: 128->0(128)
[2020-04-17T15:13:38.181+0800][10071.191s] GC(38) Survivor regions: 0->0(32)
[2020-04-17T15:13:38.181+0800][10071.191s] GC(38) Old regions: 322->322
[2020-04-17T15:13:38.181+0800][10071.191s] GC(38) Archive regions: 2->2
[2020-04-17T15:13:38.181+0800][10071.191s] GC(38) Humongous regions: 4->4
[2020-04-17T15:13:38.181+0800][10071.191s] GC(38) Metaspace: 42141K(43472K)->42141K(43472K) NonClass: 37232K(38140K)->37232K(38140K) Class: 4909K(5332K)->4909K(5332K)
[2020-04-17T15:13:38.181+0800][10071.191s] GC(38) Pause Young (Normal) (G1 Evacuation Pause) 454M->326M(512M) 1.178ms
[2020-04-17T15:13:38.181+0800][10071.191s] GC(38) User=0.01s Sys=0.00s Real=0.00s
[2020-04-17T15:13:38.255+0800][10071.265s] GC(39) Pause Young (Normal) (G1 Evacuation Pause)
[2020-04-17T15:13:38.255+0800][10071.265s] GC(39) Using 4 workers of 4 for evacuation
[2020-04-17T15:13:38.256+0800][10071.266s] GC(39)   Pre Evacuate Collection Set: 0.1ms
[2020-04-17T15:13:38.256+0800][10071.266s] GC(39)   Merge Heap Roots: 0.0ms
[2020-04-17T15:13:38.256+0800][10071.266s] GC(39)   Evacuate Collection Set: 0.3ms
[2020-04-17T15:13:38.256+0800][10071.266s] GC(39)   Post Evacuate Collection Set: 0.3ms
[2020-04-17T15:13:38.256+0800][10071.266s] GC(39)   Other: 0.2ms
[2020-04-17T15:13:38.256+0800][10071.266s] GC(39) Eden regions: 128->0(128)
[2020-04-17T15:13:38.256+0800][10071.266s] GC(39) Survivor regions: 0->0(32)
[2020-04-17T15:13:38.256+0800][10071.266s] GC(39) Old regions: 322->322
[2020-04-17T15:13:38.256+0800][10071.266s] GC(39) Archive regions: 2->2
[2020-04-17T15:13:38.256+0800][10071.266s] GC(39) Humongous regions: 4->4
[2020-04-17T15:13:38.256+0800][10071.266s] GC(39) Metaspace: 42141K(43472K)->42141K(43472K) NonClass: 37232K(38140K)->37232K(38140K) Class: 4909K(5332K)->4909K(5332K)
[2020-04-17T15:13:38.256+0800][10071.266s] GC(39) Pause Young (Normal) (G1 Evacuation Pause) 454M->326M(512M) 1.045ms
[2020-04-17T15:13:38.256+0800][10071.266s] GC(39) User=0.00s Sys=0.00s Real=0.00s
[2020-04-17T15:13:38.268+0800][10071.278s] GC(34) Concurrent Mark From Roots 469.132ms
[2020-04-17T15:13:38.268+0800][10071.279s] GC(34) Concurrent Preclean
[2020-04-17T15:13:38.268+0800][10071.279s] GC(34) Concurrent Preclean 0.198ms
[2020-04-17T15:13:38.268+0800][10071.279s] GC(34) Concurrent Mark (10070.809s, 10071.279s) 469.435ms
[2020-04-17T15:13:38.269+0800][10071.279s] GC(34) Pause Remark
[2020-04-17T15:13:38.275+0800][10071.286s] GC(34) Pause Remark 333M->333M(512M) 6.759ms
[2020-04-17T15:13:38.275+0800][10071.286s] GC(34) User=0.03s Sys=0.00s Real=0.01s
[2020-04-17T15:13:38.276+0800][10071.286s] GC(34) Concurrent Rebuild Remembered Sets
[2020-04-17T15:13:38.334+0800][10071.344s] GC(40) Pause Young (Normal) (G1 Evacuation Pause)
[2020-04-17T15:13:38.334+0800][10071.344s] GC(40) Using 4 workers of 4 for evacuation
[2020-04-17T15:13:38.335+0800][10071.345s] GC(40)   Pre Evacuate Collection Set: 0.0ms
[2020-04-17T15:13:38.335+0800][10071.345s] GC(40)   Merge Heap Roots: 0.0ms
[2020-04-17T15:13:38.335+0800][10071.345s] GC(40)   Evacuate Collection Set: 0.4ms
[2020-04-17T15:13:38.335+0800][10071.345s] GC(40)   Post Evacuate Collection Set: 0.4ms
[2020-04-17T15:13:38.335+0800][10071.345s] GC(40)   Other: 0.1ms
[2020-04-17T15:13:38.335+0800][10071.345s] GC(40) Eden regions: 128->0(128)
[2020-04-17T15:13:38.335+0800][10071.345s] GC(40) Survivor regions: 0->0(32)
[2020-04-17T15:13:38.335+0800][10071.345s] GC(40) Old regions: 322->322
[2020-04-17T15:13:38.335+0800][10071.345s] GC(40) Archive regions: 2->2
[2020-04-17T15:13:38.335+0800][10071.345s] GC(40) Humongous regions: 4->4
[2020-04-17T15:13:38.335+0800][10071.345s] GC(40) Metaspace: 42074K(43472K)->42074K(43472K) NonClass: 37175K(38140K)->37175K(38140K) Class: 4899K(5332K)->4899K(5332K)
[2020-04-17T15:13:38.335+0800][10071.345s] GC(40) Pause Young (Normal) (G1 Evacuation Pause) 454M->326M(512M) 1.056ms
[2020-04-17T15:13:38.335+0800][10071.345s] GC(40) User=0.00s Sys=0.00s Real=0.00s
[2020-04-17T15:13:38.708+0800][10071.718s] GC(41) Pause Young (Normal) (G1 Evacuation Pause)
[2020-04-17T15:13:38.708+0800][10071.718s] GC(41) Using 4 workers of 4 for evacuation
[2020-04-17T15:13:38.711+0800][10071.721s] GC(41)   Pre Evacuate Collection Set: 0.1ms
[2020-04-17T15:13:38.711+0800][10071.721s] GC(41)   Merge Heap Roots: 0.0ms
[2020-04-17T15:13:38.711+0800][10071.721s] GC(41)   Evacuate Collection Set: 0.7ms
[2020-04-17T15:13:38.711+0800][10071.721s] GC(41)   Post Evacuate Collection Set: 1.8ms
[2020-04-17T15:13:38.711+0800][10071.721s] GC(41)   Other: 0.2ms
[2020-04-17T15:13:38.711+0800][10071.721s] GC(41) Eden regions: 128->0(128)
[2020-04-17T15:13:38.711+0800][10071.721s] GC(41) Survivor regions: 0->0(32)
[2020-04-17T15:13:38.711+0800][10071.721s] GC(41) Old regions: 322->322
[2020-04-17T15:13:38.711+0800][10071.721s] GC(41) Archive regions: 2->2
[2020-04-17T15:13:38.711+0800][10071.721s] GC(41) Humongous regions: 4->4
[2020-04-17T15:13:38.711+0800][10071.721s] GC(41) Metaspace: 42074K(43472K)->42074K(43472K) NonClass: 37175K(38140K)->37175K(38140K) Class: 4899K(5332K)->4899K(5332K)
[2020-04-17T15:13:38.711+0800][10071.721s] GC(41) Pause Young (Normal) (G1 Evacuation Pause) 454M->326M(512M) 2.931ms
[2020-04-17T15:13:38.711+0800][10071.721s] GC(41) User=0.00s Sys=0.00s Real=0.01s
[2020-04-17T15:13:38.880+0800][10071.890s] GC(42) Pause Young (Normal) (G1 Evacuation Pause)
[2020-04-17T15:13:38.880+0800][10071.890s] GC(42) Using 4 workers of 4 for evacuation
[2020-04-17T15:13:38.881+0800][10071.891s] GC(42)   Pre Evacuate Collection Set: 0.0ms
[2020-04-17T15:13:38.881+0800][10071.891s] GC(42)   Merge Heap Roots: 0.0ms
[2020-04-17T15:13:38.881+0800][10071.891s] GC(42)   Evacuate Collection Set: 0.8ms
[2020-04-17T15:13:38.881+0800][10071.891s] GC(42)   Post Evacuate Collection Set: 0.4ms
[2020-04-17T15:13:38.881+0800][10071.892s] GC(42)   Other: 0.2ms
[2020-04-17T15:13:38.881+0800][10071.892s] GC(42) Eden regions: 128->0(127)
[2020-04-17T15:13:38.881+0800][10071.892s] GC(42) Survivor regions: 0->1(32)
[2020-04-17T15:13:38.881+0800][10071.892s] GC(42) Old regions: 322->322
[2020-04-17T15:13:38.881+0800][10071.892s] GC(42) Archive regions: 2->2
[2020-04-17T15:13:38.881+0800][10071.892s] GC(42) Humongous regions: 4->4
[2020-04-17T15:13:38.881+0800][10071.892s] GC(42) Metaspace: 42086K(43472K)->42086K(43472K) NonClass: 37187K(38140K)->37187K(38140K) Class: 4899K(5332K)->4899K(5332K)
[2020-04-17T15:13:38.881+0800][10071.892s] GC(42) Pause Young (Normal) (G1 Evacuation Pause) 454M->326M(512M) 1.715ms
[2020-04-17T15:13:38.881+0800][10071.892s] GC(42) User=0.00s Sys=0.00s Real=0.00s
[2020-04-17T15:13:38.890+0800][10071.901s] GC(34) Concurrent Rebuild Remembered Sets 614.943ms
[2020-04-17T15:13:38.891+0800][10071.901s] GC(34) Pause Cleanup
[2020-04-17T15:13:38.891+0800][10071.901s] GC(34) Pause Cleanup 333M->333M(512M) 0.288ms
[2020-04-17T15:13:38.891+0800][10071.901s] GC(34) User=0.00s Sys=0.00s Real=0.00s
[2020-04-17T15:13:38.891+0800][10071.901s] GC(34) Concurrent Cleanup for Next Mark
[2020-04-17T15:13:38.892+0800][10071.902s] GC(34) Concurrent Cleanup for Next Mark 0.866ms
[2020-04-17T15:13:38.892+0800][10071.902s] GC(34) Concurrent Cycle 1093.156ms
[2020-04-17T15:13:38.924+0800][10071.934s] GC(43) Pause Young (Normal) (G1 Evacuation Pause)
[2020-04-17T15:13:38.924+0800][10071.934s] GC(43) Using 4 workers of 4 for evacuation
[2020-04-17T15:13:38.925+0800][10071.935s] GC(43)   Pre Evacuate Collection Set: 0.0ms
[2020-04-17T15:13:38.925+0800][10071.935s] GC(43)   Merge Heap Roots: 0.0ms
[2020-04-17T15:13:38.925+0800][10071.935s] GC(43)   Evacuate Collection Set: 0.4ms
[2020-04-17T15:13:38.925+0800][10071.935s] GC(43)   Post Evacuate Collection Set: 0.2ms
[2020-04-17T15:13:38.925+0800][10071.935s] GC(43)   Other: 0.1ms
[2020-04-17T15:13:38.925+0800][10071.935s] GC(43) Eden regions: 127->0(127)
[2020-04-17T15:13:38.925+0800][10071.935s] GC(43) Survivor regions: 1->1(32)
[2020-04-17T15:13:38.925+0800][10071.935s] GC(43) Old regions: 322->322
[2020-04-17T15:13:38.925+0800][10071.935s] GC(43) Archive regions: 2->2
[2020-04-17T15:13:38.925+0800][10071.935s] GC(43) Humongous regions: 4->4
[2020-04-17T15:13:38.925+0800][10071.935s] GC(43) Metaspace: 42086K(43472K)->42086K(43472K) NonClass: 37187K(38140K)->37187K(38140K) Class: 4899K(5332K)->4899K(5332K)
[2020-04-17T15:13:38.925+0800][10071.935s] GC(43) Pause Young (Normal) (G1 Evacuation Pause) 453M->326M(512M) 0.992ms
[2020-04-17T15:13:38.925+0800][10071.935s] GC(43) User=0.01s Sys=0.00s Real=0.00s
[2020-04-17T15:13:38.962+0800][10071.973s] GC(44) Pause Young (Concurrent Start) (G1 Evacuation Pause)
[2020-04-17T15:13:38.962+0800][10071.973s] GC(44) Using 4 workers of 4 for evacuation
[2020-04-17T15:13:38.964+0800][10071.974s] GC(44)   Pre Evacuate Collection Set: 0.1ms
[2020-04-17T15:13:38.964+0800][10071.974s] GC(44)   Merge Heap Roots: 0.0ms
[2020-04-17T15:13:38.964+0800][10071.974s] GC(44)   Evacuate Collection Set: 0.6ms
[2020-04-17T15:13:38.964+0800][10071.974s] GC(44)   Post Evacuate Collection Set: 0.3ms
[2020-04-17T15:13:38.964+0800][10071.974s] GC(44)   Other: 0.2ms
[2020-04-17T15:13:38.964+0800][10071.974s] GC(44) Eden regions: 127->0(127)
[2020-04-17T15:13:38.964+0800][10071.974s] GC(44) Survivor regions: 1->1(32)
[2020-04-17T15:13:38.964+0800][10071.974s] GC(44) Old regions: 322->322
[2020-04-17T15:13:38.964+0800][10071.974s] GC(44) Archive regions: 2->2
[2020-04-17T15:13:38.964+0800][10071.974s] GC(44) Humongous regions: 4->4
[2020-04-17T15:13:38.964+0800][10071.974s] GC(44) Metaspace: 42086K(43472K)->42086K(43472K) NonClass: 37187K(38140K)->37187K(38140K) Class: 4899K(5332K)->4899K(5332K)
[2020-04-17T15:13:38.964+0800][10071.974s] GC(44) Pause Young (Concurrent Start) (G1 Evacuation Pause) 453M->326M(512M) 1.299ms
[2020-04-17T15:13:38.964+0800][10071.974s] GC(44) User=0.00s Sys=0.00s Real=0.00s
[2020-04-17T15:13:38.964+0800][10071.974s] GC(45) Concurrent Cycle
[2020-04-17T15:13:38.964+0800][10071.974s] GC(45) Concurrent Clear Claimed Marks
[2020-04-17T15:13:38.964+0800][10071.974s] GC(45) Concurrent Clear Claimed Marks 0.045ms
[2020-04-17T15:13:38.964+0800][10071.974s] GC(45) Concurrent Scan Root Regions
[2020-04-17T15:13:38.964+0800][10071.975s] GC(45) Concurrent Scan Root Regions 0.433ms
[2020-04-17T15:13:38.964+0800][10071.975s] GC(45) Concurrent Mark (10071.975s)
[2020-04-17T15:13:38.964+0800][10071.975s] GC(45) Concurrent Mark From Roots
[2020-04-17T15:13:38.964+0800][10071.975s] GC(45) Using 4 workers of 4 for marking
[2020-04-17T15:13:39.136+0800][10072.147s] GC(46) Pause Young (Normal) (G1 Evacuation Pause)
[2020-04-17T15:13:39.136+0800][10072.147s] GC(46) Using 4 workers of 4 for evacuation
[2020-04-17T15:13:39.138+0800][10072.149s] GC(46)   Pre Evacuate Collection Set: 0.1ms
[2020-04-17T15:13:39.138+0800][10072.149s] GC(46)   Merge Heap Roots: 0.1ms
[2020-04-17T15:13:39.138+0800][10072.149s] GC(46)   Evacuate Collection Set: 1.5ms
[2020-04-17T15:13:39.138+0800][10072.149s] GC(46)   Post Evacuate Collection Set: 0.3ms
[2020-04-17T15:13:39.138+0800][10072.149s] GC(46)   Other: 0.2ms
[2020-04-17T15:13:39.138+0800][10072.149s] GC(46) Eden regions: 127->0(127)
[2020-04-17T15:13:39.139+0800][10072.149s] GC(46) Survivor regions: 1->1(32)
[2020-04-17T15:13:39.139+0800][10072.149s] GC(46) Old regions: 322->322
[2020-04-17T15:13:39.139+0800][10072.149s] GC(46) Archive regions: 2->2
[2020-04-17T15:13:39.139+0800][10072.149s] GC(46) Humongous regions: 4->4
[2020-04-17T15:13:39.139+0800][10072.149s] GC(46) Metaspace: 42086K(43472K)->42086K(43472K) NonClass: 37187K(38140K)->37187K(38140K) Class: 4899K(5332K)->4899K(5332K)
[2020-04-17T15:13:39.139+0800][10072.149s] GC(46) Pause Young (Normal) (G1 Evacuation Pause) 453M->326M(512M) 2.407ms
[2020-04-17T15:13:39.139+0800][10072.149s] GC(46) User=0.00s Sys=0.00s Real=0.00s
[2020-04-17T15:13:39.221+0800][10072.231s] GC(47) Pause Young (Normal) (G1 Evacuation Pause)
[2020-04-17T15:13:39.221+0800][10072.231s] GC(47) Using 4 workers of 4 for evacuation
[2020-04-17T15:13:39.222+0800][10072.232s] GC(47)   Pre Evacuate Collection Set: 0.1ms
[2020-04-17T15:13:39.222+0800][10072.232s] GC(47)   Merge Heap Roots: 0.0ms
[2020-04-17T15:13:39.222+0800][10072.232s] GC(47)   Evacuate Collection Set: 0.6ms
[2020-04-17T15:13:39.222+0800][10072.232s] GC(47)   Post Evacuate Collection Set: 0.3ms
[2020-04-17T15:13:39.222+0800][10072.232s] GC(47)   Other: 0.2ms
[2020-04-17T15:13:39.222+0800][10072.232s] GC(47) Eden regions: 127->0(127)
[2020-04-17T15:13:39.222+0800][10072.232s] GC(47) Survivor regions: 1->1(32)
[2020-04-17T15:13:39.222+0800][10072.232s] GC(47) Old regions: 322->322
[2020-04-17T15:13:39.222+0800][10072.232s] GC(47) Archive regions: 2->2
[2020-04-17T15:13:39.222+0800][10072.232s] GC(47) Humongous regions: 4->4
[2020-04-17T15:13:39.222+0800][10072.232s] GC(47) Metaspace: 42086K(43472K)->42086K(43472K) NonClass: 37187K(38140K)->37187K(38140K) Class: 4899K(5332K)->4899K(5332K)
[2020-04-17T15:13:39.222+0800][10072.232s] GC(47) Pause Young (Normal) (G1 Evacuation Pause) 453M->326M(512M) 1.247ms
[2020-04-17T15:13:39.222+0800][10072.232s] GC(47) User=0.00s Sys=0.00s Real=0.00s
[2020-04-17T15:13:39.321+0800][10072.331s] GC(48) Pause Young (Normal) (G1 Evacuation Pause)
[2020-04-17T15:13:39.321+0800][10072.331s] GC(48) Using 4 workers of 4 for evacuation
[2020-04-17T15:13:39.322+0800][10072.332s] GC(48)   Pre Evacuate Collection Set: 0.1ms
[2020-04-17T15:13:39.322+0800][10072.332s] GC(48)   Merge Heap Roots: 0.1ms
[2020-04-17T15:13:39.322+0800][10072.332s] GC(48)   Evacuate Collection Set: 0.4ms
[2020-04-17T15:13:39.322+0800][10072.332s] GC(48)   Post Evacuate Collection Set: 0.4ms
[2020-04-17T15:13:39.322+0800][10072.332s] GC(48)   Other: 0.1ms
[2020-04-17T15:13:39.322+0800][10072.332s] GC(48) Eden regions: 127->0(127)
[2020-04-17T15:13:39.322+0800][10072.332s] GC(48) Survivor regions: 1->1(32)
[2020-04-17T15:13:39.322+0800][10072.332s] GC(48) Old regions: 322->322
[2020-04-17T15:13:39.322+0800][10072.332s] GC(48) Archive regions: 2->2
[2020-04-17T15:13:39.322+0800][10072.332s] GC(48) Humongous regions: 4->4
[2020-04-17T15:13:39.322+0800][10072.332s] GC(48) Metaspace: 42086K(43472K)->42086K(43472K) NonClass: 37187K(38140K)->37187K(38140K) Class: 4899K(5332K)->4899K(5332K)
[2020-04-17T15:13:39.322+0800][10072.332s] GC(48) Pause Young (Normal) (G1 Evacuation Pause) 453M->326M(512M) 1.177ms
[2020-04-17T15:13:39.322+0800][10072.332s] GC(48) User=0.00s Sys=0.00s Real=0.00s
[2020-04-17T15:13:39.422+0800][10072.433s] GC(49) Pause Young (Normal) (G1 Evacuation Pause)
[2020-04-17T15:13:39.422+0800][10072.433s] GC(49) Using 4 workers of 4 for evacuation
[2020-04-17T15:13:39.424+0800][10072.434s] GC(49)   Pre Evacuate Collection Set: 0.1ms
[2020-04-17T15:13:39.424+0800][10072.434s] GC(49)   Merge Heap Roots: 0.0ms
[2020-04-17T15:13:39.424+0800][10072.434s] GC(49)   Evacuate Collection Set: 0.7ms
[2020-04-17T15:13:39.424+0800][10072.434s] GC(49)   Post Evacuate Collection Set: 0.4ms
[2020-04-17T15:13:39.424+0800][10072.434s] GC(49)   Other: 0.2ms
[2020-04-17T15:13:39.424+0800][10072.434s] GC(49) Eden regions: 127->0(127)
[2020-04-17T15:13:39.424+0800][10072.434s] GC(49) Survivor regions: 1->1(32)
[2020-04-17T15:13:39.424+0800][10072.434s] GC(49) Old regions: 322->322
[2020-04-17T15:13:39.424+0800][10072.434s] GC(49) Archive regions: 2->2
[2020-04-17T15:13:39.424+0800][10072.434s] GC(49) Humongous regions: 4->4
[2020-04-17T15:13:39.424+0800][10072.434s] GC(49) Metaspace: 42086K(43472K)->42086K(43472K) NonClass: 37187K(38140K)->37187K(38140K) Class: 4899K(5332K)->4899K(5332K)
[2020-04-17T15:13:39.424+0800][10072.434s] GC(49) Pause Young (Normal) (G1 Evacuation Pause) 453M->326M(512M) 1.415ms
[2020-04-17T15:13:39.424+0800][10072.434s] GC(49) User=0.00s Sys=0.00s Real=0.00s
[2020-04-17T15:13:39.517+0800][10072.527s] GC(50) Pause Young (Normal) (G1 Evacuation Pause)
[2020-04-17T15:13:39.517+0800][10072.527s] GC(50) Using 4 workers of 4 for evacuation
[2020-04-17T15:13:39.518+0800][10072.528s] GC(50)   Pre Evacuate Collection Set: 0.1ms
[2020-04-17T15:13:39.518+0800][10072.528s] GC(50)   Merge Heap Roots: 0.0ms
[2020-04-17T15:13:39.518+0800][10072.528s] GC(50)   Evacuate Collection Set: 0.4ms
[2020-04-17T15:13:39.518+0800][10072.528s] GC(50)   Post Evacuate Collection Set: 0.3ms
[2020-04-17T15:13:39.518+0800][10072.528s] GC(50)   Other: 0.1ms
[2020-04-17T15:13:39.518+0800][10072.528s] GC(50) Eden regions: 127->0(127)
[2020-04-17T15:13:39.518+0800][10072.528s] GC(50) Survivor regions: 1->1(32)
[2020-04-17T15:13:39.518+0800][10072.528s] GC(50) Old regions: 322->322
[2020-04-17T15:13:39.518+0800][10072.528s] GC(50) Archive regions: 2->2
[2020-04-17T15:13:39.518+0800][10072.528s] GC(50) Humongous regions: 4->4
[2020-04-17T15:13:39.518+0800][10072.528s] GC(50) Metaspace: 42086K(43472K)->42086K(43472K) NonClass: 37187K(38140K)->37187K(38140K) Class: 4899K(5332K)->4899K(5332K)
[2020-04-17T15:13:39.518+0800][10072.528s] GC(50) Pause Young (Normal) (G1 Evacuation Pause) 453M->326M(512M) 1.045ms
[2020-04-17T15:13:39.518+0800][10072.528s] GC(50) User=0.00s Sys=0.00s Real=0.00s
[2020-04-17T15:13:39.550+0800][10072.560s] GC(45) Concurrent Mark From Roots 585.844ms
[2020-04-17T15:13:39.550+0800][10072.561s] GC(45) Concurrent Preclean
[2020-04-17T15:13:39.550+0800][10072.561s] GC(45) Concurrent Preclean 0.215ms
[2020-04-17T15:13:39.550+0800][10072.561s] GC(45) Concurrent Mark (10071.975s, 10072.561s) 586.152ms
[2020-04-17T15:13:39.551+0800][10072.561s] GC(45) Pause Remark
[2020-04-17T15:13:39.555+0800][10072.566s] GC(45) Pause Remark 379M->379M(512M) 4.847ms
[2020-04-17T15:13:39.556+0800][10072.566s] GC(45) User=0.01s Sys=0.00s Real=0.00s
[2020-04-17T15:13:39.556+0800][10072.566s] GC(45) Concurrent Rebuild Remembered Sets
[2020-04-17T15:13:39.855+0800][10072.865s] GC(51) Pause Young (Normal) (G1 Evacuation Pause)
[2020-04-17T15:13:39.855+0800][10072.865s] GC(51) Using 4 workers of 4 for evacuation
[2020-04-17T15:13:39.857+0800][10072.867s] GC(51)   Pre Evacuate Collection Set: 0.1ms
[2020-04-17T15:13:39.857+0800][10072.867s] GC(51)   Merge Heap Roots: 0.0ms
[2020-04-17T15:13:39.857+0800][10072.867s] GC(51)   Evacuate Collection Set: 0.7ms
[2020-04-17T15:13:39.857+0800][10072.867s] GC(51)   Post Evacuate Collection Set: 0.9ms
[2020-04-17T15:13:39.857+0800][10072.867s] GC(51)   Other: 0.2ms
[2020-04-17T15:13:39.857+0800][10072.867s] GC(51) Eden regions: 127->0(128)
[2020-04-17T15:13:39.857+0800][10072.867s] GC(51) Survivor regions: 1->0(32)
[2020-04-17T15:13:39.857+0800][10072.867s] GC(51) Old regions: 322->323
[2020-04-17T15:13:39.857+0800][10072.867s] GC(51) Archive regions: 2->2
[2020-04-17T15:13:39.857+0800][10072.867s] GC(51) Humongous regions: 4->4
[2020-04-17T15:13:39.857+0800][10072.867s] GC(51) Metaspace: 42086K(43472K)->42086K(43472K) NonClass: 37187K(38140K)->37187K(38140K) Class: 4899K(5332K)->4899K(5332K)
[2020-04-17T15:13:39.857+0800][10072.867s] GC(51) Pause Young (Normal) (G1 Evacuation Pause) 453M->326M(512M) 2.151ms
[2020-04-17T15:13:39.857+0800][10072.867s] GC(51) User=0.00s Sys=0.00s Real=0.00s
[2020-04-17T15:13:40.155+0800][10073.165s] GC(52) Pause Young (Normal) (G1 Evacuation Pause)
[2020-04-17T15:13:40.155+0800][10073.165s] GC(52) Using 4 workers of 4 for evacuation
[2020-04-17T15:13:40.156+0800][10073.166s] GC(52)   Pre Evacuate Collection Set: 0.1ms
[2020-04-17T15:13:40.156+0800][10073.166s] GC(52)   Merge Heap Roots: 0.0ms
[2020-04-17T15:13:40.156+0800][10073.166s] GC(52)   Evacuate Collection Set: 0.4ms
[2020-04-17T15:13:40.156+0800][10073.166s] GC(52)   Post Evacuate Collection Set: 0.3ms
[2020-04-17T15:13:40.156+0800][10073.166s] GC(52)   Other: 0.2ms
[2020-04-17T15:13:40.156+0800][10073.166s] GC(52) Eden regions: 128->0(128)
[2020-04-17T15:13:40.156+0800][10073.166s] GC(52) Survivor regions: 0->0(32)
[2020-04-17T15:13:40.156+0800][10073.166s] GC(52) Old regions: 323->323
[2020-04-17T15:13:40.156+0800][10073.166s] GC(52) Archive regions: 2->2
[2020-04-17T15:13:40.156+0800][10073.166s] GC(52) Humongous regions: 4->4
[2020-04-17T15:13:40.156+0800][10073.166s] GC(52) Metaspace: 42086K(43472K)->42086K(43472K) NonClass: 37187K(38140K)->37187K(38140K) Class: 4899K(5332K)->4899K(5332K)
[2020-04-17T15:13:40.156+0800][10073.166s] GC(52) Pause Young (Normal) (G1 Evacuation Pause) 454M->326M(512M) 1.143ms
[2020-04-17T15:13:40.156+0800][10073.166s] GC(52) User=0.00s Sys=0.00s Real=0.00s
[2020-04-17T15:13:40.238+0800][10073.249s] GC(53) Pause Young (Normal) (G1 Evacuation Pause)
[2020-04-17T15:13:40.238+0800][10073.249s] GC(53) Using 4 workers of 4 for evacuation
[2020-04-17T15:13:40.239+0800][10073.250s] GC(53)   Pre Evacuate Collection Set: 0.1ms
[2020-04-17T15:13:40.239+0800][10073.250s] GC(53)   Merge Heap Roots: 0.0ms
[2020-04-17T15:13:40.239+0800][10073.250s] GC(53)   Evacuate Collection Set: 0.3ms
[2020-04-17T15:13:40.239+0800][10073.250s] GC(53)   Post Evacuate Collection Set: 0.3ms
[2020-04-17T15:13:40.239+0800][10073.250s] GC(53)   Other: 0.2ms
[2020-04-17T15:13:40.239+0800][10073.250s] GC(53) Eden regions: 128->0(128)
[2020-04-17T15:13:40.239+0800][10073.250s] GC(53) Survivor regions: 0->0(32)
[2020-04-17T15:13:40.239+0800][10073.250s] GC(53) Old regions: 323->323
[2020-04-17T15:13:40.239+0800][10073.250s] GC(53) Archive regions: 2->2
[2020-04-17T15:13:40.239+0800][10073.250s] GC(53) Humongous regions: 4->4
[2020-04-17T15:13:40.239+0800][10073.250s] GC(53) Metaspace: 42086K(43472K)->42086K(43472K) NonClass: 37187K(38140K)->37187K(38140K) Class: 4899K(5332K)->4899K(5332K)
[2020-04-17T15:13:40.239+0800][10073.250s] GC(53) Pause Young (Normal) (G1 Evacuation Pause) 454M->326M(512M) 1.003ms
[2020-04-17T15:13:40.239+0800][10073.250s] GC(53) User=0.00s Sys=0.00s Real=0.00s
[2020-04-17T15:13:40.356+0800][10073.366s] GC(45) Concurrent Rebuild Remembered Sets 800.318ms
[2020-04-17T15:13:40.357+0800][10073.367s] GC(45) Pause Cleanup
[2020-04-17T15:13:40.357+0800][10073.367s] GC(45) Pause Cleanup 448M->448M(512M) 0.320ms
[2020-04-17T15:13:40.357+0800][10073.367s] GC(45) User=0.00s Sys=0.00s Real=0.00s
[2020-04-17T15:13:40.357+0800][10073.367s] GC(45) Concurrent Cleanup for Next Mark
[2020-04-17T15:13:40.358+0800][10073.368s] GC(45) Concurrent Cleanup for Next Mark 0.986ms
[2020-04-17T15:13:40.358+0800][10073.368s] GC(45) Concurrent Cycle 1394.257ms
[2020-04-17T15:13:40.360+0800][10073.370s] GC(54) Pause Young (Normal) (G1 Evacuation Pause)
[2020-04-17T15:13:40.360+0800][10073.370s] GC(54) Using 4 workers of 4 for evacuation
[2020-04-17T15:13:40.361+0800][10073.371s] GC(54)   Pre Evacuate Collection Set: 0.0ms
[2020-04-17T15:13:40.361+0800][10073.371s] GC(54)   Merge Heap Roots: 0.0ms
[2020-04-17T15:13:40.361+0800][10073.371s] GC(54)   Evacuate Collection Set: 0.4ms
[2020-04-17T15:13:40.361+0800][10073.371s] GC(54)   Post Evacuate Collection Set: 0.4ms
[2020-04-17T15:13:40.361+0800][10073.371s] GC(54)   Other: 0.2ms
[2020-04-17T15:13:40.361+0800][10073.371s] GC(54) Eden regions: 128->0(128)
[2020-04-17T15:13:40.361+0800][10073.371s] GC(54) Survivor regions: 0->0(32)
[2020-04-17T15:13:40.361+0800][10073.371s] GC(54) Old regions: 323->323
[2020-04-17T15:13:40.361+0800][10073.371s] GC(54) Archive regions: 2->2
[2020-04-17T15:13:40.361+0800][10073.371s] GC(54) Humongous regions: 4->4
[2020-04-17T15:13:40.361+0800][10073.371s] GC(54) Metaspace: 42086K(43472K)->42086K(43472K) NonClass: 37187K(38140K)->37187K(38140K) Class: 4899K(5332K)->4899K(5332K)
[2020-04-17T15:13:40.361+0800][10073.371s] GC(54) Pause Young (Normal) (G1 Evacuation Pause) 454M->326M(512M) 1.228ms
[2020-04-17T15:13:40.361+0800][10073.371s] GC(54) User=0.00s Sys=0.00s Real=0.00s
[2020-04-17T15:13:40.401+0800][10073.411s] GC(55) Pause Young (Concurrent Start) (G1 Evacuation Pause)
[2020-04-17T15:13:40.401+0800][10073.411s] GC(55) Using 4 workers of 4 for evacuation
[2020-04-17T15:13:40.402+0800][10073.413s] GC(55)   Pre Evacuate Collection Set: 0.1ms
[2020-04-17T15:13:40.402+0800][10073.413s] GC(55)   Merge Heap Roots: 0.1ms
[2020-04-17T15:13:40.402+0800][10073.413s] GC(55)   Evacuate Collection Set: 0.6ms
[2020-04-17T15:13:40.402+0800][10073.413s] GC(55)   Post Evacuate Collection Set: 0.4ms
[2020-04-17T15:13:40.402+0800][10073.413s] GC(55)   Other: 0.3ms
[2020-04-17T15:13:40.403+0800][10073.413s] GC(55) Eden regions: 128->0(128)
[2020-04-17T15:13:40.403+0800][10073.413s] GC(55) Survivor regions: 0->0(32)
[2020-04-17T15:13:40.403+0800][10073.413s] GC(55) Old regions: 323->323
[2020-04-17T15:13:40.403+0800][10073.413s] GC(55) Archive regions: 2->2
[2020-04-17T15:13:40.403+0800][10073.413s] GC(55) Humongous regions: 4->4
[2020-04-17T15:13:40.403+0800][10073.413s] GC(55) Metaspace: 42086K(43472K)->42086K(43472K) NonClass: 37187K(38140K)->37187K(38140K) Class: 4899K(5332K)->4899K(5332K)
[2020-04-17T15:13:40.403+0800][10073.413s] GC(55) Pause Young (Concurrent Start) (G1 Evacuation Pause) 454M->326M(512M) 1.642ms
[2020-04-17T15:13:40.403+0800][10073.413s] GC(55) User=0.00s Sys=0.00s Real=0.00s
[2020-04-17T15:13:40.403+0800][10073.413s] GC(56) Concurrent Cycle
[2020-04-17T15:13:40.403+0800][10073.413s] GC(56) Concurrent Clear Claimed Marks
[2020-04-17T15:13:40.403+0800][10073.413s] GC(56) Concurrent Clear Claimed Marks 0.077ms
[2020-04-17T15:13:40.403+0800][10073.413s] GC(56) Concurrent Scan Root Regions
[2020-04-17T15:13:40.403+0800][10073.413s] GC(56) Concurrent Scan Root Regions 0.011ms
[2020-04-17T15:13:40.403+0800][10073.413s] GC(56) Concurrent Mark (10073.413s)
[2020-04-17T15:13:40.403+0800][10073.413s] GC(56) Concurrent Mark From Roots
[2020-04-17T15:13:40.403+0800][10073.413s] GC(56) Using 4 workers of 4 for marking
[2020-04-17T15:13:40.581+0800][10073.592s] GC(57) Pause Young (Normal) (G1 Evacuation Pause)
[2020-04-17T15:13:40.581+0800][10073.592s] GC(57) Using 4 workers of 4 for evacuation
[2020-04-17T15:13:40.582+0800][10073.593s] GC(57)   Pre Evacuate Collection Set: 0.1ms
[2020-04-17T15:13:40.583+0800][10073.593s] GC(57)   Merge Heap Roots: 0.1ms
[2020-04-17T15:13:40.583+0800][10073.593s] GC(57)   Evacuate Collection Set: 0.5ms
[2020-04-17T15:13:40.583+0800][10073.593s] GC(57)   Post Evacuate Collection Set: 0.4ms
[2020-04-17T15:13:40.583+0800][10073.593s] GC(57)   Other: 0.2ms
[2020-04-17T15:13:40.583+0800][10073.593s] GC(57) Eden regions: 128->0(128)
[2020-04-17T15:13:40.583+0800][10073.593s] GC(57) Survivor regions: 0->0(32)
[2020-04-17T15:13:40.583+0800][10073.593s] GC(57) Old regions: 323->323
[2020-04-17T15:13:40.583+0800][10073.593s] GC(57) Archive regions: 2->2
[2020-04-17T15:13:40.583+0800][10073.593s] GC(57) Humongous regions: 4->4
[2020-04-17T15:13:40.583+0800][10073.593s] GC(57) Metaspace: 42086K(43472K)->42086K(43472K) NonClass: 37187K(38140K)->37187K(38140K) Class: 4899K(5332K)->4899K(5332K)
[2020-04-17T15:13:40.583+0800][10073.593s] GC(57) Pause Young (Normal) (G1 Evacuation Pause) 454M->326M(512M) 1.257ms
[2020-04-17T15:13:40.583+0800][10073.593s] GC(57) User=0.00s Sys=0.00s Real=0.00s
[2020-04-17T15:13:40.659+0800][10073.669s] GC(58) Pause Young (Normal) (G1 Evacuation Pause)
[2020-04-17T15:13:40.659+0800][10073.669s] GC(58) Using 4 workers of 4 for evacuation
[2020-04-17T15:13:40.660+0800][10073.670s] GC(58)   Pre Evacuate Collection Set: 0.1ms
[2020-04-17T15:13:40.660+0800][10073.670s] GC(58)   Merge Heap Roots: 0.0ms
[2020-04-17T15:13:40.660+0800][10073.670s] GC(58)   Evacuate Collection Set: 0.5ms
[2020-04-17T15:13:40.660+0800][10073.670s] GC(58)   Post Evacuate Collection Set: 0.5ms
[2020-04-17T15:13:40.660+0800][10073.670s] GC(58)   Other: 0.2ms
[2020-04-17T15:13:40.660+0800][10073.670s] GC(58) Eden regions: 128->0(128)
[2020-04-17T15:13:40.660+0800][10073.670s] GC(58) Survivor regions: 0->0(32)
[2020-04-17T15:13:40.660+0800][10073.670s] GC(58) Old regions: 323->323
[2020-04-17T15:13:40.660+0800][10073.670s] GC(58) Archive regions: 2->2
[2020-04-17T15:13:40.660+0800][10073.670s] GC(58) Humongous regions: 4->4
[2020-04-17T15:13:40.660+0800][10073.670s] GC(58) Metaspace: 42086K(43472K)->42086K(43472K) NonClass: 37187K(38140K)->37187K(38140K) Class: 4899K(5332K)->4899K(5332K)
[2020-04-17T15:13:40.660+0800][10073.670s] GC(58) Pause Young (Normal) (G1 Evacuation Pause) 454M->326M(512M) 1.470ms
[2020-04-17T15:13:40.660+0800][10073.670s] GC(58) User=0.00s Sys=0.00s Real=0.01s
[2020-04-17T15:13:40.731+0800][10073.742s] GC(59) Pause Young (Normal) (G1 Evacuation Pause)
[2020-04-17T15:13:40.732+0800][10073.742s] GC(59) Using 4 workers of 4 for evacuation
[2020-04-17T15:13:40.732+0800][10073.743s] GC(59)   Pre Evacuate Collection Set: 0.1ms
[2020-04-17T15:13:40.732+0800][10073.743s] GC(59)   Merge Heap Roots: 0.0ms
[2020-04-17T15:13:40.732+0800][10073.743s] GC(59)   Evacuate Collection Set: 0.4ms
[2020-04-17T15:13:40.733+0800][10073.743s] GC(59)   Post Evacuate Collection Set: 0.3ms
[2020-04-17T15:13:40.733+0800][10073.743s] GC(59)   Other: 0.3ms
[2020-04-17T15:13:40.733+0800][10073.743s] GC(59) Eden regions: 128->0(128)
[2020-04-17T15:13:40.733+0800][10073.743s] GC(59) Survivor regions: 0->0(32)
[2020-04-17T15:13:40.733+0800][10073.743s] GC(59) Old regions: 323->323
[2020-04-17T15:13:40.733+0800][10073.743s] GC(59) Archive regions: 2->2
[2020-04-17T15:13:40.733+0800][10073.743s] GC(59) Humongous regions: 4->4
[2020-04-17T15:13:40.733+0800][10073.743s] GC(59) Metaspace: 42086K(43472K)->42086K(43472K) NonClass: 37187K(38140K)->37187K(38140K) Class: 4899K(5332K)->4899K(5332K)
[2020-04-17T15:13:40.733+0800][10073.743s] GC(59) Pause Young (Normal) (G1 Evacuation Pause) 454M->326M(512M) 1.121ms
[2020-04-17T15:13:40.733+0800][10073.743s] GC(59) User=0.00s Sys=0.00s Real=0.00s
[2020-04-17T15:13:40.813+0800][10073.824s] GC(56) Concurrent Mark From Roots 410.474ms
[2020-04-17T15:13:40.813+0800][10073.824s] GC(56) Concurrent Preclean
[2020-04-17T15:13:40.814+0800][10073.824s] GC(56) Concurrent Preclean 0.193ms
[2020-04-17T15:13:40.814+0800][10073.824s] GC(56) Concurrent Mark (10073.413s, 10073.824s) 410.784ms
[2020-04-17T15:13:40.814+0800][10073.824s] GC(56) Pause Remark
[2020-04-17T15:13:40.820+0800][10073.830s] GC(56) Pause Remark 440M->440M(512M) 5.762ms
[2020-04-17T15:13:40.820+0800][10073.830s] GC(56) User=0.01s Sys=0.01s Real=0.01s
[2020-04-17T15:13:40.820+0800][10073.830s] GC(56) Concurrent Rebuild Remembered Sets
[2020-04-17T15:13:40.827+0800][10073.837s] GC(60) Pause Young (Normal) (G1 Evacuation Pause)
[2020-04-17T15:13:40.827+0800][10073.837s] GC(60) Using 4 workers of 4 for evacuation
[2020-04-17T15:13:40.828+0800][10073.838s] GC(60)   Pre Evacuate Collection Set: 0.1ms
[2020-04-17T15:13:40.828+0800][10073.838s] GC(60)   Merge Heap Roots: 0.0ms
[2020-04-17T15:13:40.828+0800][10073.838s] GC(60)   Evacuate Collection Set: 0.4ms
[2020-04-17T15:13:40.828+0800][10073.838s] GC(60)   Post Evacuate Collection Set: 0.3ms
[2020-04-17T15:13:40.828+0800][10073.838s] GC(60)   Other: 0.2ms
[2020-04-17T15:13:40.828+0800][10073.838s] GC(60) Eden regions: 128->0(128)
[2020-04-17T15:13:40.828+0800][10073.838s] GC(60) Survivor regions: 0->0(32)
[2020-04-17T15:13:40.828+0800][10073.838s] GC(60) Old regions: 323->323
[2020-04-17T15:13:40.828+0800][10073.838s] GC(60) Archive regions: 2->2
[2020-04-17T15:13:40.828+0800][10073.838s] GC(60) Humongous regions: 4->4
[2020-04-17T15:13:40.828+0800][10073.838s] GC(60) Metaspace: 42086K(43472K)->42086K(43472K) NonClass: 37187K(38140K)->37187K(38140K) Class: 4899K(5332K)->4899K(5332K)
[2020-04-17T15:13:40.828+0800][10073.838s] GC(60) Pause Young (Normal) (G1 Evacuation Pause) 454M->326M(512M) 1.123ms
[2020-04-17T15:13:40.828+0800][10073.838s] GC(60) User=0.00s Sys=0.00s Real=0.00s
[2020-04-17T15:13:40.931+0800][10073.941s] GC(61) Pause Young (Normal) (G1 Evacuation Pause)
[2020-04-17T15:13:40.931+0800][10073.941s] GC(61) Using 4 workers of 4 for evacuation
[2020-04-17T15:13:40.932+0800][10073.942s] GC(61)   Pre Evacuate Collection Set: 0.1ms
[2020-04-17T15:13:40.932+0800][10073.942s] GC(61)   Merge Heap Roots: 0.0ms
[2020-04-17T15:13:40.932+0800][10073.942s] GC(61)   Evacuate Collection Set: 0.7ms
[2020-04-17T15:13:40.932+0800][10073.942s] GC(61)   Post Evacuate Collection Set: 0.5ms
[2020-04-17T15:13:40.932+0800][10073.942s] GC(61)   Other: 0.2ms
[2020-04-17T15:13:40.932+0800][10073.942s] GC(61) Eden regions: 128->0(128)
[2020-04-17T15:13:40.932+0800][10073.943s] GC(61) Survivor regions: 0->0(32)
[2020-04-17T15:13:40.932+0800][10073.943s] GC(61) Old regions: 323->323
[2020-04-17T15:13:40.932+0800][10073.943s] GC(61) Archive regions: 2->2
[2020-04-17T15:13:40.932+0800][10073.943s] GC(61) Humongous regions: 4->4
[2020-04-17T15:13:40.932+0800][10073.943s] GC(61) Metaspace: 42086K(43472K)->42086K(43472K) NonClass: 37187K(38140K)->37187K(38140K) Class: 4899K(5332K)->4899K(5332K)
[2020-04-17T15:13:40.932+0800][10073.943s] GC(61) Pause Young (Normal) (G1 Evacuation Pause) 454M->326M(512M) 1.711ms
[2020-04-17T15:13:40.932+0800][10073.943s] GC(61) User=0.00s Sys=0.00s Real=0.00s
[2020-04-17T15:13:41.044+0800][10074.054s] GC(62) Pause Young (Normal) (G1 Evacuation Pause)
[2020-04-17T15:13:41.044+0800][10074.054s] GC(62) Using 4 workers of 4 for evacuation
[2020-04-17T15:13:41.045+0800][10074.055s] GC(62)   Pre Evacuate Collection Set: 0.0ms
[2020-04-17T15:13:41.045+0800][10074.055s] GC(62)   Merge Heap Roots: 0.0ms
[2020-04-17T15:13:41.045+0800][10074.055s] GC(62)   Evacuate Collection Set: 0.6ms
[2020-04-17T15:13:41.045+0800][10074.055s] GC(62)   Post Evacuate Collection Set: 0.4ms
[2020-04-17T15:13:41.045+0800][10074.055s] GC(62)   Other: 0.2ms
[2020-04-17T15:13:41.045+0800][10074.055s] GC(62) Eden regions: 128->0(128)
[2020-04-17T15:13:41.045+0800][10074.055s] GC(62) Survivor regions: 0->0(32)
[2020-04-17T15:13:41.045+0800][10074.055s] GC(62) Old regions: 323->323
[2020-04-17T15:13:41.045+0800][10074.055s] GC(62) Archive regions: 2->2
[2020-04-17T15:13:41.045+0800][10074.055s] GC(62) Humongous regions: 4->4
[2020-04-17T15:13:41.045+0800][10074.055s] GC(62) Metaspace: 42086K(43472K)->42086K(43472K) NonClass: 37187K(38140K)->37187K(38140K) Class: 4899K(5332K)->4899K(5332K)
[2020-04-17T15:13:41.045+0800][10074.055s] GC(62) Pause Young (Normal) (G1 Evacuation Pause) 454M->326M(512M) 1.358ms
[2020-04-17T15:13:41.045+0800][10074.055s] GC(62) User=0.00s Sys=0.00s Real=0.00s
[2020-04-17T15:13:41.123+0800][10074.134s] GC(63) Pause Young (Normal) (G1 Evacuation Pause)
[2020-04-17T15:13:41.124+0800][10074.134s] GC(63) Using 4 workers of 4 for evacuation
[2020-04-17T15:13:41.125+0800][10074.135s] GC(63)   Pre Evacuate Collection Set: 0.1ms
[2020-04-17T15:13:41.125+0800][10074.135s] GC(63)   Merge Heap Roots: 0.1ms
[2020-04-17T15:13:41.125+0800][10074.135s] GC(63)   Evacuate Collection Set: 0.4ms
[2020-04-17T15:13:41.125+0800][10074.135s] GC(63)   Post Evacuate Collection Set: 0.3ms
[2020-04-17T15:13:41.125+0800][10074.135s] GC(63)   Other: 0.2ms
[2020-04-17T15:13:41.125+0800][10074.135s] GC(63) Eden regions: 128->0(128)
[2020-04-17T15:13:41.125+0800][10074.135s] GC(63) Survivor regions: 0->0(32)
[2020-04-17T15:13:41.125+0800][10074.135s] GC(63) Old regions: 323->323
[2020-04-17T15:13:41.125+0800][10074.135s] GC(63) Archive regions: 2->2
[2020-04-17T15:13:41.125+0800][10074.135s] GC(63) Humongous regions: 4->4
[2020-04-17T15:13:41.125+0800][10074.135s] GC(63) Metaspace: 42086K(43472K)->42086K(43472K) NonClass: 37187K(38140K)->37187K(38140K) Class: 4899K(5332K)->4899K(5332K)
[2020-04-17T15:13:41.125+0800][10074.135s] GC(63) Pause Young (Normal) (G1 Evacuation Pause) 454M->326M(512M) 1.202ms
[2020-04-17T15:13:41.125+0800][10074.135s] GC(63) User=0.01s Sys=0.00s Real=0.00s
[2020-04-17T15:13:41.155+0800][10074.166s] GC(56) Concurrent Rebuild Remembered Sets 335.706ms
[2020-04-17T15:13:41.156+0800][10074.166s] GC(56) Pause Cleanup
[2020-04-17T15:13:41.156+0800][10074.166s] GC(56) Pause Cleanup 371M->371M(512M) 0.382ms
[2020-04-17T15:13:41.156+0800][10074.166s] GC(56) User=0.01s Sys=0.00s Real=0.00s
[2020-04-17T15:13:41.156+0800][10074.167s] GC(56) Concurrent Cleanup for Next Mark
[2020-04-17T15:13:41.158+0800][10074.168s] GC(56) Concurrent Cleanup for Next Mark 1.445ms
[2020-04-17T15:13:41.158+0800][10074.168s] GC(56) Concurrent Cycle 755.074ms
[2020-04-17T15:13:41.186+0800][10074.196s] GC(64) Pause Young (Normal) (G1 Evacuation Pause)
[2020-04-17T15:13:41.186+0800][10074.196s] GC(64) Using 4 workers of 4 for evacuation
[2020-04-17T15:13:41.187+0800][10074.197s] GC(64)   Pre Evacuate Collection Set: 0.1ms
[2020-04-17T15:13:41.187+0800][10074.197s] GC(64)   Merge Heap Roots: 0.0ms
[2020-04-17T15:13:41.187+0800][10074.197s] GC(64)   Evacuate Collection Set: 0.4ms
[2020-04-17T15:13:41.187+0800][10074.197s] GC(64)   Post Evacuate Collection Set: 0.3ms
[2020-04-17T15:13:41.187+0800][10074.197s] GC(64)   Other: 0.2ms
[2020-04-17T15:13:41.187+0800][10074.197s] GC(64) Eden regions: 128->0(128)
[2020-04-17T15:13:41.187+0800][10074.197s] GC(64) Survivor regions: 0->0(32)
[2020-04-17T15:13:41.187+0800][10074.197s] GC(64) Old regions: 323->323
[2020-04-17T15:13:41.187+0800][10074.197s] GC(64) Archive regions: 2->2
[2020-04-17T15:13:41.187+0800][10074.197s] GC(64) Humongous regions: 4->4
[2020-04-17T15:13:41.187+0800][10074.197s] GC(64) Metaspace: 42086K(43472K)->42086K(43472K) NonClass: 37187K(38140K)->37187K(38140K) Class: 4899K(5332K)->4899K(5332K)
[2020-04-17T15:13:41.187+0800][10074.197s] GC(64) Pause Young (Normal) (G1 Evacuation Pause) 454M->326M(512M) 1.207ms
[2020-04-17T15:13:41.187+0800][10074.197s] GC(64) User=0.00s Sys=0.00s Real=0.00s
[2020-04-17T15:13:41.225+0800][10074.235s] GC(65) Pause Young (Concurrent Start) (G1 Evacuation Pause)
[2020-04-17T15:13:41.225+0800][10074.235s] GC(65) Using 4 workers of 4 for evacuation
[2020-04-17T15:13:41.227+0800][10074.237s] GC(65)   Pre Evacuate Collection Set: 0.1ms
[2020-04-17T15:13:41.227+0800][10074.237s] GC(65)   Merge Heap Roots: 0.0ms
[2020-04-17T15:13:41.227+0800][10074.237s] GC(65)   Evacuate Collection Set: 1.0ms
[2020-04-17T15:13:41.227+0800][10074.237s] GC(65)   Post Evacuate Collection Set: 0.3ms
[2020-04-17T15:13:41.227+0800][10074.237s] GC(65)   Other: 0.2ms
[2020-04-17T15:13:41.227+0800][10074.237s] GC(65) Eden regions: 128->0(128)
[2020-04-17T15:13:41.227+0800][10074.237s] GC(65) Survivor regions: 0->0(32)
[2020-04-17T15:13:41.227+0800][10074.237s] GC(65) Old regions: 323->323
[2020-04-17T15:13:41.227+0800][10074.237s] GC(65) Archive regions: 2->2
[2020-04-17T15:13:41.227+0800][10074.237s] GC(65) Humongous regions: 4->4
[2020-04-17T15:13:41.227+0800][10074.237s] GC(65) Metaspace: 42086K(43472K)->42086K(43472K) NonClass: 37187K(38140K)->37187K(38140K) Class: 4899K(5332K)->4899K(5332K)
[2020-04-17T15:13:41.227+0800][10074.237s] GC(65) Pause Young (Concurrent Start) (G1 Evacuation Pause) 454M->326M(512M) 1.820ms
[2020-04-17T15:13:41.227+0800][10074.237s] GC(65) User=0.01s Sys=0.00s Real=0.00s
[2020-04-17T15:13:41.227+0800][10074.237s] GC(66) Concurrent Cycle
[2020-04-17T15:13:41.227+0800][10074.237s] GC(66) Concurrent Clear Claimed Marks
[2020-04-17T15:13:41.227+0800][10074.237s] GC(66) Concurrent Clear Claimed Marks 0.065ms
[2020-04-17T15:13:41.227+0800][10074.237s] GC(66) Concurrent Scan Root Regions
[2020-04-17T15:13:41.227+0800][10074.237s] GC(66) Concurrent Scan Root Regions 0.010ms
[2020-04-17T15:13:41.227+0800][10074.237s] GC(66) Concurrent Mark (10074.237s)
[2020-04-17T15:13:41.227+0800][10074.237s] GC(66) Concurrent Mark From Roots
[2020-04-17T15:13:41.227+0800][10074.237s] GC(66) Using 4 workers of 4 for marking
[2020-04-17T15:13:41.469+0800][10074.479s] GC(67) Pause Young (Normal) (G1 Evacuation Pause)
[2020-04-17T15:13:41.469+0800][10074.479s] GC(67) Using 4 workers of 4 for evacuation
[2020-04-17T15:13:41.470+0800][10074.480s] GC(67)   Pre Evacuate Collection Set: 0.1ms
[2020-04-17T15:13:41.470+0800][10074.480s] GC(67)   Merge Heap Roots: 0.1ms
[2020-04-17T15:13:41.470+0800][10074.480s] GC(67)   Evacuate Collection Set: 0.5ms
[2020-04-17T15:13:41.470+0800][10074.480s] GC(67)   Post Evacuate Collection Set: 0.4ms
[2020-04-17T15:13:41.470+0800][10074.480s] GC(67)   Other: 0.2ms
[2020-04-17T15:13:41.470+0800][10074.480s] GC(67) Eden regions: 128->0(128)
[2020-04-17T15:13:41.470+0800][10074.480s] GC(67) Survivor regions: 0->0(32)
[2020-04-17T15:13:41.470+0800][10074.480s] GC(67) Old regions: 323->323
[2020-04-17T15:13:41.470+0800][10074.480s] GC(67) Archive regions: 2->2
[2020-04-17T15:13:41.470+0800][10074.480s] GC(67) Humongous regions: 4->4
[2020-04-17T15:13:41.470+0800][10074.480s] GC(67) Metaspace: 42086K(43472K)->42086K(43472K) NonClass: 37187K(38140K)->37187K(38140K) Class: 4899K(5332K)->4899K(5332K)
[2020-04-17T15:13:41.470+0800][10074.480s] GC(67) Pause Young (Normal) (G1 Evacuation Pause) 454M->326M(512M) 1.320ms
[2020-04-17T15:13:41.470+0800][10074.480s] GC(67) User=0.00s Sys=0.00s Real=0.01s
[2020-04-17T15:13:41.612+0800][10074.622s] GC(68) Pause Young (Normal) (G1 Evacuation Pause)
[2020-04-17T15:13:41.612+0800][10074.622s] GC(68) Using 4 workers of 4 for evacuation
[2020-04-17T15:13:41.614+0800][10074.624s] GC(68)   Pre Evacuate Collection Set: 0.1ms
[2020-04-17T15:13:41.614+0800][10074.624s] GC(68)   Merge Heap Roots: 0.0ms
[2020-04-17T15:13:41.614+0800][10074.624s] GC(68)   Evacuate Collection Set: 0.9ms
[2020-04-17T15:13:41.614+0800][10074.624s] GC(68)   Post Evacuate Collection Set: 0.3ms
[2020-04-17T15:13:41.614+0800][10074.624s] GC(68)   Other: 0.2ms
[2020-04-17T15:13:41.614+0800][10074.624s] GC(68) Eden regions: 128->0(127)
[2020-04-17T15:13:41.614+0800][10074.624s] GC(68) Survivor regions: 0->1(32)
[2020-04-17T15:13:41.614+0800][10074.624s] GC(68) Old regions: 323->323
[2020-04-17T15:13:41.614+0800][10074.624s] GC(68) Archive regions: 2->2
[2020-04-17T15:13:41.614+0800][10074.624s] GC(68) Humongous regions: 4->4
[2020-04-17T15:13:41.614+0800][10074.624s] GC(68) Metaspace: 42137K(43472K)->42137K(43472K) NonClass: 37234K(38140K)->37234K(38140K) Class: 4903K(5332K)->4903K(5332K)
[2020-04-17T15:13:41.614+0800][10074.624s] GC(68) Pause Young (Normal) (G1 Evacuation Pause) 454M->327M(512M) 1.656ms
[2020-04-17T15:13:41.614+0800][10074.624s] GC(68) User=0.00s Sys=0.00s Real=0.00s
[2020-04-17T15:13:41.691+0800][10074.701s] GC(69) Pause Young (Normal) (G1 Evacuation Pause)
[2020-04-17T15:13:41.691+0800][10074.701s] GC(69) Using 4 workers of 4 for evacuation
[2020-04-17T15:13:41.692+0800][10074.702s] GC(69)   Pre Evacuate Collection Set: 0.1ms
[2020-04-17T15:13:41.692+0800][10074.702s] GC(69)   Merge Heap Roots: 0.0ms
[2020-04-17T15:13:41.692+0800][10074.702s] GC(69)   Evacuate Collection Set: 0.4ms
[2020-04-17T15:13:41.692+0800][10074.702s] GC(69)   Post Evacuate Collection Set: 0.3ms
[2020-04-17T15:13:41.692+0800][10074.702s] GC(69)   Other: 0.1ms
[2020-04-17T15:13:41.692+0800][10074.702s] GC(69) Eden regions: 127->0(127)
[2020-04-17T15:13:41.692+0800][10074.702s] GC(69) Survivor regions: 1->1(32)
[2020-04-17T15:13:41.692+0800][10074.702s] GC(69) Old regions: 323->323
[2020-04-17T15:13:41.692+0800][10074.702s] GC(69) Archive regions: 2->2
[2020-04-17T15:13:41.692+0800][10074.702s] GC(69) Humongous regions: 4->4
[2020-04-17T15:13:41.692+0800][10074.702s] GC(69) Metaspace: 42137K(43472K)->42137K(43472K) NonClass: 37234K(38140K)->37234K(38140K) Class: 4903K(5332K)->4903K(5332K)
[2020-04-17T15:13:41.692+0800][10074.702s] GC(69) Pause Young (Normal) (G1 Evacuation Pause) 454M->327M(512M) 1.151ms
[2020-04-17T15:13:41.692+0800][10074.702s] GC(69) User=0.00s Sys=0.00s Real=0.00s
[2020-04-17T15:13:41.778+0800][10074.788s] GC(70) Pause Young (Normal) (G1 Evacuation Pause)
[2020-04-17T15:13:41.778+0800][10074.788s] GC(70) Using 4 workers of 4 for evacuation
[2020-04-17T15:13:41.779+0800][10074.789s] GC(70)   Pre Evacuate Collection Set: 0.0ms
[2020-04-17T15:13:41.779+0800][10074.789s] GC(70)   Merge Heap Roots: 0.0ms
[2020-04-17T15:13:41.779+0800][10074.789s] GC(70)   Evacuate Collection Set: 0.5ms
[2020-04-17T15:13:41.779+0800][10074.789s] GC(70)   Post Evacuate Collection Set: 0.3ms
[2020-04-17T15:13:41.779+0800][10074.789s] GC(70)   Other: 0.1ms
[2020-04-17T15:13:41.779+0800][10074.789s] GC(70) Eden regions: 127->0(127)
[2020-04-17T15:13:41.779+0800][10074.789s] GC(70) Survivor regions: 1->1(32)
[2020-04-17T15:13:41.779+0800][10074.789s] GC(70) Old regions: 323->323
[2020-04-17T15:13:41.779+0800][10074.789s] GC(70) Archive regions: 2->2
[2020-04-17T15:13:41.779+0800][10074.789s] GC(70) Humongous regions: 4->4
[2020-04-17T15:13:41.779+0800][10074.789s] GC(70) Metaspace: 42137K(43472K)->42137K(43472K) NonClass: 37234K(38140K)->37234K(38140K) Class: 4903K(5332K)->4903K(5332K)
[2020-04-17T15:13:41.779+0800][10074.789s] GC(70) Pause Young (Normal) (G1 Evacuation Pause) 454M->327M(512M) 1.077ms
[2020-04-17T15:13:41.779+0800][10074.789s] GC(70) User=0.00s Sys=0.00s Real=0.00s
[2020-04-17T15:13:41.847+0800][10074.857s] GC(66) Concurrent Mark From Roots 619.983ms
[2020-04-17T15:13:41.847+0800][10074.857s] GC(66) Concurrent Preclean
[2020-04-17T15:13:41.847+0800][10074.857s] GC(66) Concurrent Preclean 0.196ms
[2020-04-17T15:13:41.847+0800][10074.858s] GC(66) Concurrent Mark (10074.237s, 10074.858s) 620.291ms
[2020-04-17T15:13:41.847+0800][10074.858s] GC(66) Pause Remark
[2020-04-17T15:13:41.852+0800][10074.862s] GC(66) Pause Remark 416M->416M(512M) 4.140ms
[2020-04-17T15:13:41.852+0800][10074.862s] GC(66) User=0.01s Sys=0.00s Real=0.01s
[2020-04-17T15:13:41.852+0800][10074.862s] GC(66) Concurrent Rebuild Remembered Sets
[2020-04-17T15:13:41.877+0800][10074.888s] GC(71) Pause Young (Normal) (G1 Evacuation Pause)
[2020-04-17T15:13:41.878+0800][10074.888s] GC(71) Using 4 workers of 4 for evacuation
[2020-04-17T15:13:41.879+0800][10074.889s] GC(71)   Pre Evacuate Collection Set: 0.1ms
[2020-04-17T15:13:41.879+0800][10074.889s] GC(71)   Merge Heap Roots: 0.1ms
[2020-04-17T15:13:41.879+0800][10074.889s] GC(71)   Evacuate Collection Set: 0.5ms
[2020-04-17T15:13:41.879+0800][10074.889s] GC(71)   Post Evacuate Collection Set: 0.4ms
[2020-04-17T15:13:41.879+0800][10074.889s] GC(71)   Other: 0.2ms
[2020-04-17T15:13:41.879+0800][10074.889s] GC(71) Eden regions: 127->0(127)
[2020-04-17T15:13:41.879+0800][10074.889s] GC(71) Survivor regions: 1->1(32)
[2020-04-17T15:13:41.879+0800][10074.889s] GC(71) Old regions: 323->323
[2020-04-17T15:13:41.879+0800][10074.889s] GC(71) Archive regions: 2->2
[2020-04-17T15:13:41.879+0800][10074.889s] GC(71) Humongous regions: 4->4
[2020-04-17T15:13:41.879+0800][10074.889s] GC(71) Metaspace: 42137K(43472K)->42137K(43472K) NonClass: 37234K(38140K)->37234K(38140K) Class: 4903K(5332K)->4903K(5332K)
[2020-04-17T15:13:41.879+0800][10074.889s] GC(71) Pause Young (Normal) (G1 Evacuation Pause) 454M->327M(512M) 1.246ms
[2020-04-17T15:13:41.879+0800][10074.889s] GC(71) User=0.00s Sys=0.00s Real=0.00s
[2020-04-17T15:13:41.964+0800][10074.974s] GC(72) Pause Young (Normal) (G1 Evacuation Pause)
[2020-04-17T15:13:41.964+0800][10074.974s] GC(72) Using 4 workers of 4 for evacuation
[2020-04-17T15:13:41.965+0800][10074.975s] GC(72)   Pre Evacuate Collection Set: 0.0ms
[2020-04-17T15:13:41.965+0800][10074.975s] GC(72)   Merge Heap Roots: 0.0ms
[2020-04-17T15:13:41.965+0800][10074.975s] GC(72)   Evacuate Collection Set: 0.5ms
[2020-04-17T15:13:41.965+0800][10074.975s] GC(72)   Post Evacuate Collection Set: 0.3ms
[2020-04-17T15:13:41.965+0800][10074.975s] GC(72)   Other: 0.2ms
[2020-04-17T15:13:41.965+0800][10074.975s] GC(72) Eden regions: 127->0(127)
[2020-04-17T15:13:41.965+0800][10074.975s] GC(72) Survivor regions: 1->1(32)
[2020-04-17T15:13:41.965+0800][10074.975s] GC(72) Old regions: 323->323
[2020-04-17T15:13:41.965+0800][10074.975s] GC(72) Archive regions: 2->2
[2020-04-17T15:13:41.965+0800][10074.975s] GC(72) Humongous regions: 4->4
[2020-04-17T15:13:41.965+0800][10074.975s] GC(72) Metaspace: 42137K(43472K)->42137K(43472K) NonClass: 37234K(38140K)->37234K(38140K) Class: 4903K(5332K)->4903K(5332K)
[2020-04-17T15:13:41.965+0800][10074.975s] GC(72) Pause Young (Normal) (G1 Evacuation Pause) 454M->327M(512M) 1.237ms
[2020-04-17T15:13:41.965+0800][10074.975s] GC(72) User=0.00s Sys=0.00s Real=0.00s
[2020-04-17T15:13:42.046+0800][10075.056s] GC(73) Pause Young (Normal) (G1 Evacuation Pause)
[2020-04-17T15:13:42.046+0800][10075.056s] GC(73) Using 4 workers of 4 for evacuation
[2020-04-17T15:13:42.047+0800][10075.057s] GC(73)   Pre Evacuate Collection Set: 0.0ms
[2020-04-17T15:13:42.047+0800][10075.057s] GC(73)   Merge Heap Roots: 0.0ms
[2020-04-17T15:13:42.047+0800][10075.057s] GC(73)   Evacuate Collection Set: 0.4ms
[2020-04-17T15:13:42.047+0800][10075.057s] GC(73)   Post Evacuate Collection Set: 0.3ms
[2020-04-17T15:13:42.047+0800][10075.057s] GC(73)   Other: 0.2ms
[2020-04-17T15:13:42.047+0800][10075.057s] GC(73) Eden regions: 127->0(127)
[2020-04-17T15:13:42.047+0800][10075.057s] GC(73) Survivor regions: 1->1(32)
[2020-04-17T15:13:42.047+0800][10075.057s] GC(73) Old regions: 323->323
[2020-04-17T15:13:42.047+0800][10075.057s] GC(73) Archive regions: 2->2
[2020-04-17T15:13:42.047+0800][10075.057s] GC(73) Humongous regions: 4->4
[2020-04-17T15:13:42.047+0800][10075.057s] GC(73) Metaspace: 42137K(43472K)->42137K(43472K) NonClass: 37234K(38140K)->37234K(38140K) Class: 4903K(5332K)->4903K(5332K)
[2020-04-17T15:13:42.047+0800][10075.057s] GC(73) Pause Young (Normal) (G1 Evacuation Pause) 454M->327M(512M) 1.165ms
[2020-04-17T15:13:42.047+0800][10075.057s] GC(73) User=0.00s Sys=0.00s Real=0.00s
[2020-04-17T15:13:42.112+0800][10075.122s] GC(74) Pause Young (Normal) (G1 Evacuation Pause)
[2020-04-17T15:13:42.112+0800][10075.123s] GC(74) Using 4 workers of 4 for evacuation
[2020-04-17T15:13:42.113+0800][10075.123s] GC(74)   Pre Evacuate Collection Set: 0.0ms
[2020-04-17T15:13:42.113+0800][10075.123s] GC(74)   Merge Heap Roots: 0.0ms
[2020-04-17T15:13:42.113+0800][10075.123s] GC(74)   Evacuate Collection Set: 0.4ms
[2020-04-17T15:13:42.113+0800][10075.123s] GC(74)   Post Evacuate Collection Set: 0.3ms
[2020-04-17T15:13:42.113+0800][10075.123s] GC(74)   Other: 0.2ms
[2020-04-17T15:13:42.113+0800][10075.124s] GC(74) Eden regions: 127->0(127)
[2020-04-17T15:13:42.113+0800][10075.124s] GC(74) Survivor regions: 1->1(32)
[2020-04-17T15:13:42.113+0800][10075.124s] GC(74) Old regions: 323->323
[2020-04-17T15:13:42.113+0800][10075.124s] GC(74) Archive regions: 2->2
[2020-04-17T15:13:42.113+0800][10075.124s] GC(74) Humongous regions: 4->4
[2020-04-17T15:13:42.113+0800][10075.124s] GC(74) Metaspace: 42137K(43472K)->42137K(43472K) NonClass: 37234K(38140K)->37234K(38140K) Class: 4903K(5332K)->4903K(5332K)
[2020-04-17T15:13:42.113+0800][10075.124s] GC(74) Pause Young (Normal) (G1 Evacuation Pause) 454M->327M(512M) 1.124ms
[2020-04-17T15:13:42.113+0800][10075.124s] GC(74) User=0.00s Sys=0.00s Real=0.00s
[2020-04-17T15:13:42.142+0800][10075.152s] GC(66) Concurrent Rebuild Remembered Sets 289.977ms
[2020-04-17T15:13:42.142+0800][10075.152s] GC(66) Pause Cleanup
[2020-04-17T15:13:42.142+0800][10075.152s] GC(66) Pause Cleanup 376M->376M(512M) 0.284ms
[2020-04-17T15:13:42.142+0800][10075.152s] GC(66) User=0.00s Sys=0.00s Real=0.00s
[2020-04-17T15:13:42.142+0800][10075.153s] GC(66) Concurrent Cleanup for Next Mark
[2020-04-17T15:13:42.143+0800][10075.154s] GC(66) Concurrent Cleanup for Next Mark 1.089ms
[2020-04-17T15:13:42.143+0800][10075.154s] GC(66) Concurrent Cycle 916.565ms
[2020-04-17T15:13:42.162+0800][10075.172s] GC(75) Pause Young (Normal) (G1 Evacuation Pause)
[2020-04-17T15:13:42.162+0800][10075.172s] GC(75) Using 4 workers of 4 for evacuation
[2020-04-17T15:13:42.163+0800][10075.173s] GC(75)   Pre Evacuate Collection Set: 0.0ms
[2020-04-17T15:13:42.163+0800][10075.173s] GC(75)   Merge Heap Roots: 0.0ms
[2020-04-17T15:13:42.163+0800][10075.173s] GC(75)   Evacuate Collection Set: 0.4ms
[2020-04-17T15:13:42.163+0800][10075.173s] GC(75)   Post Evacuate Collection Set: 0.3ms
[2020-04-17T15:13:42.163+0800][10075.173s] GC(75)   Other: 0.1ms
[2020-04-17T15:13:42.163+0800][10075.173s] GC(75) Eden regions: 127->0(127)
[2020-04-17T15:13:42.163+0800][10075.173s] GC(75) Survivor regions: 1->1(32)
[2020-04-17T15:13:42.163+0800][10075.173s] GC(75) Old regions: 323->323
[2020-04-17T15:13:42.163+0800][10075.173s] GC(75) Archive regions: 2->2
[2020-04-17T15:13:42.163+0800][10075.173s] GC(75) Humongous regions: 4->4
[2020-04-17T15:13:42.163+0800][10075.173s] GC(75) Metaspace: 42137K(43472K)->42137K(43472K) NonClass: 37234K(38140K)->37234K(38140K) Class: 4903K(5332K)->4903K(5332K)
[2020-04-17T15:13:42.163+0800][10075.173s] GC(75) Pause Young (Normal) (G1 Evacuation Pause) 454M->327M(512M) 1.186ms
[2020-04-17T15:13:42.163+0800][10075.173s] GC(75) User=0.00s Sys=0.00s Real=0.00s
[2020-04-17T15:13:42.193+0800][10075.203s] GC(76) Pause Young (Concurrent Start) (G1 Evacuation Pause)
[2020-04-17T15:13:42.193+0800][10075.203s] GC(76) Using 4 workers of 4 for evacuation
[2020-04-17T15:13:42.194+0800][10075.204s] GC(76)   Pre Evacuate Collection Set: 0.1ms
[2020-04-17T15:13:42.194+0800][10075.204s] GC(76)   Merge Heap Roots: 0.0ms
[2020-04-17T15:13:42.194+0800][10075.204s] GC(76)   Evacuate Collection Set: 0.6ms
[2020-04-17T15:13:42.194+0800][10075.204s] GC(76)   Post Evacuate Collection Set: 0.4ms
[2020-04-17T15:13:42.194+0800][10075.204s] GC(76)   Other: 0.2ms
[2020-04-17T15:13:42.194+0800][10075.204s] GC(76) Eden regions: 127->0(128)
[2020-04-17T15:13:42.194+0800][10075.204s] GC(76) Survivor regions: 1->0(32)
[2020-04-17T15:13:42.194+0800][10075.204s] GC(76) Old regions: 323->323
[2020-04-17T15:13:42.194+0800][10075.204s] GC(76) Archive regions: 2->2
[2020-04-17T15:13:42.194+0800][10075.204s] GC(76) Humongous regions: 4->4
[2020-04-17T15:13:42.194+0800][10075.204s] GC(76) Metaspace: 42137K(43472K)->42137K(43472K) NonClass: 37234K(38140K)->37234K(38140K) Class: 4903K(5332K)->4903K(5332K)
[2020-04-17T15:13:42.194+0800][10075.204s] GC(76) Pause Young (Concurrent Start) (G1 Evacuation Pause) 454M->327M(512M) 1.532ms
[2020-04-17T15:13:42.194+0800][10075.204s] GC(76) User=0.01s Sys=0.00s Real=0.00s
[2020-04-17T15:13:42.194+0800][10075.204s] GC(77) Concurrent Cycle
[2020-04-17T15:13:42.194+0800][10075.204s] GC(77) Concurrent Clear Claimed Marks
[2020-04-17T15:13:42.194+0800][10075.205s] GC(77) Concurrent Clear Claimed Marks 0.056ms
[2020-04-17T15:13:42.194+0800][10075.205s] GC(77) Concurrent Scan Root Regions
[2020-04-17T15:13:42.195+0800][10075.205s] GC(77) Concurrent Scan Root Regions 0.532ms
[2020-04-17T15:13:42.195+0800][10075.205s] GC(77) Concurrent Mark (10075.205s)
[2020-04-17T15:13:42.195+0800][10075.205s] GC(77) Concurrent Mark From Roots
[2020-04-17T15:13:42.195+0800][10075.205s] GC(77) Using 4 workers of 4 for marking
[2020-04-17T15:13:42.314+0800][10075.324s] GC(78) Pause Young (Normal) (G1 Evacuation Pause)
[2020-04-17T15:13:42.314+0800][10075.324s] GC(78) Using 4 workers of 4 for evacuation
[2020-04-17T15:13:42.315+0800][10075.325s] GC(78)   Pre Evacuate Collection Set: 0.1ms
[2020-04-17T15:13:42.315+0800][10075.325s] GC(78)   Merge Heap Roots: 0.0ms
[2020-04-17T15:13:42.315+0800][10075.325s] GC(78)   Evacuate Collection Set: 0.6ms
[2020-04-17T15:13:42.315+0800][10075.325s] GC(78)   Post Evacuate Collection Set: 0.4ms
[2020-04-17T15:13:42.315+0800][10075.326s] GC(78)   Other: 0.2ms
[2020-04-17T15:13:42.315+0800][10075.326s] GC(78) Eden regions: 128->0(128)
[2020-04-17T15:13:42.315+0800][10075.326s] GC(78) Survivor regions: 0->0(32)
[2020-04-17T15:13:42.315+0800][10075.326s] GC(78) Old regions: 323->323
[2020-04-17T15:13:42.315+0800][10075.326s] GC(78) Archive regions: 2->2
[2020-04-17T15:13:42.315+0800][10075.326s] GC(78) Humongous regions: 4->4
[2020-04-17T15:13:42.315+0800][10075.326s] GC(78) Metaspace: 42137K(43472K)->42137K(43472K) NonClass: 37234K(38140K)->37234K(38140K) Class: 4903K(5332K)->4903K(5332K)
[2020-04-17T15:13:42.315+0800][10075.326s] GC(78) Pause Young (Normal) (G1 Evacuation Pause) 455M->327M(512M) 1.541ms
[2020-04-17T15:13:42.315+0800][10075.326s] GC(78) User=0.00s Sys=0.00s Real=0.00s
[2020-04-17T15:13:42.400+0800][10075.410s] GC(79) Pause Young (Normal) (G1 Evacuation Pause)
[2020-04-17T15:13:42.400+0800][10075.410s] GC(79) Using 4 workers of 4 for evacuation
[2020-04-17T15:13:42.401+0800][10075.411s] GC(79)   Pre Evacuate Collection Set: 0.1ms
[2020-04-17T15:13:42.401+0800][10075.411s] GC(79)   Merge Heap Roots: 0.0ms
[2020-04-17T15:13:42.401+0800][10075.411s] GC(79)   Evacuate Collection Set: 0.4ms
[2020-04-17T15:13:42.401+0800][10075.411s] GC(79)   Post Evacuate Collection Set: 0.3ms
[2020-04-17T15:13:42.401+0800][10075.411s] GC(79)   Other: 0.2ms
[2020-04-17T15:13:42.401+0800][10075.411s] GC(79) Eden regions: 128->0(128)
[2020-04-17T15:13:42.401+0800][10075.411s] GC(79) Survivor regions: 0->0(32)
[2020-04-17T15:13:42.401+0800][10075.411s] GC(79) Old regions: 323->323
[2020-04-17T15:13:42.401+0800][10075.411s] GC(79) Archive regions: 2->2
[2020-04-17T15:13:42.401+0800][10075.411s] GC(79) Humongous regions: 4->4
[2020-04-17T15:13:42.401+0800][10075.411s] GC(79) Metaspace: 42137K(43472K)->42137K(43472K) NonClass: 37234K(38140K)->37234K(38140K) Class: 4903K(5332K)->4903K(5332K)
[2020-04-17T15:13:42.401+0800][10075.411s] GC(79) Pause Young (Normal) (G1 Evacuation Pause) 455M->327M(512M) 1.100ms
[2020-04-17T15:13:42.401+0800][10075.411s] GC(79) User=0.00s Sys=0.00s Real=0.00s
[2020-04-17T15:13:42.482+0800][10075.492s] GC(80) Pause Young (Normal) (G1 Evacuation Pause)
[2020-04-17T15:13:42.482+0800][10075.492s] GC(80) Using 4 workers of 4 for evacuation
[2020-04-17T15:13:42.483+0800][10075.493s] GC(80)   Pre Evacuate Collection Set: 0.1ms
[2020-04-17T15:13:42.483+0800][10075.493s] GC(80)   Merge Heap Roots: 0.0ms
[2020-04-17T15:13:42.483+0800][10075.493s] GC(80)   Evacuate Collection Set: 0.3ms
[2020-04-17T15:13:42.483+0800][10075.493s] GC(80)   Post Evacuate Collection Set: 0.4ms
[2020-04-17T15:13:42.483+0800][10075.493s] GC(80)   Other: 0.2ms
[2020-04-17T15:13:42.483+0800][10075.493s] GC(80) Eden regions: 128->0(128)
[2020-04-17T15:13:42.483+0800][10075.493s] GC(80) Survivor regions: 0->0(32)
[2020-04-17T15:13:42.483+0800][10075.493s] GC(80) Old regions: 323->323
[2020-04-17T15:13:42.483+0800][10075.493s] GC(80) Archive regions: 2->2
[2020-04-17T15:13:42.483+0800][10075.493s] GC(80) Humongous regions: 4->4
[2020-04-17T15:13:42.483+0800][10075.493s] GC(80) Metaspace: 42137K(43472K)->42137K(43472K) NonClass: 37234K(38140K)->37234K(38140K) Class: 4903K(5332K)->4903K(5332K)
[2020-04-17T15:13:42.483+0800][10075.493s] GC(80) Pause Young (Normal) (G1 Evacuation Pause) 455M->327M(512M) 1.156ms
[2020-04-17T15:13:42.483+0800][10075.493s] GC(80) User=0.00s Sys=0.00s Real=0.00s
[2020-04-17T15:13:42.559+0800][10075.569s] GC(81) Pause Young (Normal) (G1 Evacuation Pause)
[2020-04-17T15:13:42.559+0800][10075.569s] GC(81) Using 4 workers of 4 for evacuation
[2020-04-17T15:13:42.559+0800][10075.570s] GC(81)   Pre Evacuate Collection Set: 0.1ms
[2020-04-17T15:13:42.560+0800][10075.570s] GC(81)   Merge Heap Roots: 0.0ms
[2020-04-17T15:13:42.560+0800][10075.570s] GC(81)   Evacuate Collection Set: 0.4ms
[2020-04-17T15:13:42.560+0800][10075.570s] GC(81)   Post Evacuate Collection Set: 0.3ms
[2020-04-17T15:13:42.560+0800][10075.570s] GC(81)   Other: 0.2ms
[2020-04-17T15:13:42.560+0800][10075.570s] GC(81) Eden regions: 128->0(128)
[2020-04-17T15:13:42.560+0800][10075.570s] GC(81) Survivor regions: 0->0(32)
[2020-04-17T15:13:42.560+0800][10075.570s] GC(81) Old regions: 323->323
[2020-04-17T15:13:42.560+0800][10075.570s] GC(81) Archive regions: 2->2
[2020-04-17T15:13:42.560+0800][10075.570s] GC(81) Humongous regions: 4->4
[2020-04-17T15:13:42.560+0800][10075.570s] GC(81) Metaspace: 42137K(43472K)->42137K(43472K) NonClass: 37234K(38140K)->37234K(38140K) Class: 4903K(5332K)->4903K(5332K)
[2020-04-17T15:13:42.560+0800][10075.570s] GC(81) Pause Young (Normal) (G1 Evacuation Pause) 455M->327M(512M) 1.090ms
[2020-04-17T15:13:42.560+0800][10075.570s] GC(81) User=0.00s Sys=0.00s Real=0.01s
[2020-04-17T15:13:42.618+0800][10075.628s] GC(82) Pause Young (Normal) (G1 Evacuation Pause)
[2020-04-17T15:13:42.618+0800][10075.628s] GC(82) Using 4 workers of 4 for evacuation
[2020-04-17T15:13:42.619+0800][10075.629s] GC(82)   Pre Evacuate Collection Set: 0.1ms
[2020-04-17T15:13:42.619+0800][10075.629s] GC(82)   Merge Heap Roots: 0.0ms
[2020-04-17T15:13:42.619+0800][10075.629s] GC(82)   Evacuate Collection Set: 0.3ms
[2020-04-17T15:13:42.619+0800][10075.629s] GC(82)   Post Evacuate Collection Set: 0.3ms
[2020-04-17T15:13:42.619+0800][10075.629s] GC(82)   Other: 0.1ms
[2020-04-17T15:13:42.619+0800][10075.629s] GC(82) Eden regions: 128->0(128)
[2020-04-17T15:13:42.619+0800][10075.629s] GC(82) Survivor regions: 0->0(32)
[2020-04-17T15:13:42.619+0800][10075.629s] GC(82) Old regions: 323->323
[2020-04-17T15:13:42.619+0800][10075.629s] GC(82) Archive regions: 2->2
[2020-04-17T15:13:42.619+0800][10075.629s] GC(82) Humongous regions: 4->4
[2020-04-17T15:13:42.619+0800][10075.629s] GC(82) Metaspace: 42137K(43472K)->42137K(43472K) NonClass: 37234K(38140K)->37234K(38140K) Class: 4903K(5332K)->4903K(5332K)
[2020-04-17T15:13:42.619+0800][10075.629s] GC(82) Pause Young (Normal) (G1 Evacuation Pause) 455M->327M(512M) 0.969ms
[2020-04-17T15:13:42.619+0800][10075.629s] GC(82) User=0.00s Sys=0.00s Real=0.00s
[2020-04-17T15:13:42.621+0800][10075.632s] GC(77) Concurrent Mark From Roots 426.538ms
[2020-04-17T15:13:42.621+0800][10075.632s] GC(77) Concurrent Preclean
[2020-04-17T15:13:42.622+0800][10075.632s] GC(77) Concurrent Preclean 0.146ms
[2020-04-17T15:13:42.622+0800][10075.632s] GC(77) Concurrent Mark (10075.205s, 10075.632s) 426.730ms
[2020-04-17T15:13:42.622+0800][10075.632s] GC(77) Pause Remark
[2020-04-17T15:13:42.626+0800][10075.636s] GC(77) Pause Remark 328M->328M(512M) 4.083ms
[2020-04-17T15:13:42.626+0800][10075.636s] GC(77) User=0.02s Sys=0.00s Real=0.00s
[2020-04-17T15:13:42.626+0800][10075.636s] GC(77) Concurrent Rebuild Remembered Sets
[2020-04-17T15:13:42.705+0800][10075.715s] GC(83) Pause Young (Normal) (G1 Evacuation Pause)
[2020-04-17T15:13:42.705+0800][10075.715s] GC(83) Using 4 workers of 4 for evacuation
[2020-04-17T15:13:42.706+0800][10075.716s] GC(83)   Pre Evacuate Collection Set: 0.0ms
[2020-04-17T15:13:42.706+0800][10075.716s] GC(83)   Merge Heap Roots: 0.0ms
[2020-04-17T15:13:42.706+0800][10075.716s] GC(83)   Evacuate Collection Set: 0.4ms
[2020-04-17T15:13:42.706+0800][10075.717s] GC(83)   Post Evacuate Collection Set: 0.4ms
[2020-04-17T15:13:42.706+0800][10075.717s] GC(83)   Other: 0.1ms
[2020-04-17T15:13:42.706+0800][10075.717s] GC(83) Eden regions: 128->0(128)
[2020-04-17T15:13:42.706+0800][10075.717s] GC(83) Survivor regions: 0->0(32)
[2020-04-17T15:13:42.706+0800][10075.717s] GC(83) Old regions: 323->323
[2020-04-17T15:13:42.706+0800][10075.717s] GC(83) Archive regions: 2->2
[2020-04-17T15:13:42.706+0800][10075.717s] GC(83) Humongous regions: 4->4
[2020-04-17T15:13:42.706+0800][10075.717s] GC(83) Metaspace: 42137K(43472K)->42137K(43472K) NonClass: 37234K(38140K)->37234K(38140K) Class: 4903K(5332K)->4903K(5332K)
[2020-04-17T15:13:42.706+0800][10075.717s] GC(83) Pause Young (Normal) (G1 Evacuation Pause) 455M->327M(512M) 1.333ms
[2020-04-17T15:13:42.706+0800][10075.717s] GC(83) User=0.00s Sys=0.00s Real=0.00s
[2020-04-17T15:13:42.772+0800][10075.783s] GC(84) Pause Young (Normal) (G1 Evacuation Pause)
[2020-04-17T15:13:42.772+0800][10075.783s] GC(84) Using 4 workers of 4 for evacuation
[2020-04-17T15:13:42.774+0800][10075.784s] GC(84)   Pre Evacuate Collection Set: 0.4ms
[2020-04-17T15:13:42.774+0800][10075.784s] GC(84)   Merge Heap Roots: 0.0ms
[2020-04-17T15:13:42.774+0800][10075.784s] GC(84)   Evacuate Collection Set: 0.4ms
[2020-04-17T15:13:42.774+0800][10075.784s] GC(84)   Post Evacuate Collection Set: 0.3ms
[2020-04-17T15:13:42.774+0800][10075.784s] GC(84)   Other: 0.2ms
[2020-04-17T15:13:42.774+0800][10075.784s] GC(84) Eden regions: 128->0(128)
[2020-04-17T15:13:42.774+0800][10075.784s] GC(84) Survivor regions: 0->0(32)
[2020-04-17T15:13:42.774+0800][10075.784s] GC(84) Old regions: 323->323
[2020-04-17T15:13:42.774+0800][10075.784s] GC(84) Archive regions: 2->2
[2020-04-17T15:13:42.774+0800][10075.784s] GC(84) Humongous regions: 4->4
[2020-04-17T15:13:42.774+0800][10075.784s] GC(84) Metaspace: 42137K(43472K)->42137K(43472K) NonClass: 37234K(38140K)->37234K(38140K) Class: 4903K(5332K)->4903K(5332K)
[2020-04-17T15:13:42.774+0800][10075.784s] GC(84) Pause Young (Normal) (G1 Evacuation Pause) 455M->327M(512M) 1.465ms
[2020-04-17T15:13:42.774+0800][10075.784s] GC(84) User=0.00s Sys=0.00s Real=0.00s
[2020-04-17T15:13:42.840+0800][10075.850s] GC(85) Pause Young (Normal) (G1 Evacuation Pause)
[2020-04-17T15:13:42.840+0800][10075.850s] GC(85) Using 4 workers of 4 for evacuation
[2020-04-17T15:13:42.841+0800][10075.851s] GC(85)   Pre Evacuate Collection Set: 0.1ms
[2020-04-17T15:13:42.841+0800][10075.851s] GC(85)   Merge Heap Roots: 0.0ms
[2020-04-17T15:13:42.841+0800][10075.851s] GC(85)   Evacuate Collection Set: 0.4ms
[2020-04-17T15:13:42.841+0800][10075.851s] GC(85)   Post Evacuate Collection Set: 0.3ms
[2020-04-17T15:13:42.841+0800][10075.851s] GC(85)   Other: 0.2ms
[2020-04-17T15:13:42.841+0800][10075.851s] GC(85) Eden regions: 128->0(128)
[2020-04-17T15:13:42.841+0800][10075.851s] GC(85) Survivor regions: 0->0(32)
[2020-04-17T15:13:42.841+0800][10075.851s] GC(85) Old regions: 323->323
[2020-04-17T15:13:42.841+0800][10075.851s] GC(85) Archive regions: 2->2
[2020-04-17T15:13:42.841+0800][10075.851s] GC(85) Humongous regions: 4->4
[2020-04-17T15:13:42.841+0800][10075.851s] GC(85) Metaspace: 42137K(43472K)->42137K(43472K) NonClass: 37234K(38140K)->37234K(38140K) Class: 4903K(5332K)->4903K(5332K)
[2020-04-17T15:13:42.841+0800][10075.851s] GC(85) Pause Young (Normal) (G1 Evacuation Pause) 455M->327M(512M) 1.148ms
[2020-04-17T15:13:42.841+0800][10075.851s] GC(85) User=0.00s Sys=0.00s Real=0.00s
[2020-04-17T15:13:42.909+0800][10075.919s] GC(77) Concurrent Rebuild Remembered Sets 282.633ms
[2020-04-17T15:13:42.909+0800][10075.919s] GC(77) Pause Cleanup
[2020-04-17T15:13:42.909+0800][10075.920s] GC(77) Pause Cleanup 409M->409M(512M) 0.463ms
[2020-04-17T15:13:42.910+0800][10075.920s] GC(77) User=0.00s Sys=0.00s Real=0.01s
[2020-04-17T15:13:42.910+0800][10075.920s] GC(77) Concurrent Cleanup for Next Mark
[2020-04-17T15:13:42.910+0800][10075.921s] GC(77) Concurrent Cleanup for Next Mark 0.720ms
[2020-04-17T15:13:42.910+0800][10075.921s] GC(77) Concurrent Cycle 716.100ms
[2020-04-17T15:13:42.924+0800][10075.934s] GC(86) Pause Young (Normal) (G1 Evacuation Pause)
[2020-04-17T15:13:42.924+0800][10075.935s] GC(86) Using 4 workers of 4 for evacuation
[2020-04-17T15:13:42.925+0800][10075.935s] GC(86)   Pre Evacuate Collection Set: 0.1ms
[2020-04-17T15:13:42.925+0800][10075.936s] GC(86)   Merge Heap Roots: 0.0ms
[2020-04-17T15:13:42.925+0800][10075.936s] GC(86)   Evacuate Collection Set: 0.4ms
[2020-04-17T15:13:42.925+0800][10075.936s] GC(86)   Post Evacuate Collection Set: 0.3ms
[2020-04-17T15:13:42.925+0800][10075.936s] GC(86)   Other: 0.2ms
[2020-04-17T15:13:42.925+0800][10075.936s] GC(86) Eden regions: 128->0(128)
[2020-04-17T15:13:42.925+0800][10075.936s] GC(86) Survivor regions: 0->0(32)
[2020-04-17T15:13:42.925+0800][10075.936s] GC(86) Old regions: 323->323
[2020-04-17T15:13:42.925+0800][10075.936s] GC(86) Archive regions: 2->2
[2020-04-17T15:13:42.925+0800][10075.936s] GC(86) Humongous regions: 4->4
[2020-04-17T15:13:42.925+0800][10075.936s] GC(86) Metaspace: 42137K(43472K)->42137K(43472K) NonClass: 37234K(38140K)->37234K(38140K) Class: 4903K(5332K)->4903K(5332K)
[2020-04-17T15:13:42.926+0800][10075.936s] GC(86) Pause Young (Normal) (G1 Evacuation Pause) 455M->327M(512M) 1.278ms
[2020-04-17T15:13:42.926+0800][10075.936s] GC(86) User=0.00s Sys=0.00s Real=0.00s
[2020-04-17T15:13:42.964+0800][10075.975s] GC(87) Pause Young (Concurrent Start) (G1 Evacuation Pause)
[2020-04-17T15:13:42.965+0800][10075.975s] GC(87) Using 4 workers of 4 for evacuation
[2020-04-17T15:13:42.966+0800][10075.977s] GC(87)   Pre Evacuate Collection Set: 0.2ms
[2020-04-17T15:13:42.967+0800][10075.977s] GC(87)   Merge Heap Roots: 0.1ms
[2020-04-17T15:13:42.967+0800][10075.977s] GC(87)   Evacuate Collection Set: 1.1ms
[2020-04-17T15:13:42.967+0800][10075.977s] GC(87)   Post Evacuate Collection Set: 0.4ms
[2020-04-17T15:13:42.967+0800][10075.977s] GC(87)   Other: 0.3ms
[2020-04-17T15:13:42.967+0800][10075.977s] GC(87) Eden regions: 128->0(128)
[2020-04-17T15:13:42.967+0800][10075.977s] GC(87) Survivor regions: 0->0(32)
[2020-04-17T15:13:42.967+0800][10075.977s] GC(87) Old regions: 323->323
[2020-04-17T15:13:42.967+0800][10075.977s] GC(87) Archive regions: 2->2
[2020-04-17T15:13:42.967+0800][10075.977s] GC(87) Humongous regions: 4->4
[2020-04-17T15:13:42.967+0800][10075.977s] GC(87) Metaspace: 42137K(43472K)->42137K(43472K) NonClass: 37234K(38140K)->37234K(38140K) Class: 4903K(5332K)->4903K(5332K)
[2020-04-17T15:13:42.967+0800][10075.977s] GC(87) Pause Young (Concurrent Start) (G1 Evacuation Pause) 455M->327M(512M) 2.309ms
[2020-04-17T15:13:42.967+0800][10075.977s] GC(87) User=0.00s Sys=0.00s Real=0.00s
[2020-04-17T15:13:42.967+0800][10075.977s] GC(88) Concurrent Cycle
[2020-04-17T15:13:42.967+0800][10075.977s] GC(88) Concurrent Clear Claimed Marks
[2020-04-17T15:13:42.967+0800][10075.977s] GC(88) Concurrent Clear Claimed Marks 0.086ms
[2020-04-17T15:13:42.967+0800][10075.977s] GC(88) Concurrent Scan Root Regions
[2020-04-17T15:13:42.967+0800][10075.977s] GC(88) Concurrent Scan Root Regions 0.019ms
[2020-04-17T15:13:42.967+0800][10075.977s] GC(88) Concurrent Mark (10075.977s)
[2020-04-17T15:13:42.967+0800][10075.977s] GC(88) Concurrent Mark From Roots
[2020-04-17T15:13:42.967+0800][10075.977s] GC(88) Using 4 workers of 4 for marking
[2020-04-17T15:13:43.113+0800][10076.123s] GC(89) Pause Young (Normal) (G1 Evacuation Pause)
[2020-04-17T15:13:43.113+0800][10076.124s] GC(89) Using 4 workers of 4 for evacuation
[2020-04-17T15:13:43.115+0800][10076.125s] GC(89)   Pre Evacuate Collection Set: 0.1ms
[2020-04-17T15:13:43.115+0800][10076.125s] GC(89)   Merge Heap Roots: 0.0ms
[2020-04-17T15:13:43.115+0800][10076.125s] GC(89)   Evacuate Collection Set: 0.8ms
[2020-04-17T15:13:43.115+0800][10076.126s] GC(89)   Post Evacuate Collection Set: 0.8ms
[2020-04-17T15:13:43.115+0800][10076.126s] GC(89)   Other: 0.2ms
[2020-04-17T15:13:43.115+0800][10076.126s] GC(89) Eden regions: 128->0(128)
[2020-04-17T15:13:43.115+0800][10076.126s] GC(89) Survivor regions: 0->0(32)
[2020-04-17T15:13:43.115+0800][10076.126s] GC(89) Old regions: 323->323
[2020-04-17T15:13:43.115+0800][10076.126s] GC(89) Archive regions: 2->2
[2020-04-17T15:13:43.115+0800][10076.126s] GC(89) Humongous regions: 4->4
[2020-04-17T15:13:43.115+0800][10076.126s] GC(89) Metaspace: 42137K(43472K)->42137K(43472K) NonClass: 37234K(38140K)->37234K(38140K) Class: 4903K(5332K)->4903K(5332K)
[2020-04-17T15:13:43.115+0800][10076.126s] GC(89) Pause Young (Normal) (G1 Evacuation Pause) 455M->327M(512M) 2.226ms
[2020-04-17T15:13:43.115+0800][10076.126s] GC(89) User=0.00s Sys=0.00s Real=0.00s
[2020-04-17T15:13:43.208+0800][10076.218s] GC(90) Pause Young (Normal) (G1 Evacuation Pause)
[2020-04-17T15:13:43.208+0800][10076.218s] GC(90) Using 4 workers of 4 for evacuation
[2020-04-17T15:13:43.208+0800][10076.219s] GC(90)   Pre Evacuate Collection Set: 0.0ms
[2020-04-17T15:13:43.208+0800][10076.219s] GC(90)   Merge Heap Roots: 0.0ms
[2020-04-17T15:13:43.208+0800][10076.219s] GC(90)   Evacuate Collection Set: 0.4ms
[2020-04-17T15:13:43.209+0800][10076.219s] GC(90)   Post Evacuate Collection Set: 0.3ms
[2020-04-17T15:13:43.209+0800][10076.219s] GC(90)   Other: 0.2ms
[2020-04-17T15:13:43.209+0800][10076.219s] GC(90) Eden regions: 128->0(128)
[2020-04-17T15:13:43.209+0800][10076.219s] GC(90) Survivor regions: 0->0(32)
[2020-04-17T15:13:43.209+0800][10076.219s] GC(90) Old regions: 323->323
[2020-04-17T15:13:43.209+0800][10076.219s] GC(90) Archive regions: 2->2
[2020-04-17T15:13:43.209+0800][10076.219s] GC(90) Humongous regions: 4->4
[2020-04-17T15:13:43.209+0800][10076.219s] GC(90) Metaspace: 42137K(43472K)->42137K(43472K) NonClass: 37234K(38140K)->37234K(38140K) Class: 4903K(5332K)->4903K(5332K)
[2020-04-17T15:13:43.209+0800][10076.219s] GC(90) Pause Young (Normal) (G1 Evacuation Pause) 455M->327M(512M) 1.088ms
[2020-04-17T15:13:43.209+0800][10076.219s] GC(90) User=0.00s Sys=0.00s Real=0.00s
[2020-04-17T15:13:43.278+0800][10076.288s] GC(91) Pause Young (Normal) (G1 Evacuation Pause)
[2020-04-17T15:13:43.278+0800][10076.288s] GC(91) Using 4 workers of 4 for evacuation
[2020-04-17T15:13:43.279+0800][10076.289s] GC(91)   Pre Evacuate Collection Set: 0.1ms
[2020-04-17T15:13:43.279+0800][10076.289s] GC(91)   Merge Heap Roots: 0.1ms
[2020-04-17T15:13:43.279+0800][10076.289s] GC(91)   Evacuate Collection Set: 0.4ms
[2020-04-17T15:13:43.279+0800][10076.289s] GC(91)   Post Evacuate Collection Set: 0.3ms
[2020-04-17T15:13:43.279+0800][10076.289s] GC(91)   Other: 0.1ms
[2020-04-17T15:13:43.279+0800][10076.289s] GC(91) Eden regions: 128->0(128)
[2020-04-17T15:13:43.279+0800][10076.289s] GC(91) Survivor regions: 0->0(32)
[2020-04-17T15:13:43.279+0800][10076.289s] GC(91) Old regions: 323->323
[2020-04-17T15:13:43.279+0800][10076.289s] GC(91) Archive regions: 2->2
[2020-04-17T15:13:43.279+0800][10076.289s] GC(91) Humongous regions: 4->4
[2020-04-17T15:13:43.279+0800][10076.290s] GC(91) Metaspace: 42137K(43472K)->42137K(43472K) NonClass: 37234K(38140K)->37234K(38140K) Class: 4903K(5332K)->4903K(5332K)
[2020-04-17T15:13:43.279+0800][10076.290s] GC(91) Pause Young (Normal) (G1 Evacuation Pause) 455M->327M(512M) 1.201ms
[2020-04-17T15:13:43.279+0800][10076.290s] GC(91) User=0.00s Sys=0.00s Real=0.00s
[2020-04-17T15:13:43.514+0800][10076.524s] GC(88) Concurrent Mark From Roots 546.860ms
[2020-04-17T15:13:43.514+0800][10076.524s] GC(88) Concurrent Preclean
[2020-04-17T15:13:43.514+0800][10076.524s] GC(88) Concurrent Preclean 0.189ms
[2020-04-17T15:13:43.514+0800][10076.524s] GC(88) Concurrent Mark (10075.977s, 10076.524s) 547.141ms
[2020-04-17T15:13:43.514+0800][10076.525s] GC(88) Pause Remark
[2020-04-17T15:13:43.519+0800][10076.529s] GC(88) Pause Remark 431M->431M(512M) 4.136ms
[2020-04-17T15:13:43.519+0800][10076.529s] GC(88) User=0.02s Sys=0.00s Real=0.00s
[2020-04-17T15:13:43.519+0800][10076.529s] GC(88) Concurrent Rebuild Remembered Sets
[2020-04-17T15:13:43.849+0800][10076.859s] GC(88) Concurrent Rebuild Remembered Sets 330.300ms
[2020-04-17T15:13:43.849+0800][10076.859s] GC(88) Pause Cleanup
[2020-04-17T15:13:43.849+0800][10076.860s] GC(88) Pause Cleanup 437M->437M(512M) 0.296ms
[2020-04-17T15:13:43.849+0800][10076.860s] GC(88) User=0.00s Sys=0.00s Real=0.00s
[2020-04-17T15:13:43.850+0800][10076.860s] GC(88) Concurrent Cleanup for Next Mark
[2020-04-17T15:13:43.850+0800][10076.861s] GC(88) Concurrent Cleanup for Next Mark 0.868ms
[2020-04-17T15:13:43.850+0800][10076.861s] GC(88) Concurrent Cycle 883.592ms
[2020-04-17T15:13:44.885+0800][10077.896s] GC(92) Pause Young (Normal) (G1 Evacuation Pause)
[2020-04-17T15:13:44.885+0800][10077.896s] GC(92) Using 4 workers of 4 for evacuation
[2020-04-17T15:13:44.887+0800][10077.897s] GC(92)   Pre Evacuate Collection Set: 0.0ms
[2020-04-17T15:13:44.887+0800][10077.897s] GC(92)   Merge Heap Roots: 0.0ms
[2020-04-17T15:13:44.887+0800][10077.897s] GC(92)   Evacuate Collection Set: 1.3ms
[2020-04-17T15:13:44.887+0800][10077.897s] GC(92)   Post Evacuate Collection Set: 0.3ms
[2020-04-17T15:13:44.887+0800][10077.897s] GC(92)   Other: 0.1ms
[2020-04-17T15:13:44.887+0800][10077.897s] GC(92) Eden regions: 128->0(126)
[2020-04-17T15:13:44.887+0800][10077.897s] GC(92) Survivor regions: 0->2(32)
[2020-04-17T15:13:44.887+0800][10077.897s] GC(92) Old regions: 323->323
[2020-04-17T15:13:44.887+0800][10077.897s] GC(92) Archive regions: 2->2
[2020-04-17T15:13:44.887+0800][10077.897s] GC(92) Humongous regions: 4->4
[2020-04-17T15:13:44.887+0800][10077.897s] GC(92) Metaspace: 42198K(43472K)->42198K(43472K) NonClass: 37291K(38140K)->37291K(38140K) Class: 4906K(5332K)->4906K(5332K)
[2020-04-17T15:13:44.887+0800][10077.898s] GC(92) Pause Young (Normal) (G1 Evacuation Pause) 455M->328M(512M) 1.972ms
[2020-04-17T15:13:44.887+0800][10077.898s] GC(92) User=0.01s Sys=0.00s Real=0.00s
[2020-04-17T15:13:46.636+0800][10079.646s] GC(93) Pause Young (Concurrent Start) (G1 Evacuation Pause)
[2020-04-17T15:13:46.636+0800][10079.646s] GC(93) Using 4 workers of 4 for evacuation
[2020-04-17T15:13:46.721+0800][10079.731s] GC(93)   Pre Evacuate Collection Set: 0.1ms
[2020-04-17T15:13:46.721+0800][10079.731s] GC(93)   Merge Heap Roots: 0.0ms
[2020-04-17T15:13:46.721+0800][10079.731s] GC(93)   Evacuate Collection Set: 84.2ms
[2020-04-17T15:13:46.721+0800][10079.731s] GC(93)   Post Evacuate Collection Set: 0.8ms
[2020-04-17T15:13:46.721+0800][10079.731s] GC(93)   Other: 0.2ms
[2020-04-17T15:13:46.721+0800][10079.731s] GC(93) Eden regions: 126->0(96)
[2020-04-17T15:13:46.721+0800][10079.731s] GC(93) Survivor regions: 2->32(32)
[2020-04-17T15:13:46.721+0800][10079.731s] GC(93) Old regions: 323->339
[2020-04-17T15:13:46.721+0800][10079.731s] GC(93) Archive regions: 2->2
[2020-04-17T15:13:46.721+0800][10079.731s] GC(93) Humongous regions: 4->4
[2020-04-17T15:13:46.721+0800][10079.731s] GC(93) Metaspace: 42370K(43728K)->42370K(43728K) NonClass: 37448K(38396K)->37448K(38396K) Class: 4921K(5332K)->4921K(5332K)
[2020-04-17T15:13:46.721+0800][10079.731s] GC(93) Pause Young (Concurrent Start) (G1 Evacuation Pause) 454M->375M(512M) 85.625ms
[2020-04-17T15:13:46.721+0800][10079.731s] GC(93) User=0.21s Sys=0.04s Real=0.09s
[2020-04-17T15:13:46.721+0800][10079.731s] GC(94) Concurrent Cycle
[2020-04-17T15:13:46.721+0800][10079.731s] GC(94) Concurrent Clear Claimed Marks
[2020-04-17T15:13:46.721+0800][10079.732s] GC(94) Concurrent Clear Claimed Marks 0.062ms
[2020-04-17T15:13:46.721+0800][10079.732s] GC(94) Concurrent Scan Root Regions
[2020-04-17T15:13:46.748+0800][10079.758s] GC(94) Concurrent Scan Root Regions 26.738ms
[2020-04-17T15:13:46.748+0800][10079.758s] GC(94) Concurrent Mark (10079.758s)
[2020-04-17T15:13:46.748+0800][10079.758s] GC(94) Concurrent Mark From Roots
[2020-04-17T15:13:46.748+0800][10079.758s] GC(94) Using 4 workers of 4 for marking
[2020-04-17T15:13:47.268+0800][10080.278s] GC(94) Concurrent Mark From Roots 519.519ms
[2020-04-17T15:13:47.268+0800][10080.278s] GC(94) Concurrent Preclean
[2020-04-17T15:13:47.268+0800][10080.278s] GC(94) Concurrent Preclean 0.227ms
[2020-04-17T15:13:47.268+0800][10080.278s] GC(94) Concurrent Mark (10079.758s, 10080.278s) 519.915ms
[2020-04-17T15:13:47.268+0800][10080.278s] GC(94) Pause Remark
[2020-04-17T15:13:47.275+0800][10080.285s] GC(94) Pause Remark 456M->456M(512M) 6.762ms
[2020-04-17T15:13:47.275+0800][10080.285s] GC(94) User=0.01s Sys=0.00s Real=0.01s
[2020-04-17T15:13:47.275+0800][10080.285s] GC(94) Concurrent Rebuild Remembered Sets
[2020-04-17T15:13:47.472+0800][10080.483s] GC(95) Pause Young (Normal) (G1 Evacuation Pause)
[2020-04-17T15:13:47.473+0800][10080.483s] GC(95) Using 4 workers of 4 for evacuation
[2020-04-17T15:13:47.897+0800][10080.907s] GC(95) MMU target violated: 201.0ms (200.0ms/201.0ms)
[2020-04-17T15:13:47.897+0800][10080.907s] GC(95) To-space exhausted
[2020-04-17T15:13:47.897+0800][10080.907s] GC(95)   Pre Evacuate Collection Set: 0.1ms
[2020-04-17T15:13:47.897+0800][10080.907s] GC(95)   Merge Heap Roots: 0.1ms
[2020-04-17T15:13:47.897+0800][10080.908s] GC(95)   Evacuate Collection Set: 260.4ms
[2020-04-17T15:13:47.897+0800][10080.908s] GC(95)   Post Evacuate Collection Set: 164.2ms
[2020-04-17T15:13:47.897+0800][10080.908s] GC(95)   Other: 0.3ms
[2020-04-17T15:13:47.897+0800][10080.908s] GC(95) Eden regions: 96->0(115)
[2020-04-17T15:13:47.897+0800][10080.908s] GC(95) Survivor regions: 32->13(32)
[2020-04-17T15:13:47.898+0800][10080.908s] GC(95) Old regions: 339->466
[2020-04-17T15:13:47.898+0800][10080.908s] GC(95) Archive regions: 2->2
[2020-04-17T15:13:47.898+0800][10080.908s] GC(95) Humongous regions: 4->4
[2020-04-17T15:13:47.898+0800][10080.908s] GC(95) Metaspace: 42370K(43728K)->42370K(43728K) NonClass: 37448K(38396K)->37448K(38396K) Class: 4921K(5332K)->4921K(5332K)
[2020-04-17T15:13:47.898+0800][10080.908s] GC(95) Pause Young (Normal) (G1 Evacuation Pause) 471M->483M(512M) 425.093ms
[2020-04-17T15:13:47.898+0800][10080.908s] GC(95) User=0.92s Sys=0.04s Real=0.42s
[2020-04-17T15:13:48.056+0800][10081.066s] GC(94) Concurrent Rebuild Remembered Sets 780.680ms
[2020-04-17T15:13:48.056+0800][10081.066s] GC(94) Pause Cleanup
[2020-04-17T15:13:48.057+0800][10081.067s] GC(94) Pause Cleanup 499M->499M(512M) 0.325ms
[2020-04-17T15:13:48.057+0800][10081.067s] GC(94) User=0.00s Sys=0.00s Real=0.00s
[2020-04-17T15:13:48.057+0800][10081.067s] GC(94) Concurrent Cleanup for Next Mark
[2020-04-17T15:13:48.058+0800][10081.068s] GC(94) Concurrent Cleanup for Next Mark 1.126ms
[2020-04-17T15:13:48.058+0800][10081.068s] GC(94) Concurrent Cycle 1336.452ms
[2020-04-17T15:13:48.102+0800][10081.113s] GC(96) Pause Young (Normal) (G1 Evacuation Pause)
[2020-04-17T15:13:48.103+0800][10081.113s] GC(96) Using 4 workers of 4 for evacuation
[2020-04-17T15:13:48.302+0800][10081.312s] GC(96) To-space exhausted
[2020-04-17T15:13:48.302+0800][10081.313s] GC(96)   Pre Evacuate Collection Set: 0.1ms
[2020-04-17T15:13:48.302+0800][10081.313s] GC(96)   Merge Heap Roots: 0.0ms
[2020-04-17T15:13:48.303+0800][10081.313s] GC(96)   Evacuate Collection Set: 65.3ms
[2020-04-17T15:13:48.303+0800][10081.313s] GC(96)   Post Evacuate Collection Set: 134.2ms
[2020-04-17T15:13:48.303+0800][10081.313s] GC(96)   Other: 0.3ms
[2020-04-17T15:13:48.303+0800][10081.313s] GC(96) Eden regions: 27->0(128)
[2020-04-17T15:13:48.303+0800][10081.313s] GC(96) Survivor regions: 13->0(0)
[2020-04-17T15:13:48.303+0800][10081.313s] GC(96) Old regions: 466->506
[2020-04-17T15:13:48.303+0800][10081.313s] GC(96) Archive regions: 2->2
[2020-04-17T15:13:48.303+0800][10081.313s] GC(96) Humongous regions: 4->4
[2020-04-17T15:13:48.303+0800][10081.313s] GC(96) Metaspace: 42370K(43728K)->42370K(43728K) NonClass: 37448K(38396K)->37448K(38396K) Class: 4921K(5332K)->4921K(5332K)
[2020-04-17T15:13:48.303+0800][10081.313s] GC(96) Pause Young (Normal) (G1 Evacuation Pause) 510M->510M(512M) 200.316ms
[2020-04-17T15:13:48.303+0800][10081.313s] GC(96) User=0.36s Sys=0.00s Real=0.20s
[2020-04-17T15:13:48.303+0800][10081.313s] GC(97) Using 4 workers of 4 for full compaction
[2020-04-17T15:13:48.303+0800][10081.313s] GC(97) Pause Full (G1 Evacuation Pause)
[2020-04-17T15:13:48.304+0800][10081.314s] GC(97) Phase 1: Mark live objects
[2020-04-17T15:13:48.913+0800][10081.923s] GC(97) Phase 1: Mark live objects 609.770ms
[2020-04-17T15:13:48.913+0800][10081.923s] GC(97) Phase 2: Prepare for compaction
[2020-04-17T15:13:49.065+0800][10082.075s] GC(97) Phase 2: Prepare for compaction 151.786ms
[2020-04-17T15:13:49.065+0800][10082.075s] GC(97) Phase 3: Adjust pointers
[2020-04-17T15:13:49.258+0800][10082.268s] GC(97) Phase 3: Adjust pointers 192.967ms
[2020-04-17T15:13:49.258+0800][10082.268s] GC(97) Phase 4: Compact heap
[2020-04-17T15:13:49.378+0800][10082.388s] GC(97) Phase 4: Compact heap 120.011ms
[2020-04-17T15:13:49.383+0800][10082.393s] GC(97) Eden regions: 0->0(128)
[2020-04-17T15:13:49.383+0800][10082.393s] GC(97) Survivor regions: 0->0(0)
[2020-04-17T15:13:49.383+0800][10082.393s] GC(97) Old regions: 506->470
[2020-04-17T15:13:49.383+0800][10082.393s] GC(97) Archive regions: 2->2
[2020-04-17T15:13:49.383+0800][10082.393s] GC(97) Humongous regions: 4->4
[2020-04-17T15:13:49.383+0800][10082.393s] GC(97) Metaspace: 42370K(43728K)->42350K(43728K) NonClass: 37448K(38396K)->37432K(38396K) Class: 4921K(5332K)->4918K(5332K)
[2020-04-17T15:13:49.383+0800][10082.393s] GC(97) Pause Full (G1 Evacuation Pause) 510M->473M(512M) 1079.928ms
[2020-04-17T15:13:49.383+0800][10082.393s] GC(97) User=3.23s Sys=0.10s Real=1.08s
[2020-04-17T15:13:49.558+0800][10082.568s] GC(98) Pause Young (Concurrent Start) (G1 Evacuation Pause)
[2020-04-17T15:13:49.558+0800][10082.568s] GC(98) Using 4 workers of 4 for evacuation
[2020-04-17T15:13:49.658+0800][10082.668s] GC(98) To-space exhausted
[2020-04-17T15:13:49.658+0800][10082.668s] GC(98)   Pre Evacuate Collection Set: 0.1ms
[2020-04-17T15:13:49.658+0800][10082.668s] GC(98)   Merge Heap Roots: 0.0ms
[2020-04-17T15:13:49.658+0800][10082.668s] GC(98)   Evacuate Collection Set: 51.6ms
[2020-04-17T15:13:49.658+0800][10082.668s] GC(98)   Post Evacuate Collection Set: 47.7ms
[2020-04-17T15:13:49.658+0800][10082.668s] GC(98)   Other: 0.2ms
[2020-04-17T15:13:49.658+0800][10082.668s] GC(98) Eden regions: 36->0(128)
[2020-04-17T15:13:49.658+0800][10082.668s] GC(98) Survivor regions: 0->0(0)
[2020-04-17T15:13:49.658+0800][10082.668s] GC(98) Old regions: 470->506
[2020-04-17T15:13:49.658+0800][10082.668s] GC(98) Archive regions: 2->2
[2020-04-17T15:13:49.658+0800][10082.668s] GC(98) Humongous regions: 4->4
[2020-04-17T15:13:49.658+0800][10082.668s] GC(98) Metaspace: 42350K(43728K)->42350K(43728K) NonClass: 37432K(38396K)->37432K(38396K) Class: 4918K(5332K)->4918K(5332K)
[2020-04-17T15:13:49.658+0800][10082.668s] GC(98) Pause Young (Concurrent Start) (G1 Evacuation Pause) 509M->509M(512M) 99.764ms
[2020-04-17T15:13:49.658+0800][10082.668s] GC(98) User=0.33s Sys=0.00s Real=0.10s
[2020-04-17T15:13:49.658+0800][10082.668s] GC(99) Using 4 workers of 4 for full compaction
[2020-04-17T15:13:49.658+0800][10082.668s] GC(100) Concurrent Cycle
[2020-04-17T15:13:49.658+0800][10082.668s] GC(99) Pause Full (G1 Evacuation Pause)
[2020-04-17T15:13:49.658+0800][10082.668s] GC(100) Concurrent Clear Claimed Marks
[2020-04-17T15:13:49.658+0800][10082.668s] GC(100) Concurrent Clear Claimed Marks 0.236ms
[2020-04-17T15:13:49.658+0800][10082.668s] GC(100) Concurrent Scan Root Regions
[2020-04-17T15:13:49.658+0800][10082.668s] GC(100) Concurrent Scan Root Regions 0.029ms
[2020-04-17T15:13:49.658+0800][10082.668s] GC(100) Concurrent Mark (10082.668s)
[2020-04-17T15:13:49.658+0800][10082.668s] GC(100) Concurrent Mark From Roots
[2020-04-17T15:13:49.658+0800][10082.668s] GC(100) Using 4 workers of 4 for marking
[2020-04-17T15:13:49.659+0800][10082.669s] GC(99) Phase 1: Mark live objects
[2020-04-17T15:13:50.180+0800][10083.190s] GC(99) Phase 1: Mark live objects 521.241ms
[2020-04-17T15:13:50.180+0800][10083.190s] GC(99) Phase 2: Prepare for compaction
[2020-04-17T15:13:50.284+0800][10083.294s] GC(99) Phase 2: Prepare for compaction 103.634ms
[2020-04-17T15:13:50.284+0800][10083.294s] GC(99) Phase 3: Adjust pointers
[2020-04-17T15:13:50.471+0800][10083.481s] GC(99) Phase 3: Adjust pointers 186.739ms
[2020-04-17T15:13:50.471+0800][10083.481s] GC(99) Phase 4: Compact heap
[2020-04-17T15:13:50.569+0800][10083.579s] GC(99) Phase 4: Compact heap 98.033ms
[2020-04-17T15:13:50.574+0800][10083.584s] GC(99) Eden regions: 0->0(128)
[2020-04-17T15:13:50.574+0800][10083.584s] GC(99) Survivor regions: 0->0(0)
[2020-04-17T15:13:50.574+0800][10083.584s] GC(99) Old regions: 506->502
[2020-04-17T15:13:50.574+0800][10083.584s] GC(99) Archive regions: 2->2
[2020-04-17T15:13:50.574+0800][10083.584s] GC(99) Humongous regions: 4->4
[2020-04-17T15:13:50.574+0800][10083.584s] GC(99) Metaspace: 42350K(43728K)->42350K(43728K) NonClass: 37432K(38396K)->37432K(38396K) Class: 4918K(5332K)->4918K(5332K)
[2020-04-17T15:13:50.574+0800][10083.584s] GC(99) Pause Full (G1 Evacuation Pause) 509M->503M(512M) 915.736ms
[2020-04-17T15:13:50.574+0800][10083.584s] GC(99) User=3.24s Sys=0.01s Real=0.92s
[2020-04-17T15:13:50.574+0800][10083.584s] GC(100) Concurrent Mark From Roots 915.514ms
[2020-04-17T15:13:50.574+0800][10083.584s] GC(100) Concurrent Mark Abort
[2020-04-17T15:13:50.574+0800][10083.584s] GC(100) Concurrent Cycle 915.970ms
[2020-04-17T15:13:50.609+0800][10083.619s] GC(101) Pause Young (Normal) (G1 Evacuation Pause)
[2020-04-17T15:13:50.609+0800][10083.619s] GC(101) Using 4 workers of 4 for evacuation
[2020-04-17T15:13:50.619+0800][10083.629s] GC(101) To-space exhausted
[2020-04-17T15:13:50.619+0800][10083.629s] GC(101)   Pre Evacuate Collection Set: 0.1ms
[2020-04-17T15:13:50.619+0800][10083.629s] GC(101)   Merge Heap Roots: 0.1ms
[2020-04-17T15:13:50.619+0800][10083.629s] GC(101)   Evacuate Collection Set: 5.5ms
[2020-04-17T15:13:50.619+0800][10083.629s] GC(101)   Post Evacuate Collection Set: 4.2ms
[2020-04-17T15:13:50.619+0800][10083.629s] GC(101)   Other: 0.3ms
[2020-04-17T15:13:50.619+0800][10083.629s] GC(101) Eden regions: 4->0(128)
[2020-04-17T15:13:50.619+0800][10083.629s] GC(101) Survivor regions: 0->0(0)
[2020-04-17T15:13:50.619+0800][10083.629s] GC(101) Old regions: 502->506
[2020-04-17T15:13:50.619+0800][10083.629s] GC(101) Archive regions: 2->2
[2020-04-17T15:13:50.619+0800][10083.629s] GC(101) Humongous regions: 4->4
[2020-04-17T15:13:50.619+0800][10083.629s] GC(101) Metaspace: 42350K(43728K)->42350K(43728K) NonClass: 37432K(38396K)->37432K(38396K) Class: 4918K(5332K)->4918K(5332K)
[2020-04-17T15:13:50.619+0800][10083.629s] GC(101) Pause Young (Normal) (G1 Evacuation Pause) 507M->507M(512M) 10.085ms
[2020-04-17T15:13:50.619+0800][10083.629s] GC(101) User=0.03s Sys=0.00s Real=0.01s
[2020-04-17T15:13:50.619+0800][10083.629s] GC(102) Using 4 workers of 4 for full compaction
[2020-04-17T15:13:50.619+0800][10083.629s] GC(102) Pause Full (G1 Evacuation Pause)
[2020-04-17T15:13:50.620+0800][10083.630s] GC(102) Phase 1: Mark live objects
[2020-04-17T15:13:51.458+0800][10084.468s] GC(102) Phase 1: Mark live objects 838.523ms
[2020-04-17T15:13:51.458+0800][10084.468s] GC(102) Phase 2: Prepare for compaction
[2020-04-17T15:13:51.565+0800][10084.575s] GC(102) Phase 2: Prepare for compaction 106.868ms
[2020-04-17T15:13:51.565+0800][10084.575s] GC(102) Phase 3: Adjust pointers
[2020-04-17T15:13:51.751+0800][10084.761s] GC(102) Phase 3: Adjust pointers 186.297ms
[2020-04-17T15:13:51.752+0800][10084.762s] GC(102) Phase 4: Compact heap
[2020-04-17T15:13:51.845+0800][10084.855s] GC(102) Phase 4: Compact heap 93.796ms
[2020-04-17T15:13:51.850+0800][10084.860s] GC(102) Eden regions: 0->0(128)
[2020-04-17T15:13:51.850+0800][10084.860s] GC(102) Survivor regions: 0->0(0)
[2020-04-17T15:13:51.850+0800][10084.860s] GC(102) Old regions: 506->504
[2020-04-17T15:13:51.850+0800][10084.860s] GC(102) Archive regions: 2->2
[2020-04-17T15:13:51.850+0800][10084.860s] GC(102) Humongous regions: 4->4
[2020-04-17T15:13:51.850+0800][10084.860s] GC(102) Metaspace: 42350K(43728K)->42350K(43728K) NonClass: 37432K(38396K)->37432K(38396K) Class: 4918K(5332K)->4918K(5332K)
[2020-04-17T15:13:51.850+0800][10084.860s] GC(102) Pause Full (G1 Evacuation Pause) 507M->506M(512M) 1230.856ms
[2020-04-17T15:13:51.850+0800][10084.860s] GC(102) User=3.31s Sys=0.02s Real=1.24s
[2020-04-17T15:13:51.857+0800][10084.867s] GC(103) Pause Young (Concurrent Start) (G1 Evacuation Pause)
[2020-04-17T15:13:51.857+0800][10084.867s] GC(103) Using 4 workers of 4 for evacuation
[2020-04-17T15:13:51.864+0800][10084.874s] GC(103) To-space exhausted
[2020-04-17T15:13:51.864+0800][10084.874s] GC(103)   Pre Evacuate Collection Set: 0.3ms
[2020-04-17T15:13:51.864+0800][10084.874s] GC(103)   Merge Heap Roots: 0.0ms
[2020-04-17T15:13:51.864+0800][10084.874s] GC(103)   Evacuate Collection Set: 3.1ms
[2020-04-17T15:13:51.864+0800][10084.874s] GC(103)   Post Evacuate Collection Set: 2.8ms
[2020-04-17T15:13:51.864+0800][10084.874s] GC(103)   Other: 0.3ms
[2020-04-17T15:13:51.864+0800][10084.874s] GC(103) Eden regions: 2->0(128)
[2020-04-17T15:13:51.864+0800][10084.874s] GC(103) Survivor regions: 0->0(0)
[2020-04-17T15:13:51.864+0800][10084.874s] GC(103) Old regions: 504->506
[2020-04-17T15:13:51.864+0800][10084.874s] GC(103) Archive regions: 2->2
[2020-04-17T15:13:51.864+0800][10084.874s] GC(103) Humongous regions: 4->4
[2020-04-17T15:13:51.864+0800][10084.874s] GC(103) Metaspace: 42350K(43728K)->42350K(43728K) NonClass: 37432K(38396K)->37432K(38396K) Class: 4918K(5332K)->4918K(5332K)
[2020-04-17T15:13:51.864+0800][10084.874s] GC(103) Pause Young (Concurrent Start) (G1 Evacuation Pause) 508M->508M(512M) 6.624ms
[2020-04-17T15:13:51.864+0800][10084.874s] GC(103) User=0.02s Sys=0.00s Real=0.01s
[2020-04-17T15:13:51.864+0800][10084.874s] GC(104) Using 4 workers of 4 for full compaction
[2020-04-17T15:13:51.864+0800][10084.874s] GC(104) Pause Full (G1 Evacuation Pause)
[2020-04-17T15:13:51.864+0800][10084.874s] GC(105) Concurrent Cycle
[2020-04-17T15:13:51.864+0800][10084.874s] GC(105) Concurrent Clear Claimed Marks
[2020-04-17T15:13:51.864+0800][10084.874s] GC(105) Concurrent Clear Claimed Marks 0.166ms
[2020-04-17T15:13:51.864+0800][10084.874s] GC(105) Concurrent Scan Root Regions
[2020-04-17T15:13:51.864+0800][10084.874s] GC(105) Concurrent Scan Root Regions 0.024ms
[2020-04-17T15:13:51.864+0800][10084.874s] GC(105) Concurrent Mark (10084.874s)
[2020-04-17T15:13:51.864+0800][10084.874s] GC(105) Concurrent Mark From Roots
[2020-04-17T15:13:51.864+0800][10084.874s] GC(105) Using 4 workers of 4 for marking
[2020-04-17T15:13:51.865+0800][10084.875s] GC(104) Phase 1: Mark live objects
[2020-04-17T15:13:52.386+0800][10085.396s] GC(104) Phase 1: Mark live objects 521.031ms
[2020-04-17T15:13:52.386+0800][10085.396s] GC(104) Phase 2: Prepare for compaction
[2020-04-17T15:13:52.491+0800][10085.501s] GC(104) Phase 2: Prepare for compaction 104.766ms
[2020-04-17T15:13:52.491+0800][10085.501s] GC(104) Phase 3: Adjust pointers
[2020-04-17T15:13:52.677+0800][10085.687s] GC(104) Phase 3: Adjust pointers 186.523ms
[2020-04-17T15:13:52.677+0800][10085.687s] GC(104) Phase 4: Compact heap
[2020-04-17T15:13:52.775+0800][10085.785s] GC(104) Phase 4: Compact heap 97.743ms
[2020-04-17T15:13:52.780+0800][10085.790s] GC(104) Eden regions: 0->0(128)
[2020-04-17T15:13:52.780+0800][10085.790s] GC(104) Survivor regions: 0->0(0)
[2020-04-17T15:13:52.780+0800][10085.790s] GC(104) Old regions: 506->505
[2020-04-17T15:13:52.780+0800][10085.790s] GC(104) Archive regions: 2->2
[2020-04-17T15:13:52.780+0800][10085.790s] GC(104) Humongous regions: 4->4
[2020-04-17T15:13:52.780+0800][10085.790s] GC(104) Metaspace: 42350K(43728K)->42350K(43728K) NonClass: 37432K(38396K)->37432K(38396K) Class: 4918K(5332K)->4918K(5332K)
[2020-04-17T15:13:52.780+0800][10085.790s] GC(104) Pause Full (G1 Evacuation Pause) 508M->508M(512M) 915.716ms
[2020-04-17T15:13:52.780+0800][10085.790s] GC(104) User=3.29s Sys=0.01s Real=0.92s
[2020-04-17T15:13:52.780+0800][10085.790s] GC(105) Concurrent Mark From Roots 915.604ms
[2020-04-17T15:13:52.780+0800][10085.790s] GC(105) Concurrent Mark Abort
[2020-04-17T15:13:52.780+0800][10085.790s] GC(105) Concurrent Cycle 915.943ms
[2020-04-17T15:13:52.783+0800][10085.793s] GC(106) Pause Young (Normal) (G1 Evacuation Pause)
[2020-04-17T15:13:52.783+0800][10085.793s] GC(106) Using 4 workers of 4 for evacuation
[2020-04-17T15:13:52.787+0800][10085.797s] GC(106) To-space exhausted
[2020-04-17T15:13:52.787+0800][10085.797s] GC(106)   Pre Evacuate Collection Set: 0.0ms
[2020-04-17T15:13:52.787+0800][10085.797s] GC(106)   Merge Heap Roots: 0.1ms
[2020-04-17T15:13:52.787+0800][10085.797s] GC(106)   Evacuate Collection Set: 1.5ms
[2020-04-17T15:13:52.787+0800][10085.797s] GC(106)   Post Evacuate Collection Set: 2.1ms
[2020-04-17T15:13:52.787+0800][10085.797s] GC(106)   Other: 0.1ms
[2020-04-17T15:13:52.787+0800][10085.797s] GC(106) Eden regions: 1->0(128)
[2020-04-17T15:13:52.787+0800][10085.797s] GC(106) Survivor regions: 0->0(0)
[2020-04-17T15:13:52.787+0800][10085.797s] GC(106) Old regions: 505->506
[2020-04-17T15:13:52.787+0800][10085.797s] GC(106) Archive regions: 2->2
[2020-04-17T15:13:52.787+0800][10085.797s] GC(106) Humongous regions: 4->4
[2020-04-17T15:13:52.787+0800][10085.797s] GC(106) Metaspace: 42350K(43728K)->42350K(43728K) NonClass: 37432K(38396K)->37432K(38396K) Class: 4918K(5332K)->4918K(5332K)
[2020-04-17T15:13:52.787+0800][10085.797s] GC(106) Pause Young (Normal) (G1 Evacuation Pause) 509M->509M(512M) 3.950ms
[2020-04-17T15:13:52.787+0800][10085.797s] GC(106) User=0.01s Sys=0.00s Real=0.00s
[2020-04-17T15:13:52.787+0800][10085.797s] GC(107) Using 4 workers of 4 for full compaction
[2020-04-17T15:13:52.787+0800][10085.797s] GC(107) Pause Full (G1 Evacuation Pause)
[2020-04-17T15:13:52.788+0800][10085.798s] GC(107) Phase 1: Mark live objects
[2020-04-17T15:13:53.316+0800][10086.326s] GC(107) Phase 1: Mark live objects 528.665ms
[2020-04-17T15:13:53.316+0800][10086.326s] GC(107) Phase 2: Prepare for compaction
[2020-04-17T15:13:53.428+0800][10086.438s] GC(107) Phase 2: Prepare for compaction 111.851ms
[2020-04-17T15:13:53.428+0800][10086.438s] GC(107) Phase 3: Adjust pointers
[2020-04-17T15:13:53.616+0800][10086.626s] GC(107) Phase 3: Adjust pointers 188.004ms
[2020-04-17T15:13:53.616+0800][10086.626s] GC(107) Phase 4: Compact heap
[2020-04-17T15:13:53.715+0800][10086.725s] GC(107) Phase 4: Compact heap 99.022ms
[2020-04-17T15:13:53.720+0800][10086.730s] GC(107) Eden regions: 0->0(128)
[2020-04-17T15:13:53.720+0800][10086.730s] GC(107) Survivor regions: 0->0(0)
[2020-04-17T15:13:53.720+0800][10086.730s] GC(107) Old regions: 506->505
[2020-04-17T15:13:53.720+0800][10086.730s] GC(107) Archive regions: 2->2
[2020-04-17T15:13:53.720+0800][10086.730s] GC(107) Humongous regions: 4->4
[2020-04-17T15:13:53.720+0800][10086.730s] GC(107) Metaspace: 42350K(43728K)->42350K(43728K) NonClass: 37432K(38396K)->37432K(38396K) Class: 4918K(5332K)->4918K(5332K)
[2020-04-17T15:13:53.720+0800][10086.730s] GC(107) Pause Full (G1 Evacuation Pause) 509M->509M(512M) 932.632ms
[2020-04-17T15:13:53.720+0800][10086.730s] GC(107) User=3.25s Sys=0.01s Real=0.94s
[2020-04-17T15:13:53.723+0800][10086.733s] GC(108) Pause Young (Concurrent Start) (G1 Evacuation Pause)
[2020-04-17T15:13:53.723+0800][10086.733s] GC(108) Using 4 workers of 4 for evacuation
[2020-04-17T15:13:53.725+0800][10086.735s] GC(108) To-space exhausted
[2020-04-17T15:13:53.725+0800][10086.735s] GC(108)   Pre Evacuate Collection Set: 0.1ms
[2020-04-17T15:13:53.725+0800][10086.735s] GC(108)   Merge Heap Roots: 0.0ms
[2020-04-17T15:13:53.725+0800][10086.735s] GC(108)   Evacuate Collection Set: 1.1ms
[2020-04-17T15:13:53.725+0800][10086.735s] GC(108)   Post Evacuate Collection Set: 1.4ms
[2020-04-17T15:13:53.725+0800][10086.735s] GC(108)   Other: 0.2ms
[2020-04-17T15:13:53.725+0800][10086.735s] GC(108) Eden regions: 1->0(128)
[2020-04-17T15:13:53.725+0800][10086.735s] GC(108) Survivor regions: 0->0(0)
[2020-04-17T15:13:53.725+0800][10086.735s] GC(108) Old regions: 505->506
[2020-04-17T15:13:53.725+0800][10086.735s] GC(108) Archive regions: 2->2
[2020-04-17T15:13:53.726+0800][10086.735s] GC(108) Humongous regions: 4->4
[2020-04-17T15:13:53.726+0800][10086.735s] GC(108) Metaspace: 42350K(43728K)->42350K(43728K) NonClass: 37432K(38396K)->37432K(38396K) Class: 4918K(5332K)->4918K(5332K)
[2020-04-17T15:13:53.726+0800][10086.735s] GC(108) Pause Young (Concurrent Start) (G1 Evacuation Pause) 510M->510M(512M) 2.935ms
[2020-04-17T15:13:53.726+0800][10086.735s] GC(108) User=0.00s Sys=0.00s Real=0.00s
[2020-04-17T15:13:53.726+0800][10086.736s] GC(109) Using 4 workers of 4 for full compaction
[2020-04-17T15:13:53.726+0800][10086.736s] GC(110) Concurrent Cycle
[2020-04-17T15:13:53.726+0800][10086.736s] GC(109) Pause Full (G1 Evacuation Pause)
[2020-04-17T15:13:53.726+0800][10086.736s] GC(110) Concurrent Clear Claimed Marks
[2020-04-17T15:13:53.726+0800][10086.736s] GC(110) Concurrent Clear Claimed Marks 0.112ms
[2020-04-17T15:13:53.726+0800][10086.736s] GC(110) Concurrent Scan Root Regions
[2020-04-17T15:13:53.726+0800][10086.736s] GC(110) Concurrent Scan Root Regions 0.018ms
[2020-04-17T15:13:53.726+0800][10086.736s] GC(110) Concurrent Mark (10086.736s)
[2020-04-17T15:13:53.726+0800][10086.736s] GC(110) Concurrent Mark From Roots
[2020-04-17T15:13:53.726+0800][10086.736s] GC(110) Using 4 workers of 4 for marking
[2020-04-17T15:13:53.727+0800][10086.737s] GC(109) Phase 1: Mark live objects
[2020-04-17T15:13:54.251+0800][10087.261s] GC(109) Phase 1: Mark live objects 523.404ms
[2020-04-17T15:13:54.251+0800][10087.261s] GC(109) Phase 2: Prepare for compaction
[2020-04-17T15:13:54.360+0800][10087.370s] GC(109) Phase 2: Prepare for compaction 109.304ms
[2020-04-17T15:13:54.360+0800][10087.370s] GC(109) Phase 3: Adjust pointers
[2020-04-17T15:13:54.546+0800][10087.556s] GC(109) Phase 3: Adjust pointers 185.450ms
[2020-04-17T15:13:54.546+0800][10087.556s] GC(109) Phase 4: Compact heap
[2020-04-17T15:13:54.641+0800][10087.651s] GC(109) Phase 4: Compact heap 95.630ms
[2020-04-17T15:13:54.646+0800][10087.656s] GC(109) Eden regions: 0->0(128)
[2020-04-17T15:13:54.646+0800][10087.656s] GC(109) Survivor regions: 0->0(0)
[2020-04-17T15:13:54.646+0800][10087.656s] GC(109) Old regions: 506->506
[2020-04-17T15:13:54.646+0800][10087.656s] GC(109) Archive regions: 2->2
[2020-04-17T15:13:54.646+0800][10087.656s] GC(109) Humongous regions: 4->4
[2020-04-17T15:13:54.646+0800][10087.656s] GC(109) Metaspace: 42350K(43728K)->42350K(43728K) NonClass: 37432K(38396K)->37432K(38396K) Class: 4918K(5332K)->4918K(5332K)
[2020-04-17T15:13:54.646+0800][10087.656s] GC(109) Pause Full (G1 Evacuation Pause) 510M->509M(512M) 920.362ms
[2020-04-17T15:13:54.646+0800][10087.656s] GC(109) User=3.25s Sys=0.00s Real=0.92s
[2020-04-17T15:13:54.646+0800][10087.656s] GC(111) Using 4 workers of 4 for full compaction
[2020-04-17T15:13:54.646+0800][10087.656s] GC(111) Pause Full (G1 Evacuation Pause)
[2020-04-17T15:13:54.646+0800][10087.656s] GC(111) Phase 1: Mark live objects
[2020-04-17T15:13:55.176+0800][10088.186s] GC(111) Phase 1: Mark live objects 529.858ms
[2020-04-17T15:13:55.176+0800][10088.186s] GC(111) Phase 2: Prepare for compaction
[2020-04-17T15:13:55.285+0800][10088.295s] GC(111) Phase 2: Prepare for compaction 108.812ms
[2020-04-17T15:13:55.285+0800][10088.295s] GC(111) Phase 3: Adjust pointers
[2020-04-17T15:13:55.473+0800][10088.483s] GC(111) Phase 3: Adjust pointers 187.592ms
[2020-04-17T15:13:55.473+0800][10088.483s] GC(111) Phase 4: Compact heap
[2020-04-17T15:13:55.554+0800][10088.564s] GC(111) Phase 4: Compact heap 81.478ms
[2020-04-17T15:13:55.560+0800][10088.570s] GC(111) Eden regions: 0->0(128)
[2020-04-17T15:13:55.560+0800][10088.570s] GC(111) Survivor regions: 0->0(0)
[2020-04-17T15:13:55.560+0800][10088.570s] GC(111) Old regions: 506->506
[2020-04-17T15:13:55.560+0800][10088.570s] GC(111) Archive regions: 2->2
[2020-04-17T15:13:55.560+0800][10088.570s] GC(111) Humongous regions: 4->4
[2020-04-17T15:13:55.560+0800][10088.570s] GC(111) Metaspace: 42350K(43728K)->42350K(43728K) NonClass: 37432K(38396K)->37432K(38396K) Class: 4918K(5332K)->4918K(5332K)
[2020-04-17T15:13:55.560+0800][10088.570s] GC(111) Pause Full (G1 Evacuation Pause) 509M->509M(512M) 913.686ms
[2020-04-17T15:13:55.560+0800][10088.570s] GC(111) User=3.23s Sys=0.01s Real=0.92s
[2020-04-17T15:13:55.560+0800][10088.570s] GC(110) Concurrent Mark From Roots 1834.182ms
[2020-04-17T15:13:55.560+0800][10088.570s] GC(112) Pause Young (Normal) (G1 Evacuation Pause)
[2020-04-17T15:13:55.560+0800][10088.570s] GC(112) Using 4 workers of 4 for evacuation
[2020-04-17T15:13:55.561+0800][10088.571s] GC(112)   Pre Evacuate Collection Set: 0.1ms
[2020-04-17T15:13:55.561+0800][10088.571s] GC(112)   Merge Heap Roots: 0.0ms
[2020-04-17T15:13:55.561+0800][10088.571s] GC(112)   Evacuate Collection Set: 0.4ms
[2020-04-17T15:13:55.561+0800][10088.571s] GC(112)   Post Evacuate Collection Set: 0.2ms
[2020-04-17T15:13:55.561+0800][10088.571s] GC(112)   Other: 0.1ms
[2020-04-17T15:13:55.561+0800][10088.571s] GC(112) Eden regions: 0->0(128)
[2020-04-17T15:13:55.561+0800][10088.571s] GC(112) Survivor regions: 0->0(0)
[2020-04-17T15:13:55.561+0800][10088.571s] GC(112) Old regions: 506->506
[2020-04-17T15:13:55.561+0800][10088.571s] GC(112) Archive regions: 2->2
[2020-04-17T15:13:55.561+0800][10088.571s] GC(112) Humongous regions: 4->4
[2020-04-17T15:13:55.561+0800][10088.571s] GC(112) Metaspace: 42350K(43728K)->42350K(43728K) NonClass: 37432K(38396K)->37432K(38396K) Class: 4918K(5332K)->4918K(5332K)
[2020-04-17T15:13:55.561+0800][10088.571s] GC(112) Pause Young (Normal) (G1 Evacuation Pause) 509M->509M(512M) 0.871ms
[2020-04-17T15:13:55.561+0800][10088.571s] GC(112) User=0.00s Sys=0.00s Real=0.00s
[2020-04-17T15:13:55.561+0800][10088.571s] GC(113) Using 4 workers of 4 for full compaction
[2020-04-17T15:13:55.561+0800][10088.571s] GC(113) Pause Full (G1 Evacuation Pause)
[2020-04-17T15:13:55.561+0800][10088.571s] GC(113) Phase 1: Mark live objects
[2020-04-17T15:13:56.088+0800][10089.098s] GC(113) Phase 1: Mark live objects 526.987ms
[2020-04-17T15:13:56.088+0800][10089.098s] GC(113) Phase 2: Prepare for compaction
[2020-04-17T15:13:56.198+0800][10089.208s] GC(113) Phase 2: Prepare for compaction 109.750ms
[2020-04-17T15:13:56.198+0800][10089.208s] GC(113) Phase 3: Adjust pointers
[2020-04-17T15:13:56.393+0800][10089.402s] GC(113) Phase 3: Adjust pointers 194.500ms
[2020-04-17T15:13:56.393+0800][10089.403s] GC(113) Phase 4: Compact heap
[2020-04-17T15:13:56.485+0800][10089.495s] GC(113) Phase 4: Compact heap 92.222ms
[2020-04-17T15:13:56.490+0800][10089.499s] GC(113) Eden regions: 0->0(128)
[2020-04-17T15:13:56.490+0800][10089.500s] GC(113) Survivor regions: 0->0(0)
[2020-04-17T15:13:56.490+0800][10089.500s] GC(113) Old regions: 506->506
[2020-04-17T15:13:56.490+0800][10089.500s] GC(113) Archive regions: 2->2
[2020-04-17T15:13:56.490+0800][10089.500s] GC(113) Humongous regions: 4->4
[2020-04-17T15:13:56.490+0800][10089.500s] GC(113) Metaspace: 42350K(43728K)->42350K(43728K) NonClass: 37432K(38396K)->37432K(38396K) Class: 4918K(5332K)->4918K(5332K)
[2020-04-17T15:13:56.490+0800][10089.500s] GC(113) Pause Full (G1 Evacuation Pause) 509M->509M(512M) 928.619ms
[2020-04-17T15:13:56.490+0800][10089.500s] GC(113) User=3.26s Sys=0.01s Real=0.93s
[2020-04-17T15:13:56.490+0800][10089.500s] GC(114) Using 4 workers of 4 for full compaction
[2020-04-17T15:13:56.490+0800][10089.500s] GC(114) Pause Full (G1 Evacuation Pause)
[2020-04-17T15:13:56.490+0800][10089.500s] GC(114) Phase 1: Mark live objects
[2020-04-17T15:13:57.101+0800][10090.111s] GC(114) Phase 1: Mark live objects 610.612ms
[2020-04-17T15:13:57.101+0800][10090.111s] GC(114) Phase 2: Prepare for compaction
[2020-04-17T15:13:57.231+0800][10090.241s] GC(114) Phase 2: Prepare for compaction 130.229ms
[2020-04-17T15:13:57.231+0800][10090.241s] GC(114) Phase 3: Adjust pointers
[2020-04-17T15:13:57.420+0800][10090.430s] GC(114) Phase 3: Adjust pointers 189.381ms
[2020-04-17T15:13:57.420+0800][10090.430s] GC(114) Phase 4: Compact heap
[2020-04-17T15:13:57.498+0800][10090.508s] GC(114) Phase 4: Compact heap 77.506ms
[2020-04-17T15:13:57.503+0800][10090.513s] GC(114) Eden regions: 0->0(128)
[2020-04-17T15:13:57.503+0800][10090.513s] GC(114) Survivor regions: 0->0(0)
[2020-04-17T15:13:57.503+0800][10090.513s] GC(114) Old regions: 506->506
[2020-04-17T15:13:57.503+0800][10090.513s] GC(114) Archive regions: 2->2
[2020-04-17T15:13:57.503+0800][10090.513s] GC(114) Humongous regions: 4->4
[2020-04-17T15:13:57.503+0800][10090.513s] GC(114) Metaspace: 42350K(43728K)->42350K(43728K) NonClass: 37432K(38396K)->37432K(38396K) Class: 4918K(5332K)->4918K(5332K)
[2020-04-17T15:13:57.503+0800][10090.513s] GC(114) Pause Full (G1 Evacuation Pause) 509M->509M(512M) 1013.153ms
[2020-04-17T15:13:57.503+0800][10090.513s] GC(114) User=3.33s Sys=0.00s Real=1.01s
[2020-04-17T15:13:57.503+0800][10090.513s] GC(110) Concurrent Mark Abort
[2020-04-17T15:13:57.503+0800][10090.513s] GC(110) Concurrent Cycle 3777.500ms
