[2020-04-17T10:56:59.592+0800][0.026s] Heap region size: 1M
[2020-04-17T10:56:59.592+0800][0.027s] Heap address: 0x00000007e0000000, size: 512 MB, Compressed Oops mode: Zero based, Oop shift amount: 3
[2020-04-17T10:56:59.598+0800][0.033s] Using G1
[2020-04-17T10:56:59.599+0800][0.034s] Mark closed archive regions in map: [0x00000007fff00000, 0x00000007fff7aff8]
[2020-04-17T10:56:59.599+0800][0.034s] Mark open archive regions in map: [0x00000007ffe00000, 0x00000007ffe50ff8]
[2020-04-17T10:56:59.624+0800][0.059s] Periodic GC disabled
[2020-04-17T10:57:05.390+0800][5.825s] GC(0) Pause Young (Concurrent Start) (Metadata GC Threshold)
[2020-04-17T10:57:05.391+0800][5.825s] GC(0) Using 4 workers of 4 for evacuation
[2020-04-17T10:57:05.405+0800][5.840s] GC(0)   Pre Evacuate Collection Set: 0.5ms
[2020-04-17T10:57:05.405+0800][5.840s] GC(0)   Merge Heap Roots: 0.1ms
[2020-04-17T10:57:05.405+0800][5.840s] GC(0)   Evacuate Collection Set: 11.2ms
[2020-04-17T10:57:05.405+0800][5.840s] GC(0)   Post Evacuate Collection Set: 1.3ms
[2020-04-17T10:57:05.405+0800][5.840s] GC(0)   Other: 2.0ms
[2020-04-17T10:57:05.405+0800][5.840s] GC(0) Eden regions: 118->0(117)
[2020-04-17T10:57:05.406+0800][5.840s] GC(0) Survivor regions: 0->11(32)
[2020-04-17T10:57:05.406+0800][5.840s] GC(0) Old regions: 0->0
[2020-04-17T10:57:05.406+0800][5.840s] GC(0) Archive regions: 2->2
[2020-04-17T10:57:05.406+0800][5.840s] GC(0) Humongous regions: 0->0
[2020-04-17T10:57:05.406+0800][5.840s] GC(0) Metaspace: 20505K(21248K)->20505K(21248K) NonClass: 18135K(18688K)->18135K(18688K) Class: 2370K(2560K)->2370K(2560K)
[2020-04-17T10:57:05.406+0800][5.840s] GC(0) Pause Young (Concurrent Start) (Metadata GC Threshold) 118M->11M(512M) 15.310ms
[2020-04-17T10:57:05.406+0800][5.840s] GC(0) User=0.04s Sys=0.01s Real=0.01s
[2020-04-17T10:57:05.406+0800][5.840s] GC(1) Concurrent Cycle
[2020-04-17T10:57:05.406+0800][5.840s] GC(1) Concurrent Clear Claimed Marks
[2020-04-17T10:57:05.406+0800][5.840s] GC(1) Concurrent Clear Claimed Marks 0.047ms
[2020-04-17T10:57:05.406+0800][5.840s] GC(1) Concurrent Scan Root Regions
[2020-04-17T10:57:05.410+0800][5.844s] GC(1) Concurrent Scan Root Regions 3.727ms
[2020-04-17T10:57:05.410+0800][5.844s] GC(1) Concurrent Mark (5.844s)
[2020-04-17T10:57:05.410+0800][5.844s] GC(1) Concurrent Mark From Roots
[2020-04-17T10:57:05.410+0800][5.844s] GC(1) Using 4 workers of 4 for marking
[2020-04-17T10:57:05.411+0800][5.845s] GC(1) Concurrent Mark From Roots 1.321ms
[2020-04-17T10:57:05.411+0800][5.846s] GC(1) Concurrent Preclean
[2020-04-17T10:57:05.411+0800][5.846s] GC(1) Concurrent Preclean 0.036ms
[2020-04-17T10:57:05.411+0800][5.846s] GC(1) Concurrent Mark (5.844s, 5.846s) 1.434ms
[2020-04-17T10:57:05.411+0800][5.846s] GC(1) Pause Remark
[2020-04-17T10:57:05.414+0800][5.849s] GC(1) Pause Remark 11M->11M(512M) 2.544ms
[2020-04-17T10:57:05.414+0800][5.849s] GC(1) User=0.00s Sys=0.00s Real=0.00s
[2020-04-17T10:57:05.424+0800][5.859s] GC(1) Concurrent Rebuild Remembered Sets
[2020-04-17T10:57:05.425+0800][5.860s] GC(1) Concurrent Rebuild Remembered Sets 0.765ms
[2020-04-17T10:57:05.425+0800][5.860s] GC(1) Pause Cleanup
[2020-04-17T10:57:05.426+0800][5.860s] GC(1) Pause Cleanup 11M->11M(512M) 0.096ms
[2020-04-17T10:57:05.426+0800][5.860s] GC(1) User=0.00s Sys=0.00s Real=0.00s
[2020-04-17T10:57:05.426+0800][5.860s] GC(1) Concurrent Cleanup for Next Mark
[2020-04-17T10:57:05.428+0800][5.863s] GC(1) Concurrent Cleanup for Next Mark 2.680ms
[2020-04-17T10:57:05.428+0800][5.863s] GC(1) Concurrent Cycle 22.737ms
[2020-04-17T10:57:07.339+0800][7.773s] GC(2) Pause Young (Normal) (G1 Evacuation Pause)
[2020-04-17T10:57:07.339+0800][7.773s] GC(2) Using 4 workers of 4 for evacuation
[2020-04-17T10:57:07.357+0800][7.791s] GC(2)   Pre Evacuate Collection Set: 0.0ms
[2020-04-17T10:57:07.357+0800][7.791s] GC(2)   Merge Heap Roots: 0.0ms
[2020-04-17T10:57:07.357+0800][7.791s] GC(2)   Evacuate Collection Set: 16.8ms
[2020-04-17T10:57:07.357+0800][7.791s] GC(2)   Post Evacuate Collection Set: 1.0ms
[2020-04-17T10:57:07.357+0800][7.791s] GC(2)   Other: 0.2ms
[2020-04-17T10:57:07.357+0800][7.791s] GC(2) Eden regions: 117->0(109)
[2020-04-17T10:57:07.357+0800][7.791s] GC(2) Survivor regions: 11->19(32)
[2020-04-17T10:57:07.357+0800][7.791s] GC(2) Old regions: 0->0
[2020-04-17T10:57:07.357+0800][7.791s] GC(2) Archive regions: 2->2
[2020-04-17T10:57:07.357+0800][7.791s] GC(2) Humongous regions: 1->1
[2020-04-17T10:57:07.357+0800][7.791s] GC(2) Metaspace: 28904K(29952K)->28904K(29952K) NonClass: 25449K(26112K)->25449K(26112K) Class: 3454K(3840K)->3454K(3840K)
[2020-04-17T10:57:07.357+0800][7.791s] GC(2) Pause Young (Normal) (G1 Evacuation Pause) 129M->20M(512M) 18.364ms
[2020-04-17T10:57:07.357+0800][7.791s] GC(2) User=0.05s Sys=0.01s Real=0.02s
[2020-04-17T10:57:07.750+0800][8.185s] GC(3) Pause Young (Normal) (G1 Evacuation Pause)
[2020-04-17T10:57:07.750+0800][8.185s] GC(3) Using 4 workers of 4 for evacuation
[2020-04-17T10:57:07.762+0800][8.197s] GC(3)   Pre Evacuate Collection Set: 0.0ms
[2020-04-17T10:57:07.762+0800][8.197s] GC(3)   Merge Heap Roots: 0.0ms
[2020-04-17T10:57:07.762+0800][8.197s] GC(3)   Evacuate Collection Set: 10.8ms
[2020-04-17T10:57:07.762+0800][8.197s] GC(3)   Post Evacuate Collection Set: 0.9ms
[2020-04-17T10:57:07.762+0800][8.197s] GC(3)   Other: 0.2ms
[2020-04-17T10:57:07.762+0800][8.197s] GC(3) Eden regions: 109->0(108)
[2020-04-17T10:57:07.762+0800][8.197s] GC(3) Survivor regions: 19->20(32)
[2020-04-17T10:57:07.762+0800][8.197s] GC(3) Old regions: 0->0
[2020-04-17T10:57:07.762+0800][8.197s] GC(3) Archive regions: 2->2
[2020-04-17T10:57:07.762+0800][8.197s] GC(3) Humongous regions: 1->1
[2020-04-17T10:57:07.762+0800][8.197s] GC(3) Metaspace: 30380K(31360K)->30380K(31360K) NonClass: 26737K(27392K)->26737K(27392K) Class: 3643K(3968K)->3643K(3968K)
[2020-04-17T10:57:07.762+0800][8.197s] GC(3) Pause Young (Normal) (G1 Evacuation Pause) 129M->21M(512M) 12.209ms
[2020-04-17T10:57:07.762+0800][8.197s] GC(3) User=0.04s Sys=0.00s Real=0.01s
[2020-04-17T10:57:08.822+0800][9.257s] GC(4) Pause Young (Normal) (G1 Evacuation Pause)
[2020-04-17T10:57:08.822+0800][9.257s] GC(4) Using 4 workers of 4 for evacuation
[2020-04-17T10:57:08.838+0800][9.272s] GC(4)   Pre Evacuate Collection Set: 0.0ms
[2020-04-17T10:57:08.838+0800][9.272s] GC(4)   Merge Heap Roots: 0.0ms
[2020-04-17T10:57:08.838+0800][9.272s] GC(4)   Evacuate Collection Set: 13.7ms
[2020-04-17T10:57:08.838+0800][9.272s] GC(4)   Post Evacuate Collection Set: 1.3ms
[2020-04-17T10:57:08.838+0800][9.272s] GC(4)   Other: 0.2ms
[2020-04-17T10:57:08.838+0800][9.272s] GC(4) Eden regions: 108->0(108)
[2020-04-17T10:57:08.838+0800][9.272s] GC(4) Survivor regions: 20->20(32)
[2020-04-17T10:57:08.838+0800][9.272s] GC(4) Old regions: 0->0
[2020-04-17T10:57:08.838+0800][9.272s] GC(4) Archive regions: 2->2
[2020-04-17T10:57:08.838+0800][9.272s] GC(4) Humongous regions: 1->1
[2020-04-17T10:57:08.838+0800][9.272s] GC(4) Metaspace: 34633K(35712K)->34633K(35712K) NonClass: 30454K(31232K)->30454K(31232K) Class: 4179K(4480K)->4179K(4480K)
[2020-04-17T10:57:08.838+0800][9.272s] GC(4) Pause Young (Normal) (G1 Evacuation Pause) 129M->21M(512M) 15.466ms
[2020-04-17T10:57:08.838+0800][9.272s] GC(4) User=0.04s Sys=0.01s Real=0.01s
[2020-04-17T10:57:08.971+0800][9.405s] GC(5) Pause Young (Concurrent Start) (Metadata GC Threshold)
[2020-04-17T10:57:08.971+0800][9.405s] GC(5) Using 4 workers of 4 for evacuation
[2020-04-17T10:57:08.985+0800][9.419s] GC(5)   Pre Evacuate Collection Set: 0.1ms
[2020-04-17T10:57:08.985+0800][9.420s] GC(5)   Merge Heap Roots: 0.0ms
[2020-04-17T10:57:08.985+0800][9.420s] GC(5)   Evacuate Collection Set: 12.6ms
[2020-04-17T10:57:08.985+0800][9.420s] GC(5)   Post Evacuate Collection Set: 1.2ms
[2020-04-17T10:57:08.985+0800][9.420s] GC(5)   Other: 0.2ms
[2020-04-17T10:57:08.985+0800][9.420s] GC(5) Eden regions: 23->0(107)
[2020-04-17T10:57:08.985+0800][9.420s] GC(5) Survivor regions: 20->21(32)
[2020-04-17T10:57:08.985+0800][9.420s] GC(5) Old regions: 0->0
[2020-04-17T10:57:08.985+0800][9.420s] GC(5) Archive regions: 2->2
[2020-04-17T10:57:08.985+0800][9.420s] GC(5) Humongous regions: 1->1
[2020-04-17T10:57:08.985+0800][9.420s] GC(5) Metaspace: 34909K(35840K)->34909K(35840K) NonClass: 30711K(31360K)->30711K(31360K) Class: 4198K(4480K)->4198K(4480K)
[2020-04-17T10:57:08.985+0800][9.420s] GC(5) Pause Young (Concurrent Start) (Metadata GC Threshold) 44M->22M(512M) 14.481ms
[2020-04-17T10:57:08.985+0800][9.420s] GC(5) User=0.05s Sys=0.00s Real=0.01s
[2020-04-17T10:57:08.986+0800][9.420s] GC(6) Concurrent Cycle
[2020-04-17T10:57:08.986+0800][9.420s] GC(6) Concurrent Clear Claimed Marks
[2020-04-17T10:57:08.986+0800][9.420s] GC(6) Concurrent Clear Claimed Marks 0.063ms
[2020-04-17T10:57:08.986+0800][9.420s] GC(6) Concurrent Scan Root Regions
[2020-04-17T10:57:08.990+0800][9.425s] GC(6) Concurrent Scan Root Regions 4.372ms
[2020-04-17T10:57:08.990+0800][9.425s] GC(6) Concurrent Mark (9.425s)
[2020-04-17T10:57:08.990+0800][9.425s] GC(6) Concurrent Mark From Roots
[2020-04-17T10:57:08.990+0800][9.425s] GC(6) Using 4 workers of 4 for marking
[2020-04-17T10:57:08.997+0800][9.432s] GC(6) Concurrent Mark From Roots 6.883ms
[2020-04-17T10:57:08.997+0800][9.432s] GC(6) Concurrent Preclean
[2020-04-17T10:57:08.997+0800][9.432s] GC(6) Concurrent Preclean 0.033ms
[2020-04-17T10:57:08.997+0800][9.432s] GC(6) Concurrent Mark (9.425s, 9.432s) 7.007ms
[2020-04-17T10:57:08.997+0800][9.432s] GC(6) Pause Remark
[2020-04-17T10:57:09.000+0800][9.435s] GC(6) Pause Remark 22M->22M(512M) 2.926ms
[2020-04-17T10:57:09.000+0800][9.435s] GC(6) User=0.01s Sys=0.00s Real=0.01s
[2020-04-17T10:57:09.004+0800][9.439s] GC(6) Concurrent Rebuild Remembered Sets
[2020-04-17T10:57:09.005+0800][9.439s] GC(6) Concurrent Rebuild Remembered Sets 0.692ms
[2020-04-17T10:57:09.005+0800][9.440s] GC(6) Pause Cleanup
[2020-04-17T10:57:09.005+0800][9.440s] GC(6) Pause Cleanup 22M->22M(512M) 0.093ms
[2020-04-17T10:57:09.005+0800][9.440s] GC(6) User=0.00s Sys=0.00s Real=0.00s
[2020-04-17T10:57:09.007+0800][9.441s] GC(6) Concurrent Cleanup for Next Mark
[2020-04-17T10:57:09.010+0800][9.444s] GC(6) Concurrent Cleanup for Next Mark 3.278ms
[2020-04-17T10:57:09.010+0800][9.444s] GC(6) Concurrent Cycle 24.551ms
[2020-04-17T10:57:11.133+0800][11.567s] GC(7) Pause Young (Normal) (G1 Evacuation Pause)
[2020-04-17T10:57:11.133+0800][11.567s] GC(7) Using 4 workers of 4 for evacuation
[2020-04-17T10:57:11.153+0800][11.587s] GC(7)   Pre Evacuate Collection Set: 0.1ms
[2020-04-17T10:57:11.153+0800][11.588s] GC(7)   Merge Heap Roots: 0.0ms
[2020-04-17T10:57:11.153+0800][11.588s] GC(7)   Evacuate Collection Set: 18.6ms
[2020-04-17T10:57:11.153+0800][11.588s] GC(7)   Post Evacuate Collection Set: 1.6ms
[2020-04-17T10:57:11.153+0800][11.588s] GC(7)   Other: 0.2ms
[2020-04-17T10:57:11.153+0800][11.588s] GC(7) Eden regions: 107->0(101)
[2020-04-17T10:57:11.153+0800][11.588s] GC(7) Survivor regions: 21->27(32)
[2020-04-17T10:57:11.153+0800][11.588s] GC(7) Old regions: 0->0
[2020-04-17T10:57:11.153+0800][11.588s] GC(7) Archive regions: 2->2
[2020-04-17T10:57:11.153+0800][11.588s] GC(7) Humongous regions: 1->1
[2020-04-17T10:57:11.153+0800][11.588s] GC(7) Metaspace: 38978K(40192K)->38978K(40192K) NonClass: 34245K(35072K)->34245K(35072K) Class: 4732K(5120K)->4732K(5120K)
[2020-04-17T10:57:11.153+0800][11.588s] GC(7) Pause Young (Normal) (G1 Evacuation Pause) 129M->28M(512M) 20.790ms
[2020-04-17T10:57:11.153+0800][11.588s] GC(7) User=0.07s Sys=0.00s Real=0.02s
[2020-04-17T10:57:11.672+0800][12.107s] GC(8) Pause Young (Normal) (G1 Evacuation Pause)
[2020-04-17T10:57:11.672+0800][12.107s] GC(8) Using 4 workers of 4 for evacuation
[2020-04-17T10:57:11.823+0800][12.257s] GC(8)   Pre Evacuate Collection Set: 0.1ms
[2020-04-17T10:57:11.823+0800][12.257s] GC(8)   Merge Heap Roots: 0.0ms
[2020-04-17T10:57:11.823+0800][12.257s] GC(8)   Evacuate Collection Set: 148.4ms
[2020-04-17T10:57:11.823+0800][12.257s] GC(8)   Post Evacuate Collection Set: 1.5ms
[2020-04-17T10:57:11.823+0800][12.257s] GC(8)   Other: 0.2ms
[2020-04-17T10:57:11.823+0800][12.257s] GC(8) Eden regions: 101->0(96)
[2020-04-17T10:57:11.823+0800][12.257s] GC(8) Survivor regions: 27->32(32)
[2020-04-17T10:57:11.823+0800][12.257s] GC(8) Old regions: 0->82
[2020-04-17T10:57:11.823+0800][12.257s] GC(8) Archive regions: 2->2
[2020-04-17T10:57:11.823+0800][12.257s] GC(8) Humongous regions: 1->1
[2020-04-17T10:57:11.823+0800][12.257s] GC(8) Metaspace: 39021K(40192K)->39021K(40192K) NonClass: 34286K(35072K)->34286K(35072K) Class: 4734K(5120K)->4734K(5120K)
[2020-04-17T10:57:11.823+0800][12.257s] GC(8) Pause Young (Normal) (G1 Evacuation Pause) 129M->115M(512M) 150.402ms
[2020-04-17T10:57:11.823+0800][12.257s] GC(8) User=0.48s Sys=0.07s Real=0.15s
[2020-04-17T10:57:12.360+0800][12.794s] GC(9) Pause Young (Normal) (G1 Evacuation Pause)
[2020-04-17T10:57:12.360+0800][12.795s] GC(9) Using 4 workers of 4 for evacuation
[2020-04-17T10:57:12.499+0800][12.933s] GC(9)   Pre Evacuate Collection Set: 0.1ms
[2020-04-17T10:57:12.499+0800][12.933s] GC(9)   Merge Heap Roots: 0.1ms
[2020-04-17T10:57:12.499+0800][12.933s] GC(9)   Evacuate Collection Set: 136.6ms
[2020-04-17T10:57:12.499+0800][12.933s] GC(9)   Post Evacuate Collection Set: 2.0ms
[2020-04-17T10:57:12.499+0800][12.933s] GC(9)   Other: 0.2ms
[2020-04-17T10:57:12.499+0800][12.933s] GC(9) Eden regions: 96->0(96)
[2020-04-17T10:57:12.499+0800][12.933s] GC(9) Survivor regions: 32->32(32)
[2020-04-17T10:57:12.499+0800][12.933s] GC(9) Old regions: 82->165
[2020-04-17T10:57:12.499+0800][12.933s] GC(9) Archive regions: 2->2
[2020-04-17T10:57:12.499+0800][12.934s] GC(9) Humongous regions: 1->1
[2020-04-17T10:57:12.499+0800][12.934s] GC(9) Metaspace: 39021K(40192K)->39021K(40192K) NonClass: 34286K(35072K)->34286K(35072K) Class: 4734K(5120K)->4734K(5120K)
[2020-04-17T10:57:12.499+0800][12.934s] GC(9) Pause Young (Normal) (G1 Evacuation Pause) 211M->198M(512M) 139.078ms
[2020-04-17T10:57:12.499+0800][12.934s] GC(9) User=0.44s Sys=0.04s Real=0.13s
[2020-04-17T10:57:13.746+0800][14.180s] GC(10) Pause Young (Normal) (G1 Evacuation Pause)
[2020-04-17T10:57:13.746+0800][14.180s] GC(10) Using 4 workers of 4 for evacuation
[2020-04-17T10:57:13.940+0800][14.374s] GC(10)   Pre Evacuate Collection Set: 0.1ms
[2020-04-17T10:57:13.940+0800][14.374s] GC(10)   Merge Heap Roots: 0.1ms
[2020-04-17T10:57:13.940+0800][14.374s] GC(10)   Evacuate Collection Set: 192.9ms
[2020-04-17T10:57:13.940+0800][14.374s] GC(10)   Post Evacuate Collection Set: 0.8ms
[2020-04-17T10:57:13.940+0800][14.374s] GC(10)   Other: 0.2ms
[2020-04-17T10:57:13.940+0800][14.374s] GC(10) Eden regions: 96->0(96)
[2020-04-17T10:57:13.940+0800][14.374s] GC(10) Survivor regions: 32->32(32)
[2020-04-17T10:57:13.940+0800][14.374s] GC(10) Old regions: 165->245
[2020-04-17T10:57:13.940+0800][14.374s] GC(10) Archive regions: 2->2
[2020-04-17T10:57:13.940+0800][14.374s] GC(10) Humongous regions: 1->1
[2020-04-17T10:57:13.940+0800][14.374s] GC(10) Metaspace: 39021K(40192K)->39021K(40192K) NonClass: 34286K(35072K)->34286K(35072K) Class: 4734K(5120K)->4734K(5120K)
[2020-04-17T10:57:13.940+0800][14.374s] GC(10) Pause Young (Normal) (G1 Evacuation Pause) 294M->278M(512M) 194.191ms
[2020-04-17T10:57:13.940+0800][14.374s] GC(10) User=0.48s Sys=0.04s Real=0.20s
[2020-04-17T10:57:16.074+0800][16.508s] GC(11) Pause Young (Concurrent Start) (G1 Evacuation Pause)
[2020-04-17T10:57:16.074+0800][16.508s] GC(11) Using 4 workers of 4 for evacuation
[2020-04-17T10:57:16.169+0800][16.603s] GC(11)   Pre Evacuate Collection Set: 0.1ms
[2020-04-17T10:57:16.169+0800][16.603s] GC(11)   Merge Heap Roots: 0.1ms
[2020-04-17T10:57:16.169+0800][16.603s] GC(11)   Evacuate Collection Set: 93.5ms
[2020-04-17T10:57:16.169+0800][16.603s] GC(11)   Post Evacuate Collection Set: 0.8ms
[2020-04-17T10:57:16.169+0800][16.603s] GC(11)   Other: 0.2ms
[2020-04-17T10:57:16.169+0800][16.603s] GC(11) Eden regions: 96->0(96)
[2020-04-17T10:57:16.169+0800][16.603s] GC(11) Survivor regions: 32->32(32)
[2020-04-17T10:57:16.169+0800][16.603s] GC(11) Old regions: 245->283
[2020-04-17T10:57:16.169+0800][16.603s] GC(11) Archive regions: 2->2
[2020-04-17T10:57:16.169+0800][16.603s] GC(11) Humongous regions: 1->1
[2020-04-17T10:57:16.169+0800][16.603s] GC(11) Metaspace: 39212K(40448K)->39212K(40448K) NonClass: 34467K(35328K)->34467K(35328K) Class: 4744K(5120K)->4744K(5120K)
[2020-04-17T10:57:16.169+0800][16.603s] GC(11) Pause Young (Concurrent Start) (G1 Evacuation Pause) 374M->316M(512M) 94.999ms
[2020-04-17T10:57:16.169+0800][16.603s] GC(11) User=0.32s Sys=0.01s Real=0.09s
[2020-04-17T10:57:16.169+0800][16.603s] GC(12) Concurrent Cycle
[2020-04-17T10:57:16.169+0800][16.603s] GC(12) Concurrent Clear Claimed Marks
[2020-04-17T10:57:16.169+0800][16.604s] GC(12) Concurrent Clear Claimed Marks 0.067ms
[2020-04-17T10:57:16.169+0800][16.604s] GC(12) Concurrent Scan Root Regions
[2020-04-17T10:57:16.210+0800][16.644s] GC(12) Concurrent Scan Root Regions 40.280ms
[2020-04-17T10:57:16.210+0800][16.644s] GC(12) Concurrent Mark (16.644s)
[2020-04-17T10:57:16.210+0800][16.644s] GC(12) Concurrent Mark From Roots
[2020-04-17T10:57:16.210+0800][16.644s] GC(12) Using 4 workers of 4 for marking
[2020-04-17T10:57:16.375+0800][16.809s] GC(13) Pause Young (Normal) (G1 Evacuation Pause)
[2020-04-17T10:57:16.375+0800][16.809s] GC(13) Using 4 workers of 4 for evacuation
[2020-04-17T10:57:16.427+0800][16.861s] GC(13)   Pre Evacuate Collection Set: 0.1ms
[2020-04-17T10:57:16.427+0800][16.861s] GC(13)   Merge Heap Roots: 0.1ms
[2020-04-17T10:57:16.427+0800][16.861s] GC(13)   Evacuate Collection Set: 50.9ms
[2020-04-17T10:57:16.427+0800][16.861s] GC(13)   Post Evacuate Collection Set: 0.4ms
[2020-04-17T10:57:16.427+0800][16.861s] GC(13)   Other: 0.2ms
[2020-04-17T10:57:16.427+0800][16.861s] GC(13) Eden regions: 96->0(100)
[2020-04-17T10:57:16.427+0800][16.861s] GC(13) Survivor regions: 32->28(32)
[2020-04-17T10:57:16.427+0800][16.861s] GC(13) Old regions: 283->290
[2020-04-17T10:57:16.427+0800][16.861s] GC(13) Archive regions: 2->2
[2020-04-17T10:57:16.427+0800][16.861s] GC(13) Humongous regions: 1->1
[2020-04-17T10:57:16.427+0800][16.861s] GC(13) Metaspace: 39250K(40448K)->39250K(40448K) NonClass: 34505K(35328K)->34505K(35328K) Class: 4745K(5120K)->4745K(5120K)
[2020-04-17T10:57:16.427+0800][16.861s] GC(13) Pause Young (Normal) (G1 Evacuation Pause) 412M->318M(512M) 51.732ms
[2020-04-17T10:57:16.427+0800][16.861s] GC(13) User=0.16s Sys=0.00s Real=0.05s
[2020-04-17T10:57:16.837+0800][17.271s] GC(12) Concurrent Mark From Roots 627.417ms
[2020-04-17T10:57:16.837+0800][17.271s] GC(12) Concurrent Preclean
[2020-04-17T10:57:16.837+0800][17.271s] GC(12) Concurrent Preclean 0.126ms
[2020-04-17T10:57:16.837+0800][17.272s] GC(12) Concurrent Mark (16.644s, 17.272s) 627.648ms
[2020-04-17T10:57:16.838+0800][17.272s] GC(12) Pause Remark
[2020-04-17T10:57:16.843+0800][17.277s] GC(12) Pause Remark 372M->372M(512M) 5.526ms
[2020-04-17T10:57:16.843+0800][17.277s] GC(12) User=0.03s Sys=0.01s Real=0.01s
[2020-04-17T10:57:16.853+0800][17.288s] GC(12) Concurrent Rebuild Remembered Sets
[2020-04-17T10:57:16.984+0800][17.418s] GC(14) Pause Young (Normal) (G1 Evacuation Pause)
[2020-04-17T10:57:16.984+0800][17.418s] GC(14) Using 4 workers of 4 for evacuation
[2020-04-17T10:57:17.020+0800][17.454s] GC(14)   Pre Evacuate Collection Set: 0.1ms
[2020-04-17T10:57:17.020+0800][17.454s] GC(14)   Merge Heap Roots: 0.1ms
[2020-04-17T10:57:17.020+0800][17.454s] GC(14)   Evacuate Collection Set: 35.3ms
[2020-04-17T10:57:17.020+0800][17.454s] GC(14)   Post Evacuate Collection Set: 0.4ms
[2020-04-17T10:57:17.020+0800][17.454s] GC(14)   Other: 0.2ms
[2020-04-17T10:57:17.020+0800][17.454s] GC(14) Eden regions: 100->0(100)
[2020-04-17T10:57:17.020+0800][17.454s] GC(14) Survivor regions: 28->28(32)
[2020-04-17T10:57:17.020+0800][17.454s] GC(14) Old regions: 290->290
[2020-04-17T10:57:17.020+0800][17.454s] GC(14) Archive regions: 2->2
[2020-04-17T10:57:17.020+0800][17.454s] GC(14) Humongous regions: 1->1
[2020-04-17T10:57:17.020+0800][17.454s] GC(14) Metaspace: 39321K(40448K)->39321K(40448K) NonClass: 34583K(35328K)->34583K(35328K) Class: 4738K(5120K)->4738K(5120K)
[2020-04-17T10:57:17.020+0800][17.454s] GC(14) Pause Young (Normal) (G1 Evacuation Pause) 418M->318M(512M) 36.225ms
[2020-04-17T10:57:17.020+0800][17.454s] GC(14) User=0.12s Sys=0.00s Real=0.04s
[2020-04-17T10:57:17.092+0800][17.527s] GC(15) Pause Young (Normal) (G1 Evacuation Pause)
[2020-04-17T10:57:17.093+0800][17.527s] GC(15) Using 4 workers of 4 for evacuation
[2020-04-17T10:57:17.126+0800][17.561s] GC(15)   Pre Evacuate Collection Set: 0.1ms
[2020-04-17T10:57:17.126+0800][17.561s] GC(15)   Merge Heap Roots: 0.1ms
[2020-04-17T10:57:17.126+0800][17.561s] GC(15)   Evacuate Collection Set: 33.1ms
[2020-04-17T10:57:17.127+0800][17.561s] GC(15)   Post Evacuate Collection Set: 0.5ms
[2020-04-17T10:57:17.127+0800][17.561s] GC(15)   Other: 0.2ms
[2020-04-17T10:57:17.127+0800][17.561s] GC(15) Eden regions: 100->0(100)
[2020-04-17T10:57:17.127+0800][17.561s] GC(15) Survivor regions: 28->28(32)
[2020-04-17T10:57:17.127+0800][17.561s] GC(15) Old regions: 290->290
[2020-04-17T10:57:17.127+0800][17.561s] GC(15) Archive regions: 2->2
[2020-04-17T10:57:17.127+0800][17.561s] GC(15) Humongous regions: 1->1
[2020-04-17T10:57:17.127+0800][17.561s] GC(15) Metaspace: 39321K(40448K)->39321K(40448K) NonClass: 34583K(35328K)->34583K(35328K) Class: 4738K(5120K)->4738K(5120K)
[2020-04-17T10:57:17.127+0800][17.561s] GC(15) Pause Young (Normal) (G1 Evacuation Pause) 418M->319M(512M) 34.155ms
[2020-04-17T10:57:17.127+0800][17.561s] GC(15) User=0.11s Sys=0.00s Real=0.03s
[2020-04-17T10:57:17.171+0800][17.606s] GC(12) Concurrent Rebuild Remembered Sets 317.859ms
[2020-04-17T10:57:17.172+0800][17.606s] GC(12) Pause Cleanup
[2020-04-17T10:57:17.172+0800][17.606s] GC(12) Pause Cleanup 403M->403M(512M) 0.268ms
[2020-04-17T10:57:17.172+0800][17.606s] GC(12) User=0.00s Sys=0.00s Real=0.00s
[2020-04-17T10:57:17.172+0800][17.606s] GC(12) Concurrent Cleanup for Next Mark
[2020-04-17T10:57:17.173+0800][17.607s] GC(12) Concurrent Cleanup for Next Mark 0.932ms
[2020-04-17T10:57:17.173+0800][17.607s] GC(12) Concurrent Cycle 1003.680ms
[2020-04-17T10:57:17.176+0800][17.611s] GC(16) Pause Young (Normal) (G1 Evacuation Pause)
[2020-04-17T10:57:17.176+0800][17.611s] GC(16) Using 4 workers of 4 for evacuation
[2020-04-17T10:57:17.210+0800][17.644s] GC(16)   Pre Evacuate Collection Set: 0.1ms
[2020-04-17T10:57:17.210+0800][17.644s] GC(16)   Merge Heap Roots: 0.1ms
[2020-04-17T10:57:17.210+0800][17.644s] GC(16)   Evacuate Collection Set: 32.4ms
[2020-04-17T10:57:17.210+0800][17.644s] GC(16)   Post Evacuate Collection Set: 0.6ms
[2020-04-17T10:57:17.210+0800][17.644s] GC(16)   Other: 0.1ms
[2020-04-17T10:57:17.210+0800][17.644s] GC(16) Eden regions: 100->0(100)
[2020-04-17T10:57:17.210+0800][17.644s] GC(16) Survivor regions: 28->28(32)
[2020-04-17T10:57:17.210+0800][17.644s] GC(16) Old regions: 290->290
[2020-04-17T10:57:17.210+0800][17.644s] GC(16) Archive regions: 2->2
[2020-04-17T10:57:17.210+0800][17.644s] GC(16) Humongous regions: 1->1
[2020-04-17T10:57:17.210+0800][17.644s] GC(16) Metaspace: 39321K(40448K)->39321K(40448K) NonClass: 34583K(35328K)->34583K(35328K) Class: 4738K(5120K)->4738K(5120K)
[2020-04-17T10:57:17.210+0800][17.644s] GC(16) Pause Young (Normal) (G1 Evacuation Pause) 419M->318M(512M) 33.309ms
[2020-04-17T10:57:17.210+0800][17.644s] GC(16) User=0.12s Sys=0.00s Real=0.04s
[2020-04-17T10:57:17.236+0800][17.670s] GC(17) Pause Young (Concurrent Start) (G1 Evacuation Pause)
[2020-04-17T10:57:17.236+0800][17.670s] GC(17) Using 4 workers of 4 for evacuation
[2020-04-17T10:57:17.272+0800][17.706s] GC(17)   Pre Evacuate Collection Set: 0.1ms
[2020-04-17T10:57:17.272+0800][17.706s] GC(17)   Merge Heap Roots: 0.1ms
[2020-04-17T10:57:17.272+0800][17.706s] GC(17)   Evacuate Collection Set: 35.2ms
[2020-04-17T10:57:17.272+0800][17.706s] GC(17)   Post Evacuate Collection Set: 0.6ms
[2020-04-17T10:57:17.272+0800][17.706s] GC(17)   Other: 0.2ms
[2020-04-17T10:57:17.272+0800][17.706s] GC(17) Eden regions: 100->0(100)
[2020-04-17T10:57:17.272+0800][17.706s] GC(17) Survivor regions: 28->28(32)
[2020-04-17T10:57:17.272+0800][17.706s] GC(17) Old regions: 290->290
[2020-04-17T10:57:17.272+0800][17.706s] GC(17) Archive regions: 2->2
[2020-04-17T10:57:17.272+0800][17.706s] GC(17) Humongous regions: 1->1
[2020-04-17T10:57:17.272+0800][17.706s] GC(17) Metaspace: 39321K(40448K)->39321K(40448K) NonClass: 34583K(35328K)->34583K(35328K) Class: 4738K(5120K)->4738K(5120K)
[2020-04-17T10:57:17.272+0800][17.706s] GC(17) Pause Young (Concurrent Start) (G1 Evacuation Pause) 418M->318M(512M) 36.396ms
[2020-04-17T10:57:17.272+0800][17.706s] GC(17) User=0.12s Sys=0.00s Real=0.04s
[2020-04-17T10:57:17.272+0800][17.706s] GC(18) Concurrent Cycle
[2020-04-17T10:57:17.272+0800][17.706s] GC(18) Concurrent Clear Claimed Marks
[2020-04-17T10:57:17.272+0800][17.706s] GC(18) Concurrent Clear Claimed Marks 0.076ms
[2020-04-17T10:57:17.272+0800][17.706s] GC(18) Concurrent Scan Root Regions
[2020-04-17T10:57:17.284+0800][17.718s] GC(18) Concurrent Scan Root Regions 11.702ms
[2020-04-17T10:57:17.284+0800][17.718s] GC(18) Concurrent Mark (17.718s)
[2020-04-17T10:57:17.284+0800][17.718s] GC(18) Concurrent Mark From Roots
[2020-04-17T10:57:17.284+0800][17.718s] GC(18) Using 4 workers of 4 for marking
[2020-04-17T10:57:17.353+0800][17.787s] GC(19) Pause Young (Normal) (G1 Evacuation Pause)
[2020-04-17T10:57:17.353+0800][17.787s] GC(19) Using 4 workers of 4 for evacuation
[2020-04-17T10:57:17.389+0800][17.823s] GC(19)   Pre Evacuate Collection Set: 0.1ms
[2020-04-17T10:57:17.389+0800][17.823s] GC(19)   Merge Heap Roots: 0.1ms
[2020-04-17T10:57:17.389+0800][17.823s] GC(19)   Evacuate Collection Set: 35.0ms
[2020-04-17T10:57:17.389+0800][17.823s] GC(19)   Post Evacuate Collection Set: 0.4ms
[2020-04-17T10:57:17.389+0800][17.823s] GC(19)   Other: 0.2ms
[2020-04-17T10:57:17.389+0800][17.823s] GC(19) Eden regions: 100->0(110)
[2020-04-17T10:57:17.389+0800][17.823s] GC(19) Survivor regions: 28->18(32)
[2020-04-17T10:57:17.389+0800][17.823s] GC(19) Old regions: 290->300
[2020-04-17T10:57:17.389+0800][17.823s] GC(19) Archive regions: 2->2
[2020-04-17T10:57:17.389+0800][17.823s] GC(19) Humongous regions: 1->1
[2020-04-17T10:57:17.389+0800][17.823s] GC(19) Metaspace: 39321K(40448K)->39321K(40448K) NonClass: 34583K(35328K)->34583K(35328K) Class: 4738K(5120K)->4738K(5120K)
[2020-04-17T10:57:17.389+0800][17.823s] GC(19) Pause Young (Normal) (G1 Evacuation Pause) 418M->319M(512M) 35.946ms
[2020-04-17T10:57:17.389+0800][17.823s] GC(19) User=0.12s Sys=0.00s Real=0.03s
[2020-04-17T10:57:17.450+0800][17.885s] GC(20) Pause Young (Normal) (G1 Evacuation Pause)
[2020-04-17T10:57:17.450+0800][17.885s] GC(20) Using 4 workers of 4 for evacuation
[2020-04-17T10:57:17.472+0800][17.906s] GC(20)   Pre Evacuate Collection Set: 0.1ms
[2020-04-17T10:57:17.472+0800][17.906s] GC(20)   Merge Heap Roots: 0.1ms
[2020-04-17T10:57:17.472+0800][17.906s] GC(20)   Evacuate Collection Set: 21.0ms
[2020-04-17T10:57:17.472+0800][17.906s] GC(20)   Post Evacuate Collection Set: 0.4ms
[2020-04-17T10:57:17.472+0800][17.906s] GC(20)   Other: 0.2ms
[2020-04-17T10:57:17.472+0800][17.906s] GC(20) Eden regions: 110->0(116)
[2020-04-17T10:57:17.472+0800][17.906s] GC(20) Survivor regions: 18->12(32)
[2020-04-17T10:57:17.472+0800][17.906s] GC(20) Old regions: 300->306
[2020-04-17T10:57:17.472+0800][17.906s] GC(20) Archive regions: 2->2
[2020-04-17T10:57:17.472+0800][17.906s] GC(20) Humongous regions: 1->1
[2020-04-17T10:57:17.472+0800][17.906s] GC(20) Metaspace: 39321K(40448K)->39321K(40448K) NonClass: 34583K(35328K)->34583K(35328K) Class: 4738K(5120K)->4738K(5120K)
[2020-04-17T10:57:17.472+0800][17.906s] GC(20) Pause Young (Normal) (G1 Evacuation Pause) 429M->319M(512M) 21.772ms
[2020-04-17T10:57:17.472+0800][17.906s] GC(20) User=0.08s Sys=0.01s Real=0.02s
[2020-04-17T10:57:17.562+0800][17.996s] GC(21) Pause Young (Normal) (G1 Evacuation Pause)
[2020-04-17T10:57:17.562+0800][17.996s] GC(21) Using 4 workers of 4 for evacuation
[2020-04-17T10:57:17.581+0800][18.015s] GC(21)   Pre Evacuate Collection Set: 0.1ms
[2020-04-17T10:57:17.581+0800][18.015s] GC(21)   Merge Heap Roots: 0.0ms
[2020-04-17T10:57:17.581+0800][18.015s] GC(21)   Evacuate Collection Set: 18.9ms
[2020-04-17T10:57:17.581+0800][18.015s] GC(21)   Post Evacuate Collection Set: 0.4ms
[2020-04-17T10:57:17.581+0800][18.015s] GC(21)   Other: 0.1ms
[2020-04-17T10:57:17.581+0800][18.015s] GC(21) Eden regions: 116->0(126)
[2020-04-17T10:57:17.581+0800][18.015s] GC(21) Survivor regions: 12->2(32)
[2020-04-17T10:57:17.581+0800][18.015s] GC(21) Old regions: 306->317
[2020-04-17T10:57:17.581+0800][18.015s] GC(21) Archive regions: 2->2
[2020-04-17T10:57:17.581+0800][18.015s] GC(21) Humongous regions: 1->1
[2020-04-17T10:57:17.581+0800][18.015s] GC(21) Metaspace: 39321K(40448K)->39321K(40448K) NonClass: 34583K(35328K)->34583K(35328K) Class: 4738K(5120K)->4738K(5120K)
[2020-04-17T10:57:17.581+0800][18.015s] GC(21) Pause Young (Normal) (G1 Evacuation Pause) 435M->320M(512M) 19.667ms
[2020-04-17T10:57:17.581+0800][18.015s] GC(21) User=0.05s Sys=0.00s Real=0.02s
[2020-04-17T10:57:17.657+0800][18.092s] GC(22) Pause Young (Normal) (G1 Evacuation Pause)
[2020-04-17T10:57:17.657+0800][18.092s] GC(22) Using 4 workers of 4 for evacuation
[2020-04-17T10:57:17.659+0800][18.093s] GC(22)   Pre Evacuate Collection Set: 0.1ms
[2020-04-17T10:57:17.659+0800][18.093s] GC(22)   Merge Heap Roots: 0.1ms
[2020-04-17T10:57:17.659+0800][18.093s] GC(22)   Evacuate Collection Set: 1.0ms
[2020-04-17T10:57:17.659+0800][18.093s] GC(22)   Post Evacuate Collection Set: 0.3ms
[2020-04-17T10:57:17.659+0800][18.093s] GC(22)   Other: 0.2ms
[2020-04-17T10:57:17.659+0800][18.093s] GC(22) Eden regions: 126->0(127)
[2020-04-17T10:57:17.659+0800][18.093s] GC(22) Survivor regions: 2->1(32)
[2020-04-17T10:57:17.659+0800][18.093s] GC(22) Old regions: 317->318
[2020-04-17T10:57:17.659+0800][18.093s] GC(22) Archive regions: 2->2
[2020-04-17T10:57:17.659+0800][18.093s] GC(22) Humongous regions: 1->1
[2020-04-17T10:57:17.659+0800][18.093s] GC(22) Metaspace: 39321K(40448K)->39321K(40448K) NonClass: 34583K(35328K)->34583K(35328K) Class: 4738K(5120K)->4738K(5120K)
[2020-04-17T10:57:17.659+0800][18.093s] GC(22) Pause Young (Normal) (G1 Evacuation Pause) 446M->320M(512M) 1.787ms
[2020-04-17T10:57:17.659+0800][18.093s] GC(22) User=0.00s Sys=0.00s Real=0.00s
[2020-04-17T10:57:17.728+0800][18.162s] GC(23) Pause Young (Normal) (G1 Evacuation Pause)
[2020-04-17T10:57:17.728+0800][18.162s] GC(23) Using 4 workers of 4 for evacuation
[2020-04-17T10:57:17.729+0800][18.163s] GC(23)   Pre Evacuate Collection Set: 0.1ms
[2020-04-17T10:57:17.729+0800][18.163s] GC(23)   Merge Heap Roots: 0.1ms
[2020-04-17T10:57:17.729+0800][18.163s] GC(23)   Evacuate Collection Set: 0.9ms
[2020-04-17T10:57:17.729+0800][18.163s] GC(23)   Post Evacuate Collection Set: 0.3ms
[2020-04-17T10:57:17.729+0800][18.163s] GC(23)   Other: 0.2ms
[2020-04-17T10:57:17.729+0800][18.163s] GC(23) Eden regions: 127->0(128)
[2020-04-17T10:57:17.729+0800][18.163s] GC(23) Survivor regions: 1->0(32)
[2020-04-17T10:57:17.729+0800][18.163s] GC(23) Old regions: 318->319
[2020-04-17T10:57:17.729+0800][18.163s] GC(23) Archive regions: 2->2
[2020-04-17T10:57:17.729+0800][18.163s] GC(23) Humongous regions: 1->1
[2020-04-17T10:57:17.729+0800][18.163s] GC(23) Metaspace: 39321K(40448K)->39321K(40448K) NonClass: 34583K(35328K)->34583K(35328K) Class: 4738K(5120K)->4738K(5120K)
[2020-04-17T10:57:17.729+0800][18.163s] GC(23) Pause Young (Normal) (G1 Evacuation Pause) 447M->320M(512M) 1.642ms
[2020-04-17T10:57:17.729+0800][18.163s] GC(23) User=0.01s Sys=0.00s Real=0.00s
[2020-04-17T10:57:17.811+0800][18.245s] GC(24) Pause Young (Normal) (G1 Evacuation Pause)
[2020-04-17T10:57:17.811+0800][18.245s] GC(24) Using 4 workers of 4 for evacuation
[2020-04-17T10:57:17.812+0800][18.246s] GC(24)   Pre Evacuate Collection Set: 0.1ms
[2020-04-17T10:57:17.812+0800][18.246s] GC(24)   Merge Heap Roots: 0.0ms
[2020-04-17T10:57:17.812+0800][18.246s] GC(24)   Evacuate Collection Set: 0.2ms
[2020-04-17T10:57:17.812+0800][18.246s] GC(24)   Post Evacuate Collection Set: 0.3ms
[2020-04-17T10:57:17.812+0800][18.246s] GC(24)   Other: 0.2ms
[2020-04-17T10:57:17.812+0800][18.246s] GC(24) Eden regions: 128->0(128)
[2020-04-17T10:57:17.812+0800][18.246s] GC(24) Survivor regions: 0->0(32)
[2020-04-17T10:57:17.812+0800][18.246s] GC(24) Old regions: 319->319
[2020-04-17T10:57:17.812+0800][18.246s] GC(24) Archive regions: 2->2
[2020-04-17T10:57:17.812+0800][18.246s] GC(24) Humongous regions: 1->1
[2020-04-17T10:57:17.812+0800][18.246s] GC(24) Metaspace: 39321K(40448K)->39321K(40448K) NonClass: 34583K(35328K)->34583K(35328K) Class: 4738K(5120K)->4738K(5120K)
[2020-04-17T10:57:17.812+0800][18.246s] GC(24) Pause Young (Normal) (G1 Evacuation Pause) 448M->320M(512M) 0.919ms
[2020-04-17T10:57:17.812+0800][18.246s] GC(24) User=0.00s Sys=0.00s Real=0.00s
[2020-04-17T10:57:17.823+0800][18.257s] GC(18) Concurrent Mark From Roots 539.245ms
[2020-04-17T10:57:17.823+0800][18.258s] GC(18) Concurrent Preclean
[2020-04-17T10:57:17.823+0800][18.258s] GC(18) Concurrent Preclean 0.102ms
[2020-04-17T10:57:17.823+0800][18.258s] GC(18) Concurrent Mark (17.718s, 18.258s) 539.422ms
[2020-04-17T10:57:17.824+0800][18.258s] GC(18) Pause Remark
[2020-04-17T10:57:17.827+0800][18.261s] GC(18) Pause Remark 344M->344M(512M) 3.081ms
[2020-04-17T10:57:17.827+0800][18.261s] GC(18) User=0.01s Sys=0.00s Real=0.00s
[2020-04-17T10:57:17.827+0800][18.261s] GC(18) Concurrent Rebuild Remembered Sets
[2020-04-17T10:57:17.883+0800][18.317s] GC(25) Pause Young (Normal) (G1 Evacuation Pause)
[2020-04-17T10:57:17.883+0800][18.317s] GC(25) Using 4 workers of 4 for evacuation
[2020-04-17T10:57:17.884+0800][18.318s] GC(25)   Pre Evacuate Collection Set: 0.1ms
[2020-04-17T10:57:17.884+0800][18.318s] GC(25)   Merge Heap Roots: 0.0ms
[2020-04-17T10:57:17.884+0800][18.318s] GC(25)   Evacuate Collection Set: 0.2ms
[2020-04-17T10:57:17.884+0800][18.318s] GC(25)   Post Evacuate Collection Set: 0.3ms
[2020-04-17T10:57:17.884+0800][18.318s] GC(25)   Other: 0.2ms
[2020-04-17T10:57:17.884+0800][18.318s] GC(25) Eden regions: 128->0(128)
[2020-04-17T10:57:17.884+0800][18.318s] GC(25) Survivor regions: 0->0(32)
[2020-04-17T10:57:17.884+0800][18.318s] GC(25) Old regions: 319->319
[2020-04-17T10:57:17.884+0800][18.318s] GC(25) Archive regions: 2->2
[2020-04-17T10:57:17.884+0800][18.318s] GC(25) Humongous regions: 1->1
[2020-04-17T10:57:17.884+0800][18.318s] GC(25) Metaspace: 39321K(40448K)->39321K(40448K) NonClass: 34583K(35328K)->34583K(35328K) Class: 4738K(5120K)->4738K(5120K)
[2020-04-17T10:57:17.884+0800][18.318s] GC(25) Pause Young (Normal) (G1 Evacuation Pause) 448M->320M(512M) 0.901ms
[2020-04-17T10:57:17.884+0800][18.318s] GC(25) User=0.00s Sys=0.00s Real=0.00s
[2020-04-17T10:57:17.955+0800][18.389s] GC(26) Pause Young (Normal) (G1 Evacuation Pause)
[2020-04-17T10:57:17.955+0800][18.389s] GC(26) Using 4 workers of 4 for evacuation
[2020-04-17T10:57:17.956+0800][18.390s] GC(26)   Pre Evacuate Collection Set: 0.1ms
[2020-04-17T10:57:17.956+0800][18.390s] GC(26)   Merge Heap Roots: 0.0ms
[2020-04-17T10:57:17.956+0800][18.390s] GC(26)   Evacuate Collection Set: 0.8ms
[2020-04-17T10:57:17.956+0800][18.390s] GC(26)   Post Evacuate Collection Set: 0.3ms
[2020-04-17T10:57:17.956+0800][18.390s] GC(26)   Other: 0.1ms
[2020-04-17T10:57:17.956+0800][18.390s] GC(26) Eden regions: 128->0(128)
[2020-04-17T10:57:17.956+0800][18.390s] GC(26) Survivor regions: 0->0(32)
[2020-04-17T10:57:17.956+0800][18.390s] GC(26) Old regions: 319->319
[2020-04-17T10:57:17.956+0800][18.390s] GC(26) Archive regions: 2->2
[2020-04-17T10:57:17.956+0800][18.390s] GC(26) Humongous regions: 1->1
[2020-04-17T10:57:17.956+0800][18.390s] GC(26) Metaspace: 39321K(40448K)->39321K(40448K) NonClass: 34583K(35328K)->34583K(35328K) Class: 4738K(5120K)->4738K(5120K)
[2020-04-17T10:57:17.956+0800][18.390s] GC(26) Pause Young (Normal) (G1 Evacuation Pause) 448M->320M(512M) 1.498ms
[2020-04-17T10:57:17.956+0800][18.390s] GC(26) User=0.00s Sys=0.00s Real=0.00s
[2020-04-17T10:57:18.040+0800][18.475s] GC(27) Pause Young (Normal) (G1 Evacuation Pause)
[2020-04-17T10:57:18.040+0800][18.475s] GC(27) Using 4 workers of 4 for evacuation
[2020-04-17T10:57:18.041+0800][18.475s] GC(27)   Pre Evacuate Collection Set: 0.0ms
[2020-04-17T10:57:18.041+0800][18.475s] GC(27)   Merge Heap Roots: 0.0ms
[2020-04-17T10:57:18.041+0800][18.475s] GC(27)   Evacuate Collection Set: 0.2ms
[2020-04-17T10:57:18.041+0800][18.475s] GC(27)   Post Evacuate Collection Set: 0.3ms
[2020-04-17T10:57:18.041+0800][18.475s] GC(27)   Other: 0.2ms
[2020-04-17T10:57:18.041+0800][18.475s] GC(27) Eden regions: 128->0(128)
[2020-04-17T10:57:18.041+0800][18.475s] GC(27) Survivor regions: 0->0(32)
[2020-04-17T10:57:18.041+0800][18.475s] GC(27) Old regions: 319->319
[2020-04-17T10:57:18.041+0800][18.475s] GC(27) Archive regions: 2->2
[2020-04-17T10:57:18.041+0800][18.475s] GC(27) Humongous regions: 1->1
[2020-04-17T10:57:18.041+0800][18.475s] GC(27) Metaspace: 39321K(40448K)->39321K(40448K) NonClass: 34583K(35328K)->34583K(35328K) Class: 4738K(5120K)->4738K(5120K)
[2020-04-17T10:57:18.041+0800][18.475s] GC(27) Pause Young (Normal) (G1 Evacuation Pause) 448M->320M(512M) 0.842ms
[2020-04-17T10:57:18.041+0800][18.475s] GC(27) User=0.00s Sys=0.00s Real=0.00s
[2020-04-17T10:57:18.068+0800][18.502s] GC(18) Concurrent Rebuild Remembered Sets 241.470ms
[2020-04-17T10:57:18.068+0800][18.503s] GC(18) Pause Cleanup
[2020-04-17T10:57:18.069+0800][18.503s] GC(18) Pause Cleanup 361M->361M(512M) 0.295ms
[2020-04-17T10:57:18.069+0800][18.503s] GC(18) User=0.00s Sys=0.00s Real=0.00s
[2020-04-17T10:57:18.069+0800][18.503s] GC(18) Concurrent Cleanup for Next Mark
[2020-04-17T10:57:18.070+0800][18.504s] GC(18) Concurrent Cleanup for Next Mark 0.726ms
[2020-04-17T10:57:18.070+0800][18.504s] GC(18) Concurrent Cycle 797.423ms
[2020-04-17T10:57:18.090+0800][18.524s] GC(28) Pause Young (Normal) (G1 Evacuation Pause)
[2020-04-17T10:57:18.090+0800][18.524s] GC(28) Using 4 workers of 4 for evacuation
[2020-04-17T10:57:18.091+0800][18.525s] GC(28)   Pre Evacuate Collection Set: 0.1ms
[2020-04-17T10:57:18.091+0800][18.525s] GC(28)   Merge Heap Roots: 0.1ms
[2020-04-17T10:57:18.091+0800][18.525s] GC(28)   Evacuate Collection Set: 0.2ms
[2020-04-17T10:57:18.091+0800][18.525s] GC(28)   Post Evacuate Collection Set: 0.3ms
[2020-04-17T10:57:18.091+0800][18.525s] GC(28)   Other: 0.1ms
[2020-04-17T10:57:18.091+0800][18.525s] GC(28) Eden regions: 128->0(128)
[2020-04-17T10:57:18.091+0800][18.525s] GC(28) Survivor regions: 0->0(32)
[2020-04-17T10:57:18.091+0800][18.525s] GC(28) Old regions: 319->319
[2020-04-17T10:57:18.091+0800][18.525s] GC(28) Archive regions: 2->2
[2020-04-17T10:57:18.091+0800][18.525s] GC(28) Humongous regions: 1->1
[2020-04-17T10:57:18.091+0800][18.525s] GC(28) Metaspace: 39321K(40448K)->39321K(40448K) NonClass: 34583K(35328K)->34583K(35328K) Class: 4738K(5120K)->4738K(5120K)
[2020-04-17T10:57:18.091+0800][18.525s] GC(28) Pause Young (Normal) (G1 Evacuation Pause) 448M->320M(512M) 0.793ms
[2020-04-17T10:57:18.091+0800][18.525s] GC(28) User=0.00s Sys=0.00s Real=0.00s
[2020-04-17T10:57:18.129+0800][18.563s] GC(29) Pause Young (Concurrent Start) (G1 Evacuation Pause)
[2020-04-17T10:57:18.129+0800][18.564s] GC(29) Using 4 workers of 4 for evacuation
[2020-04-17T10:57:18.131+0800][18.565s] GC(29)   Pre Evacuate Collection Set: 0.1ms
[2020-04-17T10:57:18.131+0800][18.565s] GC(29)   Merge Heap Roots: 0.0ms
[2020-04-17T10:57:18.131+0800][18.565s] GC(29)   Evacuate Collection Set: 0.6ms
[2020-04-17T10:57:18.131+0800][18.565s] GC(29)   Post Evacuate Collection Set: 0.3ms
[2020-04-17T10:57:18.131+0800][18.565s] GC(29)   Other: 0.2ms
[2020-04-17T10:57:18.131+0800][18.565s] GC(29) Eden regions: 128->0(128)
[2020-04-17T10:57:18.131+0800][18.565s] GC(29) Survivor regions: 0->0(32)
[2020-04-17T10:57:18.131+0800][18.565s] GC(29) Old regions: 319->319
[2020-04-17T10:57:18.131+0800][18.565s] GC(29) Archive regions: 2->2
[2020-04-17T10:57:18.131+0800][18.565s] GC(29) Humongous regions: 1->1
[2020-04-17T10:57:18.131+0800][18.565s] GC(29) Metaspace: 39321K(40448K)->39321K(40448K) NonClass: 34583K(35328K)->34583K(35328K) Class: 4738K(5120K)->4738K(5120K)
[2020-04-17T10:57:18.131+0800][18.565s] GC(29) Pause Young (Concurrent Start) (G1 Evacuation Pause) 448M->320M(512M) 1.335ms
[2020-04-17T10:57:18.131+0800][18.565s] GC(29) User=0.00s Sys=0.00s Real=0.01s
[2020-04-17T10:57:18.131+0800][18.565s] GC(30) Concurrent Cycle
[2020-04-17T10:57:18.131+0800][18.565s] GC(30) Concurrent Clear Claimed Marks
[2020-04-17T10:57:18.131+0800][18.565s] GC(30) Concurrent Clear Claimed Marks 0.041ms
[2020-04-17T10:57:18.131+0800][18.565s] GC(30) Concurrent Scan Root Regions
[2020-04-17T10:57:18.131+0800][18.565s] GC(30) Concurrent Scan Root Regions 0.008ms
[2020-04-17T10:57:18.131+0800][18.565s] GC(30) Concurrent Mark (18.565s)
[2020-04-17T10:57:18.131+0800][18.565s] GC(30) Concurrent Mark From Roots
[2020-04-17T10:57:18.131+0800][18.565s] GC(30) Using 4 workers of 4 for marking
[2020-04-17T10:57:18.262+0800][18.696s] GC(31) Pause Young (Normal) (G1 Evacuation Pause)
[2020-04-17T10:57:18.262+0800][18.696s] GC(31) Using 4 workers of 4 for evacuation
[2020-04-17T10:57:18.263+0800][18.697s] GC(31)   Pre Evacuate Collection Set: 0.1ms
[2020-04-17T10:57:18.263+0800][18.697s] GC(31)   Merge Heap Roots: 0.1ms
[2020-04-17T10:57:18.263+0800][18.697s] GC(31)   Evacuate Collection Set: 0.4ms
[2020-04-17T10:57:18.263+0800][18.697s] GC(31)   Post Evacuate Collection Set: 0.4ms
[2020-04-17T10:57:18.263+0800][18.697s] GC(31)   Other: 0.2ms
[2020-04-17T10:57:18.263+0800][18.697s] GC(31) Eden regions: 128->0(128)
[2020-04-17T10:57:18.263+0800][18.697s] GC(31) Survivor regions: 0->0(32)
[2020-04-17T10:57:18.263+0800][18.697s] GC(31) Old regions: 319->319
[2020-04-17T10:57:18.263+0800][18.697s] GC(31) Archive regions: 2->2
[2020-04-17T10:57:18.263+0800][18.697s] GC(31) Humongous regions: 1->1
[2020-04-17T10:57:18.263+0800][18.697s] GC(31) Metaspace: 39321K(40448K)->39321K(40448K) NonClass: 34583K(35328K)->34583K(35328K) Class: 4738K(5120K)->4738K(5120K)
[2020-04-17T10:57:18.263+0800][18.697s] GC(31) Pause Young (Normal) (G1 Evacuation Pause) 448M->320M(512M) 1.184ms
[2020-04-17T10:57:18.263+0800][18.697s] GC(31) User=0.00s Sys=0.00s Real=0.00s
[2020-04-17T10:57:18.353+0800][18.787s] GC(32) Pause Young (Normal) (G1 Evacuation Pause)
[2020-04-17T10:57:18.353+0800][18.787s] GC(32) Using 4 workers of 4 for evacuation
[2020-04-17T10:57:18.354+0800][18.788s] GC(32)   Pre Evacuate Collection Set: 0.1ms
[2020-04-17T10:57:18.354+0800][18.788s] GC(32)   Merge Heap Roots: 0.0ms
[2020-04-17T10:57:18.354+0800][18.788s] GC(32)   Evacuate Collection Set: 0.4ms
[2020-04-17T10:57:18.354+0800][18.788s] GC(32)   Post Evacuate Collection Set: 0.3ms
[2020-04-17T10:57:18.354+0800][18.788s] GC(32)   Other: 0.2ms
[2020-04-17T10:57:18.354+0800][18.788s] GC(32) Eden regions: 128->0(128)
[2020-04-17T10:57:18.354+0800][18.788s] GC(32) Survivor regions: 0->0(32)
[2020-04-17T10:57:18.354+0800][18.788s] GC(32) Old regions: 319->319
[2020-04-17T10:57:18.354+0800][18.788s] GC(32) Archive regions: 2->2
[2020-04-17T10:57:18.354+0800][18.788s] GC(32) Humongous regions: 1->1
[2020-04-17T10:57:18.354+0800][18.788s] GC(32) Metaspace: 39321K(40448K)->39321K(40448K) NonClass: 34583K(35328K)->34583K(35328K) Class: 4738K(5120K)->4738K(5120K)
[2020-04-17T10:57:18.354+0800][18.788s] GC(32) Pause Young (Normal) (G1 Evacuation Pause) 448M->320M(512M) 1.097ms
[2020-04-17T10:57:18.354+0800][18.788s] GC(32) User=0.00s Sys=0.00s Real=0.00s
[2020-04-17T10:57:18.431+0800][18.865s] GC(33) Pause Young (Normal) (G1 Evacuation Pause)
[2020-04-17T10:57:18.431+0800][18.865s] GC(33) Using 4 workers of 4 for evacuation
[2020-04-17T10:57:18.432+0800][18.866s] GC(33)   Pre Evacuate Collection Set: 0.1ms
[2020-04-17T10:57:18.432+0800][18.866s] GC(33)   Merge Heap Roots: 0.1ms
[2020-04-17T10:57:18.432+0800][18.866s] GC(33)   Evacuate Collection Set: 0.2ms
[2020-04-17T10:57:18.432+0800][18.866s] GC(33)   Post Evacuate Collection Set: 0.3ms
[2020-04-17T10:57:18.432+0800][18.866s] GC(33)   Other: 0.2ms
[2020-04-17T10:57:18.432+0800][18.866s] GC(33) Eden regions: 128->0(128)
[2020-04-17T10:57:18.432+0800][18.866s] GC(33) Survivor regions: 0->0(32)
[2020-04-17T10:57:18.432+0800][18.866s] GC(33) Old regions: 319->319
[2020-04-17T10:57:18.432+0800][18.866s] GC(33) Archive regions: 2->2
[2020-04-17T10:57:18.432+0800][18.866s] GC(33) Humongous regions: 1->1
[2020-04-17T10:57:18.432+0800][18.866s] GC(33) Metaspace: 39321K(40448K)->39321K(40448K) NonClass: 34583K(35328K)->34583K(35328K) Class: 4738K(5120K)->4738K(5120K)
[2020-04-17T10:57:18.432+0800][18.866s] GC(33) Pause Young (Normal) (G1 Evacuation Pause) 448M->320M(512M) 0.848ms
[2020-04-17T10:57:18.432+0800][18.866s] GC(33) User=0.00s Sys=0.00s Real=0.00s
[2020-04-17T10:57:18.509+0800][18.943s] GC(34) Pause Young (Normal) (G1 Evacuation Pause)
[2020-04-17T10:57:18.509+0800][18.943s] GC(34) Using 4 workers of 4 for evacuation
[2020-04-17T10:57:18.510+0800][18.944s] GC(34)   Pre Evacuate Collection Set: 0.1ms
[2020-04-17T10:57:18.510+0800][18.944s] GC(34)   Merge Heap Roots: 0.0ms
[2020-04-17T10:57:18.510+0800][18.944s] GC(34)   Evacuate Collection Set: 0.2ms
[2020-04-17T10:57:18.510+0800][18.944s] GC(34)   Post Evacuate Collection Set: 0.3ms
[2020-04-17T10:57:18.510+0800][18.944s] GC(34)   Other: 0.2ms
[2020-04-17T10:57:18.510+0800][18.944s] GC(34) Eden regions: 128->0(128)
[2020-04-17T10:57:18.510+0800][18.944s] GC(34) Survivor regions: 0->0(32)
[2020-04-17T10:57:18.510+0800][18.944s] GC(34) Old regions: 319->319
[2020-04-17T10:57:18.510+0800][18.944s] GC(34) Archive regions: 2->2
[2020-04-17T10:57:18.510+0800][18.944s] GC(34) Humongous regions: 1->1
[2020-04-17T10:57:18.510+0800][18.944s] GC(34) Metaspace: 39321K(40448K)->39321K(40448K) NonClass: 34583K(35328K)->34583K(35328K) Class: 4738K(5120K)->4738K(5120K)
[2020-04-17T10:57:18.510+0800][18.944s] GC(34) Pause Young (Normal) (G1 Evacuation Pause) 448M->320M(512M) 0.833ms
[2020-04-17T10:57:18.510+0800][18.944s] GC(34) User=0.00s Sys=0.00s Real=0.01s
[2020-04-17T10:57:18.545+0800][18.979s] GC(30) Concurrent Mark From Roots 414.367ms
[2020-04-17T10:57:18.545+0800][18.979s] GC(30) Concurrent Preclean
[2020-04-17T10:57:18.545+0800][18.980s] GC(30) Concurrent Preclean 0.147ms
[2020-04-17T10:57:18.545+0800][18.980s] GC(30) Concurrent Mark (18.565s, 18.980s) 414.597ms
[2020-04-17T10:57:18.546+0800][18.980s] GC(30) Pause Remark
[2020-04-17T10:57:18.549+0800][18.983s] GC(30) Pause Remark 369M->369M(512M) 3.173ms
[2020-04-17T10:57:18.549+0800][18.983s] GC(30) User=0.01s Sys=0.00s Real=0.00s
[2020-04-17T10:57:18.555+0800][18.989s] GC(30) Concurrent Rebuild Remembered Sets
[2020-04-17T10:57:18.599+0800][19.033s] GC(35) Pause Young (Normal) (G1 Evacuation Pause)
[2020-04-17T10:57:18.599+0800][19.033s] GC(35) Using 4 workers of 4 for evacuation
[2020-04-17T10:57:18.600+0800][19.034s] GC(35)   Pre Evacuate Collection Set: 0.1ms
[2020-04-17T10:57:18.600+0800][19.034s] GC(35)   Merge Heap Roots: 0.0ms
[2020-04-17T10:57:18.600+0800][19.034s] GC(35)   Evacuate Collection Set: 0.2ms
[2020-04-17T10:57:18.600+0800][19.034s] GC(35)   Post Evacuate Collection Set: 0.3ms
[2020-04-17T10:57:18.600+0800][19.034s] GC(35)   Other: 0.1ms
[2020-04-17T10:57:18.600+0800][19.034s] GC(35) Eden regions: 128->0(128)
[2020-04-17T10:57:18.600+0800][19.034s] GC(35) Survivor regions: 0->0(32)
[2020-04-17T10:57:18.600+0800][19.034s] GC(35) Old regions: 319->319
[2020-04-17T10:57:18.600+0800][19.034s] GC(35) Archive regions: 2->2
[2020-04-17T10:57:18.600+0800][19.034s] GC(35) Humongous regions: 1->1
[2020-04-17T10:57:18.600+0800][19.034s] GC(35) Metaspace: 39321K(40448K)->39321K(40448K) NonClass: 34583K(35328K)->34583K(35328K) Class: 4738K(5120K)->4738K(5120K)
[2020-04-17T10:57:18.600+0800][19.034s] GC(35) Pause Young (Normal) (G1 Evacuation Pause) 448M->320M(512M) 0.809ms
[2020-04-17T10:57:18.600+0800][19.034s] GC(35) User=0.00s Sys=0.00s Real=0.01s
[2020-04-17T10:57:18.668+0800][19.102s] GC(36) Pause Young (Normal) (G1 Evacuation Pause)
[2020-04-17T10:57:18.668+0800][19.102s] GC(36) Using 4 workers of 4 for evacuation
[2020-04-17T10:57:18.669+0800][19.103s] GC(36)   Pre Evacuate Collection Set: 0.1ms
[2020-04-17T10:57:18.669+0800][19.103s] GC(36)   Merge Heap Roots: 0.1ms
[2020-04-17T10:57:18.669+0800][19.103s] GC(36)   Evacuate Collection Set: 0.2ms
[2020-04-17T10:57:18.669+0800][19.103s] GC(36)   Post Evacuate Collection Set: 0.3ms
[2020-04-17T10:57:18.669+0800][19.103s] GC(36)   Other: 0.1ms
[2020-04-17T10:57:18.669+0800][19.103s] GC(36) Eden regions: 128->0(128)
[2020-04-17T10:57:18.669+0800][19.103s] GC(36) Survivor regions: 0->0(32)
[2020-04-17T10:57:18.669+0800][19.103s] GC(36) Old regions: 319->319
[2020-04-17T10:57:18.669+0800][19.103s] GC(36) Archive regions: 2->2
[2020-04-17T10:57:18.669+0800][19.103s] GC(36) Humongous regions: 1->1
[2020-04-17T10:57:18.669+0800][19.103s] GC(36) Metaspace: 39321K(40448K)->39321K(40448K) NonClass: 34583K(35328K)->34583K(35328K) Class: 4738K(5120K)->4738K(5120K)
[2020-04-17T10:57:18.669+0800][19.103s] GC(36) Pause Young (Normal) (G1 Evacuation Pause) 448M->320M(512M) 0.830ms
[2020-04-17T10:57:18.669+0800][19.103s] GC(36) User=0.00s Sys=0.00s Real=0.00s
[2020-04-17T10:57:18.746+0800][19.180s] GC(37) Pause Young (Normal) (G1 Evacuation Pause)
[2020-04-17T10:57:18.746+0800][19.180s] GC(37) Using 4 workers of 4 for evacuation
[2020-04-17T10:57:18.747+0800][19.181s] GC(37)   Pre Evacuate Collection Set: 0.1ms
[2020-04-17T10:57:18.747+0800][19.181s] GC(37)   Merge Heap Roots: 0.3ms
[2020-04-17T10:57:18.747+0800][19.181s] GC(37)   Evacuate Collection Set: 0.7ms
[2020-04-17T10:57:18.747+0800][19.181s] GC(37)   Post Evacuate Collection Set: 0.3ms
[2020-04-17T10:57:18.747+0800][19.181s] GC(37)   Other: 0.3ms
[2020-04-17T10:57:18.747+0800][19.181s] GC(37) Eden regions: 128->0(128)
[2020-04-17T10:57:18.747+0800][19.181s] GC(37) Survivor regions: 0->0(32)
[2020-04-17T10:57:18.747+0800][19.181s] GC(37) Old regions: 319->319
[2020-04-17T10:57:18.747+0800][19.181s] GC(37) Archive regions: 2->2
[2020-04-17T10:57:18.747+0800][19.181s] GC(37) Humongous regions: 1->1
[2020-04-17T10:57:18.747+0800][19.181s] GC(37) Metaspace: 39321K(40448K)->39321K(40448K) NonClass: 34583K(35328K)->34583K(35328K) Class: 4738K(5120K)->4738K(5120K)
[2020-04-17T10:57:18.747+0800][19.181s] GC(37) Pause Young (Normal) (G1 Evacuation Pause) 448M->320M(512M) 1.619ms
[2020-04-17T10:57:18.747+0800][19.182s] GC(37) User=0.00s Sys=0.00s Real=0.00s
[2020-04-17T10:57:18.782+0800][19.217s] GC(30) Concurrent Rebuild Remembered Sets 227.747ms
[2020-04-17T10:57:18.783+0800][19.217s] GC(30) Pause Cleanup
[2020-04-17T10:57:18.783+0800][19.217s] GC(30) Pause Cleanup 383M->383M(512M) 0.297ms
[2020-04-17T10:57:18.783+0800][19.217s] GC(30) User=0.00s Sys=0.00s Real=0.00s
[2020-04-17T10:57:18.783+0800][19.217s] GC(30) Concurrent Cleanup for Next Mark
[2020-04-17T10:57:18.784+0800][19.218s] GC(30) Concurrent Cleanup for Next Mark 0.692ms
[2020-04-17T10:57:18.784+0800][19.218s] GC(30) Concurrent Cycle 652.948ms
[2020-04-17T10:57:18.807+0800][19.241s] GC(38) Pause Young (Normal) (G1 Evacuation Pause)
[2020-04-17T10:57:18.807+0800][19.241s] GC(38) Using 4 workers of 4 for evacuation
[2020-04-17T10:57:18.808+0800][19.242s] GC(38)   Pre Evacuate Collection Set: 0.1ms
[2020-04-17T10:57:18.808+0800][19.242s] GC(38)   Merge Heap Roots: 0.1ms
[2020-04-17T10:57:18.808+0800][19.242s] GC(38)   Evacuate Collection Set: 0.2ms
[2020-04-17T10:57:18.808+0800][19.242s] GC(38)   Post Evacuate Collection Set: 0.3ms
[2020-04-17T10:57:18.808+0800][19.242s] GC(38)   Other: 0.2ms
[2020-04-17T10:57:18.808+0800][19.242s] GC(38) Eden regions: 128->0(128)
[2020-04-17T10:57:18.808+0800][19.242s] GC(38) Survivor regions: 0->0(32)
[2020-04-17T10:57:18.808+0800][19.242s] GC(38) Old regions: 319->319
[2020-04-17T10:57:18.808+0800][19.242s] GC(38) Archive regions: 2->2
[2020-04-17T10:57:18.808+0800][19.242s] GC(38) Humongous regions: 1->1
[2020-04-17T10:57:18.808+0800][19.242s] GC(38) Metaspace: 39321K(40448K)->39321K(40448K) NonClass: 34583K(35328K)->34583K(35328K) Class: 4738K(5120K)->4738K(5120K)
[2020-04-17T10:57:18.808+0800][19.242s] GC(38) Pause Young (Normal) (G1 Evacuation Pause) 448M->320M(512M) 1.006ms
[2020-04-17T10:57:18.808+0800][19.242s] GC(38) User=0.00s Sys=0.00s Real=0.00s
[2020-04-17T10:57:18.847+0800][19.281s] GC(39) Pause Young (Concurrent Start) (G1 Evacuation Pause)
[2020-04-17T10:57:18.847+0800][19.281s] GC(39) Using 4 workers of 4 for evacuation
[2020-04-17T10:57:18.848+0800][19.282s] GC(39)   Pre Evacuate Collection Set: 0.1ms
[2020-04-17T10:57:18.848+0800][19.282s] GC(39)   Merge Heap Roots: 0.0ms
[2020-04-17T10:57:18.848+0800][19.282s] GC(39)   Evacuate Collection Set: 0.8ms
[2020-04-17T10:57:18.848+0800][19.282s] GC(39)   Post Evacuate Collection Set: 0.3ms
[2020-04-17T10:57:18.848+0800][19.282s] GC(39)   Other: 0.2ms
[2020-04-17T10:57:18.848+0800][19.282s] GC(39) Eden regions: 128->0(128)
[2020-04-17T10:57:18.848+0800][19.282s] GC(39) Survivor regions: 0->0(32)
[2020-04-17T10:57:18.848+0800][19.282s] GC(39) Old regions: 319->319
[2020-04-17T10:57:18.848+0800][19.282s] GC(39) Archive regions: 2->2
[2020-04-17T10:57:18.848+0800][19.283s] GC(39) Humongous regions: 1->1
[2020-04-17T10:57:18.848+0800][19.283s] GC(39) Metaspace: 39321K(40448K)->39321K(40448K) NonClass: 34583K(35328K)->34583K(35328K) Class: 4738K(5120K)->4738K(5120K)
[2020-04-17T10:57:18.848+0800][19.283s] GC(39) Pause Young (Concurrent Start) (G1 Evacuation Pause) 448M->320M(512M) 1.599ms
[2020-04-17T10:57:18.848+0800][19.283s] GC(39) User=0.00s Sys=0.00s Real=0.00s
[2020-04-17T10:57:18.848+0800][19.283s] GC(40) Concurrent Cycle
[2020-04-17T10:57:18.848+0800][19.283s] GC(40) Concurrent Clear Claimed Marks
[2020-04-17T10:57:18.849+0800][19.283s] GC(40) Concurrent Clear Claimed Marks 0.059ms
[2020-04-17T10:57:18.849+0800][19.283s] GC(40) Concurrent Scan Root Regions
[2020-04-17T10:57:18.849+0800][19.283s] GC(40) Concurrent Scan Root Regions 0.012ms
[2020-04-17T10:57:18.849+0800][19.283s] GC(40) Concurrent Mark (19.283s)
[2020-04-17T10:57:18.849+0800][19.283s] GC(40) Concurrent Mark From Roots
[2020-04-17T10:57:18.849+0800][19.283s] GC(40) Using 4 workers of 4 for marking
[2020-04-17T10:57:19.068+0800][19.502s] GC(41) Pause Young (Normal) (G1 Evacuation Pause)
[2020-04-17T10:57:19.068+0800][19.502s] GC(41) Using 4 workers of 4 for evacuation
[2020-04-17T10:57:19.069+0800][19.503s] GC(41)   Pre Evacuate Collection Set: 0.0ms
[2020-04-17T10:57:19.069+0800][19.503s] GC(41)   Merge Heap Roots: 0.0ms
[2020-04-17T10:57:19.069+0800][19.503s] GC(41)   Evacuate Collection Set: 0.6ms
[2020-04-17T10:57:19.069+0800][19.503s] GC(41)   Post Evacuate Collection Set: 0.3ms
[2020-04-17T10:57:19.069+0800][19.503s] GC(41)   Other: 0.2ms
[2020-04-17T10:57:19.069+0800][19.503s] GC(41) Eden regions: 128->0(127)
[2020-04-17T10:57:19.069+0800][19.503s] GC(41) Survivor regions: 0->1(32)
[2020-04-17T10:57:19.069+0800][19.503s] GC(41) Old regions: 319->319
[2020-04-17T10:57:19.069+0800][19.503s] GC(41) Archive regions: 2->2
[2020-04-17T10:57:19.069+0800][19.503s] GC(41) Humongous regions: 1->1
[2020-04-17T10:57:19.069+0800][19.503s] GC(41) Metaspace: 39335K(40448K)->39335K(40448K) NonClass: 34597K(35328K)->34597K(35328K) Class: 4738K(5120K)->4738K(5120K)
[2020-04-17T10:57:19.069+0800][19.503s] GC(41) Pause Young (Normal) (G1 Evacuation Pause) 448M->320M(512M) 1.261ms
[2020-04-17T10:57:19.069+0800][19.503s] GC(41) User=0.00s Sys=0.00s Real=0.00s
[2020-04-17T10:57:19.187+0800][19.622s] GC(42) Pause Young (Normal) (G1 Evacuation Pause)
[2020-04-17T10:57:19.188+0800][19.622s] GC(42) Using 4 workers of 4 for evacuation
[2020-04-17T10:57:19.188+0800][19.623s] GC(42)   Pre Evacuate Collection Set: 0.0ms
[2020-04-17T10:57:19.188+0800][19.623s] GC(42)   Merge Heap Roots: 0.0ms
[2020-04-17T10:57:19.188+0800][19.623s] GC(42)   Evacuate Collection Set: 0.4ms
[2020-04-17T10:57:19.188+0800][19.623s] GC(42)   Post Evacuate Collection Set: 0.3ms
[2020-04-17T10:57:19.189+0800][19.623s] GC(42)   Other: 0.2ms
[2020-04-17T10:57:19.189+0800][19.623s] GC(42) Eden regions: 127->0(127)
[2020-04-17T10:57:19.189+0800][19.623s] GC(42) Survivor regions: 1->1(32)
[2020-04-17T10:57:19.189+0800][19.623s] GC(42) Old regions: 319->319
[2020-04-17T10:57:19.189+0800][19.623s] GC(42) Archive regions: 2->2
[2020-04-17T10:57:19.189+0800][19.623s] GC(42) Humongous regions: 1->1
[2020-04-17T10:57:19.189+0800][19.623s] GC(42) Metaspace: 39335K(40448K)->39335K(40448K) NonClass: 34597K(35328K)->34597K(35328K) Class: 4738K(5120K)->4738K(5120K)
[2020-04-17T10:57:19.189+0800][19.623s] GC(42) Pause Young (Normal) (G1 Evacuation Pause) 447M->320M(512M) 1.137ms
[2020-04-17T10:57:19.189+0800][19.623s] GC(42) User=0.00s Sys=0.00s Real=0.00s
[2020-04-17T10:57:19.272+0800][19.706s] GC(43) Pause Young (Normal) (G1 Evacuation Pause)
[2020-04-17T10:57:19.272+0800][19.707s] GC(43) Using 4 workers of 4 for evacuation
[2020-04-17T10:57:19.275+0800][19.709s] GC(43)   Pre Evacuate Collection Set: 0.1ms
[2020-04-17T10:57:19.275+0800][19.709s] GC(43)   Merge Heap Roots: 0.0ms
[2020-04-17T10:57:19.275+0800][19.709s] GC(43)   Evacuate Collection Set: 0.3ms
[2020-04-17T10:57:19.275+0800][19.709s] GC(43)   Post Evacuate Collection Set: 1.8ms
[2020-04-17T10:57:19.275+0800][19.709s] GC(43)   Other: 0.2ms
[2020-04-17T10:57:19.275+0800][19.709s] GC(43) Eden regions: 127->0(127)
[2020-04-17T10:57:19.275+0800][19.709s] GC(43) Survivor regions: 1->1(32)
[2020-04-17T10:57:19.275+0800][19.709s] GC(43) Old regions: 319->319
[2020-04-17T10:57:19.275+0800][19.709s] GC(43) Archive regions: 2->2
[2020-04-17T10:57:19.275+0800][19.709s] GC(43) Humongous regions: 1->1
[2020-04-17T10:57:19.275+0800][19.709s] GC(43) Metaspace: 39335K(40448K)->39335K(40448K) NonClass: 34597K(35328K)->34597K(35328K) Class: 4738K(5120K)->4738K(5120K)
[2020-04-17T10:57:19.275+0800][19.709s] GC(43) Pause Young (Normal) (G1 Evacuation Pause) 447M->320M(512M) 2.566ms
[2020-04-17T10:57:19.275+0800][19.709s] GC(43) User=0.00s Sys=0.00s Real=0.00s
[2020-04-17T10:57:19.338+0800][19.773s] GC(40) Concurrent Mark From Roots 489.823ms
[2020-04-17T10:57:19.338+0800][19.773s] GC(40) Concurrent Preclean
[2020-04-17T10:57:19.339+0800][19.773s] GC(40) Concurrent Preclean 0.183ms
[2020-04-17T10:57:19.339+0800][19.773s] GC(40) Concurrent Mark (19.283s, 19.773s) 490.117ms
[2020-04-17T10:57:19.339+0800][19.773s] GC(40) Pause Remark
[2020-04-17T10:57:19.342+0800][19.776s] GC(40) Pause Remark 408M->408M(512M) 3.128ms
[2020-04-17T10:57:19.342+0800][19.776s] GC(40) User=0.01s Sys=0.00s Real=0.01s
[2020-04-17T10:57:19.342+0800][19.776s] GC(40) Concurrent Rebuild Remembered Sets
[2020-04-17T10:57:19.376+0800][19.810s] GC(44) Pause Young (Normal) (G1 Evacuation Pause)
[2020-04-17T10:57:19.376+0800][19.810s] GC(44) Using 4 workers of 4 for evacuation
[2020-04-17T10:57:19.377+0800][19.811s] GC(44)   Pre Evacuate Collection Set: 0.1ms
[2020-04-17T10:57:19.377+0800][19.811s] GC(44)   Merge Heap Roots: 0.0ms
[2020-04-17T10:57:19.377+0800][19.811s] GC(44)   Evacuate Collection Set: 0.5ms
[2020-04-17T10:57:19.377+0800][19.811s] GC(44)   Post Evacuate Collection Set: 0.3ms
[2020-04-17T10:57:19.377+0800][19.811s] GC(44)   Other: 0.1ms
[2020-04-17T10:57:19.377+0800][19.811s] GC(44) Eden regions: 127->0(127)
[2020-04-17T10:57:19.377+0800][19.811s] GC(44) Survivor regions: 1->1(32)
[2020-04-17T10:57:19.377+0800][19.811s] GC(44) Old regions: 319->319
[2020-04-17T10:57:19.377+0800][19.811s] GC(44) Archive regions: 2->2
[2020-04-17T10:57:19.377+0800][19.811s] GC(44) Humongous regions: 1->1
[2020-04-17T10:57:19.377+0800][19.811s] GC(44) Metaspace: 39335K(40448K)->39335K(40448K) NonClass: 34597K(35328K)->34597K(35328K) Class: 4738K(5120K)->4738K(5120K)
[2020-04-17T10:57:19.377+0800][19.811s] GC(44) Pause Young (Normal) (G1 Evacuation Pause) 447M->320M(512M) 1.301ms
[2020-04-17T10:57:19.377+0800][19.811s] GC(44) User=0.00s Sys=0.00s Real=0.00s
[2020-04-17T10:57:19.451+0800][19.885s] GC(45) Pause Young (Normal) (G1 Evacuation Pause)
[2020-04-17T10:57:19.451+0800][19.885s] GC(45) Using 4 workers of 4 for evacuation
[2020-04-17T10:57:19.452+0800][19.886s] GC(45)   Pre Evacuate Collection Set: 0.0ms
[2020-04-17T10:57:19.452+0800][19.886s] GC(45)   Merge Heap Roots: 0.0ms
[2020-04-17T10:57:19.452+0800][19.886s] GC(45)   Evacuate Collection Set: 0.4ms
[2020-04-17T10:57:19.452+0800][19.886s] GC(45)   Post Evacuate Collection Set: 0.3ms
[2020-04-17T10:57:19.452+0800][19.886s] GC(45)   Other: 0.2ms
[2020-04-17T10:57:19.452+0800][19.886s] GC(45) Eden regions: 127->0(127)
[2020-04-17T10:57:19.452+0800][19.886s] GC(45) Survivor regions: 1->1(32)
[2020-04-17T10:57:19.452+0800][19.886s] GC(45) Old regions: 319->319
[2020-04-17T10:57:19.452+0800][19.886s] GC(45) Archive regions: 2->2
[2020-04-17T10:57:19.452+0800][19.886s] GC(45) Humongous regions: 1->1
[2020-04-17T10:57:19.452+0800][19.886s] GC(45) Metaspace: 39335K(40448K)->39335K(40448K) NonClass: 34597K(35328K)->34597K(35328K) Class: 4738K(5120K)->4738K(5120K)
[2020-04-17T10:57:19.452+0800][19.886s] GC(45) Pause Young (Normal) (G1 Evacuation Pause) 447M->320M(512M) 0.985ms
[2020-04-17T10:57:19.452+0800][19.886s] GC(45) User=0.00s Sys=0.00s Real=0.00s
[2020-04-17T10:57:19.537+0800][19.971s] GC(46) Pause Young (Normal) (G1 Evacuation Pause)
[2020-04-17T10:57:19.537+0800][19.971s] GC(46) Using 4 workers of 4 for evacuation
[2020-04-17T10:57:19.538+0800][19.972s] GC(46)   Pre Evacuate Collection Set: 0.1ms
[2020-04-17T10:57:19.538+0800][19.972s] GC(46)   Merge Heap Roots: 0.0ms
[2020-04-17T10:57:19.538+0800][19.972s] GC(46)   Evacuate Collection Set: 0.4ms
[2020-04-17T10:57:19.538+0800][19.972s] GC(46)   Post Evacuate Collection Set: 0.3ms
[2020-04-17T10:57:19.538+0800][19.972s] GC(46)   Other: 0.2ms
[2020-04-17T10:57:19.538+0800][19.972s] GC(46) Eden regions: 127->0(127)
[2020-04-17T10:57:19.538+0800][19.972s] GC(46) Survivor regions: 1->1(32)
[2020-04-17T10:57:19.538+0800][19.972s] GC(46) Old regions: 319->319
[2020-04-17T10:57:19.538+0800][19.972s] GC(46) Archive regions: 2->2
[2020-04-17T10:57:19.538+0800][19.972s] GC(46) Humongous regions: 1->1
[2020-04-17T10:57:19.538+0800][19.972s] GC(46) Metaspace: 39335K(40448K)->39335K(40448K) NonClass: 34597K(35328K)->34597K(35328K) Class: 4738K(5120K)->4738K(5120K)
[2020-04-17T10:57:19.538+0800][19.972s] GC(46) Pause Young (Normal) (G1 Evacuation Pause) 447M->320M(512M) 1.071ms
[2020-04-17T10:57:19.538+0800][19.972s] GC(46) User=0.00s Sys=0.00s Real=0.00s
[2020-04-17T10:57:19.615+0800][20.049s] GC(40) Concurrent Rebuild Remembered Sets 273.115ms
[2020-04-17T10:57:19.616+0800][20.050s] GC(40) Pause Cleanup
[2020-04-17T10:57:19.616+0800][20.050s] GC(40) Pause Cleanup 429M->429M(512M) 0.291ms
[2020-04-17T10:57:19.616+0800][20.050s] GC(40) User=0.01s Sys=0.00s Real=0.00s
[2020-04-17T10:57:19.616+0800][20.050s] GC(40) Concurrent Cleanup for Next Mark
[2020-04-17T10:57:19.617+0800][20.051s] GC(40) Concurrent Cleanup for Next Mark 0.895ms
[2020-04-17T10:57:19.617+0800][20.051s] GC(40) Concurrent Cycle 768.352ms
[2020-04-17T10:57:19.624+0800][20.058s] GC(47) Pause Young (Normal) (G1 Evacuation Pause)
[2020-04-17T10:57:19.624+0800][20.058s] GC(47) Using 4 workers of 4 for evacuation
[2020-04-17T10:57:19.625+0800][20.059s] GC(47)   Pre Evacuate Collection Set: 0.1ms
[2020-04-17T10:57:19.625+0800][20.059s] GC(47)   Merge Heap Roots: 0.0ms
[2020-04-17T10:57:19.625+0800][20.059s] GC(47)   Evacuate Collection Set: 0.5ms
[2020-04-17T10:57:19.625+0800][20.059s] GC(47)   Post Evacuate Collection Set: 0.4ms
[2020-04-17T10:57:19.625+0800][20.059s] GC(47)   Other: 0.2ms
[2020-04-17T10:57:19.625+0800][20.059s] GC(47) Eden regions: 127->0(127)
[2020-04-17T10:57:19.625+0800][20.059s] GC(47) Survivor regions: 1->1(32)
[2020-04-17T10:57:19.625+0800][20.059s] GC(47) Old regions: 319->319
[2020-04-17T10:57:19.625+0800][20.059s] GC(47) Archive regions: 2->2
[2020-04-17T10:57:19.625+0800][20.059s] GC(47) Humongous regions: 1->1
[2020-04-17T10:57:19.625+0800][20.059s] GC(47) Metaspace: 39335K(40448K)->39335K(40448K) NonClass: 34597K(35328K)->34597K(35328K) Class: 4738K(5120K)->4738K(5120K)
[2020-04-17T10:57:19.625+0800][20.059s] GC(47) Pause Young (Normal) (G1 Evacuation Pause) 447M->320M(512M) 1.320ms
[2020-04-17T10:57:19.625+0800][20.059s] GC(47) User=0.00s Sys=0.00s Real=0.00s
[2020-04-17T10:57:19.666+0800][20.101s] GC(48) Pause Young (Concurrent Start) (G1 Evacuation Pause)
[2020-04-17T10:57:19.666+0800][20.101s] GC(48) Using 4 workers of 4 for evacuation
[2020-04-17T10:57:19.668+0800][20.102s] GC(48)   Pre Evacuate Collection Set: 0.1ms
[2020-04-17T10:57:19.668+0800][20.102s] GC(48)   Merge Heap Roots: 0.0ms
[2020-04-17T10:57:19.668+0800][20.102s] GC(48)   Evacuate Collection Set: 0.6ms
[2020-04-17T10:57:19.668+0800][20.102s] GC(48)   Post Evacuate Collection Set: 0.3ms
[2020-04-17T10:57:19.668+0800][20.102s] GC(48)   Other: 0.1ms
[2020-04-17T10:57:19.668+0800][20.102s] GC(48) Eden regions: 127->0(127)
[2020-04-17T10:57:19.668+0800][20.102s] GC(48) Survivor regions: 1->1(32)
[2020-04-17T10:57:19.668+0800][20.102s] GC(48) Old regions: 319->319
[2020-04-17T10:57:19.668+0800][20.102s] GC(48) Archive regions: 2->2
[2020-04-17T10:57:19.668+0800][20.102s] GC(48) Humongous regions: 1->1
[2020-04-17T10:57:19.668+0800][20.102s] GC(48) Metaspace: 39335K(40448K)->39335K(40448K) NonClass: 34597K(35328K)->34597K(35328K) Class: 4738K(5120K)->4738K(5120K)
[2020-04-17T10:57:19.668+0800][20.102s] GC(48) Pause Young (Concurrent Start) (G1 Evacuation Pause) 447M->320M(512M) 1.312ms
[2020-04-17T10:57:19.668+0800][20.102s] GC(48) User=0.01s Sys=0.01s Real=0.00s
[2020-04-17T10:57:19.668+0800][20.102s] GC(49) Concurrent Cycle
[2020-04-17T10:57:19.668+0800][20.102s] GC(49) Concurrent Clear Claimed Marks
[2020-04-17T10:57:19.668+0800][20.102s] GC(49) Concurrent Clear Claimed Marks 0.054ms
[2020-04-17T10:57:19.668+0800][20.102s] GC(49) Concurrent Scan Root Regions
[2020-04-17T10:57:19.669+0800][20.103s] GC(49) Concurrent Scan Root Regions 0.623ms
[2020-04-17T10:57:19.669+0800][20.103s] GC(49) Concurrent Mark (20.103s)
[2020-04-17T10:57:19.669+0800][20.103s] GC(49) Concurrent Mark From Roots
[2020-04-17T10:57:19.669+0800][20.103s] GC(49) Using 4 workers of 4 for marking
[2020-04-17T10:57:19.788+0800][20.222s] GC(50) Pause Young (Normal) (G1 Evacuation Pause)
[2020-04-17T10:57:19.788+0800][20.222s] GC(50) Using 4 workers of 4 for evacuation
[2020-04-17T10:57:19.790+0800][20.224s] GC(50)   Pre Evacuate Collection Set: 0.1ms
[2020-04-17T10:57:19.790+0800][20.224s] GC(50)   Merge Heap Roots: 0.0ms
[2020-04-17T10:57:19.790+0800][20.224s] GC(50)   Evacuate Collection Set: 0.7ms
[2020-04-17T10:57:19.790+0800][20.224s] GC(50)   Post Evacuate Collection Set: 0.3ms
[2020-04-17T10:57:19.790+0800][20.224s] GC(50)   Other: 0.2ms
[2020-04-17T10:57:19.790+0800][20.224s] GC(50) Eden regions: 127->0(128)
[2020-04-17T10:57:19.790+0800][20.224s] GC(50) Survivor regions: 1->0(32)
[2020-04-17T10:57:19.790+0800][20.224s] GC(50) Old regions: 319->320
[2020-04-17T10:57:19.790+0800][20.224s] GC(50) Archive regions: 2->2
[2020-04-17T10:57:19.790+0800][20.224s] GC(50) Humongous regions: 1->1
[2020-04-17T10:57:19.790+0800][20.224s] GC(50) Metaspace: 39335K(40448K)->39335K(40448K) NonClass: 34597K(35328K)->34597K(35328K) Class: 4738K(5120K)->4738K(5120K)
[2020-04-17T10:57:19.790+0800][20.224s] GC(50) Pause Young (Normal) (G1 Evacuation Pause) 447M->320M(512M) 1.516ms
[2020-04-17T10:57:19.790+0800][20.224s] GC(50) User=0.00s Sys=0.00s Real=0.01s
[2020-04-17T10:57:19.878+0800][20.312s] GC(51) Pause Young (Normal) (G1 Evacuation Pause)
[2020-04-17T10:57:19.878+0800][20.312s] GC(51) Using 4 workers of 4 for evacuation
[2020-04-17T10:57:19.879+0800][20.313s] GC(51)   Pre Evacuate Collection Set: 0.1ms
[2020-04-17T10:57:19.879+0800][20.313s] GC(51)   Merge Heap Roots: 0.0ms
[2020-04-17T10:57:19.879+0800][20.313s] GC(51)   Evacuate Collection Set: 0.2ms
[2020-04-17T10:57:19.879+0800][20.313s] GC(51)   Post Evacuate Collection Set: 0.3ms
[2020-04-17T10:57:19.879+0800][20.313s] GC(51)   Other: 0.2ms
[2020-04-17T10:57:19.879+0800][20.313s] GC(51) Eden regions: 128->0(128)
[2020-04-17T10:57:19.879+0800][20.313s] GC(51) Survivor regions: 0->0(32)
[2020-04-17T10:57:19.879+0800][20.313s] GC(51) Old regions: 320->320
[2020-04-17T10:57:19.879+0800][20.313s] GC(51) Archive regions: 2->2
[2020-04-17T10:57:19.879+0800][20.313s] GC(51) Humongous regions: 1->1
[2020-04-17T10:57:19.879+0800][20.313s] GC(51) Metaspace: 39335K(40448K)->39335K(40448K) NonClass: 34597K(35328K)->34597K(35328K) Class: 4738K(5120K)->4738K(5120K)
[2020-04-17T10:57:19.879+0800][20.313s] GC(51) Pause Young (Normal) (G1 Evacuation Pause) 448M->320M(512M) 0.888ms
[2020-04-17T10:57:19.879+0800][20.313s] GC(51) User=0.00s Sys=0.00s Real=0.00s
[2020-04-17T10:57:19.951+0800][20.386s] GC(52) Pause Young (Normal) (G1 Evacuation Pause)
[2020-04-17T10:57:19.951+0800][20.386s] GC(52) Using 4 workers of 4 for evacuation
[2020-04-17T10:57:19.952+0800][20.386s] GC(52)   Pre Evacuate Collection Set: 0.1ms
[2020-04-17T10:57:19.952+0800][20.386s] GC(52)   Merge Heap Roots: 0.0ms
[2020-04-17T10:57:19.952+0800][20.386s] GC(52)   Evacuate Collection Set: 0.2ms
[2020-04-17T10:57:19.952+0800][20.386s] GC(52)   Post Evacuate Collection Set: 0.4ms
[2020-04-17T10:57:19.952+0800][20.387s] GC(52)   Other: 0.2ms
[2020-04-17T10:57:19.952+0800][20.387s] GC(52) Eden regions: 128->0(128)
[2020-04-17T10:57:19.952+0800][20.387s] GC(52) Survivor regions: 0->0(32)
[2020-04-17T10:57:19.952+0800][20.387s] GC(52) Old regions: 320->320
[2020-04-17T10:57:19.952+0800][20.387s] GC(52) Archive regions: 2->2
[2020-04-17T10:57:19.952+0800][20.387s] GC(52) Humongous regions: 1->1
[2020-04-17T10:57:19.952+0800][20.387s] GC(52) Metaspace: 39335K(40448K)->39335K(40448K) NonClass: 34597K(35328K)->34597K(35328K) Class: 4738K(5120K)->4738K(5120K)
[2020-04-17T10:57:19.953+0800][20.387s] GC(52) Pause Young (Normal) (G1 Evacuation Pause) 448M->320M(512M) 1.140ms
[2020-04-17T10:57:19.953+0800][20.387s] GC(52) User=0.00s Sys=0.00s Real=0.00s
[2020-04-17T10:57:20.040+0800][20.474s] GC(53) Pause Young (Normal) (G1 Evacuation Pause)
[2020-04-17T10:57:20.040+0800][20.475s] GC(53) Using 4 workers of 4 for evacuation
[2020-04-17T10:57:20.041+0800][20.475s] GC(53)   Pre Evacuate Collection Set: 0.1ms
[2020-04-17T10:57:20.041+0800][20.475s] GC(53)   Merge Heap Roots: 0.1ms
[2020-04-17T10:57:20.041+0800][20.475s] GC(53)   Evacuate Collection Set: 0.2ms
[2020-04-17T10:57:20.041+0800][20.475s] GC(53)   Post Evacuate Collection Set: 0.3ms
[2020-04-17T10:57:20.041+0800][20.475s] GC(53)   Other: 0.2ms
[2020-04-17T10:57:20.041+0800][20.475s] GC(53) Eden regions: 128->0(128)
[2020-04-17T10:57:20.041+0800][20.475s] GC(53) Survivor regions: 0->0(32)
[2020-04-17T10:57:20.041+0800][20.475s] GC(53) Old regions: 320->320
[2020-04-17T10:57:20.041+0800][20.475s] GC(53) Archive regions: 2->2
[2020-04-17T10:57:20.041+0800][20.475s] GC(53) Humongous regions: 1->1
[2020-04-17T10:57:20.041+0800][20.475s] GC(53) Metaspace: 39335K(40448K)->39335K(40448K) NonClass: 34597K(35328K)->34597K(35328K) Class: 4738K(5120K)->4738K(5120K)
[2020-04-17T10:57:20.041+0800][20.475s] GC(53) Pause Young (Normal) (G1 Evacuation Pause) 448M->320M(512M) 0.920ms
[2020-04-17T10:57:20.041+0800][20.475s] GC(53) User=0.00s Sys=0.00s Real=0.00s
[2020-04-17T10:57:20.110+0800][20.544s] GC(49) Concurrent Mark From Roots 441.660ms
[2020-04-17T10:57:20.110+0800][20.544s] GC(49) Concurrent Preclean
[2020-04-17T10:57:20.110+0800][20.544s] GC(49) Concurrent Preclean 0.103ms
[2020-04-17T10:57:20.110+0800][20.545s] GC(49) Concurrent Mark (20.103s, 20.544s) 441.842ms
[2020-04-17T10:57:20.111+0800][20.545s] GC(49) Pause Remark
[2020-04-17T10:57:20.114+0800][20.548s] GC(49) Pause Remark 438M->438M(512M) 3.220ms
[2020-04-17T10:57:20.114+0800][20.548s] GC(49) User=0.01s Sys=0.00s Real=0.00s
[2020-04-17T10:57:20.114+0800][20.548s] GC(49) Concurrent Rebuild Remembered Sets
[2020-04-17T10:57:20.118+0800][20.553s] GC(54) Pause Young (Normal) (G1 Evacuation Pause)
[2020-04-17T10:57:20.118+0800][20.553s] GC(54) Using 4 workers of 4 for evacuation
[2020-04-17T10:57:20.119+0800][20.553s] GC(54)   Pre Evacuate Collection Set: 0.1ms
[2020-04-17T10:57:20.119+0800][20.553s] GC(54)   Merge Heap Roots: 0.0ms
[2020-04-17T10:57:20.119+0800][20.553s] GC(54)   Evacuate Collection Set: 0.2ms
[2020-04-17T10:57:20.119+0800][20.553s] GC(54)   Post Evacuate Collection Set: 0.4ms
[2020-04-17T10:57:20.119+0800][20.553s] GC(54)   Other: 0.1ms
[2020-04-17T10:57:20.119+0800][20.553s] GC(54) Eden regions: 128->0(128)
[2020-04-17T10:57:20.119+0800][20.553s] GC(54) Survivor regions: 0->0(32)
[2020-04-17T10:57:20.119+0800][20.553s] GC(54) Old regions: 320->320
[2020-04-17T10:57:20.119+0800][20.553s] GC(54) Archive regions: 2->2
[2020-04-17T10:57:20.119+0800][20.553s] GC(54) Humongous regions: 1->1
[2020-04-17T10:57:20.119+0800][20.553s] GC(54) Metaspace: 39335K(40448K)->39335K(40448K) NonClass: 34597K(35328K)->34597K(35328K) Class: 4738K(5120K)->4738K(5120K)
[2020-04-17T10:57:20.119+0800][20.553s] GC(54) Pause Young (Normal) (G1 Evacuation Pause) 448M->320M(512M) 0.819ms
[2020-04-17T10:57:20.119+0800][20.553s] GC(54) User=0.01s Sys=0.01s Real=0.00s
[2020-04-17T10:57:20.200+0800][20.635s] GC(55) Pause Young (Normal) (G1 Evacuation Pause)
[2020-04-17T10:57:20.200+0800][20.635s] GC(55) Using 4 workers of 4 for evacuation
[2020-04-17T10:57:20.201+0800][20.635s] GC(55)   Pre Evacuate Collection Set: 0.1ms
[2020-04-17T10:57:20.201+0800][20.635s] GC(55)   Merge Heap Roots: 0.0ms
[2020-04-17T10:57:20.201+0800][20.635s] GC(55)   Evacuate Collection Set: 0.2ms
[2020-04-17T10:57:20.201+0800][20.635s] GC(55)   Post Evacuate Collection Set: 0.3ms
[2020-04-17T10:57:20.201+0800][20.635s] GC(55)   Other: 0.2ms
[2020-04-17T10:57:20.201+0800][20.635s] GC(55) Eden regions: 128->0(128)
[2020-04-17T10:57:20.201+0800][20.635s] GC(55) Survivor regions: 0->0(32)
[2020-04-17T10:57:20.201+0800][20.635s] GC(55) Old regions: 320->320
[2020-04-17T10:57:20.201+0800][20.635s] GC(55) Archive regions: 2->2
[2020-04-17T10:57:20.201+0800][20.635s] GC(55) Humongous regions: 1->1
[2020-04-17T10:57:20.201+0800][20.635s] GC(55) Metaspace: 39335K(40448K)->39335K(40448K) NonClass: 34597K(35328K)->34597K(35328K) Class: 4738K(5120K)->4738K(5120K)
[2020-04-17T10:57:20.201+0800][20.635s] GC(55) Pause Young (Normal) (G1 Evacuation Pause) 448M->320M(512M) 0.912ms
[2020-04-17T10:57:20.201+0800][20.635s] GC(55) User=0.00s Sys=0.00s Real=0.00s
[2020-04-17T10:57:20.301+0800][20.735s] GC(56) Pause Young (Normal) (G1 Evacuation Pause)
[2020-04-17T10:57:20.301+0800][20.735s] GC(56) Using 4 workers of 4 for evacuation
[2020-04-17T10:57:20.302+0800][20.736s] GC(56)   Pre Evacuate Collection Set: 0.1ms
[2020-04-17T10:57:20.302+0800][20.736s] GC(56)   Merge Heap Roots: 0.1ms
[2020-04-17T10:57:20.302+0800][20.736s] GC(56)   Evacuate Collection Set: 0.3ms
[2020-04-17T10:57:20.302+0800][20.736s] GC(56)   Post Evacuate Collection Set: 0.3ms
[2020-04-17T10:57:20.302+0800][20.736s] GC(56)   Other: 0.2ms
[2020-04-17T10:57:20.302+0800][20.736s] GC(56) Eden regions: 128->0(128)
[2020-04-17T10:57:20.302+0800][20.736s] GC(56) Survivor regions: 0->0(32)
[2020-04-17T10:57:20.302+0800][20.736s] GC(56) Old regions: 320->320
[2020-04-17T10:57:20.302+0800][20.736s] GC(56) Archive regions: 2->2
[2020-04-17T10:57:20.302+0800][20.736s] GC(56) Humongous regions: 1->1
[2020-04-17T10:57:20.302+0800][20.736s] GC(56) Metaspace: 39335K(40448K)->39335K(40448K) NonClass: 34597K(35328K)->34597K(35328K) Class: 4738K(5120K)->4738K(5120K)
[2020-04-17T10:57:20.302+0800][20.736s] GC(56) Pause Young (Normal) (G1 Evacuation Pause) 448M->320M(512M) 1.070ms
[2020-04-17T10:57:20.302+0800][20.736s] GC(56) User=0.00s Sys=0.00s Real=0.00s
[2020-04-17T10:57:20.333+0800][20.767s] GC(49) Concurrent Rebuild Remembered Sets 219.019ms
[2020-04-17T10:57:20.333+0800][20.767s] GC(49) Pause Cleanup
[2020-04-17T10:57:20.333+0800][20.768s] GC(49) Pause Cleanup 369M->369M(512M) 0.290ms
[2020-04-17T10:57:20.333+0800][20.768s] GC(49) User=0.00s Sys=0.00s Real=0.00s
[2020-04-17T10:57:20.334+0800][20.768s] GC(49) Concurrent Cleanup for Next Mark
[2020-04-17T10:57:20.334+0800][20.768s] GC(49) Concurrent Cleanup for Next Mark 0.689ms
[2020-04-17T10:57:20.334+0800][20.768s] GC(49) Concurrent Cycle 666.429ms
[2020-04-17T10:57:20.360+0800][20.795s] GC(57) Pause Young (Normal) (G1 Evacuation Pause)
[2020-04-17T10:57:20.360+0800][20.795s] GC(57) Using 4 workers of 4 for evacuation
[2020-04-17T10:57:20.361+0800][20.795s] GC(57)   Pre Evacuate Collection Set: 0.1ms
[2020-04-17T10:57:20.361+0800][20.795s] GC(57)   Merge Heap Roots: 0.0ms
[2020-04-17T10:57:20.361+0800][20.795s] GC(57)   Evacuate Collection Set: 0.3ms
[2020-04-17T10:57:20.361+0800][20.795s] GC(57)   Post Evacuate Collection Set: 0.3ms
[2020-04-17T10:57:20.361+0800][20.795s] GC(57)   Other: 0.1ms
[2020-04-17T10:57:20.361+0800][20.795s] GC(57) Eden regions: 128->0(128)
[2020-04-17T10:57:20.361+0800][20.795s] GC(57) Survivor regions: 0->0(32)
[2020-04-17T10:57:20.361+0800][20.795s] GC(57) Old regions: 320->320
[2020-04-17T10:57:20.361+0800][20.795s] GC(57) Archive regions: 2->2
[2020-04-17T10:57:20.361+0800][20.795s] GC(57) Humongous regions: 1->1
[2020-04-17T10:57:20.361+0800][20.795s] GC(57) Metaspace: 39335K(40448K)->39335K(40448K) NonClass: 34597K(35328K)->34597K(35328K) Class: 4738K(5120K)->4738K(5120K)
[2020-04-17T10:57:20.361+0800][20.795s] GC(57) Pause Young (Normal) (G1 Evacuation Pause) 448M->320M(512M) 0.936ms
[2020-04-17T10:57:20.361+0800][20.795s] GC(57) User=0.00s Sys=0.00s Real=0.00s
[2020-04-17T10:57:20.397+0800][20.831s] GC(58) Pause Young (Concurrent Start) (G1 Evacuation Pause)
[2020-04-17T10:57:20.397+0800][20.831s] GC(58) Using 4 workers of 4 for evacuation
[2020-04-17T10:57:20.398+0800][20.833s] GC(58)   Pre Evacuate Collection Set: 0.1ms
[2020-04-17T10:57:20.399+0800][20.833s] GC(58)   Merge Heap Roots: 0.0ms
[2020-04-17T10:57:20.399+0800][20.833s] GC(58)   Evacuate Collection Set: 0.6ms
[2020-04-17T10:57:20.399+0800][20.833s] GC(58)   Post Evacuate Collection Set: 0.3ms
[2020-04-17T10:57:20.399+0800][20.833s] GC(58)   Other: 0.2ms
[2020-04-17T10:57:20.399+0800][20.833s] GC(58) Eden regions: 128->0(128)
[2020-04-17T10:57:20.399+0800][20.833s] GC(58) Survivor regions: 0->0(32)
[2020-04-17T10:57:20.399+0800][20.833s] GC(58) Old regions: 320->320
[2020-04-17T10:57:20.399+0800][20.833s] GC(58) Archive regions: 2->2
[2020-04-17T10:57:20.399+0800][20.833s] GC(58) Humongous regions: 1->1
[2020-04-17T10:57:20.399+0800][20.833s] GC(58) Metaspace: 39335K(40448K)->39335K(40448K) NonClass: 34597K(35328K)->34597K(35328K) Class: 4738K(5120K)->4738K(5120K)
[2020-04-17T10:57:20.399+0800][20.833s] GC(58) Pause Young (Concurrent Start) (G1 Evacuation Pause) 448M->320M(512M) 1.302ms
[2020-04-17T10:57:20.399+0800][20.833s] GC(58) User=0.00s Sys=0.00s Real=0.00s
[2020-04-17T10:57:20.399+0800][20.833s] GC(59) Concurrent Cycle
[2020-04-17T10:57:20.399+0800][20.833s] GC(59) Concurrent Clear Claimed Marks
[2020-04-17T10:57:20.399+0800][20.833s] GC(59) Concurrent Clear Claimed Marks 0.041ms
[2020-04-17T10:57:20.399+0800][20.833s] GC(59) Concurrent Scan Root Regions
[2020-04-17T10:57:20.399+0800][20.833s] GC(59) Concurrent Scan Root Regions 0.012ms
[2020-04-17T10:57:20.399+0800][20.833s] GC(59) Concurrent Mark (20.833s)
[2020-04-17T10:57:20.399+0800][20.833s] GC(59) Concurrent Mark From Roots
[2020-04-17T10:57:20.399+0800][20.833s] GC(59) Using 4 workers of 4 for marking
[2020-04-17T10:57:20.552+0800][20.986s] GC(60) Pause Young (Normal) (G1 Evacuation Pause)
[2020-04-17T10:57:20.552+0800][20.986s] GC(60) Using 4 workers of 4 for evacuation
[2020-04-17T10:57:20.553+0800][20.987s] GC(60)   Pre Evacuate Collection Set: 0.0ms
[2020-04-17T10:57:20.553+0800][20.987s] GC(60)   Merge Heap Roots: 0.0ms
[2020-04-17T10:57:20.553+0800][20.987s] GC(60)   Evacuate Collection Set: 0.3ms
[2020-04-17T10:57:20.553+0800][20.987s] GC(60)   Post Evacuate Collection Set: 0.3ms
[2020-04-17T10:57:20.553+0800][20.987s] GC(60)   Other: 0.2ms
[2020-04-17T10:57:20.553+0800][20.987s] GC(60) Eden regions: 128->0(128)
[2020-04-17T10:57:20.553+0800][20.987s] GC(60) Survivor regions: 0->0(32)
[2020-04-17T10:57:20.553+0800][20.987s] GC(60) Old regions: 320->320
[2020-04-17T10:57:20.553+0800][20.987s] GC(60) Archive regions: 2->2
[2020-04-17T10:57:20.553+0800][20.987s] GC(60) Humongous regions: 1->1
[2020-04-17T10:57:20.553+0800][20.987s] GC(60) Metaspace: 39335K(40448K)->39335K(40448K) NonClass: 34597K(35328K)->34597K(35328K) Class: 4738K(5120K)->4738K(5120K)
[2020-04-17T10:57:20.553+0800][20.987s] GC(60) Pause Young (Normal) (G1 Evacuation Pause) 448M->320M(512M) 0.945ms
[2020-04-17T10:57:20.553+0800][20.987s] GC(60) User=0.00s Sys=0.00s Real=0.00s
[2020-04-17T10:57:20.633+0800][21.067s] GC(61) Pause Young (Normal) (G1 Evacuation Pause)
[2020-04-17T10:57:20.633+0800][21.067s] GC(61) Using 4 workers of 4 for evacuation
[2020-04-17T10:57:20.634+0800][21.068s] GC(61)   Pre Evacuate Collection Set: 0.1ms
[2020-04-17T10:57:20.634+0800][21.068s] GC(61)   Merge Heap Roots: 0.1ms
[2020-04-17T10:57:20.634+0800][21.068s] GC(61)   Evacuate Collection Set: 0.2ms
[2020-04-17T10:57:20.634+0800][21.068s] GC(61)   Post Evacuate Collection Set: 0.4ms
[2020-04-17T10:57:20.634+0800][21.068s] GC(61)   Other: 0.1ms
[2020-04-17T10:57:20.634+0800][21.068s] GC(61) Eden regions: 128->0(128)
[2020-04-17T10:57:20.634+0800][21.068s] GC(61) Survivor regions: 0->0(32)
[2020-04-17T10:57:20.634+0800][21.068s] GC(61) Old regions: 320->320
[2020-04-17T10:57:20.634+0800][21.068s] GC(61) Archive regions: 2->2
[2020-04-17T10:57:20.634+0800][21.068s] GC(61) Humongous regions: 1->1
[2020-04-17T10:57:20.634+0800][21.068s] GC(61) Metaspace: 39335K(40448K)->39335K(40448K) NonClass: 34597K(35328K)->34597K(35328K) Class: 4738K(5120K)->4738K(5120K)
[2020-04-17T10:57:20.634+0800][21.068s] GC(61) Pause Young (Normal) (G1 Evacuation Pause) 448M->320M(512M) 1.042ms
[2020-04-17T10:57:20.634+0800][21.068s] GC(61) User=0.00s Sys=0.00s Real=0.00s
[2020-04-17T10:57:20.715+0800][21.149s] GC(62) Pause Young (Normal) (G1 Evacuation Pause)
[2020-04-17T10:57:20.715+0800][21.149s] GC(62) Using 4 workers of 4 for evacuation
[2020-04-17T10:57:20.715+0800][21.150s] GC(62)   Pre Evacuate Collection Set: 0.1ms
[2020-04-17T10:57:20.716+0800][21.150s] GC(62)   Merge Heap Roots: 0.1ms
[2020-04-17T10:57:20.716+0800][21.150s] GC(62)   Evacuate Collection Set: 0.2ms
[2020-04-17T10:57:20.716+0800][21.150s] GC(62)   Post Evacuate Collection Set: 0.3ms
[2020-04-17T10:57:20.716+0800][21.150s] GC(62)   Other: 0.2ms
[2020-04-17T10:57:20.716+0800][21.150s] GC(62) Eden regions: 128->0(128)
[2020-04-17T10:57:20.716+0800][21.150s] GC(62) Survivor regions: 0->0(32)
[2020-04-17T10:57:20.716+0800][21.150s] GC(62) Old regions: 320->320
[2020-04-17T10:57:20.716+0800][21.150s] GC(62) Archive regions: 2->2
[2020-04-17T10:57:20.716+0800][21.150s] GC(62) Humongous regions: 1->1
[2020-04-17T10:57:20.716+0800][21.150s] GC(62) Metaspace: 39335K(40448K)->39335K(40448K) NonClass: 34597K(35328K)->34597K(35328K) Class: 4738K(5120K)->4738K(5120K)
[2020-04-17T10:57:20.716+0800][21.150s] GC(62) Pause Young (Normal) (G1 Evacuation Pause) 448M->320M(512M) 1.016ms
[2020-04-17T10:57:20.716+0800][21.150s] GC(62) User=0.00s Sys=0.00s Real=0.00s
[2020-04-17T10:57:20.806+0800][21.240s] GC(63) Pause Young (Normal) (G1 Evacuation Pause)
[2020-04-17T10:57:20.806+0800][21.240s] GC(63) Using 4 workers of 4 for evacuation
[2020-04-17T10:57:20.807+0800][21.241s] GC(63)   Pre Evacuate Collection Set: 0.1ms
[2020-04-17T10:57:20.807+0800][21.241s] GC(63)   Merge Heap Roots: 0.0ms
[2020-04-17T10:57:20.807+0800][21.241s] GC(63)   Evacuate Collection Set: 0.3ms
[2020-04-17T10:57:20.807+0800][21.241s] GC(63)   Post Evacuate Collection Set: 0.4ms
[2020-04-17T10:57:20.807+0800][21.241s] GC(63)   Other: 0.2ms
[2020-04-17T10:57:20.807+0800][21.241s] GC(63) Eden regions: 128->0(128)
[2020-04-17T10:57:20.807+0800][21.241s] GC(63) Survivor regions: 0->0(32)
[2020-04-17T10:57:20.807+0800][21.241s] GC(63) Old regions: 320->320
[2020-04-17T10:57:20.807+0800][21.241s] GC(63) Archive regions: 2->2
[2020-04-17T10:57:20.807+0800][21.241s] GC(63) Humongous regions: 1->1
[2020-04-17T10:57:20.807+0800][21.241s] GC(63) Metaspace: 39335K(40448K)->39335K(40448K) NonClass: 34597K(35328K)->34597K(35328K) Class: 4738K(5120K)->4738K(5120K)
[2020-04-17T10:57:20.807+0800][21.241s] GC(63) Pause Young (Normal) (G1 Evacuation Pause) 448M->320M(512M) 1.062ms
[2020-04-17T10:57:20.807+0800][21.241s] GC(63) User=0.00s Sys=0.00s Real=0.00s
[2020-04-17T10:57:20.833+0800][21.267s] GC(59) Concurrent Mark From Roots 433.770ms
[2020-04-17T10:57:20.833+0800][21.267s] GC(59) Concurrent Preclean
[2020-04-17T10:57:20.833+0800][21.267s] GC(59) Concurrent Preclean 0.104ms
[2020-04-17T10:57:20.833+0800][21.267s] GC(59) Concurrent Mark (20.833s, 21.267s) 433.942ms
[2020-04-17T10:57:20.833+0800][21.267s] GC(59) Pause Remark
[2020-04-17T10:57:20.836+0800][21.270s] GC(59) Pause Remark 347M->347M(512M) 3.150ms
[2020-04-17T10:57:20.836+0800][21.270s] GC(59) User=0.01s Sys=0.00s Real=0.00s
[2020-04-17T10:57:20.836+0800][21.270s] GC(59) Concurrent Rebuild Remembered Sets
[2020-04-17T10:57:20.885+0800][21.319s] GC(64) Pause Young (Normal) (G1 Evacuation Pause)
[2020-04-17T10:57:20.885+0800][21.319s] GC(64) Using 4 workers of 4 for evacuation
[2020-04-17T10:57:20.886+0800][21.320s] GC(64)   Pre Evacuate Collection Set: 0.1ms
[2020-04-17T10:57:20.886+0800][21.320s] GC(64)   Merge Heap Roots: 0.1ms
[2020-04-17T10:57:20.886+0800][21.320s] GC(64)   Evacuate Collection Set: 0.2ms
[2020-04-17T10:57:20.886+0800][21.320s] GC(64)   Post Evacuate Collection Set: 0.3ms
[2020-04-17T10:57:20.886+0800][21.320s] GC(64)   Other: 0.1ms
[2020-04-17T10:57:20.886+0800][21.320s] GC(64) Eden regions: 128->0(128)
[2020-04-17T10:57:20.886+0800][21.320s] GC(64) Survivor regions: 0->0(32)
[2020-04-17T10:57:20.886+0800][21.320s] GC(64) Old regions: 320->320
[2020-04-17T10:57:20.886+0800][21.320s] GC(64) Archive regions: 2->2
[2020-04-17T10:57:20.886+0800][21.320s] GC(64) Humongous regions: 1->1
[2020-04-17T10:57:20.886+0800][21.320s] GC(64) Metaspace: 39335K(40448K)->39335K(40448K) NonClass: 34597K(35328K)->34597K(35328K) Class: 4738K(5120K)->4738K(5120K)
[2020-04-17T10:57:20.886+0800][21.320s] GC(64) Pause Young (Normal) (G1 Evacuation Pause) 448M->320M(512M) 0.932ms
[2020-04-17T10:57:20.886+0800][21.320s] GC(64) User=0.01s Sys=0.00s Real=0.00s
[2020-04-17T10:57:20.991+0800][21.425s] GC(65) Pause Young (Normal) (G1 Evacuation Pause)
[2020-04-17T10:57:20.991+0800][21.425s] GC(65) Using 4 workers of 4 for evacuation
[2020-04-17T10:57:20.992+0800][21.426s] GC(65)   Pre Evacuate Collection Set: 0.1ms
[2020-04-17T10:57:20.992+0800][21.426s] GC(65)   Merge Heap Roots: 0.0ms
[2020-04-17T10:57:20.992+0800][21.426s] GC(65)   Evacuate Collection Set: 0.6ms
[2020-04-17T10:57:20.992+0800][21.426s] GC(65)   Post Evacuate Collection Set: 0.4ms
[2020-04-17T10:57:20.992+0800][21.426s] GC(65)   Other: 0.2ms
[2020-04-17T10:57:20.992+0800][21.426s] GC(65) Eden regions: 128->0(127)
[2020-04-17T10:57:20.992+0800][21.426s] GC(65) Survivor regions: 0->1(32)
[2020-04-17T10:57:20.992+0800][21.426s] GC(65) Old regions: 320->320
[2020-04-17T10:57:20.992+0800][21.426s] GC(65) Archive regions: 2->2
[2020-04-17T10:57:20.992+0800][21.426s] GC(65) Humongous regions: 1->1
[2020-04-17T10:57:20.992+0800][21.426s] GC(65) Metaspace: 39375K(40704K)->39375K(40704K) NonClass: 34633K(35584K)->34633K(35584K) Class: 4742K(5120K)->4742K(5120K)
[2020-04-17T10:57:20.992+0800][21.426s] GC(65) Pause Young (Normal) (G1 Evacuation Pause) 448M->320M(512M) 1.525ms
[2020-04-17T10:57:20.992+0800][21.426s] GC(65) User=0.01s Sys=0.00s Real=0.00s
[2020-04-17T10:57:21.098+0800][21.532s] GC(66) Pause Young (Normal) (G1 Evacuation Pause)
[2020-04-17T10:57:21.098+0800][21.532s] GC(66) Using 4 workers of 4 for evacuation
[2020-04-17T10:57:21.099+0800][21.533s] GC(66)   Pre Evacuate Collection Set: 0.0ms
[2020-04-17T10:57:21.099+0800][21.533s] GC(66)   Merge Heap Roots: 0.0ms
[2020-04-17T10:57:21.099+0800][21.533s] GC(66)   Evacuate Collection Set: 0.4ms
[2020-04-17T10:57:21.099+0800][21.533s] GC(66)   Post Evacuate Collection Set: 0.3ms
[2020-04-17T10:57:21.099+0800][21.533s] GC(66)   Other: 0.2ms
[2020-04-17T10:57:21.099+0800][21.533s] GC(66) Eden regions: 127->0(127)
[2020-04-17T10:57:21.099+0800][21.533s] GC(66) Survivor regions: 1->1(32)
[2020-04-17T10:57:21.099+0800][21.533s] GC(66) Old regions: 320->320
[2020-04-17T10:57:21.099+0800][21.533s] GC(66) Archive regions: 2->2
[2020-04-17T10:57:21.099+0800][21.533s] GC(66) Humongous regions: 1->1
[2020-04-17T10:57:21.099+0800][21.533s] GC(66) Metaspace: 39375K(40704K)->39375K(40704K) NonClass: 34633K(35584K)->34633K(35584K) Class: 4742K(5120K)->4742K(5120K)
[2020-04-17T10:57:21.099+0800][21.533s] GC(66) Pause Young (Normal) (G1 Evacuation Pause) 447M->320M(512M) 1.143ms
[2020-04-17T10:57:21.099+0800][21.533s] GC(66) User=0.00s Sys=0.00s Real=0.00s
[2020-04-17T10:57:21.120+0800][21.554s] GC(59) Concurrent Rebuild Remembered Sets 283.591ms
[2020-04-17T10:57:21.120+0800][21.554s] GC(59) Pause Cleanup
[2020-04-17T10:57:21.120+0800][21.554s] GC(59) Pause Cleanup 331M->331M(512M) 0.289ms
[2020-04-17T10:57:21.120+0800][21.554s] GC(59) User=0.00s Sys=0.00s Real=0.00s
[2020-04-17T10:57:21.120+0800][21.554s] GC(59) Concurrent Cleanup for Next Mark
[2020-04-17T10:57:21.121+0800][21.555s] GC(59) Concurrent Cleanup for Next Mark 0.955ms
[2020-04-17T10:57:21.121+0800][21.555s] GC(59) Concurrent Cycle 722.703ms
[2020-04-17T10:57:21.164+0800][21.598s] GC(67) Pause Young (Normal) (G1 Evacuation Pause)
[2020-04-17T10:57:21.164+0800][21.598s] GC(67) Using 4 workers of 4 for evacuation
[2020-04-17T10:57:21.165+0800][21.599s] GC(67)   Pre Evacuate Collection Set: 0.0ms
[2020-04-17T10:57:21.165+0800][21.599s] GC(67)   Merge Heap Roots: 0.0ms
[2020-04-17T10:57:21.165+0800][21.599s] GC(67)   Evacuate Collection Set: 0.4ms
[2020-04-17T10:57:21.165+0800][21.599s] GC(67)   Post Evacuate Collection Set: 0.3ms
[2020-04-17T10:57:21.165+0800][21.599s] GC(67)   Other: 0.2ms
[2020-04-17T10:57:21.165+0800][21.599s] GC(67) Eden regions: 127->0(127)
[2020-04-17T10:57:21.165+0800][21.599s] GC(67) Survivor regions: 1->1(32)
[2020-04-17T10:57:21.165+0800][21.599s] GC(67) Old regions: 320->320
[2020-04-17T10:57:21.165+0800][21.599s] GC(67) Archive regions: 2->2
[2020-04-17T10:57:21.165+0800][21.599s] GC(67) Humongous regions: 1->1
[2020-04-17T10:57:21.165+0800][21.599s] GC(67) Metaspace: 39375K(40704K)->39375K(40704K) NonClass: 34633K(35584K)->34633K(35584K) Class: 4742K(5120K)->4742K(5120K)
[2020-04-17T10:57:21.165+0800][21.599s] GC(67) Pause Young (Normal) (G1 Evacuation Pause) 447M->320M(512M) 1.038ms
[2020-04-17T10:57:21.165+0800][21.599s] GC(67) User=0.00s Sys=0.00s Real=0.00s
[2020-04-17T10:57:21.210+0800][21.644s] GC(68) Pause Young (Concurrent Start) (G1 Evacuation Pause)
[2020-04-17T10:57:21.210+0800][21.644s] GC(68) Using 4 workers of 4 for evacuation
[2020-04-17T10:57:21.211+0800][21.646s] GC(68)   Pre Evacuate Collection Set: 0.2ms
[2020-04-17T10:57:21.212+0800][21.646s] GC(68)   Merge Heap Roots: 0.0ms
[2020-04-17T10:57:21.212+0800][21.646s] GC(68)   Evacuate Collection Set: 0.6ms
[2020-04-17T10:57:21.212+0800][21.646s] GC(68)   Post Evacuate Collection Set: 0.3ms
[2020-04-17T10:57:21.212+0800][21.646s] GC(68)   Other: 0.2ms
[2020-04-17T10:57:21.212+0800][21.646s] GC(68) Eden regions: 127->0(127)
[2020-04-17T10:57:21.212+0800][21.646s] GC(68) Survivor regions: 1->1(32)
[2020-04-17T10:57:21.212+0800][21.646s] GC(68) Old regions: 320->320
[2020-04-17T10:57:21.212+0800][21.646s] GC(68) Archive regions: 2->2
[2020-04-17T10:57:21.212+0800][21.646s] GC(68) Humongous regions: 1->1
[2020-04-17T10:57:21.212+0800][21.646s] GC(68) Metaspace: 39375K(40704K)->39375K(40704K) NonClass: 34633K(35584K)->34633K(35584K) Class: 4742K(5120K)->4742K(5120K)
[2020-04-17T10:57:21.212+0800][21.646s] GC(68) Pause Young (Concurrent Start) (G1 Evacuation Pause) 447M->320M(512M) 1.423ms
[2020-04-17T10:57:21.212+0800][21.646s] GC(68) User=0.00s Sys=0.00s Real=0.00s
[2020-04-17T10:57:21.212+0800][21.646s] GC(69) Concurrent Cycle
[2020-04-17T10:57:21.212+0800][21.646s] GC(69) Concurrent Clear Claimed Marks
[2020-04-17T10:57:21.212+0800][21.646s] GC(69) Concurrent Clear Claimed Marks 0.051ms
[2020-04-17T10:57:21.212+0800][21.646s] GC(69) Concurrent Scan Root Regions
[2020-04-17T10:57:21.212+0800][21.647s] GC(69) Concurrent Scan Root Regions 0.718ms
[2020-04-17T10:57:21.212+0800][21.647s] GC(69) Concurrent Mark (21.647s)
[2020-04-17T10:57:21.212+0800][21.647s] GC(69) Concurrent Mark From Roots
[2020-04-17T10:57:21.213+0800][21.647s] GC(69) Using 4 workers of 4 for marking
[2020-04-17T10:57:21.468+0800][21.902s] GC(70) Pause Young (Normal) (G1 Evacuation Pause)
[2020-04-17T10:57:21.468+0800][21.902s] GC(70) Using 4 workers of 4 for evacuation
[2020-04-17T10:57:21.469+0800][21.903s] GC(70)   Pre Evacuate Collection Set: 0.1ms
[2020-04-17T10:57:21.469+0800][21.903s] GC(70)   Merge Heap Roots: 0.0ms
[2020-04-17T10:57:21.469+0800][21.903s] GC(70)   Evacuate Collection Set: 0.6ms
[2020-04-17T10:57:21.469+0800][21.903s] GC(70)   Post Evacuate Collection Set: 0.2ms
[2020-04-17T10:57:21.469+0800][21.903s] GC(70)   Other: 0.1ms
[2020-04-17T10:57:21.469+0800][21.903s] GC(70) Eden regions: 127->0(127)
[2020-04-17T10:57:21.469+0800][21.903s] GC(70) Survivor regions: 1->1(32)
[2020-04-17T10:57:21.469+0800][21.903s] GC(70) Old regions: 320->320
[2020-04-17T10:57:21.469+0800][21.903s] GC(70) Archive regions: 2->2
[2020-04-17T10:57:21.469+0800][21.903s] GC(70) Humongous regions: 1->1
[2020-04-17T10:57:21.469+0800][21.903s] GC(70) Metaspace: 39375K(40704K)->39375K(40704K) NonClass: 34633K(35584K)->34633K(35584K) Class: 4742K(5120K)->4742K(5120K)
[2020-04-17T10:57:21.469+0800][21.903s] GC(70) Pause Young (Normal) (G1 Evacuation Pause) 447M->320M(512M) 1.225ms
[2020-04-17T10:57:21.469+0800][21.903s] GC(70) User=0.00s Sys=0.00s Real=0.00s
[2020-04-17T10:57:21.565+0800][21.999s] GC(71) Pause Young (Normal) (G1 Evacuation Pause)
[2020-04-17T10:57:21.565+0800][21.999s] GC(71) Using 4 workers of 4 for evacuation
[2020-04-17T10:57:21.566+0800][22.000s] GC(71)   Pre Evacuate Collection Set: 0.0ms
[2020-04-17T10:57:21.566+0800][22.000s] GC(71)   Merge Heap Roots: 0.0ms
[2020-04-17T10:57:21.566+0800][22.000s] GC(71)   Evacuate Collection Set: 0.3ms
[2020-04-17T10:57:21.566+0800][22.000s] GC(71)   Post Evacuate Collection Set: 0.2ms
[2020-04-17T10:57:21.566+0800][22.000s] GC(71)   Other: 0.1ms
[2020-04-17T10:57:21.566+0800][22.000s] GC(71) Eden regions: 127->0(127)
[2020-04-17T10:57:21.566+0800][22.000s] GC(71) Survivor regions: 1->1(32)
[2020-04-17T10:57:21.566+0800][22.000s] GC(71) Old regions: 320->320
[2020-04-17T10:57:21.566+0800][22.000s] GC(71) Archive regions: 2->2
[2020-04-17T10:57:21.566+0800][22.000s] GC(71) Humongous regions: 1->1
[2020-04-17T10:57:21.566+0800][22.000s] GC(71) Metaspace: 39375K(40704K)->39375K(40704K) NonClass: 34633K(35584K)->34633K(35584K) Class: 4742K(5120K)->4742K(5120K)
[2020-04-17T10:57:21.566+0800][22.000s] GC(71) Pause Young (Normal) (G1 Evacuation Pause) 447M->320M(512M) 0.869ms
[2020-04-17T10:57:21.566+0800][22.000s] GC(71) User=0.00s Sys=0.00s Real=0.00s
[2020-04-17T10:57:21.644+0800][22.078s] GC(72) Pause Young (Normal) (G1 Evacuation Pause)
[2020-04-17T10:57:21.644+0800][22.078s] GC(72) Using 4 workers of 4 for evacuation
[2020-04-17T10:57:21.644+0800][22.079s] GC(72)   Pre Evacuate Collection Set: 0.0ms
[2020-04-17T10:57:21.645+0800][22.079s] GC(72)   Merge Heap Roots: 0.0ms
[2020-04-17T10:57:21.645+0800][22.079s] GC(72)   Evacuate Collection Set: 0.3ms
[2020-04-17T10:57:21.645+0800][22.079s] GC(72)   Post Evacuate Collection Set: 0.3ms
[2020-04-17T10:57:21.645+0800][22.079s] GC(72)   Other: 0.2ms
[2020-04-17T10:57:21.645+0800][22.079s] GC(72) Eden regions: 127->0(127)
[2020-04-17T10:57:21.645+0800][22.079s] GC(72) Survivor regions: 1->1(32)
[2020-04-17T10:57:21.645+0800][22.079s] GC(72) Old regions: 320->320
[2020-04-17T10:57:21.645+0800][22.079s] GC(72) Archive regions: 2->2
[2020-04-17T10:57:21.645+0800][22.079s] GC(72) Humongous regions: 1->1
[2020-04-17T10:57:21.645+0800][22.079s] GC(72) Metaspace: 39375K(40704K)->39375K(40704K) NonClass: 34633K(35584K)->34633K(35584K) Class: 4742K(5120K)->4742K(5120K)
[2020-04-17T10:57:21.645+0800][22.079s] GC(72) Pause Young (Normal) (G1 Evacuation Pause) 447M->320M(512M) 1.038ms
[2020-04-17T10:57:21.645+0800][22.079s] GC(72) User=0.00s Sys=0.00s Real=0.00s
[2020-04-17T10:57:21.655+0800][22.089s] GC(69) Concurrent Mark From Roots 442.131ms
[2020-04-17T10:57:21.655+0800][22.089s] GC(69) Concurrent Preclean
[2020-04-17T10:57:21.655+0800][22.089s] GC(69) Concurrent Preclean 0.106ms
[2020-04-17T10:57:21.655+0800][22.089s] GC(69) Concurrent Mark (21.647s, 22.089s) 442.320ms
[2020-04-17T10:57:21.655+0800][22.089s] GC(69) Pause Remark
[2020-04-17T10:57:21.658+0800][22.092s] GC(69) Pause Remark 321M->321M(512M) 3.416ms
[2020-04-17T10:57:21.658+0800][22.093s] GC(69) User=0.01s Sys=0.00s Real=0.00s
[2020-04-17T10:57:21.658+0800][22.093s] GC(69) Concurrent Rebuild Remembered Sets
[2020-04-17T10:57:21.725+0800][22.159s] GC(73) Pause Young (Normal) (G1 Evacuation Pause)
[2020-04-17T10:57:21.725+0800][22.159s] GC(73) Using 4 workers of 4 for evacuation
[2020-04-17T10:57:21.726+0800][22.160s] GC(73)   Pre Evacuate Collection Set: 0.0ms
[2020-04-17T10:57:21.726+0800][22.160s] GC(73)   Merge Heap Roots: 0.0ms
[2020-04-17T10:57:21.726+0800][22.160s] GC(73)   Evacuate Collection Set: 0.4ms
[2020-04-17T10:57:21.726+0800][22.160s] GC(73)   Post Evacuate Collection Set: 0.3ms
[2020-04-17T10:57:21.726+0800][22.160s] GC(73)   Other: 0.1ms
[2020-04-17T10:57:21.726+0800][22.160s] GC(73) Eden regions: 127->0(127)
[2020-04-17T10:57:21.726+0800][22.160s] GC(73) Survivor regions: 1->1(32)
[2020-04-17T10:57:21.726+0800][22.160s] GC(73) Old regions: 320->320
[2020-04-17T10:57:21.726+0800][22.160s] GC(73) Archive regions: 2->2
[2020-04-17T10:57:21.726+0800][22.160s] GC(73) Humongous regions: 1->1
[2020-04-17T10:57:21.726+0800][22.160s] GC(73) Metaspace: 39375K(40704K)->39375K(40704K) NonClass: 34633K(35584K)->34633K(35584K) Class: 4742K(5120K)->4742K(5120K)
[2020-04-17T10:57:21.726+0800][22.160s] GC(73) Pause Young (Normal) (G1 Evacuation Pause) 447M->320M(512M) 0.989ms
[2020-04-17T10:57:21.726+0800][22.160s] GC(73) User=0.01s Sys=0.00s Real=0.00s
[2020-04-17T10:57:21.820+0800][22.254s] GC(74) Pause Young (Normal) (G1 Evacuation Pause)
[2020-04-17T10:57:21.820+0800][22.254s] GC(74) Using 4 workers of 4 for evacuation
[2020-04-17T10:57:21.821+0800][22.255s] GC(74)   Pre Evacuate Collection Set: 0.0ms
[2020-04-17T10:57:21.821+0800][22.255s] GC(74)   Merge Heap Roots: 0.0ms
[2020-04-17T10:57:21.821+0800][22.255s] GC(74)   Evacuate Collection Set: 0.5ms
[2020-04-17T10:57:21.821+0800][22.255s] GC(74)   Post Evacuate Collection Set: 0.3ms
[2020-04-17T10:57:21.821+0800][22.255s] GC(74)   Other: 0.1ms
[2020-04-17T10:57:21.821+0800][22.255s] GC(74) Eden regions: 127->0(128)
[2020-04-17T10:57:21.821+0800][22.256s] GC(74) Survivor regions: 1->0(32)
[2020-04-17T10:57:21.821+0800][22.256s] GC(74) Old regions: 320->320
[2020-04-17T10:57:21.821+0800][22.256s] GC(74) Archive regions: 2->2
[2020-04-17T10:57:21.821+0800][22.256s] GC(74) Humongous regions: 1->1
[2020-04-17T10:57:21.821+0800][22.256s] GC(74) Metaspace: 39375K(40704K)->39375K(40704K) NonClass: 34633K(35584K)->34633K(35584K) Class: 4742K(5120K)->4742K(5120K)
[2020-04-17T10:57:21.821+0800][22.256s] GC(74) Pause Young (Normal) (G1 Evacuation Pause) 447M->320M(512M) 1.113ms
[2020-04-17T10:57:21.822+0800][22.256s] GC(74) User=0.00s Sys=0.00s Real=0.00s
[2020-04-17T10:57:21.909+0800][22.343s] GC(75) Pause Young (Normal) (G1 Evacuation Pause)
[2020-04-17T10:57:21.909+0800][22.343s] GC(75) Using 4 workers of 4 for evacuation
[2020-04-17T10:57:21.910+0800][22.344s] GC(75)   Pre Evacuate Collection Set: 0.0ms
[2020-04-17T10:57:21.910+0800][22.344s] GC(75)   Merge Heap Roots: 0.0ms
[2020-04-17T10:57:21.910+0800][22.344s] GC(75)   Evacuate Collection Set: 0.2ms
[2020-04-17T10:57:21.910+0800][22.344s] GC(75)   Post Evacuate Collection Set: 0.3ms
[2020-04-17T10:57:21.910+0800][22.344s] GC(75)   Other: 0.1ms
[2020-04-17T10:57:21.910+0800][22.344s] GC(75) Eden regions: 128->0(128)
[2020-04-17T10:57:21.910+0800][22.344s] GC(75) Survivor regions: 0->0(32)
[2020-04-17T10:57:21.910+0800][22.344s] GC(75) Old regions: 320->320
[2020-04-17T10:57:21.910+0800][22.344s] GC(75) Archive regions: 2->2
[2020-04-17T10:57:21.910+0800][22.344s] GC(75) Humongous regions: 1->1
[2020-04-17T10:57:21.910+0800][22.344s] GC(75) Metaspace: 39375K(40704K)->39375K(40704K) NonClass: 34633K(35584K)->34633K(35584K) Class: 4742K(5120K)->4742K(5120K)
[2020-04-17T10:57:21.910+0800][22.344s] GC(75) Pause Young (Normal) (G1 Evacuation Pause) 448M->320M(512M) 0.853ms
[2020-04-17T10:57:21.910+0800][22.344s] GC(75) User=0.01s Sys=0.00s Real=0.01s
[2020-04-17T10:57:21.946+0800][22.380s] GC(69) Concurrent Rebuild Remembered Sets 287.869ms
[2020-04-17T10:57:21.947+0800][22.381s] GC(69) Pause Cleanup
[2020-04-17T10:57:21.947+0800][22.381s] GC(69) Pause Cleanup 373M->373M(512M) 0.295ms
[2020-04-17T10:57:21.947+0800][22.381s] GC(69) User=0.00s Sys=0.00s Real=0.00s
[2020-04-17T10:57:21.947+0800][22.381s] GC(69) Concurrent Cleanup for Next Mark
[2020-04-17T10:57:21.948+0800][22.382s] GC(69) Concurrent Cleanup for Next Mark 0.868ms
[2020-04-17T10:57:21.948+0800][22.382s] GC(69) Concurrent Cycle 736.273ms
[2020-04-17T10:57:21.972+0800][22.406s] GC(76) Pause Young (Normal) (G1 Evacuation Pause)
[2020-04-17T10:57:21.972+0800][22.406s] GC(76) Using 4 workers of 4 for evacuation
[2020-04-17T10:57:21.973+0800][22.407s] GC(76)   Pre Evacuate Collection Set: 0.1ms
[2020-04-17T10:57:21.973+0800][22.407s] GC(76)   Merge Heap Roots: 0.0ms
[2020-04-17T10:57:21.973+0800][22.407s] GC(76)   Evacuate Collection Set: 0.3ms
[2020-04-17T10:57:21.973+0800][22.407s] GC(76)   Post Evacuate Collection Set: 0.2ms
[2020-04-17T10:57:21.973+0800][22.407s] GC(76)   Other: 0.3ms
[2020-04-17T10:57:21.973+0800][22.407s] GC(76) Eden regions: 128->0(128)
[2020-04-17T10:57:21.973+0800][22.407s] GC(76) Survivor regions: 0->0(32)
[2020-04-17T10:57:21.973+0800][22.407s] GC(76) Old regions: 320->320
[2020-04-17T10:57:21.973+0800][22.407s] GC(76) Archive regions: 2->2
[2020-04-17T10:57:21.973+0800][22.407s] GC(76) Humongous regions: 1->1
[2020-04-17T10:57:21.973+0800][22.407s] GC(76) Metaspace: 39375K(40704K)->39375K(40704K) NonClass: 34633K(35584K)->34633K(35584K) Class: 4742K(5120K)->4742K(5120K)
[2020-04-17T10:57:21.973+0800][22.407s] GC(76) Pause Young (Normal) (G1 Evacuation Pause) 448M->320M(512M) 1.119ms
[2020-04-17T10:57:21.973+0800][22.407s] GC(76) User=0.00s Sys=0.00s Real=0.00s
[2020-04-17T10:57:22.012+0800][22.446s] GC(77) Pause Young (Concurrent Start) (G1 Evacuation Pause)
[2020-04-17T10:57:22.012+0800][22.446s] GC(77) Using 4 workers of 4 for evacuation
[2020-04-17T10:57:22.013+0800][22.447s] GC(77)   Pre Evacuate Collection Set: 0.1ms
[2020-04-17T10:57:22.013+0800][22.447s] GC(77)   Merge Heap Roots: 0.1ms
[2020-04-17T10:57:22.013+0800][22.447s] GC(77)   Evacuate Collection Set: 0.6ms
[2020-04-17T10:57:22.013+0800][22.447s] GC(77)   Post Evacuate Collection Set: 0.3ms
[2020-04-17T10:57:22.013+0800][22.447s] GC(77)   Other: 0.2ms
[2020-04-17T10:57:22.013+0800][22.447s] GC(77) Eden regions: 128->0(128)
[2020-04-17T10:57:22.013+0800][22.447s] GC(77) Survivor regions: 0->0(32)
[2020-04-17T10:57:22.013+0800][22.447s] GC(77) Old regions: 320->320
[2020-04-17T10:57:22.013+0800][22.447s] GC(77) Archive regions: 2->2
[2020-04-17T10:57:22.013+0800][22.447s] GC(77) Humongous regions: 1->1
[2020-04-17T10:57:22.013+0800][22.447s] GC(77) Metaspace: 39375K(40704K)->39375K(40704K) NonClass: 34633K(35584K)->34633K(35584K) Class: 4742K(5120K)->4742K(5120K)
[2020-04-17T10:57:22.013+0800][22.447s] GC(77) Pause Young (Concurrent Start) (G1 Evacuation Pause) 448M->320M(512M) 1.346ms
[2020-04-17T10:57:22.013+0800][22.447s] GC(77) User=0.00s Sys=0.00s Real=0.00s
[2020-04-17T10:57:22.013+0800][22.447s] GC(78) Concurrent Cycle
[2020-04-17T10:57:22.013+0800][22.447s] GC(78) Concurrent Clear Claimed Marks
[2020-04-17T10:57:22.013+0800][22.447s] GC(78) Concurrent Clear Claimed Marks 0.035ms
[2020-04-17T10:57:22.013+0800][22.447s] GC(78) Concurrent Scan Root Regions
[2020-04-17T10:57:22.013+0800][22.447s] GC(78) Concurrent Scan Root Regions 0.007ms
[2020-04-17T10:57:22.013+0800][22.447s] GC(78) Concurrent Mark (22.447s)
[2020-04-17T10:57:22.013+0800][22.447s] GC(78) Concurrent Mark From Roots
[2020-04-17T10:57:22.013+0800][22.447s] GC(78) Using 4 workers of 4 for marking
[2020-04-17T10:57:22.209+0800][22.643s] GC(79) Pause Young (Normal) (G1 Evacuation Pause)
[2020-04-17T10:57:22.209+0800][22.643s] GC(79) Using 4 workers of 4 for evacuation
[2020-04-17T10:57:22.210+0800][22.644s] GC(79)   Pre Evacuate Collection Set: 0.1ms
[2020-04-17T10:57:22.210+0800][22.644s] GC(79)   Merge Heap Roots: 0.1ms
[2020-04-17T10:57:22.210+0800][22.644s] GC(79)   Evacuate Collection Set: 0.3ms
[2020-04-17T10:57:22.210+0800][22.644s] GC(79)   Post Evacuate Collection Set: 0.3ms
[2020-04-17T10:57:22.210+0800][22.644s] GC(79)   Other: 0.2ms
[2020-04-17T10:57:22.210+0800][22.644s] GC(79) Eden regions: 128->0(128)
[2020-04-17T10:57:22.210+0800][22.644s] GC(79) Survivor regions: 0->0(32)
[2020-04-17T10:57:22.210+0800][22.644s] GC(79) Old regions: 320->320
[2020-04-17T10:57:22.210+0800][22.644s] GC(79) Archive regions: 2->2
[2020-04-17T10:57:22.210+0800][22.644s] GC(79) Humongous regions: 1->1
[2020-04-17T10:57:22.210+0800][22.644s] GC(79) Metaspace: 39375K(40704K)->39375K(40704K) NonClass: 34633K(35584K)->34633K(35584K) Class: 4742K(5120K)->4742K(5120K)
[2020-04-17T10:57:22.210+0800][22.644s] GC(79) Pause Young (Normal) (G1 Evacuation Pause) 448M->320M(512M) 0.991ms
[2020-04-17T10:57:22.210+0800][22.644s] GC(79) User=0.00s Sys=0.00s Real=0.01s
[2020-04-17T10:57:22.295+0800][22.729s] GC(80) Pause Young (Normal) (G1 Evacuation Pause)
[2020-04-17T10:57:22.295+0800][22.729s] GC(80) Using 4 workers of 4 for evacuation
[2020-04-17T10:57:22.296+0800][22.730s] GC(80)   Pre Evacuate Collection Set: 0.0ms
[2020-04-17T10:57:22.296+0800][22.730s] GC(80)   Merge Heap Roots: 0.0ms
[2020-04-17T10:57:22.296+0800][22.730s] GC(80)   Evacuate Collection Set: 0.2ms
[2020-04-17T10:57:22.296+0800][22.730s] GC(80)   Post Evacuate Collection Set: 0.3ms
[2020-04-17T10:57:22.296+0800][22.730s] GC(80)   Other: 0.1ms
[2020-04-17T10:57:22.296+0800][22.730s] GC(80) Eden regions: 128->0(128)
[2020-04-17T10:57:22.296+0800][22.730s] GC(80) Survivor regions: 0->0(32)
[2020-04-17T10:57:22.296+0800][22.730s] GC(80) Old regions: 320->320
[2020-04-17T10:57:22.296+0800][22.730s] GC(80) Archive regions: 2->2
[2020-04-17T10:57:22.296+0800][22.730s] GC(80) Humongous regions: 1->1
[2020-04-17T10:57:22.296+0800][22.730s] GC(80) Metaspace: 39375K(40704K)->39375K(40704K) NonClass: 34633K(35584K)->34633K(35584K) Class: 4742K(5120K)->4742K(5120K)
[2020-04-17T10:57:22.296+0800][22.730s] GC(80) Pause Young (Normal) (G1 Evacuation Pause) 448M->320M(512M) 0.745ms
[2020-04-17T10:57:22.296+0800][22.730s] GC(80) User=0.00s Sys=0.00s Real=0.00s
[2020-04-17T10:57:22.370+0800][22.804s] GC(81) Pause Young (Normal) (G1 Evacuation Pause)
[2020-04-17T10:57:22.370+0800][22.804s] GC(81) Using 4 workers of 4 for evacuation
[2020-04-17T10:57:22.371+0800][22.805s] GC(81)   Pre Evacuate Collection Set: 0.1ms
[2020-04-17T10:57:22.371+0800][22.805s] GC(81)   Merge Heap Roots: 0.1ms
[2020-04-17T10:57:22.371+0800][22.805s] GC(81)   Evacuate Collection Set: 0.1ms
[2020-04-17T10:57:22.371+0800][22.805s] GC(81)   Post Evacuate Collection Set: 0.4ms
[2020-04-17T10:57:22.371+0800][22.805s] GC(81)   Other: 0.2ms
[2020-04-17T10:57:22.371+0800][22.805s] GC(81) Eden regions: 128->0(128)
[2020-04-17T10:57:22.371+0800][22.805s] GC(81) Survivor regions: 0->0(32)
[2020-04-17T10:57:22.371+0800][22.805s] GC(81) Old regions: 320->320
[2020-04-17T10:57:22.371+0800][22.805s] GC(81) Archive regions: 2->2
[2020-04-17T10:57:22.371+0800][22.805s] GC(81) Humongous regions: 1->1
[2020-04-17T10:57:22.371+0800][22.805s] GC(81) Metaspace: 39375K(40704K)->39375K(40704K) NonClass: 34633K(35584K)->34633K(35584K) Class: 4742K(5120K)->4742K(5120K)
[2020-04-17T10:57:22.371+0800][22.805s] GC(81) Pause Young (Normal) (G1 Evacuation Pause) 448M->320M(512M) 0.889ms
[2020-04-17T10:57:22.371+0800][22.805s] GC(81) User=0.01s Sys=0.00s Real=0.00s
[2020-04-17T10:57:22.422+0800][22.856s] GC(78) Concurrent Mark From Roots 408.522ms
[2020-04-17T10:57:22.422+0800][22.856s] GC(78) Concurrent Preclean
[2020-04-17T10:57:22.422+0800][22.856s] GC(78) Concurrent Preclean 0.092ms
[2020-04-17T10:57:22.422+0800][22.856s] GC(78) Concurrent Mark (22.447s, 22.856s) 408.691ms
[2020-04-17T10:57:22.422+0800][22.856s] GC(78) Pause Remark
[2020-04-17T10:57:22.425+0800][22.859s] GC(78) Pause Remark 388M->388M(512M) 3.089ms
[2020-04-17T10:57:22.425+0800][22.859s] GC(78) User=0.01s Sys=0.00s Real=0.00s
[2020-04-17T10:57:22.425+0800][22.859s] GC(78) Concurrent Rebuild Remembered Sets
[2020-04-17T10:57:22.451+0800][22.885s] GC(82) Pause Young (Normal) (G1 Evacuation Pause)
[2020-04-17T10:57:22.451+0800][22.885s] GC(82) Using 4 workers of 4 for evacuation
[2020-04-17T10:57:22.452+0800][22.886s] GC(82)   Pre Evacuate Collection Set: 0.1ms
[2020-04-17T10:57:22.452+0800][22.886s] GC(82)   Merge Heap Roots: 0.0ms
[2020-04-17T10:57:22.452+0800][22.886s] GC(82)   Evacuate Collection Set: 0.2ms
[2020-04-17T10:57:22.452+0800][22.886s] GC(82)   Post Evacuate Collection Set: 0.3ms
[2020-04-17T10:57:22.452+0800][22.886s] GC(82)   Other: 0.2ms
[2020-04-17T10:57:22.452+0800][22.886s] GC(82) Eden regions: 128->0(128)
[2020-04-17T10:57:22.452+0800][22.886s] GC(82) Survivor regions: 0->0(32)
[2020-04-17T10:57:22.452+0800][22.886s] GC(82) Old regions: 320->320
[2020-04-17T10:57:22.452+0800][22.886s] GC(82) Archive regions: 2->2
[2020-04-17T10:57:22.452+0800][22.886s] GC(82) Humongous regions: 1->1
[2020-04-17T10:57:22.452+0800][22.886s] GC(82) Metaspace: 39375K(40704K)->39375K(40704K) NonClass: 34633K(35584K)->34633K(35584K) Class: 4742K(5120K)->4742K(5120K)
[2020-04-17T10:57:22.452+0800][22.886s] GC(82) Pause Young (Normal) (G1 Evacuation Pause) 448M->320M(512M) 0.825ms
[2020-04-17T10:57:22.452+0800][22.886s] GC(82) User=0.00s Sys=0.00s Real=0.00s
[2020-04-17T10:57:22.519+0800][22.953s] GC(83) Pause Young (Normal) (G1 Evacuation Pause)
[2020-04-17T10:57:22.519+0800][22.953s] GC(83) Using 4 workers of 4 for evacuation
[2020-04-17T10:57:22.520+0800][22.954s] GC(83)   Pre Evacuate Collection Set: 0.1ms
[2020-04-17T10:57:22.520+0800][22.954s] GC(83)   Merge Heap Roots: 0.0ms
[2020-04-17T10:57:22.520+0800][22.954s] GC(83)   Evacuate Collection Set: 0.2ms
[2020-04-17T10:57:22.520+0800][22.954s] GC(83)   Post Evacuate Collection Set: 0.3ms
[2020-04-17T10:57:22.520+0800][22.954s] GC(83)   Other: 0.1ms
[2020-04-17T10:57:22.520+0800][22.954s] GC(83) Eden regions: 128->0(128)
[2020-04-17T10:57:22.520+0800][22.954s] GC(83) Survivor regions: 0->0(32)
[2020-04-17T10:57:22.520+0800][22.954s] GC(83) Old regions: 320->320
[2020-04-17T10:57:22.520+0800][22.954s] GC(83) Archive regions: 2->2
[2020-04-17T10:57:22.520+0800][22.954s] GC(83) Humongous regions: 1->1
[2020-04-17T10:57:22.520+0800][22.954s] GC(83) Metaspace: 39375K(40704K)->39375K(40704K) NonClass: 34633K(35584K)->34633K(35584K) Class: 4742K(5120K)->4742K(5120K)
[2020-04-17T10:57:22.520+0800][22.954s] GC(83) Pause Young (Normal) (G1 Evacuation Pause) 448M->320M(512M) 0.756ms
[2020-04-17T10:57:22.520+0800][22.954s] GC(83) User=0.00s Sys=0.00s Real=0.01s
[2020-04-17T10:57:22.595+0800][23.029s] GC(84) Pause Young (Normal) (G1 Evacuation Pause)
[2020-04-17T10:57:22.595+0800][23.029s] GC(84) Using 4 workers of 4 for evacuation
[2020-04-17T10:57:22.596+0800][23.030s] GC(84)   Pre Evacuate Collection Set: 0.1ms
[2020-04-17T10:57:22.596+0800][23.030s] GC(84)   Merge Heap Roots: 0.0ms
[2020-04-17T10:57:22.596+0800][23.030s] GC(84)   Evacuate Collection Set: 0.2ms
[2020-04-17T10:57:22.596+0800][23.030s] GC(84)   Post Evacuate Collection Set: 0.3ms
[2020-04-17T10:57:22.596+0800][23.030s] GC(84)   Other: 0.2ms
[2020-04-17T10:57:22.596+0800][23.030s] GC(84) Eden regions: 128->0(128)
[2020-04-17T10:57:22.596+0800][23.030s] GC(84) Survivor regions: 0->0(32)
[2020-04-17T10:57:22.596+0800][23.030s] GC(84) Old regions: 320->320
[2020-04-17T10:57:22.596+0800][23.030s] GC(84) Archive regions: 2->2
[2020-04-17T10:57:22.596+0800][23.030s] GC(84) Humongous regions: 1->1
[2020-04-17T10:57:22.596+0800][23.030s] GC(84) Metaspace: 39375K(40704K)->39375K(40704K) NonClass: 34633K(35584K)->34633K(35584K) Class: 4742K(5120K)->4742K(5120K)
[2020-04-17T10:57:22.596+0800][23.030s] GC(84) Pause Young (Normal) (G1 Evacuation Pause) 448M->320M(512M) 0.971ms
[2020-04-17T10:57:22.596+0800][23.030s] GC(84) User=0.00s Sys=0.00s Real=0.00s
[2020-04-17T10:57:22.665+0800][23.099s] GC(85) Pause Young (Normal) (G1 Evacuation Pause)
[2020-04-17T10:57:22.665+0800][23.099s] GC(85) Using 4 workers of 4 for evacuation
[2020-04-17T10:57:22.665+0800][23.099s] GC(85)   Pre Evacuate Collection Set: 0.1ms
[2020-04-17T10:57:22.665+0800][23.099s] GC(85)   Merge Heap Roots: 0.0ms
[2020-04-17T10:57:22.665+0800][23.099s] GC(85)   Evacuate Collection Set: 0.2ms
[2020-04-17T10:57:22.665+0800][23.099s] GC(85)   Post Evacuate Collection Set: 0.4ms
[2020-04-17T10:57:22.665+0800][23.099s] GC(85)   Other: 0.1ms
[2020-04-17T10:57:22.665+0800][23.099s] GC(85) Eden regions: 128->0(128)
[2020-04-17T10:57:22.665+0800][23.099s] GC(85) Survivor regions: 0->0(32)
[2020-04-17T10:57:22.665+0800][23.099s] GC(85) Old regions: 320->320
[2020-04-17T10:57:22.665+0800][23.099s] GC(85) Archive regions: 2->2
[2020-04-17T10:57:22.665+0800][23.099s] GC(85) Humongous regions: 1->1
[2020-04-17T10:57:22.665+0800][23.099s] GC(85) Metaspace: 39375K(40704K)->39375K(40704K) NonClass: 34633K(35584K)->34633K(35584K) Class: 4742K(5120K)->4742K(5120K)
[2020-04-17T10:57:22.665+0800][23.099s] GC(85) Pause Young (Normal) (G1 Evacuation Pause) 448M->320M(512M) 0.873ms
[2020-04-17T10:57:22.665+0800][23.099s] GC(85) User=0.00s Sys=0.00s Real=0.00s
[2020-04-17T10:57:22.673+0800][23.107s] GC(78) Concurrent Rebuild Remembered Sets 248.032ms
[2020-04-17T10:57:22.673+0800][23.107s] GC(78) Pause Cleanup
[2020-04-17T10:57:22.674+0800][23.108s] GC(78) Pause Cleanup 323M->323M(512M) 0.302ms
[2020-04-17T10:57:22.674+0800][23.108s] GC(78) User=0.00s Sys=0.00s Real=0.00s
[2020-04-17T10:57:22.674+0800][23.108s] GC(78) Concurrent Cleanup for Next Mark
[2020-04-17T10:57:22.675+0800][23.109s] GC(78) Concurrent Cleanup for Next Mark 0.693ms
[2020-04-17T10:57:22.675+0800][23.109s] GC(78) Concurrent Cycle 661.508ms
[2020-04-17T10:57:22.710+0800][23.144s] GC(86) Pause Young (Normal) (G1 Evacuation Pause)
[2020-04-17T10:57:22.710+0800][23.144s] GC(86) Using 4 workers of 4 for evacuation
[2020-04-17T10:57:22.711+0800][23.145s] GC(86)   Pre Evacuate Collection Set: 0.1ms
[2020-04-17T10:57:22.711+0800][23.145s] GC(86)   Merge Heap Roots: 0.1ms
[2020-04-17T10:57:22.711+0800][23.145s] GC(86)   Evacuate Collection Set: 0.2ms
[2020-04-17T10:57:22.711+0800][23.145s] GC(86)   Post Evacuate Collection Set: 0.3ms
[2020-04-17T10:57:22.711+0800][23.145s] GC(86)   Other: 0.1ms
[2020-04-17T10:57:22.711+0800][23.145s] GC(86) Eden regions: 128->0(128)
[2020-04-17T10:57:22.711+0800][23.145s] GC(86) Survivor regions: 0->0(32)
[2020-04-17T10:57:22.711+0800][23.145s] GC(86) Old regions: 320->320
[2020-04-17T10:57:22.711+0800][23.145s] GC(86) Archive regions: 2->2
[2020-04-17T10:57:22.711+0800][23.145s] GC(86) Humongous regions: 1->1
[2020-04-17T10:57:22.711+0800][23.145s] GC(86) Metaspace: 39375K(40704K)->39375K(40704K) NonClass: 34633K(35584K)->34633K(35584K) Class: 4742K(5120K)->4742K(5120K)
[2020-04-17T10:57:22.711+0800][23.145s] GC(86) Pause Young (Normal) (G1 Evacuation Pause) 448M->320M(512M) 0.825ms
[2020-04-17T10:57:22.711+0800][23.145s] GC(86) User=0.00s Sys=0.00s Real=0.00s
[2020-04-17T10:57:22.743+0800][23.177s] GC(87) Pause Young (Concurrent Start) (G1 Evacuation Pause)
[2020-04-17T10:57:22.743+0800][23.177s] GC(87) Using 4 workers of 4 for evacuation
[2020-04-17T10:57:22.744+0800][23.178s] GC(87)   Pre Evacuate Collection Set: 0.1ms
[2020-04-17T10:57:22.744+0800][23.178s] GC(87)   Merge Heap Roots: 0.0ms
[2020-04-17T10:57:22.744+0800][23.178s] GC(87)   Evacuate Collection Set: 0.5ms
[2020-04-17T10:57:22.744+0800][23.178s] GC(87)   Post Evacuate Collection Set: 0.3ms
[2020-04-17T10:57:22.744+0800][23.178s] GC(87)   Other: 0.1ms
[2020-04-17T10:57:22.744+0800][23.178s] GC(87) Eden regions: 128->0(128)
[2020-04-17T10:57:22.744+0800][23.178s] GC(87) Survivor regions: 0->0(32)
[2020-04-17T10:57:22.744+0800][23.178s] GC(87) Old regions: 320->320
[2020-04-17T10:57:22.744+0800][23.178s] GC(87) Archive regions: 2->2
[2020-04-17T10:57:22.744+0800][23.178s] GC(87) Humongous regions: 1->1
[2020-04-17T10:57:22.744+0800][23.178s] GC(87) Metaspace: 39375K(40704K)->39375K(40704K) NonClass: 34633K(35584K)->34633K(35584K) Class: 4742K(5120K)->4742K(5120K)
[2020-04-17T10:57:22.744+0800][23.178s] GC(87) Pause Young (Concurrent Start) (G1 Evacuation Pause) 448M->320M(512M) 1.257ms
[2020-04-17T10:57:22.744+0800][23.178s] GC(87) User=0.01s Sys=0.00s Real=0.00s
[2020-04-17T10:57:22.744+0800][23.178s] GC(88) Concurrent Cycle
[2020-04-17T10:57:22.744+0800][23.178s] GC(88) Concurrent Clear Claimed Marks
[2020-04-17T10:57:22.744+0800][23.178s] GC(88) Concurrent Clear Claimed Marks 0.051ms
[2020-04-17T10:57:22.744+0800][23.178s] GC(88) Concurrent Scan Root Regions
[2020-04-17T10:57:22.744+0800][23.178s] GC(88) Concurrent Scan Root Regions 0.011ms
[2020-04-17T10:57:22.744+0800][23.178s] GC(88) Concurrent Mark (23.178s)
[2020-04-17T10:57:22.744+0800][23.178s] GC(88) Concurrent Mark From Roots
[2020-04-17T10:57:22.744+0800][23.178s] GC(88) Using 4 workers of 4 for marking
[2020-04-17T10:57:22.954+0800][23.388s] GC(89) Pause Young (Normal) (G1 Evacuation Pause)
[2020-04-17T10:57:22.954+0800][23.389s] GC(89) Using 4 workers of 4 for evacuation
[2020-04-17T10:57:22.955+0800][23.389s] GC(89)   Pre Evacuate Collection Set: 0.0ms
[2020-04-17T10:57:22.955+0800][23.389s] GC(89)   Merge Heap Roots: 0.0ms
[2020-04-17T10:57:22.955+0800][23.389s] GC(89)   Evacuate Collection Set: 0.4ms
[2020-04-17T10:57:22.955+0800][23.389s] GC(89)   Post Evacuate Collection Set: 0.3ms
[2020-04-17T10:57:22.955+0800][23.389s] GC(89)   Other: 0.1ms
[2020-04-17T10:57:22.955+0800][23.389s] GC(89) Eden regions: 128->0(128)
[2020-04-17T10:57:22.955+0800][23.389s] GC(89) Survivor regions: 0->0(32)
[2020-04-17T10:57:22.955+0800][23.389s] GC(89) Old regions: 320->320
[2020-04-17T10:57:22.955+0800][23.389s] GC(89) Archive regions: 2->2
[2020-04-17T10:57:22.955+0800][23.390s] GC(89) Humongous regions: 1->1
[2020-04-17T10:57:22.955+0800][23.390s] GC(89) Metaspace: 39375K(40704K)->39375K(40704K) NonClass: 34633K(35584K)->34633K(35584K) Class: 4742K(5120K)->4742K(5120K)
[2020-04-17T10:57:22.956+0800][23.390s] GC(89) Pause Young (Normal) (G1 Evacuation Pause) 448M->320M(512M) 1.074ms
[2020-04-17T10:57:22.956+0800][23.390s] GC(89) User=0.00s Sys=0.00s Real=0.00s
[2020-04-17T10:57:23.037+0800][23.471s] GC(90) Pause Young (Normal) (G1 Evacuation Pause)
[2020-04-17T10:57:23.037+0800][23.471s] GC(90) Using 4 workers of 4 for evacuation
[2020-04-17T10:57:23.037+0800][23.471s] GC(90)   Pre Evacuate Collection Set: 0.1ms
[2020-04-17T10:57:23.037+0800][23.471s] GC(90)   Merge Heap Roots: 0.0ms
[2020-04-17T10:57:23.037+0800][23.471s] GC(90)   Evacuate Collection Set: 0.2ms
[2020-04-17T10:57:23.037+0800][23.471s] GC(90)   Post Evacuate Collection Set: 0.3ms
[2020-04-17T10:57:23.037+0800][23.471s] GC(90)   Other: 0.1ms
[2020-04-17T10:57:23.037+0800][23.471s] GC(90) Eden regions: 128->0(128)
[2020-04-17T10:57:23.037+0800][23.471s] GC(90) Survivor regions: 0->0(32)
[2020-04-17T10:57:23.037+0800][23.471s] GC(90) Old regions: 320->320
[2020-04-17T10:57:23.037+0800][23.471s] GC(90) Archive regions: 2->2
[2020-04-17T10:57:23.037+0800][23.471s] GC(90) Humongous regions: 1->1
[2020-04-17T10:57:23.037+0800][23.471s] GC(90) Metaspace: 39375K(40704K)->39375K(40704K) NonClass: 34633K(35584K)->34633K(35584K) Class: 4742K(5120K)->4742K(5120K)
[2020-04-17T10:57:23.037+0800][23.471s] GC(90) Pause Young (Normal) (G1 Evacuation Pause) 448M->320M(512M) 0.726ms
[2020-04-17T10:57:23.037+0800][23.471s] GC(90) User=0.00s Sys=0.00s Real=0.00s
[2020-04-17T10:57:23.186+0800][23.620s] GC(88) Concurrent Mark From Roots 441.317ms
[2020-04-17T10:57:23.186+0800][23.620s] GC(88) Concurrent Preclean
[2020-04-17T10:57:23.186+0800][23.620s] GC(88) Concurrent Preclean 0.135ms
[2020-04-17T10:57:23.186+0800][23.620s] GC(88) Concurrent Mark (23.178s, 23.620s) 441.536ms
[2020-04-17T10:57:23.186+0800][23.620s] GC(88) Pause Remark
[2020-04-17T10:57:23.189+0800][23.623s] GC(88) Pause Remark 388M->388M(512M) 2.977ms
[2020-04-17T10:57:23.189+0800][23.623s] GC(88) User=0.01s Sys=0.00s Real=0.00s
[2020-04-17T10:57:23.189+0800][23.623s] GC(88) Concurrent Rebuild Remembered Sets
[2020-04-17T10:57:23.525+0800][23.959s] GC(88) Concurrent Rebuild Remembered Sets 335.894ms
[2020-04-17T10:57:23.525+0800][23.960s] GC(88) Pause Cleanup
[2020-04-17T10:57:23.526+0800][23.960s] GC(88) Pause Cleanup 396M->396M(512M) 0.278ms
[2020-04-17T10:57:23.526+0800][23.960s] GC(88) User=0.00s Sys=0.00s Real=0.00s
[2020-04-17T10:57:23.526+0800][23.960s] GC(88) Concurrent Cleanup for Next Mark
[2020-04-17T10:57:23.527+0800][23.961s] GC(88) Concurrent Cleanup for Next Mark 0.733ms
[2020-04-17T10:57:23.527+0800][23.961s] GC(88) Concurrent Cycle 782.700ms
[2020-04-17T10:57:24.224+0800][24.658s] GC(91) Pause Young (Normal) (G1 Evacuation Pause)
[2020-04-17T10:57:24.224+0800][24.658s] GC(91) Using 4 workers of 4 for evacuation
[2020-04-17T10:57:24.229+0800][24.663s] GC(91)   Pre Evacuate Collection Set: 0.0ms
[2020-04-17T10:57:24.229+0800][24.663s] GC(91)   Merge Heap Roots: 0.0ms
[2020-04-17T10:57:24.229+0800][24.663s] GC(91)   Evacuate Collection Set: 3.7ms
[2020-04-17T10:57:24.229+0800][24.663s] GC(91)   Post Evacuate Collection Set: 0.3ms
[2020-04-17T10:57:24.229+0800][24.663s] GC(91)   Other: 0.1ms
[2020-04-17T10:57:24.229+0800][24.663s] GC(91) Eden regions: 128->0(123)
[2020-04-17T10:57:24.229+0800][24.663s] GC(91) Survivor regions: 0->5(32)
[2020-04-17T10:57:24.229+0800][24.663s] GC(91) Old regions: 320->320
[2020-04-17T10:57:24.229+0800][24.663s] GC(91) Archive regions: 2->2
[2020-04-17T10:57:24.229+0800][24.663s] GC(91) Humongous regions: 1->1
[2020-04-17T10:57:24.229+0800][24.663s] GC(91) Metaspace: 39502K(40704K)->39502K(40704K) NonClass: 34752K(35584K)->34752K(35584K) Class: 4750K(5120K)->4750K(5120K)
[2020-04-17T10:57:24.229+0800][24.663s] GC(91) Pause Young (Normal) (G1 Evacuation Pause) 448M->325M(512M) 4.364ms
[2020-04-17T10:57:24.229+0800][24.663s] GC(91) User=0.01s Sys=0.00s Real=0.00s
[2020-04-17T10:57:24.965+0800][25.399s] GC(92) Pause Young (Concurrent Start) (G1 Evacuation Pause)
[2020-04-17T10:57:24.965+0800][25.399s] GC(92) Using 4 workers of 4 for evacuation
[2020-04-17T10:57:25.108+0800][25.542s] GC(92) To-space exhausted
[2020-04-17T10:57:25.108+0800][25.542s] GC(92)   Pre Evacuate Collection Set: 0.1ms
[2020-04-17T10:57:25.108+0800][25.542s] GC(92)   Merge Heap Roots: 0.1ms
[2020-04-17T10:57:25.108+0800][25.542s] GC(92)   Evacuate Collection Set: 111.1ms
[2020-04-17T10:57:25.108+0800][25.542s] GC(92)   Post Evacuate Collection Set: 31.2ms
[2020-04-17T10:57:25.108+0800][25.542s] GC(92)   Other: 0.2ms
[2020-04-17T10:57:25.108+0800][25.542s] GC(92) Eden regions: 123->0(96)
[2020-04-17T10:57:25.108+0800][25.542s] GC(92) Survivor regions: 5->32(32)
[2020-04-17T10:57:25.108+0800][25.542s] GC(92) Old regions: 320->377
[2020-04-17T10:57:25.108+0800][25.542s] GC(92) Archive regions: 2->2
[2020-04-17T10:57:25.108+0800][25.542s] GC(92) Humongous regions: 1->1
[2020-04-17T10:57:25.108+0800][25.542s] GC(92) Metaspace: 39556K(40704K)->39556K(40704K) NonClass: 34796K(35584K)->34796K(35584K) Class: 4759K(5120K)->4759K(5120K)
[2020-04-17T10:57:25.108+0800][25.542s] GC(92) Pause Young (Concurrent Start) (G1 Evacuation Pause) 448M->410M(512M) 142.837ms
[2020-04-17T10:57:25.108+0800][25.542s] GC(92) User=0.48s Sys=0.03s Real=0.14s
[2020-04-17T10:57:25.108+0800][25.542s] GC(93) Concurrent Cycle
[2020-04-17T10:57:25.108+0800][25.542s] GC(93) Concurrent Clear Claimed Marks
[2020-04-17T10:57:25.108+0800][25.542s] GC(93) Concurrent Clear Claimed Marks 0.074ms
[2020-04-17T10:57:25.108+0800][25.542s] GC(93) Concurrent Scan Root Regions
[2020-04-17T10:57:25.144+0800][25.578s] GC(93) Concurrent Scan Root Regions 36.306ms
[2020-04-17T10:57:25.145+0800][25.578s] GC(93) Concurrent Mark (25.578s)
[2020-04-17T10:57:25.145+0800][25.579s] GC(93) Concurrent Mark From Roots
[2020-04-17T10:57:25.145+0800][25.579s] GC(93) Using 4 workers of 4 for marking
[2020-04-17T10:57:25.773+0800][26.207s] GC(93) Concurrent Mark From Roots 628.722ms
[2020-04-17T10:57:25.773+0800][26.207s] GC(93) Concurrent Preclean
[2020-04-17T10:57:25.774+0800][26.207s] GC(93) Concurrent Preclean 0.163ms
[2020-04-17T10:57:25.774+0800][26.207s] GC(93) Concurrent Mark (25.578s, 26.207s) 628.983ms
[2020-04-17T10:57:25.774+0800][26.208s] GC(93) Pause Remark
[2020-04-17T10:57:25.779+0800][26.213s] GC(93) Pause Remark 477M->477M(512M) 4.909ms
[2020-04-17T10:57:25.779+0800][26.213s] GC(93) User=0.02s Sys=0.00s Real=0.00s
[2020-04-17T10:57:25.779+0800][26.213s] GC(93) Concurrent Rebuild Remembered Sets
[2020-04-17T10:57:26.094+0800][26.528s] GC(94) Pause Young (Normal) (G1 Evacuation Pause)
[2020-04-17T10:57:26.094+0800][26.528s] GC(94) Using 4 workers of 4 for evacuation
[2020-04-17T10:57:26.385+0800][26.819s] GC(94) MMU target violated: 201.0ms (200.0ms/201.0ms)
[2020-04-17T10:57:26.385+0800][26.819s] GC(94) To-space exhausted
[2020-04-17T10:57:26.385+0800][26.819s] GC(94)   Pre Evacuate Collection Set: 0.1ms
[2020-04-17T10:57:26.385+0800][26.819s] GC(94)   Merge Heap Roots: 0.1ms
[2020-04-17T10:57:26.385+0800][26.819s] GC(94)   Evacuate Collection Set: 174.6ms
[2020-04-17T10:57:26.385+0800][26.819s] GC(94)   Post Evacuate Collection Set: 116.7ms
[2020-04-17T10:57:26.385+0800][26.819s] GC(94)   Other: 0.3ms
[2020-04-17T10:57:26.385+0800][26.819s] GC(94) Eden regions: 96->0(126)
[2020-04-17T10:57:26.385+0800][26.819s] GC(94) Survivor regions: 32->2(4)
[2020-04-17T10:57:26.385+0800][26.819s] GC(94) Old regions: 377->507
[2020-04-17T10:57:26.385+0800][26.819s] GC(94) Archive regions: 2->2
[2020-04-17T10:57:26.386+0800][26.819s] GC(94) Humongous regions: 1->1
[2020-04-17T10:57:26.386+0800][26.819s] GC(94) Metaspace: 39577K(40704K)->39577K(40704K) NonClass: 34816K(35584K)->34816K(35584K) Class: 4760K(5120K)->4760K(5120K)
[2020-04-17T10:57:26.386+0800][26.820s] GC(94) Pause Young (Normal) (G1 Evacuation Pause) 506M->510M(512M) 291.913ms
[2020-04-17T10:57:26.386+0800][26.820s] GC(94) User=1.02s Sys=0.01s Real=0.29s
[2020-04-17T10:57:26.386+0800][26.820s] GC(95) Using 4 workers of 4 for full compaction
[2020-04-17T10:57:26.386+0800][26.820s] GC(95) Pause Full (G1 Evacuation Pause)
[2020-04-17T10:57:26.387+0800][26.821s] GC(95) Phase 1: Mark live objects
[2020-04-17T10:57:26.892+0800][27.325s] GC(95) Phase 1: Mark live objects 504.251ms
[2020-04-17T10:57:26.892+0800][27.326s] GC(95) Phase 2: Prepare for compaction
[2020-04-17T10:57:26.986+0800][27.420s] GC(95) Phase 2: Prepare for compaction 94.414ms
[2020-04-17T10:57:26.986+0800][27.420s] GC(95) Phase 3: Adjust pointers
[2020-04-17T10:57:27.168+0800][27.602s] GC(95) Phase 3: Adjust pointers 182.019ms
[2020-04-17T10:57:27.168+0800][27.602s] GC(95) Phase 4: Compact heap
[2020-04-17T10:57:27.280+0800][27.714s] GC(95) Phase 4: Compact heap 112.260ms
[2020-04-17T10:57:27.284+0800][27.718s] GC(95) Eden regions: 0->0(128)
[2020-04-17T10:57:27.284+0800][27.718s] GC(95) Survivor regions: 2->0(4)
[2020-04-17T10:57:27.284+0800][27.718s] GC(95) Old regions: 507->476
[2020-04-17T10:57:27.284+0800][27.718s] GC(95) Archive regions: 2->2
[2020-04-17T10:57:27.284+0800][27.718s] GC(95) Humongous regions: 1->1
[2020-04-17T10:57:27.284+0800][27.718s] GC(95) Metaspace: 39577K(40704K)->39463K(40704K) NonClass: 34816K(35584K)->34729K(35584K) Class: 4760K(5120K)->4734K(5120K)
[2020-04-17T10:57:27.284+0800][27.718s] GC(95) Pause Full (G1 Evacuation Pause) 510M->475M(512M) 898.297ms
[2020-04-17T10:57:27.284+0800][27.718s] GC(95) User=3.06s Sys=0.01s Real=0.90s
[2020-04-17T10:57:27.284+0800][27.718s] GC(93) Concurrent Rebuild Remembered Sets 1505.571ms
[2020-04-17T10:57:27.284+0800][27.718s] GC(93) Concurrent Mark Abort
[2020-04-17T10:57:27.284+0800][27.718s] GC(93) Concurrent Cycle 2176.331ms
[2020-04-17T10:57:27.504+0800][27.937s] GC(96) Pause Young (Normal) (G1 Evacuation Pause)
[2020-04-17T10:57:27.504+0800][27.938s] GC(96) Using 4 workers of 4 for evacuation
[2020-04-17T10:57:27.575+0800][28.009s] GC(96) To-space exhausted
[2020-04-17T10:57:27.575+0800][28.009s] GC(96)   Pre Evacuate Collection Set: 0.1ms
[2020-04-17T10:57:27.575+0800][28.009s] GC(96)   Merge Heap Roots: 0.0ms
[2020-04-17T10:57:27.575+0800][28.009s] GC(96)   Evacuate Collection Set: 40.1ms
[2020-04-17T10:57:27.575+0800][28.009s] GC(96)   Post Evacuate Collection Set: 31.4ms
[2020-04-17T10:57:27.575+0800][28.009s] GC(96)   Other: 0.3ms
[2020-04-17T10:57:27.575+0800][28.009s] GC(96) Eden regions: 33->0(128)
[2020-04-17T10:57:27.575+0800][28.009s] GC(96) Survivor regions: 0->0(0)
[2020-04-17T10:57:27.575+0800][28.009s] GC(96) Old regions: 476->509
[2020-04-17T10:57:27.575+0800][28.009s] GC(96) Archive regions: 2->2
[2020-04-17T10:57:27.575+0800][28.009s] GC(96) Humongous regions: 1->1
[2020-04-17T10:57:27.576+0800][28.009s] GC(96) Metaspace: 39463K(40704K)->39463K(40704K) NonClass: 34729K(35584K)->34729K(35584K) Class: 4734K(5120K)->4734K(5120K)
[2020-04-17T10:57:27.576+0800][28.009s] GC(96) Pause Young (Normal) (G1 Evacuation Pause) 508M->508M(512M) 71.996ms
[2020-04-17T10:57:27.576+0800][28.009s] GC(96) User=0.25s Sys=0.00s Real=0.07s
[2020-04-17T10:57:27.576+0800][28.009s] GC(97) Using 4 workers of 4 for full compaction
[2020-04-17T10:57:27.576+0800][28.009s] GC(97) Pause Full (G1 Evacuation Pause)
[2020-04-17T10:57:27.576+0800][28.010s] GC(97) Phase 1: Mark live objects
[2020-04-17T10:57:28.069+0800][28.503s] GC(97) Phase 1: Mark live objects 492.921ms
[2020-04-17T10:57:28.069+0800][28.503s] GC(97) Phase 2: Prepare for compaction
[2020-04-17T10:57:28.170+0800][28.604s] GC(97) Phase 2: Prepare for compaction 101.180ms
[2020-04-17T10:57:28.170+0800][28.604s] GC(97) Phase 3: Adjust pointers
[2020-04-17T10:57:28.395+0800][28.829s] GC(97) Phase 3: Adjust pointers 224.904ms
[2020-04-17T10:57:28.395+0800][28.829s] GC(97) Phase 4: Compact heap
[2020-04-17T10:57:28.503+0800][28.937s] GC(97) Phase 4: Compact heap 107.858ms
[2020-04-17T10:57:28.507+0800][28.941s] GC(97) Eden regions: 0->0(128)
[2020-04-17T10:57:28.507+0800][28.941s] GC(97) Survivor regions: 0->0(0)
[2020-04-17T10:57:28.507+0800][28.941s] GC(97) Old regions: 509->503
[2020-04-17T10:57:28.507+0800][28.941s] GC(97) Archive regions: 2->2
[2020-04-17T10:57:28.507+0800][28.941s] GC(97) Humongous regions: 1->1
[2020-04-17T10:57:28.507+0800][28.941s] GC(97) Metaspace: 39463K(40704K)->39463K(40704K) NonClass: 34729K(35584K)->34729K(35584K) Class: 4734K(5120K)->4734K(5120K)
[2020-04-17T10:57:28.507+0800][28.941s] GC(97) Pause Full (G1 Evacuation Pause) 508M->502M(512M) 931.151ms
[2020-04-17T10:57:28.507+0800][28.941s] GC(97) User=3.18s Sys=0.01s Real=0.93s
[2020-04-17T10:57:28.544+0800][28.978s] GC(98) Pause Young (Concurrent Start) (G1 Evacuation Pause)
[2020-04-17T10:57:28.544+0800][28.978s] GC(98) Using 4 workers of 4 for evacuation
[2020-04-17T10:57:28.560+0800][28.994s] GC(98) To-space exhausted
[2020-04-17T10:57:28.560+0800][28.994s] GC(98)   Pre Evacuate Collection Set: 0.1ms
[2020-04-17T10:57:28.560+0800][28.994s] GC(98)   Merge Heap Roots: 0.0ms
[2020-04-17T10:57:28.560+0800][28.994s] GC(98)   Evacuate Collection Set: 8.0ms
[2020-04-17T10:57:28.560+0800][28.994s] GC(98)   Post Evacuate Collection Set: 7.4ms
[2020-04-17T10:57:28.560+0800][28.994s] GC(98)   Other: 0.3ms
[2020-04-17T10:57:28.560+0800][28.994s] GC(98) Eden regions: 6->0(128)
[2020-04-17T10:57:28.560+0800][28.994s] GC(98) Survivor regions: 0->0(0)
[2020-04-17T10:57:28.560+0800][28.994s] GC(98) Old regions: 503->509
[2020-04-17T10:57:28.560+0800][28.994s] GC(98) Archive regions: 2->2
[2020-04-17T10:57:28.560+0800][28.994s] GC(98) Humongous regions: 1->1
[2020-04-17T10:57:28.560+0800][28.994s] GC(98) Metaspace: 39463K(40704K)->39463K(40704K) NonClass: 34729K(35584K)->34729K(35584K) Class: 4734K(5120K)->4734K(5120K)
[2020-04-17T10:57:28.560+0800][28.994s] GC(98) Pause Young (Concurrent Start) (G1 Evacuation Pause) 508M->508M(512M) 15.869ms
[2020-04-17T10:57:28.560+0800][28.994s] GC(98) User=0.05s Sys=0.00s Real=0.02s
[2020-04-17T10:57:28.560+0800][28.994s] GC(99) Using 4 workers of 4 for full compaction
[2020-04-17T10:57:28.560+0800][28.994s] GC(100) Concurrent Cycle
[2020-04-17T10:57:28.560+0800][28.994s] GC(99) Pause Full (G1 Evacuation Pause)
[2020-04-17T10:57:28.560+0800][28.994s] GC(100) Concurrent Clear Claimed Marks
[2020-04-17T10:57:28.560+0800][28.994s] GC(100) Concurrent Clear Claimed Marks 0.222ms
[2020-04-17T10:57:28.560+0800][28.994s] GC(100) Concurrent Scan Root Regions
[2020-04-17T10:57:28.560+0800][28.994s] GC(100) Concurrent Scan Root Regions 0.032ms
[2020-04-17T10:57:28.560+0800][28.994s] GC(100) Concurrent Mark (28.994s)
[2020-04-17T10:57:28.560+0800][28.994s] GC(100) Concurrent Mark From Roots
[2020-04-17T10:57:28.560+0800][28.994s] GC(100) Using 4 workers of 4 for marking
[2020-04-17T10:57:28.561+0800][28.995s] GC(99) Phase 1: Mark live objects
[2020-04-17T10:57:29.066+0800][29.500s] GC(99) Phase 1: Mark live objects 504.990ms
[2020-04-17T10:57:29.066+0800][29.500s] GC(99) Phase 2: Prepare for compaction
[2020-04-17T10:57:29.169+0800][29.603s] GC(99) Phase 2: Prepare for compaction 103.403ms
[2020-04-17T10:57:29.169+0800][29.603s] GC(99) Phase 3: Adjust pointers
[2020-04-17T10:57:29.346+0800][29.780s] GC(99) Phase 3: Adjust pointers 176.968ms
[2020-04-17T10:57:29.346+0800][29.780s] GC(99) Phase 4: Compact heap
[2020-04-17T10:57:29.435+0800][29.869s] GC(99) Phase 4: Compact heap 88.827ms
[2020-04-17T10:57:29.438+0800][29.872s] GC(99) Eden regions: 0->0(128)
[2020-04-17T10:57:29.438+0800][29.872s] GC(99) Survivor regions: 0->0(0)
[2020-04-17T10:57:29.438+0800][29.872s] GC(99) Old regions: 509->508
[2020-04-17T10:57:29.438+0800][29.872s] GC(99) Archive regions: 2->2
[2020-04-17T10:57:29.438+0800][29.872s] GC(99) Humongous regions: 1->1
[2020-04-17T10:57:29.438+0800][29.872s] GC(99) Metaspace: 39463K(40704K)->39463K(40704K) NonClass: 34729K(35584K)->34729K(35584K) Class: 4734K(5120K)->4734K(5120K)
[2020-04-17T10:57:29.439+0800][29.872s] GC(99) Pause Full (G1 Evacuation Pause) 508M->507M(512M) 878.493ms
[2020-04-17T10:57:29.439+0800][29.872s] GC(99) User=3.18s Sys=0.01s Real=0.87s
[2020-04-17T10:57:29.439+0800][29.873s] GC(100) Concurrent Mark From Roots 878.342ms
[2020-04-17T10:57:29.439+0800][29.873s] GC(100) Concurrent Mark Abort
[2020-04-17T10:57:29.439+0800][29.873s] GC(100) Concurrent Cycle 878.768ms
[2020-04-17T10:57:29.448+0800][29.882s] GC(101) Pause Young (Normal) (G1 Evacuation Pause)
[2020-04-17T10:57:29.448+0800][29.882s] GC(101) Using 4 workers of 4 for evacuation
[2020-04-17T10:57:29.453+0800][29.887s] GC(101) To-space exhausted
[2020-04-17T10:57:29.453+0800][29.887s] GC(101)   Pre Evacuate Collection Set: 0.1ms
[2020-04-17T10:57:29.453+0800][29.887s] GC(101)   Merge Heap Roots: 0.0ms
[2020-04-17T10:57:29.453+0800][29.887s] GC(101)   Evacuate Collection Set: 2.3ms
[2020-04-17T10:57:29.453+0800][29.887s] GC(101)   Post Evacuate Collection Set: 2.2ms
[2020-04-17T10:57:29.453+0800][29.887s] GC(101)   Other: 0.2ms
[2020-04-17T10:57:29.453+0800][29.887s] GC(101) Eden regions: 1->0(128)
[2020-04-17T10:57:29.453+0800][29.887s] GC(101) Survivor regions: 0->0(0)
[2020-04-17T10:57:29.453+0800][29.887s] GC(101) Old regions: 508->509
[2020-04-17T10:57:29.453+0800][29.887s] GC(101) Archive regions: 2->2
[2020-04-17T10:57:29.453+0800][29.887s] GC(101) Humongous regions: 1->1
[2020-04-17T10:57:29.453+0800][29.887s] GC(101) Metaspace: 39463K(40704K)->39463K(40704K) NonClass: 34729K(35584K)->34729K(35584K) Class: 4734K(5120K)->4734K(5120K)
[2020-04-17T10:57:29.453+0800][29.887s] GC(101) Pause Young (Normal) (G1 Evacuation Pause) 508M->508M(512M) 4.939ms
[2020-04-17T10:57:29.453+0800][29.887s] GC(101) User=0.01s Sys=0.00s Real=0.01s
[2020-04-17T10:57:29.453+0800][29.887s] GC(102) Using 4 workers of 4 for full compaction
[2020-04-17T10:57:29.453+0800][29.887s] GC(102) Pause Full (G1 Evacuation Pause)
[2020-04-17T10:57:29.453+0800][29.887s] GC(102) Phase 1: Mark live objects
[2020-04-17T10:57:29.960+0800][30.394s] GC(102) Phase 1: Mark live objects 506.588ms
[2020-04-17T10:57:29.960+0800][30.394s] GC(102) Phase 2: Prepare for compaction
[2020-04-17T10:57:30.065+0800][30.499s] GC(102) Phase 2: Prepare for compaction 105.046ms
[2020-04-17T10:57:30.065+0800][30.499s] GC(102) Phase 3: Adjust pointers
[2020-04-17T10:57:30.241+0800][30.675s] GC(102) Phase 3: Adjust pointers 175.762ms
[2020-04-17T10:57:30.241+0800][30.675s] GC(102) Phase 4: Compact heap
[2020-04-17T10:57:30.325+0800][30.759s] GC(102) Phase 4: Compact heap 83.991ms
[2020-04-17T10:57:30.329+0800][30.762s] GC(102) Eden regions: 0->0(128)
[2020-04-17T10:57:30.329+0800][30.763s] GC(102) Survivor regions: 0->0(0)
[2020-04-17T10:57:30.329+0800][30.763s] GC(102) Old regions: 509->508
[2020-04-17T10:57:30.329+0800][30.763s] GC(102) Archive regions: 2->2
[2020-04-17T10:57:30.329+0800][30.763s] GC(102) Humongous regions: 1->1
[2020-04-17T10:57:30.329+0800][30.763s] GC(102) Metaspace: 39463K(40704K)->39463K(40704K) NonClass: 34729K(35584K)->34729K(35584K) Class: 4734K(5120K)->4734K(5120K)
[2020-04-17T10:57:30.329+0800][30.763s] GC(102) Pause Full (G1 Evacuation Pause) 508M->508M(512M) 875.694ms
[2020-04-17T10:57:30.329+0800][30.763s] GC(102) User=3.17s Sys=0.00s Real=0.87s
[2020-04-17T10:57:30.338+0800][30.772s] GC(103) Pause Young (Concurrent Start) (G1 Evacuation Pause)
[2020-04-17T10:57:30.338+0800][30.772s] GC(103) Using 4 workers of 4 for evacuation
[2020-04-17T10:57:30.342+0800][30.776s] GC(103) To-space exhausted
[2020-04-17T10:57:30.342+0800][30.776s] GC(103)   Pre Evacuate Collection Set: 0.1ms
[2020-04-17T10:57:30.342+0800][30.776s] GC(103)   Merge Heap Roots: 0.0ms
[2020-04-17T10:57:30.342+0800][30.776s] GC(103)   Evacuate Collection Set: 1.4ms
[2020-04-17T10:57:30.342+0800][30.776s] GC(103)   Post Evacuate Collection Set: 2.5ms
[2020-04-17T10:57:30.343+0800][30.776s] GC(103)   Other: 0.2ms
[2020-04-17T10:57:30.343+0800][30.776s] GC(103) Eden regions: 1->0(128)
[2020-04-17T10:57:30.343+0800][30.776s] GC(103) Survivor regions: 0->0(0)
[2020-04-17T10:57:30.343+0800][30.776s] GC(103) Old regions: 508->509
[2020-04-17T10:57:30.343+0800][30.776s] GC(103) Archive regions: 2->2
[2020-04-17T10:57:30.343+0800][30.776s] GC(103) Humongous regions: 1->1
[2020-04-17T10:57:30.343+0800][30.776s] GC(103) Metaspace: 39463K(40704K)->39463K(40704K) NonClass: 34729K(35584K)->34729K(35584K) Class: 4734K(5120K)->4734K(5120K)
[2020-04-17T10:57:30.343+0800][30.776s] GC(103) Pause Young (Concurrent Start) (G1 Evacuation Pause) 509M->509M(512M) 4.294ms
[2020-04-17T10:57:30.343+0800][30.776s] GC(103) User=0.01s Sys=0.00s Real=0.01s
[2020-04-17T10:57:30.343+0800][30.776s] GC(104) Using 4 workers of 4 for full compaction
[2020-04-17T10:57:30.343+0800][30.776s] GC(105) Concurrent Cycle
[2020-04-17T10:57:30.343+0800][30.776s] GC(104) Pause Full (G1 Evacuation Pause)
[2020-04-17T10:57:30.343+0800][30.776s] GC(105) Concurrent Clear Claimed Marks
[2020-04-17T10:57:30.343+0800][30.777s] GC(105) Concurrent Clear Claimed Marks 0.116ms
[2020-04-17T10:57:30.343+0800][30.777s] GC(105) Concurrent Scan Root Regions
[2020-04-17T10:57:30.343+0800][30.777s] GC(105) Concurrent Scan Root Regions 0.011ms
[2020-04-17T10:57:30.343+0800][30.777s] GC(105) Concurrent Mark (30.777s)
[2020-04-17T10:57:30.343+0800][30.777s] GC(105) Concurrent Mark From Roots
[2020-04-17T10:57:30.343+0800][30.777s] GC(105) Using 4 workers of 4 for marking
[2020-04-17T10:57:30.344+0800][30.778s] GC(104) Phase 1: Mark live objects
[2020-04-17T10:57:30.855+0800][31.289s] GC(104) Phase 1: Mark live objects 511.149ms
[2020-04-17T10:57:30.855+0800][31.289s] GC(104) Phase 2: Prepare for compaction
[2020-04-17T10:57:30.961+0800][31.395s] GC(104) Phase 2: Prepare for compaction 105.792ms
[2020-04-17T10:57:30.961+0800][31.395s] GC(104) Phase 3: Adjust pointers
[2020-04-17T10:57:31.142+0800][31.576s] GC(104) Phase 3: Adjust pointers 181.313ms
[2020-04-17T10:57:31.142+0800][31.576s] GC(104) Phase 4: Compact heap
[2020-04-17T10:57:31.220+0800][31.654s] GC(104) Phase 4: Compact heap 77.620ms
[2020-04-17T10:57:31.223+0800][31.657s] GC(104) Eden regions: 0->0(128)
[2020-04-17T10:57:31.223+0800][31.657s] GC(104) Survivor regions: 0->0(0)
[2020-04-17T10:57:31.223+0800][31.657s] GC(104) Old regions: 509->508
[2020-04-17T10:57:31.223+0800][31.657s] GC(104) Archive regions: 2->2
[2020-04-17T10:57:31.223+0800][31.657s] GC(104) Humongous regions: 1->1
[2020-04-17T10:57:31.223+0800][31.657s] GC(104) Metaspace: 39463K(40704K)->39463K(40704K) NonClass: 34729K(35584K)->34729K(35584K) Class: 4734K(5120K)->4734K(5120K)
[2020-04-17T10:57:31.223+0800][31.657s] GC(104) Pause Full (G1 Evacuation Pause) 509M->509M(512M) 880.739ms
[2020-04-17T10:57:31.224+0800][31.657s] GC(104) User=3.14s Sys=0.01s Real=0.88s
[2020-04-17T10:57:31.224+0800][31.657s] GC(105) Concurrent Mark From Roots 880.758ms
[2020-04-17T10:57:31.224+0800][31.657s] GC(105) Concurrent Mark Abort
[2020-04-17T10:57:31.224+0800][31.657s] GC(105) Concurrent Cycle 881.004ms
[2020-04-17T10:57:31.227+0800][31.661s] GC(106) Pause Young (Normal) (G1 Evacuation Pause)
[2020-04-17T10:57:31.227+0800][31.661s] GC(106) Using 4 workers of 4 for evacuation
[2020-04-17T10:57:31.230+0800][31.664s] GC(106) To-space exhausted
[2020-04-17T10:57:31.230+0800][31.664s] GC(106)   Pre Evacuate Collection Set: 0.1ms
[2020-04-17T10:57:31.231+0800][31.664s] GC(106)   Merge Heap Roots: 0.1ms
[2020-04-17T10:57:31.231+0800][31.664s] GC(106)   Evacuate Collection Set: 1.4ms
[2020-04-17T10:57:31.231+0800][31.664s] GC(106)   Post Evacuate Collection Set: 2.0ms
[2020-04-17T10:57:31.231+0800][31.664s] GC(106)   Other: 0.1ms
[2020-04-17T10:57:31.231+0800][31.664s] GC(106) Eden regions: 1->0(128)
[2020-04-17T10:57:31.231+0800][31.664s] GC(106) Survivor regions: 0->0(0)
[2020-04-17T10:57:31.231+0800][31.664s] GC(106) Old regions: 508->509
[2020-04-17T10:57:31.231+0800][31.664s] GC(106) Archive regions: 2->2
[2020-04-17T10:57:31.231+0800][31.664s] GC(106) Humongous regions: 1->1
[2020-04-17T10:57:31.231+0800][31.664s] GC(106) Metaspace: 39463K(40704K)->39463K(40704K) NonClass: 34729K(35584K)->34729K(35584K) Class: 4734K(5120K)->4734K(5120K)
[2020-04-17T10:57:31.231+0800][31.664s] GC(106) Pause Young (Normal) (G1 Evacuation Pause) 510M->510M(512M) 3.786ms
[2020-04-17T10:57:31.231+0800][31.664s] GC(106) User=0.01s Sys=0.00s Real=0.01s
[2020-04-17T10:57:31.231+0800][31.664s] GC(107) Using 4 workers of 4 for full compaction
[2020-04-17T10:57:31.231+0800][31.665s] GC(107) Pause Full (G1 Evacuation Pause)
[2020-04-17T10:57:31.231+0800][31.665s] GC(107) Phase 1: Mark live objects
[2020-04-17T10:57:31.733+0800][32.167s] GC(107) Phase 1: Mark live objects 502.427ms
[2020-04-17T10:57:31.733+0800][32.167s] GC(107) Phase 2: Prepare for compaction
[2020-04-17T10:57:31.840+0800][32.274s] GC(107) Phase 2: Prepare for compaction 106.965ms
[2020-04-17T10:57:31.840+0800][32.274s] GC(107) Phase 3: Adjust pointers
[2020-04-17T10:57:32.022+0800][32.456s] GC(107) Phase 3: Adjust pointers 182.002ms
[2020-04-17T10:57:32.023+0800][32.456s] GC(107) Phase 4: Compact heap
[2020-04-17T10:57:32.098+0800][32.532s] GC(107) Phase 4: Compact heap 75.206ms
[2020-04-17T10:57:32.101+0800][32.535s] GC(107) Eden regions: 0->0(128)
[2020-04-17T10:57:32.101+0800][32.535s] GC(107) Survivor regions: 0->0(0)
[2020-04-17T10:57:32.101+0800][32.535s] GC(107) Old regions: 509->509
[2020-04-17T10:57:32.101+0800][32.535s] GC(107) Archive regions: 2->2
[2020-04-17T10:57:32.101+0800][32.535s] GC(107) Humongous regions: 1->1
[2020-04-17T10:57:32.101+0800][32.535s] GC(107) Metaspace: 39463K(40704K)->39463K(40704K) NonClass: 34729K(35584K)->34729K(35584K) Class: 4734K(5120K)->4734K(5120K)
[2020-04-17T10:57:32.101+0800][32.535s] GC(107) Pause Full (G1 Evacuation Pause) 510M->510M(512M) 870.651ms
[2020-04-17T10:57:32.101+0800][32.535s] GC(107) User=3.20s Sys=0.01s Real=0.87s
[2020-04-17T10:57:32.102+0800][32.535s] GC(108) Using 4 workers of 4 for full compaction
[2020-04-17T10:57:32.102+0800][32.535s] GC(108) Pause Full (G1 Evacuation Pause)
[2020-04-17T10:57:32.102+0800][32.535s] GC(108) Phase 1: Mark live objects
[2020-04-17T10:57:32.628+0800][33.062s] GC(108) Phase 1: Mark live objects 526.357ms
[2020-04-17T10:57:32.628+0800][33.062s] GC(108) Phase 2: Prepare for compaction
[2020-04-17T10:57:32.739+0800][33.173s] GC(108) Phase 2: Prepare for compaction 110.653ms
[2020-04-17T10:57:32.739+0800][33.173s] GC(108) Phase 3: Adjust pointers
[2020-04-17T10:57:32.922+0800][33.355s] GC(108) Phase 3: Adjust pointers 182.694ms
[2020-04-17T10:57:32.922+0800][33.355s] GC(108) Phase 4: Compact heap
[2020-04-17T10:57:33.006+0800][33.440s] GC(108) Phase 4: Compact heap 84.276ms
[2020-04-17T10:57:33.009+0800][33.443s] GC(108) Eden regions: 0->0(128)
[2020-04-17T10:57:33.009+0800][33.443s] GC(108) Survivor regions: 0->0(0)
[2020-04-17T10:57:33.009+0800][33.443s] GC(108) Old regions: 509->509
[2020-04-17T10:57:33.009+0800][33.443s] GC(108) Archive regions: 2->2
[2020-04-17T10:57:33.009+0800][33.443s] GC(108) Humongous regions: 1->1
[2020-04-17T10:57:33.009+0800][33.443s] GC(108) Metaspace: 39463K(40704K)->39463K(40704K) NonClass: 34729K(35584K)->34729K(35584K) Class: 4734K(5120K)->4734K(5120K)
[2020-04-17T10:57:33.009+0800][33.443s] GC(108) Pause Full (G1 Evacuation Pause) 510M->510M(512M) 907.673ms
[2020-04-17T10:57:33.009+0800][33.443s] GC(108) User=3.22s Sys=0.00s Real=0.90s
[2020-04-17T10:57:33.009+0800][33.443s] GC(109) Pause Young (Concurrent Start) (G1 Evacuation Pause)
[2020-04-17T10:57:33.009+0800][33.443s] GC(109) Using 4 workers of 4 for evacuation
[2020-04-17T10:57:33.010+0800][33.444s] GC(109)   Pre Evacuate Collection Set: 0.1ms
[2020-04-17T10:57:33.010+0800][33.444s] GC(109)   Merge Heap Roots: 0.0ms
[2020-04-17T10:57:33.010+0800][33.444s] GC(109)   Evacuate Collection Set: 0.5ms
[2020-04-17T10:57:33.010+0800][33.444s] GC(109)   Post Evacuate Collection Set: 0.3ms
[2020-04-17T10:57:33.010+0800][33.444s] GC(109)   Other: 0.1ms
[2020-04-17T10:57:33.011+0800][33.444s] GC(109) Eden regions: 0->0(128)
[2020-04-17T10:57:33.011+0800][33.444s] GC(109) Survivor regions: 0->0(0)
[2020-04-17T10:57:33.011+0800][33.444s] GC(109) Old regions: 509->509
[2020-04-17T10:57:33.011+0800][33.444s] GC(109) Archive regions: 2->2
[2020-04-17T10:57:33.011+0800][33.444s] GC(109) Humongous regions: 1->1
[2020-04-17T10:57:33.011+0800][33.444s] GC(109) Metaspace: 39463K(40704K)->39463K(40704K) NonClass: 34729K(35584K)->34729K(35584K) Class: 4734K(5120K)->4734K(5120K)
[2020-04-17T10:57:33.011+0800][33.444s] GC(109) Pause Young (Concurrent Start) (G1 Evacuation Pause) 510M->510M(512M) 1.086ms
[2020-04-17T10:57:33.011+0800][33.444s] GC(109) User=0.00s Sys=0.00s Real=0.01s
[2020-04-17T10:57:33.011+0800][33.444s] GC(110) Using 4 workers of 4 for full compaction
[2020-04-17T10:57:33.011+0800][33.444s] GC(110) Pause Full (G1 Evacuation Pause)
[2020-04-17T10:57:33.011+0800][33.444s] GC(111) Concurrent Cycle
[2020-04-17T10:57:33.011+0800][33.444s] GC(111) Concurrent Clear Claimed Marks
[2020-04-17T10:57:33.011+0800][33.444s] GC(111) Concurrent Clear Claimed Marks 0.074ms
[2020-04-17T10:57:33.011+0800][33.445s] GC(111) Concurrent Scan Root Regions
[2020-04-17T10:57:33.011+0800][33.445s] GC(111) Concurrent Scan Root Regions 0.023ms
[2020-04-17T10:57:33.011+0800][33.445s] GC(111) Concurrent Mark (33.445s)
[2020-04-17T10:57:33.011+0800][33.445s] GC(111) Concurrent Mark From Roots
[2020-04-17T10:57:33.011+0800][33.445s] GC(111) Using 4 workers of 4 for marking
[2020-04-17T10:57:33.011+0800][33.445s] GC(110) Phase 1: Mark live objects
[2020-04-17T10:57:33.526+0800][33.960s] GC(110) Phase 1: Mark live objects 514.735ms
[2020-04-17T10:57:33.526+0800][33.960s] GC(110) Phase 2: Prepare for compaction
[2020-04-17T10:57:33.636+0800][34.070s] GC(110) Phase 2: Prepare for compaction 110.235ms
[2020-04-17T10:57:33.636+0800][34.070s] GC(110) Phase 3: Adjust pointers
[2020-04-17T10:57:33.816+0800][34.250s] GC(110) Phase 3: Adjust pointers 179.598ms
[2020-04-17T10:57:33.816+0800][34.250s] GC(110) Phase 4: Compact heap
[2020-04-17T10:57:33.899+0800][34.333s] GC(110) Phase 4: Compact heap 82.739ms
[2020-04-17T10:57:33.902+0800][34.336s] GC(110) Eden regions: 0->0(128)
[2020-04-17T10:57:33.902+0800][34.336s] GC(110) Survivor regions: 0->0(0)
[2020-04-17T10:57:33.902+0800][34.336s] GC(110) Old regions: 509->509
[2020-04-17T10:57:33.902+0800][34.336s] GC(110) Archive regions: 2->2
[2020-04-17T10:57:33.902+0800][34.336s] GC(110) Humongous regions: 1->1
[2020-04-17T10:57:33.902+0800][34.336s] GC(110) Metaspace: 39463K(40704K)->39463K(40704K) NonClass: 34729K(35584K)->34729K(35584K) Class: 4734K(5120K)->4734K(5120K)
[2020-04-17T10:57:33.902+0800][34.336s] GC(110) Pause Full (G1 Evacuation Pause) 510M->510M(512M) 891.569ms
[2020-04-17T10:57:33.902+0800][34.336s] GC(110) User=3.20s Sys=0.01s Real=0.89s
[2020-04-17T10:57:33.902+0800][34.336s] GC(112) Using 4 workers of 4 for full compaction
[2020-04-17T10:57:33.902+0800][34.336s] GC(112) Pause Full (G1 Evacuation Pause)
[2020-04-17T10:57:33.903+0800][34.336s] GC(112) Phase 1: Mark live objects
[2020-04-17T10:57:34.419+0800][34.853s] GC(112) Phase 1: Mark live objects 516.616ms
[2020-04-17T10:57:34.419+0800][34.853s] GC(112) Phase 2: Prepare for compaction
[2020-04-17T10:57:34.531+0800][34.965s] GC(112) Phase 2: Prepare for compaction 111.671ms
[2020-04-17T10:57:34.531+0800][34.965s] GC(112) Phase 3: Adjust pointers
[2020-04-17T10:57:34.710+0800][35.144s] GC(112) Phase 3: Adjust pointers 179.452ms
[2020-04-17T10:57:34.710+0800][35.144s] GC(112) Phase 4: Compact heap
[2020-04-17T10:57:34.789+0800][35.222s] GC(112) Phase 4: Compact heap 78.084ms
[2020-04-17T10:57:34.792+0800][35.226s] GC(112) Eden regions: 0->0(128)
[2020-04-17T10:57:34.792+0800][35.226s] GC(112) Survivor regions: 0->0(0)
[2020-04-17T10:57:34.792+0800][35.226s] GC(112) Old regions: 509->509
[2020-04-17T10:57:34.792+0800][35.226s] GC(112) Archive regions: 2->2
[2020-04-17T10:57:34.792+0800][35.226s] GC(112) Humongous regions: 1->1
[2020-04-17T10:57:34.792+0800][35.226s] GC(112) Metaspace: 39463K(40704K)->39463K(40704K) NonClass: 34729K(35584K)->34729K(35584K) Class: 4734K(5120K)->4734K(5120K)
[2020-04-17T10:57:34.792+0800][35.226s] GC(112) Pause Full (G1 Evacuation Pause) 510M->510M(512M) 889.764ms
[2020-04-17T10:57:34.792+0800][35.226s] GC(112) User=3.21s Sys=0.00s Real=0.89s
[2020-04-17T10:57:34.792+0800][35.226s] GC(111) Concurrent Mark From Roots 1781.457ms
