[2020-04-17T15:14:50.879+0800][0.015s] Heap region size: 1M
[2020-04-17T15:14:50.880+0800][0.015s] Heap address: 0x00000007e0000000, size: 512 MB, Compressed Oops mode: Zero based, Oop shift amount: 3
[2020-04-17T15:14:50.887+0800][0.023s] Using G1
[2020-04-17T15:14:50.888+0800][0.023s] Mark closed archive regions in map: [0x00000007fff00000, 0x00000007fff7aff8]
[2020-04-17T15:14:50.888+0800][0.023s] Mark open archive regions in map: [0x00000007ffe00000, 0x00000007ffe50ff8]
[2020-04-17T15:14:50.910+0800][0.045s] Periodic GC disabled
[2020-04-17T15:14:54.623+0800][3.758s] GC(0) Pause Young (Concurrent Start) (Metadata GC Threshold)
[2020-04-17T15:14:54.623+0800][3.758s] GC(0) Using 4 workers of 4 for evacuation
[2020-04-17T15:14:54.636+0800][3.771s] GC(0)   Pre Evacuate Collection Set: 0.1ms
[2020-04-17T15:14:54.636+0800][3.771s] GC(0)   Merge Heap Roots: 0.0ms
[2020-04-17T15:14:54.636+0800][3.771s] GC(0)   Evacuate Collection Set: 11.3ms
[2020-04-17T15:14:54.636+0800][3.771s] GC(0)   Post Evacuate Collection Set: 1.0ms
[2020-04-17T15:14:54.636+0800][3.771s] GC(0)   Other: 0.5ms
[2020-04-17T15:14:54.636+0800][3.771s] GC(0) Eden regions: 117->0(117)
[2020-04-17T15:14:54.636+0800][3.771s] GC(0) Survivor regions: 0->11(32)
[2020-04-17T15:14:54.636+0800][3.771s] GC(0) Old regions: 0->0
[2020-04-17T15:14:54.636+0800][3.771s] GC(0) Archive regions: 2->2
[2020-04-17T15:14:54.636+0800][3.771s] GC(0) Humongous regions: 0->0
[2020-04-17T15:14:54.636+0800][3.771s] GC(0) Metaspace: 20466K(21248K)->20466K(21248K) NonClass: 18101K(18688K)->18101K(18688K) Class: 2364K(2560K)->2364K(2560K)
[2020-04-17T15:14:54.636+0800][3.771s] GC(0) Pause Young (Concurrent Start) (Metadata GC Threshold) 117M->11M(512M) 13.095ms
[2020-04-17T15:14:54.636+0800][3.771s] GC(0) User=0.04s Sys=0.01s Real=0.01s
[2020-04-17T15:14:54.636+0800][3.771s] GC(1) Concurrent Cycle
[2020-04-17T15:14:54.636+0800][3.771s] GC(1) Concurrent Clear Claimed Marks
[2020-04-17T15:14:54.636+0800][3.771s] GC(1) Concurrent Clear Claimed Marks 0.045ms
[2020-04-17T15:14:54.636+0800][3.771s] GC(1) Concurrent Scan Root Regions
[2020-04-17T15:14:54.639+0800][3.775s] GC(1) Concurrent Scan Root Regions 3.194ms
[2020-04-17T15:14:54.639+0800][3.775s] GC(1) Concurrent Mark (3.775s)
[2020-04-17T15:14:54.639+0800][3.775s] GC(1) Concurrent Mark From Roots
[2020-04-17T15:14:54.639+0800][3.775s] GC(1) Using 4 workers of 4 for marking
[2020-04-17T15:14:54.641+0800][3.776s] GC(1) Concurrent Mark From Roots 1.441ms
[2020-04-17T15:14:54.641+0800][3.776s] GC(1) Concurrent Preclean
[2020-04-17T15:14:54.641+0800][3.776s] GC(1) Concurrent Preclean 0.037ms
[2020-04-17T15:14:54.641+0800][3.776s] GC(1) Concurrent Mark (3.775s, 3.776s) 1.553ms
[2020-04-17T15:14:54.641+0800][3.776s] GC(1) Pause Remark
[2020-04-17T15:14:54.643+0800][3.778s] GC(1) Pause Remark 12M->12M(512M) 1.607ms
[2020-04-17T15:14:54.643+0800][3.778s] GC(1) User=0.00s Sys=0.00s Real=0.00s
[2020-04-17T15:14:54.643+0800][3.778s] GC(1) Concurrent Rebuild Remembered Sets
[2020-04-17T15:14:54.644+0800][3.779s] GC(1) Concurrent Rebuild Remembered Sets 0.692ms
[2020-04-17T15:14:54.644+0800][3.779s] GC(1) Pause Cleanup
[2020-04-17T15:14:54.644+0800][3.779s] GC(1) Pause Cleanup 12M->12M(512M) 0.090ms
[2020-04-17T15:14:54.644+0800][3.779s] GC(1) User=0.00s Sys=0.00s Real=0.00s
[2020-04-17T15:14:54.644+0800][3.779s] GC(1) Concurrent Cleanup for Next Mark
[2020-04-17T15:14:54.647+0800][3.782s] GC(1) Concurrent Cleanup for Next Mark 2.916ms
[2020-04-17T15:14:54.647+0800][3.782s] GC(1) Concurrent Cycle 10.935ms
[2020-04-17T15:14:56.217+0800][5.353s] GC(2) Pause Young (Normal) (G1 Evacuation Pause)
[2020-04-17T15:14:56.218+0800][5.353s] GC(2) Using 4 workers of 4 for evacuation
[2020-04-17T15:14:56.238+0800][5.373s] GC(2)   Pre Evacuate Collection Set: 0.0ms
[2020-04-17T15:14:56.238+0800][5.374s] GC(2)   Merge Heap Roots: 0.0ms
[2020-04-17T15:14:56.238+0800][5.374s] GC(2)   Evacuate Collection Set: 19.7ms
[2020-04-17T15:14:56.238+0800][5.374s] GC(2)   Post Evacuate Collection Set: 1.0ms
[2020-04-17T15:14:56.238+0800][5.374s] GC(2)   Other: 0.2ms
[2020-04-17T15:14:56.238+0800][5.374s] GC(2) Eden regions: 117->0(110)
[2020-04-17T15:14:56.239+0800][5.374s] GC(2) Survivor regions: 11->18(32)
[2020-04-17T15:14:56.239+0800][5.374s] GC(2) Old regions: 0->0
[2020-04-17T15:14:56.239+0800][5.374s] GC(2) Archive regions: 2->2
[2020-04-17T15:14:56.239+0800][5.374s] GC(2) Humongous regions: 1->1
[2020-04-17T15:14:56.239+0800][5.374s] GC(2) Metaspace: 27524K(28416K)->27524K(28416K) NonClass: 24265K(24832K)->24265K(24832K) Class: 3259K(3584K)->3259K(3584K)
[2020-04-17T15:14:56.239+0800][5.374s] GC(2) Pause Young (Normal) (G1 Evacuation Pause) 129M->19M(512M) 21.139ms
[2020-04-17T15:14:56.239+0800][5.374s] GC(2) User=0.07s Sys=0.01s Real=0.02s
[2020-04-17T15:14:56.665+0800][5.800s] GC(3) Pause Young (Normal) (G1 Evacuation Pause)
[2020-04-17T15:14:56.665+0800][5.800s] GC(3) Using 4 workers of 4 for evacuation
[2020-04-17T15:14:56.677+0800][5.812s] GC(3)   Pre Evacuate Collection Set: 0.1ms
[2020-04-17T15:14:56.677+0800][5.812s] GC(3)   Merge Heap Roots: 0.0ms
[2020-04-17T15:14:56.677+0800][5.812s] GC(3)   Evacuate Collection Set: 11.1ms
[2020-04-17T15:14:56.677+0800][5.812s] GC(3)   Post Evacuate Collection Set: 1.0ms
[2020-04-17T15:14:56.677+0800][5.812s] GC(3)   Other: 0.2ms
[2020-04-17T15:14:56.677+0800][5.812s] GC(3) Eden regions: 110->0(108)
[2020-04-17T15:14:56.677+0800][5.812s] GC(3) Survivor regions: 18->20(32)
[2020-04-17T15:14:56.677+0800][5.812s] GC(3) Old regions: 0->0
[2020-04-17T15:14:56.677+0800][5.812s] GC(3) Archive regions: 2->2
[2020-04-17T15:14:56.677+0800][5.812s] GC(3) Humongous regions: 1->1
[2020-04-17T15:14:56.677+0800][5.812s] GC(3) Metaspace: 28902K(29952K)->28902K(29952K) NonClass: 25473K(26112K)->25473K(26112K) Class: 3428K(3840K)->3428K(3840K)
[2020-04-17T15:14:56.677+0800][5.812s] GC(3) Pause Young (Normal) (G1 Evacuation Pause) 129M->21M(512M) 12.527ms
[2020-04-17T15:14:56.677+0800][5.812s] GC(3) User=0.04s Sys=0.00s Real=0.01s
[2020-04-17T15:14:57.706+0800][6.841s] GC(4) Pause Young (Normal) (G1 Evacuation Pause)
[2020-04-17T15:14:57.706+0800][6.841s] GC(4) Using 4 workers of 4 for evacuation
[2020-04-17T15:14:57.719+0800][6.854s] GC(4)   Pre Evacuate Collection Set: 0.0ms
[2020-04-17T15:14:57.719+0800][6.854s] GC(4)   Merge Heap Roots: 0.0ms
[2020-04-17T15:14:57.719+0800][6.854s] GC(4)   Evacuate Collection Set: 11.8ms
[2020-04-17T15:14:57.719+0800][6.855s] GC(4)   Post Evacuate Collection Set: 1.1ms
[2020-04-17T15:14:57.719+0800][6.855s] GC(4)   Other: 0.2ms
[2020-04-17T15:14:57.720+0800][6.855s] GC(4) Eden regions: 108->0(108)
[2020-04-17T15:14:57.720+0800][6.855s] GC(4) Survivor regions: 20->20(32)
[2020-04-17T15:14:57.720+0800][6.855s] GC(4) Old regions: 0->0
[2020-04-17T15:14:57.720+0800][6.855s] GC(4) Archive regions: 2->2
[2020-04-17T15:14:57.720+0800][6.855s] GC(4) Humongous regions: 1->1
[2020-04-17T15:14:57.720+0800][6.855s] GC(4) Metaspace: 33369K(34560K)->33369K(34560K) NonClass: 29380K(30208K)->29380K(30208K) Class: 3988K(4352K)->3988K(4352K)
[2020-04-17T15:14:57.720+0800][6.855s] GC(4) Pause Young (Normal) (G1 Evacuation Pause) 129M->21M(512M) 13.415ms
[2020-04-17T15:14:57.720+0800][6.855s] GC(4) User=0.05s Sys=0.00s Real=0.02s
[2020-04-17T15:14:57.897+0800][7.032s] GC(5) Pause Young (Concurrent Start) (Metadata GC Threshold)
[2020-04-17T15:14:57.897+0800][7.032s] GC(5) Using 4 workers of 4 for evacuation
[2020-04-17T15:14:57.910+0800][7.045s] GC(5)   Pre Evacuate Collection Set: 0.1ms
[2020-04-17T15:14:57.910+0800][7.045s] GC(5)   Merge Heap Roots: 0.0ms
[2020-04-17T15:14:57.910+0800][7.045s] GC(5)   Evacuate Collection Set: 11.7ms
[2020-04-17T15:14:57.910+0800][7.045s] GC(5)   Post Evacuate Collection Set: 1.1ms
[2020-04-17T15:14:57.910+0800][7.045s] GC(5)   Other: 0.2ms
[2020-04-17T15:14:57.910+0800][7.045s] GC(5) Eden regions: 27->0(107)
[2020-04-17T15:14:57.910+0800][7.045s] GC(5) Survivor regions: 20->21(32)
[2020-04-17T15:14:57.910+0800][7.045s] GC(5) Old regions: 0->0
[2020-04-17T15:14:57.910+0800][7.045s] GC(5) Archive regions: 2->2
[2020-04-17T15:14:57.910+0800][7.045s] GC(5) Humongous regions: 1->1
[2020-04-17T15:14:57.910+0800][7.045s] GC(5) Metaspace: 34500K(35628K)->34500K(35628K) NonClass: 30363K(31148K)->30363K(31148K) Class: 4137K(4480K)->4137K(4480K)
[2020-04-17T15:14:57.910+0800][7.045s] GC(5) Pause Young (Concurrent Start) (Metadata GC Threshold) 48M->22M(512M) 13.418ms
[2020-04-17T15:14:57.910+0800][7.045s] GC(5) User=0.05s Sys=0.00s Real=0.02s
[2020-04-17T15:14:57.910+0800][7.045s] GC(6) Concurrent Cycle
[2020-04-17T15:14:57.910+0800][7.045s] GC(6) Concurrent Clear Claimed Marks
[2020-04-17T15:14:57.910+0800][7.045s] GC(6) Concurrent Clear Claimed Marks 0.059ms
[2020-04-17T15:14:57.910+0800][7.045s] GC(6) Concurrent Scan Root Regions
[2020-04-17T15:14:57.914+0800][7.049s] GC(6) Concurrent Scan Root Regions 3.789ms
[2020-04-17T15:14:57.914+0800][7.049s] GC(6) Concurrent Mark (7.049s)
[2020-04-17T15:14:57.914+0800][7.049s] GC(6) Concurrent Mark From Roots
[2020-04-17T15:14:57.914+0800][7.049s] GC(6) Using 4 workers of 4 for marking
[2020-04-17T15:14:57.916+0800][7.051s] GC(6) Concurrent Mark From Roots 1.395ms
[2020-04-17T15:14:57.916+0800][7.051s] GC(6) Concurrent Preclean
[2020-04-17T15:14:57.916+0800][7.051s] GC(6) Concurrent Preclean 0.026ms
[2020-04-17T15:14:57.916+0800][7.051s] GC(6) Concurrent Mark (7.049s, 7.051s) 1.477ms
[2020-04-17T15:14:57.917+0800][7.052s] GC(6) Pause Remark
[2020-04-17T15:14:57.920+0800][7.055s] GC(6) Pause Remark 22M->22M(512M) 2.809ms
[2020-04-17T15:14:57.920+0800][7.055s] GC(6) User=0.01s Sys=0.00s Real=0.01s
[2020-04-17T15:14:57.920+0800][7.055s] GC(6) Concurrent Rebuild Remembered Sets
[2020-04-17T15:14:57.921+0800][7.056s] GC(6) Concurrent Rebuild Remembered Sets 0.676ms
[2020-04-17T15:14:57.921+0800][7.056s] GC(6) Pause Cleanup
[2020-04-17T15:14:57.921+0800][7.056s] GC(6) Pause Cleanup 22M->22M(512M) 0.104ms
[2020-04-17T15:14:57.921+0800][7.056s] GC(6) User=0.00s Sys=0.00s Real=0.00s
[2020-04-17T15:14:57.922+0800][7.057s] GC(6) Concurrent Cleanup for Next Mark
[2020-04-17T15:14:57.925+0800][7.060s] GC(6) Concurrent Cleanup for Next Mark 3.179ms
[2020-04-17T15:14:57.925+0800][7.060s] GC(6) Concurrent Cycle 14.616ms
[2020-04-17T15:15:00.427+0800][9.562s] GC(7) Pause Young (Normal) (G1 Evacuation Pause)
[2020-04-17T15:15:00.427+0800][9.562s] GC(7) Using 4 workers of 4 for evacuation
[2020-04-17T15:15:00.454+0800][9.589s] GC(7)   Pre Evacuate Collection Set: 0.1ms
[2020-04-17T15:15:00.454+0800][9.589s] GC(7)   Merge Heap Roots: 0.0ms
[2020-04-17T15:15:00.454+0800][9.589s] GC(7)   Evacuate Collection Set: 25.0ms
[2020-04-17T15:15:00.454+0800][9.589s] GC(7)   Post Evacuate Collection Set: 1.4ms
[2020-04-17T15:15:00.454+0800][9.589s] GC(7)   Other: 0.2ms
[2020-04-17T15:15:00.454+0800][9.589s] GC(7) Eden regions: 107->0(98)
[2020-04-17T15:15:00.454+0800][9.589s] GC(7) Survivor regions: 21->30(32)
[2020-04-17T15:15:00.454+0800][9.589s] GC(7) Old regions: 0->0
[2020-04-17T15:15:00.454+0800][9.589s] GC(7) Archive regions: 2->2
[2020-04-17T15:15:00.454+0800][9.589s] GC(7) Humongous regions: 1->1
[2020-04-17T15:15:00.454+0800][9.589s] GC(7) Metaspace: 39069K(40364K)->39069K(40364K) NonClass: 34335K(35244K)->34335K(35244K) Class: 4734K(5120K)->4734K(5120K)
[2020-04-17T15:15:00.454+0800][9.589s] GC(7) Pause Young (Normal) (G1 Evacuation Pause) 129M->31M(512M) 26.841ms
[2020-04-17T15:15:00.454+0800][9.589s] GC(7) User=0.09s Sys=0.01s Real=0.03s
[2020-04-17T15:15:00.938+0800][10.073s] GC(8) Pause Young (Normal) (G1 Evacuation Pause)
[2020-04-17T15:15:00.938+0800][10.073s] GC(8) Using 4 workers of 4 for evacuation
[2020-04-17T15:15:01.120+0800][10.255s] GC(8)   Pre Evacuate Collection Set: 0.1ms
[2020-04-17T15:15:01.120+0800][10.255s] GC(8)   Merge Heap Roots: 0.0ms
[2020-04-17T15:15:01.120+0800][10.255s] GC(8)   Evacuate Collection Set: 179.3ms
[2020-04-17T15:15:01.120+0800][10.255s] GC(8)   Post Evacuate Collection Set: 2.4ms
[2020-04-17T15:15:01.120+0800][10.255s] GC(8)   Other: 0.2ms
[2020-04-17T15:15:01.120+0800][10.255s] GC(8) Eden regions: 98->0(96)
[2020-04-17T15:15:01.120+0800][10.255s] GC(8) Survivor regions: 30->32(32)
[2020-04-17T15:15:01.120+0800][10.255s] GC(8) Old regions: 0->84
[2020-04-17T15:15:01.120+0800][10.255s] GC(8) Archive regions: 2->2
[2020-04-17T15:15:01.120+0800][10.255s] GC(8) Humongous regions: 1->1
[2020-04-17T15:15:01.120+0800][10.255s] GC(8) Metaspace: 39074K(40364K)->39074K(40364K) NonClass: 34340K(35244K)->34340K(35244K) Class: 4734K(5120K)->4734K(5120K)
[2020-04-17T15:15:01.120+0800][10.255s] GC(8) Pause Young (Normal) (G1 Evacuation Pause) 129M->117M(512M) 182.244ms
[2020-04-17T15:15:01.120+0800][10.255s] GC(8) User=0.47s Sys=0.07s Real=0.19s
[2020-04-17T15:15:01.489+0800][10.624s] GC(9) Pause Young (Normal) (G1 Evacuation Pause)
[2020-04-17T15:15:01.489+0800][10.624s] GC(9) Using 4 workers of 4 for evacuation
[2020-04-17T15:15:01.644+0800][10.779s] GC(9)   Pre Evacuate Collection Set: 0.1ms
[2020-04-17T15:15:01.644+0800][10.779s] GC(9)   Merge Heap Roots: 0.1ms
[2020-04-17T15:15:01.644+0800][10.779s] GC(9)   Evacuate Collection Set: 153.5ms
[2020-04-17T15:15:01.644+0800][10.779s] GC(9)   Post Evacuate Collection Set: 1.3ms
[2020-04-17T15:15:01.645+0800][10.779s] GC(9)   Other: 0.2ms
[2020-04-17T15:15:01.645+0800][10.779s] GC(9) Eden regions: 96->0(96)
[2020-04-17T15:15:01.645+0800][10.780s] GC(9) Survivor regions: 32->32(32)
[2020-04-17T15:15:01.645+0800][10.780s] GC(9) Old regions: 84->166
[2020-04-17T15:15:01.645+0800][10.780s] GC(9) Archive regions: 2->2
[2020-04-17T15:15:01.645+0800][10.780s] GC(9) Humongous regions: 1->1
[2020-04-17T15:15:01.645+0800][10.780s] GC(9) Metaspace: 39074K(40364K)->39074K(40364K) NonClass: 34340K(35244K)->34340K(35244K) Class: 4734K(5120K)->4734K(5120K)
[2020-04-17T15:15:01.645+0800][10.780s] GC(9) Pause Young (Normal) (G1 Evacuation Pause) 213M->199M(512M) 155.263ms
[2020-04-17T15:15:01.645+0800][10.780s] GC(9) User=0.44s Sys=0.05s Real=0.16s
[2020-04-17T15:15:02.264+0800][11.399s] GC(10) Pause Young (Normal) (G1 Evacuation Pause)
[2020-04-17T15:15:02.264+0800][11.399s] GC(10) Using 4 workers of 4 for evacuation
[2020-04-17T15:15:02.434+0800][11.568s] GC(10)   Pre Evacuate Collection Set: 0.1ms
[2020-04-17T15:15:02.434+0800][11.569s] GC(10)   Merge Heap Roots: 0.0ms
[2020-04-17T15:15:02.434+0800][11.569s] GC(10)   Evacuate Collection Set: 168.6ms
[2020-04-17T15:15:02.434+0800][11.569s] GC(10)   Post Evacuate Collection Set: 0.7ms
[2020-04-17T15:15:02.434+0800][11.569s] GC(10)   Other: 0.2ms
[2020-04-17T15:15:02.434+0800][11.569s] GC(10) Eden regions: 96->0(96)
[2020-04-17T15:15:02.434+0800][11.569s] GC(10) Survivor regions: 32->32(32)
[2020-04-17T15:15:02.434+0800][11.569s] GC(10) Old regions: 166->246
[2020-04-17T15:15:02.434+0800][11.569s] GC(10) Archive regions: 2->2
[2020-04-17T15:15:02.434+0800][11.569s] GC(10) Humongous regions: 1->1
[2020-04-17T15:15:02.434+0800][11.569s] GC(10) Metaspace: 39083K(40364K)->39083K(40364K) NonClass: 34348K(35244K)->34348K(35244K) Class: 4734K(5120K)->4734K(5120K)
[2020-04-17T15:15:02.434+0800][11.569s] GC(10) Pause Young (Normal) (G1 Evacuation Pause) 295M->279M(512M) 169.710ms
[2020-04-17T15:15:02.434+0800][11.569s] GC(10) User=0.47s Sys=0.04s Real=0.17s
[2020-04-17T15:15:04.806+0800][13.941s] GC(11) Pause Young (Concurrent Start) (G1 Evacuation Pause)
[2020-04-17T15:15:04.807+0800][13.941s] GC(11) Using 4 workers of 4 for evacuation
[2020-04-17T15:15:04.905+0800][14.040s] GC(11)   Pre Evacuate Collection Set: 0.1ms
[2020-04-17T15:15:04.905+0800][14.040s] GC(11)   Merge Heap Roots: 0.1ms
[2020-04-17T15:15:04.905+0800][14.040s] GC(11)   Evacuate Collection Set: 97.6ms
[2020-04-17T15:15:04.905+0800][14.040s] GC(11)   Post Evacuate Collection Set: 0.6ms
[2020-04-17T15:15:04.905+0800][14.040s] GC(11)   Other: 0.7ms
[2020-04-17T15:15:04.905+0800][14.040s] GC(11) Eden regions: 96->0(96)
[2020-04-17T15:15:04.905+0800][14.040s] GC(11) Survivor regions: 32->32(32)
[2020-04-17T15:15:04.905+0800][14.040s] GC(11) Old regions: 246->284
[2020-04-17T15:15:04.905+0800][14.040s] GC(11) Archive regions: 2->2
[2020-04-17T15:15:04.905+0800][14.040s] GC(11) Humongous regions: 1->1
[2020-04-17T15:15:04.905+0800][14.040s] GC(11) Metaspace: 39284K(40620K)->39284K(40620K) NonClass: 34539K(35500K)->34539K(35500K) Class: 4744K(5120K)->4744K(5120K)
[2020-04-17T15:15:04.905+0800][14.040s] GC(11) Pause Young (Concurrent Start) (G1 Evacuation Pause) 375M->317M(512M) 99.285ms
[2020-04-17T15:15:04.905+0800][14.040s] GC(11) User=0.28s Sys=0.02s Real=0.10s
[2020-04-17T15:15:04.905+0800][14.040s] GC(12) Concurrent Cycle
[2020-04-17T15:15:04.905+0800][14.040s] GC(12) Concurrent Clear Claimed Marks
[2020-04-17T15:15:04.905+0800][14.040s] GC(12) Concurrent Clear Claimed Marks 0.072ms
[2020-04-17T15:15:04.906+0800][14.040s] GC(12) Concurrent Scan Root Regions
[2020-04-17T15:15:04.951+0800][14.086s] GC(12) Concurrent Scan Root Regions 45.329ms
[2020-04-17T15:15:04.951+0800][14.086s] GC(12) Concurrent Mark (14.086s)
[2020-04-17T15:15:04.951+0800][14.086s] GC(12) Concurrent Mark From Roots
[2020-04-17T15:15:04.951+0800][14.086s] GC(12) Using 4 workers of 4 for marking
[2020-04-17T15:15:05.066+0800][14.201s] GC(13) Pause Young (Normal) (G1 Evacuation Pause)
[2020-04-17T15:15:05.066+0800][14.201s] GC(13) Using 4 workers of 4 for evacuation
[2020-04-17T15:15:05.110+0800][14.245s] GC(13)   Pre Evacuate Collection Set: 0.0ms
[2020-04-17T15:15:05.110+0800][14.245s] GC(13)   Merge Heap Roots: 0.1ms
[2020-04-17T15:15:05.110+0800][14.245s] GC(13)   Evacuate Collection Set: 43.0ms
[2020-04-17T15:15:05.110+0800][14.245s] GC(13)   Post Evacuate Collection Set: 0.5ms
[2020-04-17T15:15:05.110+0800][14.245s] GC(13)   Other: 0.2ms
[2020-04-17T15:15:05.110+0800][14.245s] GC(13) Eden regions: 96->0(98)
[2020-04-17T15:15:05.110+0800][14.245s] GC(13) Survivor regions: 32->30(32)
[2020-04-17T15:15:05.110+0800][14.245s] GC(13) Old regions: 284->289
[2020-04-17T15:15:05.110+0800][14.245s] GC(13) Archive regions: 2->2
[2020-04-17T15:15:05.110+0800][14.245s] GC(13) Humongous regions: 1->1
[2020-04-17T15:15:05.110+0800][14.245s] GC(13) Metaspace: 39325K(40620K)->39325K(40620K) NonClass: 34580K(35500K)->34580K(35500K) Class: 4745K(5120K)->4745K(5120K)
[2020-04-17T15:15:05.110+0800][14.245s] GC(13) Pause Young (Normal) (G1 Evacuation Pause) 413M->319M(512M) 43.987ms
[2020-04-17T15:15:05.110+0800][14.245s] GC(13) User=0.15s Sys=0.00s Real=0.05s
[2020-04-17T15:15:05.414+0800][14.549s] GC(14) Pause Young (Normal) (G1 Evacuation Pause)
[2020-04-17T15:15:05.414+0800][14.549s] GC(14) Using 4 workers of 4 for evacuation
[2020-04-17T15:15:05.450+0800][14.585s] GC(14)   Pre Evacuate Collection Set: 0.1ms
[2020-04-17T15:15:05.450+0800][14.585s] GC(14)   Merge Heap Roots: 0.1ms
[2020-04-17T15:15:05.450+0800][14.585s] GC(14)   Evacuate Collection Set: 34.5ms
[2020-04-17T15:15:05.450+0800][14.585s] GC(14)   Post Evacuate Collection Set: 0.5ms
[2020-04-17T15:15:05.450+0800][14.585s] GC(14)   Other: 0.2ms
[2020-04-17T15:15:05.450+0800][14.585s] GC(14) Eden regions: 98->0(99)
[2020-04-17T15:15:05.450+0800][14.585s] GC(14) Survivor regions: 30->29(32)
[2020-04-17T15:15:05.450+0800][14.585s] GC(14) Old regions: 289->289
[2020-04-17T15:15:05.450+0800][14.585s] GC(14) Archive regions: 2->2
[2020-04-17T15:15:05.450+0800][14.585s] GC(14) Humongous regions: 1->1
[2020-04-17T15:15:05.450+0800][14.585s] GC(14) Metaspace: 39418K(40620K)->39418K(40620K) NonClass: 34672K(35500K)->34672K(35500K) Class: 4746K(5120K)->4746K(5120K)
[2020-04-17T15:15:05.450+0800][14.585s] GC(14) Pause Young (Normal) (G1 Evacuation Pause) 417M->319M(512M) 35.437ms
[2020-04-17T15:15:05.450+0800][14.585s] GC(14) User=0.13s Sys=0.00s Real=0.04s
[2020-04-17T15:15:05.523+0800][14.658s] GC(15) Pause Young (Normal) (G1 Evacuation Pause)
[2020-04-17T15:15:05.523+0800][14.658s] GC(15) Using 4 workers of 4 for evacuation
[2020-04-17T15:15:05.558+0800][14.693s] GC(15)   Pre Evacuate Collection Set: 0.1ms
[2020-04-17T15:15:05.558+0800][14.693s] GC(15)   Merge Heap Roots: 0.1ms
[2020-04-17T15:15:05.558+0800][14.693s] GC(15)   Evacuate Collection Set: 34.3ms
[2020-04-17T15:15:05.558+0800][14.693s] GC(15)   Post Evacuate Collection Set: 0.5ms
[2020-04-17T15:15:05.558+0800][14.693s] GC(15)   Other: 0.2ms
[2020-04-17T15:15:05.558+0800][14.693s] GC(15) Eden regions: 99->0(99)
[2020-04-17T15:15:05.558+0800][14.693s] GC(15) Survivor regions: 29->29(32)
[2020-04-17T15:15:05.558+0800][14.693s] GC(15) Old regions: 289->289
[2020-04-17T15:15:05.558+0800][14.693s] GC(15) Archive regions: 2->2
[2020-04-17T15:15:05.558+0800][14.693s] GC(15) Humongous regions: 1->1
[2020-04-17T15:15:05.558+0800][14.693s] GC(15) Metaspace: 39418K(40620K)->39418K(40620K) NonClass: 34672K(35500K)->34672K(35500K) Class: 4746K(5120K)->4746K(5120K)
[2020-04-17T15:15:05.558+0800][14.693s] GC(15) Pause Young (Normal) (G1 Evacuation Pause) 418M->319M(512M) 35.152ms
[2020-04-17T15:15:05.558+0800][14.693s] GC(15) User=0.12s Sys=0.00s Real=0.03s
[2020-04-17T15:15:05.563+0800][14.698s] GC(12) Concurrent Mark From Roots 612.432ms
[2020-04-17T15:15:05.563+0800][14.698s] GC(12) Concurrent Preclean
[2020-04-17T15:15:05.564+0800][14.698s] GC(12) Concurrent Preclean 0.093ms
[2020-04-17T15:15:05.564+0800][14.698s] GC(12) Concurrent Mark (14.086s, 14.698s) 612.595ms
[2020-04-17T15:15:05.564+0800][14.699s] GC(12) Pause Remark
[2020-04-17T15:15:05.567+0800][14.702s] GC(12) Pause Remark 320M->320M(512M) 3.043ms
[2020-04-17T15:15:05.567+0800][14.702s] GC(12) User=0.01s Sys=0.00s Real=0.00s
[2020-04-17T15:15:05.567+0800][14.702s] GC(12) Concurrent Rebuild Remembered Sets
[2020-04-17T15:15:05.615+0800][14.750s] GC(16) Pause Young (Normal) (G1 Evacuation Pause)
[2020-04-17T15:15:05.616+0800][14.750s] GC(16) Using 4 workers of 4 for evacuation
[2020-04-17T15:15:05.650+0800][14.785s] GC(16)   Pre Evacuate Collection Set: 0.1ms
[2020-04-17T15:15:05.650+0800][14.785s] GC(16)   Merge Heap Roots: 0.1ms
[2020-04-17T15:15:05.650+0800][14.785s] GC(16)   Evacuate Collection Set: 34.2ms
[2020-04-17T15:15:05.650+0800][14.785s] GC(16)   Post Evacuate Collection Set: 0.3ms
[2020-04-17T15:15:05.650+0800][14.785s] GC(16)   Other: 0.2ms
[2020-04-17T15:15:05.650+0800][14.785s] GC(16) Eden regions: 99->0(99)
[2020-04-17T15:15:05.650+0800][14.785s] GC(16) Survivor regions: 29->29(32)
[2020-04-17T15:15:05.650+0800][14.785s] GC(16) Old regions: 289->289
[2020-04-17T15:15:05.650+0800][14.785s] GC(16) Archive regions: 2->2
[2020-04-17T15:15:05.650+0800][14.785s] GC(16) Humongous regions: 1->1
[2020-04-17T15:15:05.650+0800][14.785s] GC(16) Metaspace: 39418K(40620K)->39418K(40620K) NonClass: 34672K(35500K)->34672K(35500K) Class: 4746K(5120K)->4746K(5120K)
[2020-04-17T15:15:05.650+0800][14.785s] GC(16) Pause Young (Normal) (G1 Evacuation Pause) 418M->319M(512M) 34.936ms
[2020-04-17T15:15:05.650+0800][14.785s] GC(16) User=0.13s Sys=0.00s Real=0.04s
[2020-04-17T15:15:05.708+0800][14.843s] GC(17) Pause Young (Normal) (G1 Evacuation Pause)
[2020-04-17T15:15:05.708+0800][14.843s] GC(17) Using 4 workers of 4 for evacuation
[2020-04-17T15:15:05.744+0800][14.879s] GC(17)   Pre Evacuate Collection Set: 0.1ms
[2020-04-17T15:15:05.744+0800][14.879s] GC(17)   Merge Heap Roots: 0.1ms
[2020-04-17T15:15:05.744+0800][14.879s] GC(17)   Evacuate Collection Set: 35.5ms
[2020-04-17T15:15:05.745+0800][14.879s] GC(17)   Post Evacuate Collection Set: 0.4ms
[2020-04-17T15:15:05.745+0800][14.879s] GC(17)   Other: 0.2ms
[2020-04-17T15:15:05.745+0800][14.879s] GC(17) Eden regions: 99->0(99)
[2020-04-17T15:15:05.745+0800][14.879s] GC(17) Survivor regions: 29->29(32)
[2020-04-17T15:15:05.745+0800][14.879s] GC(17) Old regions: 289->289
[2020-04-17T15:15:05.745+0800][14.879s] GC(17) Archive regions: 2->2
[2020-04-17T15:15:05.745+0800][14.879s] GC(17) Humongous regions: 1->1
[2020-04-17T15:15:05.745+0800][14.879s] GC(17) Metaspace: 39418K(40620K)->39418K(40620K) NonClass: 34672K(35500K)->34672K(35500K) Class: 4746K(5120K)->4746K(5120K)
[2020-04-17T15:15:05.745+0800][14.879s] GC(17) Pause Young (Normal) (G1 Evacuation Pause) 418M->319M(512M) 36.294ms
[2020-04-17T15:15:05.745+0800][14.879s] GC(17) User=0.13s Sys=0.00s Real=0.04s
[2020-04-17T15:15:05.801+0800][14.936s] GC(18) Pause Young (Normal) (G1 Evacuation Pause)
[2020-04-17T15:15:05.801+0800][14.936s] GC(18) Using 4 workers of 4 for evacuation
[2020-04-17T15:15:05.839+0800][14.974s] GC(18)   Pre Evacuate Collection Set: 0.1ms
[2020-04-17T15:15:05.839+0800][14.974s] GC(18)   Merge Heap Roots: 0.1ms
[2020-04-17T15:15:05.839+0800][14.974s] GC(18)   Evacuate Collection Set: 37.3ms
[2020-04-17T15:15:05.839+0800][14.974s] GC(18)   Post Evacuate Collection Set: 0.3ms
[2020-04-17T15:15:05.839+0800][14.974s] GC(18)   Other: 0.2ms
[2020-04-17T15:15:05.839+0800][14.974s] GC(18) Eden regions: 99->0(108)
[2020-04-17T15:15:05.839+0800][14.974s] GC(18) Survivor regions: 29->20(32)
[2020-04-17T15:15:05.839+0800][14.974s] GC(18) Old regions: 289->299
[2020-04-17T15:15:05.839+0800][14.974s] GC(18) Archive regions: 2->2
[2020-04-17T15:15:05.839+0800][14.974s] GC(18) Humongous regions: 1->1
[2020-04-17T15:15:05.839+0800][14.974s] GC(18) Metaspace: 39418K(40620K)->39418K(40620K) NonClass: 34672K(35500K)->34672K(35500K) Class: 4746K(5120K)->4746K(5120K)
[2020-04-17T15:15:05.839+0800][14.974s] GC(18) Pause Young (Normal) (G1 Evacuation Pause) 418M->319M(512M) 38.077ms
[2020-04-17T15:15:05.839+0800][14.974s] GC(18) User=0.14s Sys=0.00s Real=0.03s
[2020-04-17T15:15:05.897+0800][15.032s] GC(12) Concurrent Rebuild Remembered Sets 330.222ms
[2020-04-17T15:15:05.897+0800][15.032s] GC(12) Pause Cleanup
[2020-04-17T15:15:05.897+0800][15.032s] GC(12) Pause Cleanup 399M->399M(512M) 0.216ms
[2020-04-17T15:15:05.898+0800][15.032s] GC(12) User=0.00s Sys=0.00s Real=0.00s
[2020-04-17T15:15:05.898+0800][15.032s] GC(12) Concurrent Cleanup for Next Mark
[2020-04-17T15:15:05.898+0800][15.033s] GC(12) Concurrent Cleanup for Next Mark 0.641ms
[2020-04-17T15:15:05.898+0800][15.033s] GC(12) Concurrent Cycle 992.831ms
[2020-04-17T15:15:05.905+0800][15.039s] GC(19) Pause Young (Normal) (G1 Evacuation Pause)
[2020-04-17T15:15:05.905+0800][15.040s] GC(19) Using 4 workers of 4 for evacuation
[2020-04-17T15:15:05.929+0800][15.063s] GC(19)   Pre Evacuate Collection Set: 0.1ms
[2020-04-17T15:15:05.929+0800][15.064s] GC(19)   Merge Heap Roots: 0.1ms
[2020-04-17T15:15:05.929+0800][15.064s] GC(19)   Evacuate Collection Set: 23.3ms
[2020-04-17T15:15:05.929+0800][15.064s] GC(19)   Post Evacuate Collection Set: 0.4ms
[2020-04-17T15:15:05.929+0800][15.064s] GC(19)   Other: 0.1ms
[2020-04-17T15:15:05.929+0800][15.064s] GC(19) Eden regions: 108->0(116)
[2020-04-17T15:15:05.929+0800][15.064s] GC(19) Survivor regions: 20->12(32)
[2020-04-17T15:15:05.929+0800][15.064s] GC(19) Old regions: 299->307
[2020-04-17T15:15:05.929+0800][15.064s] GC(19) Archive regions: 2->2
[2020-04-17T15:15:05.929+0800][15.064s] GC(19) Humongous regions: 1->1
[2020-04-17T15:15:05.929+0800][15.064s] GC(19) Metaspace: 39418K(40620K)->39418K(40620K) NonClass: 34672K(35500K)->34672K(35500K) Class: 4746K(5120K)->4746K(5120K)
[2020-04-17T15:15:05.929+0800][15.064s] GC(19) Pause Young (Normal) (G1 Evacuation Pause) 427M->320M(512M) 24.129ms
[2020-04-17T15:15:05.929+0800][15.064s] GC(19) User=0.09s Sys=0.01s Real=0.02s
[2020-04-17T15:15:05.955+0800][15.090s] GC(20) Pause Young (Concurrent Start) (G1 Evacuation Pause)
[2020-04-17T15:15:05.956+0800][15.090s] GC(20) Using 4 workers of 4 for evacuation
[2020-04-17T15:15:05.975+0800][15.109s] GC(20)   Pre Evacuate Collection Set: 0.1ms
[2020-04-17T15:15:05.975+0800][15.110s] GC(20)   Merge Heap Roots: 0.0ms
[2020-04-17T15:15:05.975+0800][15.110s] GC(20)   Evacuate Collection Set: 18.4ms
[2020-04-17T15:15:05.975+0800][15.110s] GC(20)   Post Evacuate Collection Set: 0.4ms
[2020-04-17T15:15:05.975+0800][15.110s] GC(20)   Other: 0.2ms
[2020-04-17T15:15:05.975+0800][15.110s] GC(20) Eden regions: 116->0(126)
[2020-04-17T15:15:05.975+0800][15.110s] GC(20) Survivor regions: 12->2(32)
[2020-04-17T15:15:05.975+0800][15.110s] GC(20) Old regions: 307->318
[2020-04-17T15:15:05.975+0800][15.110s] GC(20) Archive regions: 2->2
[2020-04-17T15:15:05.975+0800][15.110s] GC(20) Humongous regions: 1->1
[2020-04-17T15:15:05.975+0800][15.110s] GC(20) Metaspace: 39418K(40620K)->39418K(40620K) NonClass: 34672K(35500K)->34672K(35500K) Class: 4746K(5120K)->4746K(5120K)
[2020-04-17T15:15:05.975+0800][15.110s] GC(20) Pause Young (Concurrent Start) (G1 Evacuation Pause) 436M->321M(512M) 19.329ms
[2020-04-17T15:15:05.975+0800][15.110s] GC(20) User=0.04s Sys=0.00s Real=0.02s
[2020-04-17T15:15:05.975+0800][15.110s] GC(21) Concurrent Cycle
[2020-04-17T15:15:05.975+0800][15.110s] GC(21) Concurrent Clear Claimed Marks
[2020-04-17T15:15:05.975+0800][15.110s] GC(21) Concurrent Clear Claimed Marks 0.085ms
[2020-04-17T15:15:05.975+0800][15.110s] GC(21) Concurrent Scan Root Regions
[2020-04-17T15:15:05.982+0800][15.117s] GC(21) Concurrent Scan Root Regions 7.448ms
[2020-04-17T15:15:05.982+0800][15.117s] GC(21) Concurrent Mark (15.117s)
[2020-04-17T15:15:05.982+0800][15.117s] GC(21) Concurrent Mark From Roots
[2020-04-17T15:15:05.982+0800][15.117s] GC(21) Using 4 workers of 4 for marking
[2020-04-17T15:15:06.079+0800][15.214s] GC(22) Pause Young (Normal) (G1 Evacuation Pause)
[2020-04-17T15:15:06.079+0800][15.214s] GC(22) Using 4 workers of 4 for evacuation
[2020-04-17T15:15:06.081+0800][15.216s] GC(22)   Pre Evacuate Collection Set: 0.1ms
[2020-04-17T15:15:06.081+0800][15.216s] GC(22)   Merge Heap Roots: 0.0ms
[2020-04-17T15:15:06.081+0800][15.216s] GC(22)   Evacuate Collection Set: 1.3ms
[2020-04-17T15:15:06.081+0800][15.216s] GC(22)   Post Evacuate Collection Set: 0.3ms
[2020-04-17T15:15:06.081+0800][15.216s] GC(22)   Other: 0.1ms
[2020-04-17T15:15:06.081+0800][15.216s] GC(22) Eden regions: 126->0(127)
[2020-04-17T15:15:06.081+0800][15.216s] GC(22) Survivor regions: 2->1(32)
[2020-04-17T15:15:06.081+0800][15.216s] GC(22) Old regions: 318->319
[2020-04-17T15:15:06.081+0800][15.216s] GC(22) Archive regions: 2->2
[2020-04-17T15:15:06.081+0800][15.216s] GC(22) Humongous regions: 1->1
[2020-04-17T15:15:06.081+0800][15.216s] GC(22) Metaspace: 39418K(40620K)->39418K(40620K) NonClass: 34672K(35500K)->34672K(35500K) Class: 4746K(5120K)->4746K(5120K)
[2020-04-17T15:15:06.081+0800][15.216s] GC(22) Pause Young (Normal) (G1 Evacuation Pause) 447M->321M(512M) 1.962ms
[2020-04-17T15:15:06.081+0800][15.216s] GC(22) User=0.00s Sys=0.00s Real=0.01s
[2020-04-17T15:15:06.155+0800][15.290s] GC(23) Pause Young (Normal) (G1 Evacuation Pause)
[2020-04-17T15:15:06.155+0800][15.290s] GC(23) Using 4 workers of 4 for evacuation
[2020-04-17T15:15:06.157+0800][15.292s] GC(23)   Pre Evacuate Collection Set: 0.1ms
[2020-04-17T15:15:06.157+0800][15.292s] GC(23)   Merge Heap Roots: 0.0ms
[2020-04-17T15:15:06.157+0800][15.292s] GC(23)   Evacuate Collection Set: 1.0ms
[2020-04-17T15:15:06.157+0800][15.292s] GC(23)   Post Evacuate Collection Set: 0.4ms
[2020-04-17T15:15:06.157+0800][15.292s] GC(23)   Other: 0.2ms
[2020-04-17T15:15:06.157+0800][15.292s] GC(23) Eden regions: 127->0(128)
[2020-04-17T15:15:06.157+0800][15.292s] GC(23) Survivor regions: 1->0(32)
[2020-04-17T15:15:06.157+0800][15.292s] GC(23) Old regions: 319->320
[2020-04-17T15:15:06.157+0800][15.292s] GC(23) Archive regions: 2->2
[2020-04-17T15:15:06.157+0800][15.292s] GC(23) Humongous regions: 1->1
[2020-04-17T15:15:06.157+0800][15.292s] GC(23) Metaspace: 39418K(40620K)->39418K(40620K) NonClass: 34672K(35500K)->34672K(35500K) Class: 4746K(5120K)->4746K(5120K)
[2020-04-17T15:15:06.157+0800][15.292s] GC(23) Pause Young (Normal) (G1 Evacuation Pause) 448M->321M(512M) 1.806ms
[2020-04-17T15:15:06.157+0800][15.292s] GC(23) User=0.00s Sys=0.01s Real=0.00s
[2020-04-17T15:15:06.231+0800][15.366s] GC(24) Pause Young (Normal) (G1 Evacuation Pause)
[2020-04-17T15:15:06.231+0800][15.366s] GC(24) Using 4 workers of 4 for evacuation
[2020-04-17T15:15:06.232+0800][15.367s] GC(24)   Pre Evacuate Collection Set: 0.1ms
[2020-04-17T15:15:06.232+0800][15.367s] GC(24)   Merge Heap Roots: 0.1ms
[2020-04-17T15:15:06.232+0800][15.367s] GC(24)   Evacuate Collection Set: 0.2ms
[2020-04-17T15:15:06.232+0800][15.367s] GC(24)   Post Evacuate Collection Set: 0.2ms
[2020-04-17T15:15:06.232+0800][15.367s] GC(24)   Other: 0.1ms
[2020-04-17T15:15:06.232+0800][15.367s] GC(24) Eden regions: 128->0(128)
[2020-04-17T15:15:06.232+0800][15.367s] GC(24) Survivor regions: 0->0(32)
[2020-04-17T15:15:06.232+0800][15.367s] GC(24) Old regions: 320->320
[2020-04-17T15:15:06.232+0800][15.367s] GC(24) Archive regions: 2->2
[2020-04-17T15:15:06.232+0800][15.367s] GC(24) Humongous regions: 1->1
[2020-04-17T15:15:06.232+0800][15.367s] GC(24) Metaspace: 39418K(40620K)->39418K(40620K) NonClass: 34672K(35500K)->34672K(35500K) Class: 4746K(5120K)->4746K(5120K)
[2020-04-17T15:15:06.232+0800][15.367s] GC(24) Pause Young (Normal) (G1 Evacuation Pause) 449M->321M(512M) 0.802ms
[2020-04-17T15:15:06.232+0800][15.367s] GC(24) User=0.00s Sys=0.00s Real=0.00s
[2020-04-17T15:15:06.305+0800][15.440s] GC(25) Pause Young (Normal) (G1 Evacuation Pause)
[2020-04-17T15:15:06.305+0800][15.440s] GC(25) Using 4 workers of 4 for evacuation
[2020-04-17T15:15:06.306+0800][15.441s] GC(25)   Pre Evacuate Collection Set: 0.1ms
[2020-04-17T15:15:06.306+0800][15.441s] GC(25)   Merge Heap Roots: 0.1ms
[2020-04-17T15:15:06.306+0800][15.441s] GC(25)   Evacuate Collection Set: 0.2ms
[2020-04-17T15:15:06.306+0800][15.441s] GC(25)   Post Evacuate Collection Set: 0.3ms
[2020-04-17T15:15:06.306+0800][15.441s] GC(25)   Other: 0.1ms
[2020-04-17T15:15:06.306+0800][15.441s] GC(25) Eden regions: 128->0(128)
[2020-04-17T15:15:06.306+0800][15.441s] GC(25) Survivor regions: 0->0(32)
[2020-04-17T15:15:06.306+0800][15.441s] GC(25) Old regions: 320->320
[2020-04-17T15:15:06.306+0800][15.441s] GC(25) Archive regions: 2->2
[2020-04-17T15:15:06.306+0800][15.441s] GC(25) Humongous regions: 1->1
[2020-04-17T15:15:06.306+0800][15.441s] GC(25) Metaspace: 39418K(40620K)->39418K(40620K) NonClass: 34672K(35500K)->34672K(35500K) Class: 4746K(5120K)->4746K(5120K)
[2020-04-17T15:15:06.306+0800][15.441s] GC(25) Pause Young (Normal) (G1 Evacuation Pause) 449M->321M(512M) 0.811ms
[2020-04-17T15:15:06.306+0800][15.441s] GC(25) User=0.00s Sys=0.00s Real=0.00s
[2020-04-17T15:15:06.388+0800][15.523s] GC(26) Pause Young (Normal) (G1 Evacuation Pause)
[2020-04-17T15:15:06.388+0800][15.523s] GC(26) Using 4 workers of 4 for evacuation
[2020-04-17T15:15:06.389+0800][15.523s] GC(26)   Pre Evacuate Collection Set: 0.0ms
[2020-04-17T15:15:06.389+0800][15.523s] GC(26)   Merge Heap Roots: 0.1ms
[2020-04-17T15:15:06.389+0800][15.523s] GC(26)   Evacuate Collection Set: 0.3ms
[2020-04-17T15:15:06.389+0800][15.523s] GC(26)   Post Evacuate Collection Set: 0.3ms
[2020-04-17T15:15:06.389+0800][15.523s] GC(26)   Other: 0.1ms
[2020-04-17T15:15:06.389+0800][15.523s] GC(26) Eden regions: 128->0(128)
[2020-04-17T15:15:06.389+0800][15.523s] GC(26) Survivor regions: 0->0(32)
[2020-04-17T15:15:06.389+0800][15.523s] GC(26) Old regions: 320->320
[2020-04-17T15:15:06.389+0800][15.523s] GC(26) Archive regions: 2->2
[2020-04-17T15:15:06.389+0800][15.523s] GC(26) Humongous regions: 1->1
[2020-04-17T15:15:06.389+0800][15.523s] GC(26) Metaspace: 39418K(40620K)->39418K(40620K) NonClass: 34672K(35500K)->34672K(35500K) Class: 4746K(5120K)->4746K(5120K)
[2020-04-17T15:15:06.389+0800][15.524s] GC(26) Pause Young (Normal) (G1 Evacuation Pause) 449M->321M(512M) 0.858ms
[2020-04-17T15:15:06.389+0800][15.524s] GC(26) User=0.00s Sys=0.00s Real=0.00s
[2020-04-17T15:15:06.425+0800][15.559s] GC(21) Concurrent Mark From Roots 442.066ms
[2020-04-17T15:15:06.425+0800][15.559s] GC(21) Concurrent Preclean
[2020-04-17T15:15:06.425+0800][15.559s] GC(21) Concurrent Preclean 0.097ms
[2020-04-17T15:15:06.425+0800][15.560s] GC(21) Concurrent Mark (15.117s, 15.560s) 442.238ms
[2020-04-17T15:15:06.425+0800][15.560s] GC(21) Pause Remark
[2020-04-17T15:15:06.430+0800][15.565s] GC(21) Pause Remark 394M->394M(512M) 5.181ms
[2020-04-17T15:15:06.430+0800][15.565s] GC(21) User=0.01s Sys=0.00s Real=0.01s
[2020-04-17T15:15:06.430+0800][15.565s] GC(21) Concurrent Rebuild Remembered Sets
[2020-04-17T15:15:06.459+0800][15.593s] GC(27) Pause Young (Normal) (G1 Evacuation Pause)
[2020-04-17T15:15:06.459+0800][15.593s] GC(27) Using 4 workers of 4 for evacuation
[2020-04-17T15:15:06.459+0800][15.594s] GC(27)   Pre Evacuate Collection Set: 0.1ms
[2020-04-17T15:15:06.459+0800][15.594s] GC(27)   Merge Heap Roots: 0.0ms
[2020-04-17T15:15:06.459+0800][15.594s] GC(27)   Evacuate Collection Set: 0.2ms
[2020-04-17T15:15:06.459+0800][15.594s] GC(27)   Post Evacuate Collection Set: 0.3ms
[2020-04-17T15:15:06.459+0800][15.594s] GC(27)   Other: 0.2ms
[2020-04-17T15:15:06.459+0800][15.594s] GC(27) Eden regions: 128->0(128)
[2020-04-17T15:15:06.459+0800][15.594s] GC(27) Survivor regions: 0->0(32)
[2020-04-17T15:15:06.459+0800][15.594s] GC(27) Old regions: 320->320
[2020-04-17T15:15:06.459+0800][15.594s] GC(27) Archive regions: 2->2
[2020-04-17T15:15:06.459+0800][15.594s] GC(27) Humongous regions: 1->1
[2020-04-17T15:15:06.459+0800][15.594s] GC(27) Metaspace: 39417K(40620K)->39417K(40620K) NonClass: 34671K(35500K)->34671K(35500K) Class: 4745K(5120K)->4745K(5120K)
[2020-04-17T15:15:06.459+0800][15.594s] GC(27) Pause Young (Normal) (G1 Evacuation Pause) 449M->321M(512M) 0.908ms
[2020-04-17T15:15:06.460+0800][15.594s] GC(27) User=0.00s Sys=0.00s Real=0.01s
[2020-04-17T15:15:06.536+0800][15.671s] GC(28) Pause Young (Normal) (G1 Evacuation Pause)
[2020-04-17T15:15:06.536+0800][15.671s] GC(28) Using 4 workers of 4 for evacuation
[2020-04-17T15:15:06.537+0800][15.672s] GC(28)   Pre Evacuate Collection Set: 0.1ms
[2020-04-17T15:15:06.537+0800][15.672s] GC(28)   Merge Heap Roots: 0.0ms
[2020-04-17T15:15:06.537+0800][15.672s] GC(28)   Evacuate Collection Set: 0.2ms
[2020-04-17T15:15:06.537+0800][15.672s] GC(28)   Post Evacuate Collection Set: 0.3ms
[2020-04-17T15:15:06.537+0800][15.672s] GC(28)   Other: 0.1ms
[2020-04-17T15:15:06.537+0800][15.672s] GC(28) Eden regions: 128->0(128)
[2020-04-17T15:15:06.537+0800][15.672s] GC(28) Survivor regions: 0->0(32)
[2020-04-17T15:15:06.537+0800][15.672s] GC(28) Old regions: 320->320
[2020-04-17T15:15:06.537+0800][15.672s] GC(28) Archive regions: 2->2
[2020-04-17T15:15:06.537+0800][15.672s] GC(28) Humongous regions: 1->1
[2020-04-17T15:15:06.537+0800][15.672s] GC(28) Metaspace: 39417K(40620K)->39417K(40620K) NonClass: 34671K(35500K)->34671K(35500K) Class: 4745K(5120K)->4745K(5120K)
[2020-04-17T15:15:06.537+0800][15.672s] GC(28) Pause Young (Normal) (G1 Evacuation Pause) 449M->321M(512M) 0.821ms
[2020-04-17T15:15:06.537+0800][15.672s] GC(28) User=0.00s Sys=0.00s Real=0.00s
[2020-04-17T15:15:06.643+0800][15.778s] GC(29) Pause Young (Normal) (G1 Evacuation Pause)
[2020-04-17T15:15:06.643+0800][15.778s] GC(29) Using 4 workers of 4 for evacuation
[2020-04-17T15:15:06.644+0800][15.778s] GC(29)   Pre Evacuate Collection Set: 0.1ms
[2020-04-17T15:15:06.644+0800][15.778s] GC(29)   Merge Heap Roots: 0.0ms
[2020-04-17T15:15:06.644+0800][15.778s] GC(29)   Evacuate Collection Set: 0.2ms
[2020-04-17T15:15:06.644+0800][15.778s] GC(29)   Post Evacuate Collection Set: 0.2ms
[2020-04-17T15:15:06.644+0800][15.778s] GC(29)   Other: 0.1ms
[2020-04-17T15:15:06.644+0800][15.779s] GC(29) Eden regions: 128->0(128)
[2020-04-17T15:15:06.644+0800][15.779s] GC(29) Survivor regions: 0->0(32)
[2020-04-17T15:15:06.644+0800][15.779s] GC(29) Old regions: 320->320
[2020-04-17T15:15:06.644+0800][15.779s] GC(29) Archive regions: 2->2
[2020-04-17T15:15:06.644+0800][15.779s] GC(29) Humongous regions: 1->1
[2020-04-17T15:15:06.644+0800][15.779s] GC(29) Metaspace: 39417K(40620K)->39417K(40620K) NonClass: 34671K(35500K)->34671K(35500K) Class: 4745K(5120K)->4745K(5120K)
[2020-04-17T15:15:06.644+0800][15.779s] GC(29) Pause Young (Normal) (G1 Evacuation Pause) 449M->321M(512M) 0.774ms
[2020-04-17T15:15:06.644+0800][15.779s] GC(29) User=0.00s Sys=0.00s Real=0.00s
[2020-04-17T15:15:06.677+0800][15.812s] GC(21) Concurrent Rebuild Remembered Sets 246.516ms
[2020-04-17T15:15:06.677+0800][15.812s] GC(21) Pause Cleanup
[2020-04-17T15:15:06.677+0800][15.812s] GC(21) Pause Cleanup 362M->362M(512M) 0.265ms
[2020-04-17T15:15:06.677+0800][15.812s] GC(21) User=0.00s Sys=0.01s Real=0.00s
[2020-04-17T15:15:06.677+0800][15.812s] GC(21) Concurrent Cleanup for Next Mark
[2020-04-17T15:15:06.678+0800][15.813s] GC(21) Concurrent Cleanup for Next Mark 0.778ms
[2020-04-17T15:15:06.678+0800][15.813s] GC(21) Concurrent Cycle 703.246ms
[2020-04-17T15:15:06.698+0800][15.833s] GC(30) Pause Young (Normal) (G1 Evacuation Pause)
[2020-04-17T15:15:06.698+0800][15.833s] GC(30) Using 4 workers of 4 for evacuation
[2020-04-17T15:15:06.699+0800][15.833s] GC(30)   Pre Evacuate Collection Set: 0.1ms
[2020-04-17T15:15:06.699+0800][15.833s] GC(30)   Merge Heap Roots: 0.1ms
[2020-04-17T15:15:06.699+0800][15.833s] GC(30)   Evacuate Collection Set: 0.3ms
[2020-04-17T15:15:06.699+0800][15.833s] GC(30)   Post Evacuate Collection Set: 0.3ms
[2020-04-17T15:15:06.699+0800][15.833s] GC(30)   Other: 0.1ms
[2020-04-17T15:15:06.699+0800][15.833s] GC(30) Eden regions: 128->0(128)
[2020-04-17T15:15:06.699+0800][15.833s] GC(30) Survivor regions: 0->0(32)
[2020-04-17T15:15:06.699+0800][15.834s] GC(30) Old regions: 320->320
[2020-04-17T15:15:06.699+0800][15.834s] GC(30) Archive regions: 2->2
[2020-04-17T15:15:06.699+0800][15.834s] GC(30) Humongous regions: 1->1
[2020-04-17T15:15:06.699+0800][15.834s] GC(30) Metaspace: 39417K(40620K)->39417K(40620K) NonClass: 34671K(35500K)->34671K(35500K) Class: 4745K(5120K)->4745K(5120K)
[2020-04-17T15:15:06.699+0800][15.834s] GC(30) Pause Young (Normal) (G1 Evacuation Pause) 449M->321M(512M) 1.026ms
[2020-04-17T15:15:06.699+0800][15.834s] GC(30) User=0.00s Sys=0.00s Real=0.00s
[2020-04-17T15:15:06.728+0800][15.863s] GC(31) Pause Young (Concurrent Start) (G1 Evacuation Pause)
[2020-04-17T15:15:06.728+0800][15.863s] GC(31) Using 4 workers of 4 for evacuation
[2020-04-17T15:15:06.729+0800][15.864s] GC(31)   Pre Evacuate Collection Set: 0.1ms
[2020-04-17T15:15:06.729+0800][15.864s] GC(31)   Merge Heap Roots: 0.0ms
[2020-04-17T15:15:06.729+0800][15.864s] GC(31)   Evacuate Collection Set: 0.5ms
[2020-04-17T15:15:06.729+0800][15.864s] GC(31)   Post Evacuate Collection Set: 0.3ms
[2020-04-17T15:15:06.729+0800][15.864s] GC(31)   Other: 0.2ms
[2020-04-17T15:15:06.729+0800][15.864s] GC(31) Eden regions: 128->0(128)
[2020-04-17T15:15:06.729+0800][15.864s] GC(31) Survivor regions: 0->0(32)
[2020-04-17T15:15:06.729+0800][15.864s] GC(31) Old regions: 320->320
[2020-04-17T15:15:06.729+0800][15.864s] GC(31) Archive regions: 2->2
[2020-04-17T15:15:06.729+0800][15.864s] GC(31) Humongous regions: 1->1
[2020-04-17T15:15:06.729+0800][15.864s] GC(31) Metaspace: 39417K(40620K)->39417K(40620K) NonClass: 34671K(35500K)->34671K(35500K) Class: 4745K(5120K)->4745K(5120K)
[2020-04-17T15:15:06.729+0800][15.864s] GC(31) Pause Young (Concurrent Start) (G1 Evacuation Pause) 449M->321M(512M) 1.217ms
[2020-04-17T15:15:06.729+0800][15.864s] GC(31) User=0.00s Sys=0.00s Real=0.00s
[2020-04-17T15:15:06.730+0800][15.864s] GC(32) Concurrent Cycle
[2020-04-17T15:15:06.730+0800][15.864s] GC(32) Concurrent Clear Claimed Marks
[2020-04-17T15:15:06.730+0800][15.864s] GC(32) Concurrent Clear Claimed Marks 0.041ms
[2020-04-17T15:15:06.730+0800][15.864s] GC(32) Concurrent Scan Root Regions
[2020-04-17T15:15:06.730+0800][15.864s] GC(32) Concurrent Scan Root Regions 0.008ms
[2020-04-17T15:15:06.730+0800][15.864s] GC(32) Concurrent Mark (15.864s)
[2020-04-17T15:15:06.730+0800][15.864s] GC(32) Concurrent Mark From Roots
[2020-04-17T15:15:06.730+0800][15.864s] GC(32) Using 4 workers of 4 for marking
[2020-04-17T15:15:06.835+0800][15.970s] GC(33) Pause Young (Normal) (G1 Evacuation Pause)
[2020-04-17T15:15:06.835+0800][15.970s] GC(33) Using 4 workers of 4 for evacuation
[2020-04-17T15:15:06.837+0800][15.971s] GC(33)   Pre Evacuate Collection Set: 0.1ms
[2020-04-17T15:15:06.837+0800][15.971s] GC(33)   Merge Heap Roots: 0.1ms
[2020-04-17T15:15:06.837+0800][15.971s] GC(33)   Evacuate Collection Set: 0.6ms
[2020-04-17T15:15:06.837+0800][15.971s] GC(33)   Post Evacuate Collection Set: 0.3ms
[2020-04-17T15:15:06.837+0800][15.971s] GC(33)   Other: 0.2ms
[2020-04-17T15:15:06.837+0800][15.971s] GC(33) Eden regions: 128->0(128)
[2020-04-17T15:15:06.837+0800][15.972s] GC(33) Survivor regions: 0->0(32)
[2020-04-17T15:15:06.837+0800][15.972s] GC(33) Old regions: 320->320
[2020-04-17T15:15:06.837+0800][15.972s] GC(33) Archive regions: 2->2
[2020-04-17T15:15:06.837+0800][15.972s] GC(33) Humongous regions: 1->1
[2020-04-17T15:15:06.837+0800][15.972s] GC(33) Metaspace: 39417K(40620K)->39417K(40620K) NonClass: 34671K(35500K)->34671K(35500K) Class: 4745K(5120K)->4745K(5120K)
[2020-04-17T15:15:06.837+0800][15.972s] GC(33) Pause Young (Normal) (G1 Evacuation Pause) 449M->321M(512M) 1.561ms
[2020-04-17T15:15:06.837+0800][15.972s] GC(33) User=0.00s Sys=0.00s Real=0.00s
[2020-04-17T15:15:06.926+0800][16.061s] GC(34) Pause Young (Normal) (G1 Evacuation Pause)
[2020-04-17T15:15:06.926+0800][16.061s] GC(34) Using 4 workers of 4 for evacuation
[2020-04-17T15:15:06.926+0800][16.061s] GC(34)   Pre Evacuate Collection Set: 0.1ms
[2020-04-17T15:15:06.926+0800][16.061s] GC(34)   Merge Heap Roots: 0.0ms
[2020-04-17T15:15:06.926+0800][16.061s] GC(34)   Evacuate Collection Set: 0.2ms
[2020-04-17T15:15:06.926+0800][16.061s] GC(34)   Post Evacuate Collection Set: 0.3ms
[2020-04-17T15:15:06.926+0800][16.061s] GC(34)   Other: 0.2ms
[2020-04-17T15:15:06.926+0800][16.061s] GC(34) Eden regions: 128->0(128)
[2020-04-17T15:15:06.926+0800][16.061s] GC(34) Survivor regions: 0->0(32)
[2020-04-17T15:15:06.926+0800][16.061s] GC(34) Old regions: 320->320
[2020-04-17T15:15:06.926+0800][16.061s] GC(34) Archive regions: 2->2
[2020-04-17T15:15:06.926+0800][16.061s] GC(34) Humongous regions: 1->1
[2020-04-17T15:15:06.926+0800][16.061s] GC(34) Metaspace: 39417K(40620K)->39417K(40620K) NonClass: 34671K(35500K)->34671K(35500K) Class: 4745K(5120K)->4745K(5120K)
[2020-04-17T15:15:06.926+0800][16.061s] GC(34) Pause Young (Normal) (G1 Evacuation Pause) 449M->321M(512M) 0.794ms
[2020-04-17T15:15:06.927+0800][16.061s] GC(34) User=0.01s Sys=0.00s Real=0.00s
[2020-04-17T15:15:06.999+0800][16.134s] GC(35) Pause Young (Normal) (G1 Evacuation Pause)
[2020-04-17T15:15:06.999+0800][16.134s] GC(35) Using 4 workers of 4 for evacuation
[2020-04-17T15:15:07.000+0800][16.134s] GC(35)   Pre Evacuate Collection Set: 0.1ms
[2020-04-17T15:15:07.000+0800][16.134s] GC(35)   Merge Heap Roots: 0.0ms
[2020-04-17T15:15:07.000+0800][16.135s] GC(35)   Evacuate Collection Set: 0.2ms
[2020-04-17T15:15:07.000+0800][16.135s] GC(35)   Post Evacuate Collection Set: 0.3ms
[2020-04-17T15:15:07.000+0800][16.135s] GC(35)   Other: 0.1ms
[2020-04-17T15:15:07.000+0800][16.135s] GC(35) Eden regions: 128->0(128)
[2020-04-17T15:15:07.000+0800][16.135s] GC(35) Survivor regions: 0->0(32)
[2020-04-17T15:15:07.000+0800][16.135s] GC(35) Old regions: 320->320
[2020-04-17T15:15:07.000+0800][16.135s] GC(35) Archive regions: 2->2
[2020-04-17T15:15:07.000+0800][16.135s] GC(35) Humongous regions: 1->1
[2020-04-17T15:15:07.000+0800][16.135s] GC(35) Metaspace: 39417K(40620K)->39417K(40620K) NonClass: 34671K(35500K)->34671K(35500K) Class: 4745K(5120K)->4745K(5120K)
[2020-04-17T15:15:07.000+0800][16.135s] GC(35) Pause Young (Normal) (G1 Evacuation Pause) 449M->321M(512M) 0.822ms
[2020-04-17T15:15:07.000+0800][16.135s] GC(35) User=0.00s Sys=0.00s Real=0.01s
[2020-04-17T15:15:07.082+0800][16.216s] GC(36) Pause Young (Normal) (G1 Evacuation Pause)
[2020-04-17T15:15:07.082+0800][16.216s] GC(36) Using 4 workers of 4 for evacuation
[2020-04-17T15:15:07.082+0800][16.217s] GC(36)   Pre Evacuate Collection Set: 0.1ms
[2020-04-17T15:15:07.082+0800][16.217s] GC(36)   Merge Heap Roots: 0.0ms
[2020-04-17T15:15:07.082+0800][16.217s] GC(36)   Evacuate Collection Set: 0.2ms
[2020-04-17T15:15:07.082+0800][16.217s] GC(36)   Post Evacuate Collection Set: 0.3ms
[2020-04-17T15:15:07.082+0800][16.217s] GC(36)   Other: 0.1ms
[2020-04-17T15:15:07.082+0800][16.217s] GC(36) Eden regions: 128->0(128)
[2020-04-17T15:15:07.082+0800][16.217s] GC(36) Survivor regions: 0->0(32)
[2020-04-17T15:15:07.082+0800][16.217s] GC(36) Old regions: 320->320
[2020-04-17T15:15:07.082+0800][16.217s] GC(36) Archive regions: 2->2
[2020-04-17T15:15:07.082+0800][16.217s] GC(36) Humongous regions: 1->1
[2020-04-17T15:15:07.082+0800][16.217s] GC(36) Metaspace: 39417K(40620K)->39417K(40620K) NonClass: 34671K(35500K)->34671K(35500K) Class: 4745K(5120K)->4745K(5120K)
[2020-04-17T15:15:07.082+0800][16.217s] GC(36) Pause Young (Normal) (G1 Evacuation Pause) 449M->321M(512M) 0.786ms
[2020-04-17T15:15:07.082+0800][16.217s] GC(36) User=0.00s Sys=0.00s Real=0.00s
[2020-04-17T15:15:07.163+0800][16.298s] GC(37) Pause Young (Normal) (G1 Evacuation Pause)
[2020-04-17T15:15:07.164+0800][16.298s] GC(37) Using 4 workers of 4 for evacuation
[2020-04-17T15:15:07.164+0800][16.299s] GC(37)   Pre Evacuate Collection Set: 0.0ms
[2020-04-17T15:15:07.164+0800][16.299s] GC(37)   Merge Heap Roots: 0.0ms
[2020-04-17T15:15:07.164+0800][16.299s] GC(37)   Evacuate Collection Set: 0.2ms
[2020-04-17T15:15:07.164+0800][16.299s] GC(37)   Post Evacuate Collection Set: 0.3ms
[2020-04-17T15:15:07.164+0800][16.299s] GC(37)   Other: 0.2ms
[2020-04-17T15:15:07.164+0800][16.299s] GC(37) Eden regions: 128->0(128)
[2020-04-17T15:15:07.164+0800][16.299s] GC(37) Survivor regions: 0->0(32)
[2020-04-17T15:15:07.164+0800][16.299s] GC(37) Old regions: 320->320
[2020-04-17T15:15:07.164+0800][16.299s] GC(37) Archive regions: 2->2
[2020-04-17T15:15:07.164+0800][16.299s] GC(37) Humongous regions: 1->1
[2020-04-17T15:15:07.164+0800][16.299s] GC(37) Metaspace: 39417K(40620K)->39417K(40620K) NonClass: 34671K(35500K)->34671K(35500K) Class: 4745K(5120K)->4745K(5120K)
[2020-04-17T15:15:07.164+0800][16.299s] GC(37) Pause Young (Normal) (G1 Evacuation Pause) 449M->321M(512M) 0.896ms
[2020-04-17T15:15:07.164+0800][16.299s] GC(37) User=0.00s Sys=0.00s Real=0.00s
[2020-04-17T15:15:07.167+0800][16.302s] GC(32) Concurrent Mark From Roots 437.315ms
[2020-04-17T15:15:07.167+0800][16.302s] GC(32) Concurrent Preclean
[2020-04-17T15:15:07.167+0800][16.302s] GC(32) Concurrent Preclean 0.118ms
[2020-04-17T15:15:07.167+0800][16.302s] GC(32) Concurrent Mark (15.864s, 16.302s) 437.489ms
[2020-04-17T15:15:07.167+0800][16.302s] GC(32) Pause Remark
[2020-04-17T15:15:07.170+0800][16.305s] GC(32) Pause Remark 322M->322M(512M) 2.941ms
[2020-04-17T15:15:07.170+0800][16.305s] GC(32) User=0.01s Sys=0.00s Real=0.01s
[2020-04-17T15:15:07.170+0800][16.305s] GC(32) Concurrent Rebuild Remembered Sets
[2020-04-17T15:15:07.262+0800][16.397s] GC(38) Pause Young (Normal) (G1 Evacuation Pause)
[2020-04-17T15:15:07.262+0800][16.397s] GC(38) Using 4 workers of 4 for evacuation
[2020-04-17T15:15:07.263+0800][16.398s] GC(38)   Pre Evacuate Collection Set: 0.1ms
[2020-04-17T15:15:07.263+0800][16.398s] GC(38)   Merge Heap Roots: 0.0ms
[2020-04-17T15:15:07.263+0800][16.398s] GC(38)   Evacuate Collection Set: 0.2ms
[2020-04-17T15:15:07.263+0800][16.398s] GC(38)   Post Evacuate Collection Set: 0.3ms
[2020-04-17T15:15:07.263+0800][16.398s] GC(38)   Other: 0.1ms
[2020-04-17T15:15:07.263+0800][16.398s] GC(38) Eden regions: 128->0(128)
[2020-04-17T15:15:07.263+0800][16.398s] GC(38) Survivor regions: 0->0(32)
[2020-04-17T15:15:07.263+0800][16.398s] GC(38) Old regions: 320->320
[2020-04-17T15:15:07.263+0800][16.398s] GC(38) Archive regions: 2->2
[2020-04-17T15:15:07.263+0800][16.398s] GC(38) Humongous regions: 1->1
[2020-04-17T15:15:07.263+0800][16.398s] GC(38) Metaspace: 39417K(40620K)->39417K(40620K) NonClass: 34671K(35500K)->34671K(35500K) Class: 4745K(5120K)->4745K(5120K)
[2020-04-17T15:15:07.263+0800][16.398s] GC(38) Pause Young (Normal) (G1 Evacuation Pause) 449M->321M(512M) 0.897ms
[2020-04-17T15:15:07.263+0800][16.398s] GC(38) User=0.00s Sys=0.01s Real=0.00s
[2020-04-17T15:15:07.342+0800][16.477s] GC(39) Pause Young (Normal) (G1 Evacuation Pause)
[2020-04-17T15:15:07.343+0800][16.477s] GC(39) Using 4 workers of 4 for evacuation
[2020-04-17T15:15:07.343+0800][16.478s] GC(39)   Pre Evacuate Collection Set: 0.1ms
[2020-04-17T15:15:07.343+0800][16.478s] GC(39)   Merge Heap Roots: 0.0ms
[2020-04-17T15:15:07.343+0800][16.478s] GC(39)   Evacuate Collection Set: 0.2ms
[2020-04-17T15:15:07.343+0800][16.478s] GC(39)   Post Evacuate Collection Set: 0.3ms
[2020-04-17T15:15:07.343+0800][16.478s] GC(39)   Other: 0.1ms
[2020-04-17T15:15:07.343+0800][16.478s] GC(39) Eden regions: 128->0(128)
[2020-04-17T15:15:07.343+0800][16.478s] GC(39) Survivor regions: 0->0(32)
[2020-04-17T15:15:07.343+0800][16.478s] GC(39) Old regions: 320->320
[2020-04-17T15:15:07.343+0800][16.478s] GC(39) Archive regions: 2->2
[2020-04-17T15:15:07.343+0800][16.478s] GC(39) Humongous regions: 1->1
[2020-04-17T15:15:07.343+0800][16.478s] GC(39) Metaspace: 39417K(40620K)->39417K(40620K) NonClass: 34671K(35500K)->34671K(35500K) Class: 4745K(5120K)->4745K(5120K)
[2020-04-17T15:15:07.343+0800][16.478s] GC(39) Pause Young (Normal) (G1 Evacuation Pause) 449M->321M(512M) 0.828ms
[2020-04-17T15:15:07.343+0800][16.478s] GC(39) User=0.00s Sys=0.00s Real=0.00s
[2020-04-17T15:15:07.443+0800][16.577s] GC(32) Concurrent Rebuild Remembered Sets 272.260ms
[2020-04-17T15:15:07.443+0800][16.578s] GC(32) Pause Cleanup
[2020-04-17T15:15:07.443+0800][16.578s] GC(32) Pause Cleanup 425M->425M(512M) 0.278ms
[2020-04-17T15:15:07.443+0800][16.578s] GC(32) User=0.00s Sys=0.00s Real=0.00s
[2020-04-17T15:15:07.443+0800][16.578s] GC(32) Concurrent Cleanup for Next Mark
[2020-04-17T15:15:07.444+0800][16.579s] GC(32) Concurrent Cleanup for Next Mark 0.747ms
[2020-04-17T15:15:07.444+0800][16.579s] GC(32) Concurrent Cycle 714.466ms
[2020-04-17T15:15:07.450+0800][16.584s] GC(40) Pause Young (Normal) (G1 Evacuation Pause)
[2020-04-17T15:15:07.450+0800][16.584s] GC(40) Using 4 workers of 4 for evacuation
[2020-04-17T15:15:07.451+0800][16.585s] GC(40)   Pre Evacuate Collection Set: 0.1ms
[2020-04-17T15:15:07.451+0800][16.585s] GC(40)   Merge Heap Roots: 0.0ms
[2020-04-17T15:15:07.451+0800][16.585s] GC(40)   Evacuate Collection Set: 0.6ms
[2020-04-17T15:15:07.451+0800][16.585s] GC(40)   Post Evacuate Collection Set: 0.3ms
[2020-04-17T15:15:07.451+0800][16.586s] GC(40)   Other: 0.1ms
[2020-04-17T15:15:07.451+0800][16.586s] GC(40) Eden regions: 128->0(127)
[2020-04-17T15:15:07.451+0800][16.586s] GC(40) Survivor regions: 0->1(32)
[2020-04-17T15:15:07.451+0800][16.586s] GC(40) Old regions: 320->320
[2020-04-17T15:15:07.451+0800][16.586s] GC(40) Archive regions: 2->2
[2020-04-17T15:15:07.451+0800][16.586s] GC(40) Humongous regions: 1->1
[2020-04-17T15:15:07.451+0800][16.586s] GC(40) Metaspace: 39429K(40620K)->39429K(40620K) NonClass: 34683K(35500K)->34683K(35500K) Class: 4745K(5120K)->4745K(5120K)
[2020-04-17T15:15:07.451+0800][16.586s] GC(40) Pause Young (Normal) (G1 Evacuation Pause) 449M->321M(512M) 1.225ms
[2020-04-17T15:15:07.451+0800][16.586s] GC(40) User=0.00s Sys=0.00s Real=0.00s
[2020-04-17T15:15:07.495+0800][16.630s] GC(41) Pause Young (Concurrent Start) (G1 Evacuation Pause)
[2020-04-17T15:15:07.495+0800][16.630s] GC(41) Using 4 workers of 4 for evacuation
[2020-04-17T15:15:07.496+0800][16.631s] GC(41)   Pre Evacuate Collection Set: 0.1ms
[2020-04-17T15:15:07.496+0800][16.631s] GC(41)   Merge Heap Roots: 0.0ms
[2020-04-17T15:15:07.496+0800][16.631s] GC(41)   Evacuate Collection Set: 0.7ms
[2020-04-17T15:15:07.496+0800][16.631s] GC(41)   Post Evacuate Collection Set: 0.2ms
[2020-04-17T15:15:07.496+0800][16.631s] GC(41)   Other: 0.1ms
[2020-04-17T15:15:07.496+0800][16.631s] GC(41) Eden regions: 127->0(127)
[2020-04-17T15:15:07.496+0800][16.631s] GC(41) Survivor regions: 1->1(32)
[2020-04-17T15:15:07.496+0800][16.631s] GC(41) Old regions: 320->320
[2020-04-17T15:15:07.496+0800][16.631s] GC(41) Archive regions: 2->2
[2020-04-17T15:15:07.496+0800][16.631s] GC(41) Humongous regions: 1->1
[2020-04-17T15:15:07.496+0800][16.631s] GC(41) Metaspace: 39429K(40620K)->39429K(40620K) NonClass: 34683K(35500K)->34683K(35500K) Class: 4745K(5120K)->4745K(5120K)
[2020-04-17T15:15:07.497+0800][16.631s] GC(41) Pause Young (Concurrent Start) (G1 Evacuation Pause) 448M->321M(512M) 1.298ms
[2020-04-17T15:15:07.497+0800][16.631s] GC(41) User=0.01s Sys=0.00s Real=0.00s
[2020-04-17T15:15:07.497+0800][16.631s] GC(42) Concurrent Cycle
[2020-04-17T15:15:07.497+0800][16.631s] GC(42) Concurrent Clear Claimed Marks
[2020-04-17T15:15:07.497+0800][16.631s] GC(42) Concurrent Clear Claimed Marks 0.049ms
[2020-04-17T15:15:07.497+0800][16.631s] GC(42) Concurrent Scan Root Regions
[2020-04-17T15:15:07.497+0800][16.632s] GC(42) Concurrent Scan Root Regions 0.648ms
[2020-04-17T15:15:07.497+0800][16.632s] GC(42) Concurrent Mark (16.632s)
[2020-04-17T15:15:07.497+0800][16.632s] GC(42) Concurrent Mark From Roots
[2020-04-17T15:15:07.497+0800][16.632s] GC(42) Using 4 workers of 4 for marking
[2020-04-17T15:15:07.662+0800][16.797s] GC(43) Pause Young (Normal) (G1 Evacuation Pause)
[2020-04-17T15:15:07.662+0800][16.797s] GC(43) Using 4 workers of 4 for evacuation
[2020-04-17T15:15:07.663+0800][16.798s] GC(43)   Pre Evacuate Collection Set: 0.1ms
[2020-04-17T15:15:07.663+0800][16.798s] GC(43)   Merge Heap Roots: 0.0ms
[2020-04-17T15:15:07.663+0800][16.798s] GC(43)   Evacuate Collection Set: 0.6ms
[2020-04-17T15:15:07.663+0800][16.798s] GC(43)   Post Evacuate Collection Set: 0.3ms
[2020-04-17T15:15:07.663+0800][16.798s] GC(43)   Other: 0.2ms
[2020-04-17T15:15:07.663+0800][16.798s] GC(43) Eden regions: 127->0(127)
[2020-04-17T15:15:07.663+0800][16.798s] GC(43) Survivor regions: 1->1(32)
[2020-04-17T15:15:07.663+0800][16.798s] GC(43) Old regions: 320->320
[2020-04-17T15:15:07.663+0800][16.798s] GC(43) Archive regions: 2->2
[2020-04-17T15:15:07.663+0800][16.798s] GC(43) Humongous regions: 1->1
[2020-04-17T15:15:07.663+0800][16.798s] GC(43) Metaspace: 39429K(40620K)->39429K(40620K) NonClass: 34683K(35500K)->34683K(35500K) Class: 4745K(5120K)->4745K(5120K)
[2020-04-17T15:15:07.663+0800][16.798s] GC(43) Pause Young (Normal) (G1 Evacuation Pause) 448M->321M(512M) 1.459ms
[2020-04-17T15:15:07.663+0800][16.798s] GC(43) User=0.00s Sys=0.00s Real=0.00s
[2020-04-17T15:15:07.766+0800][16.901s] GC(44) Pause Young (Normal) (G1 Evacuation Pause)
[2020-04-17T15:15:07.766+0800][16.901s] GC(44) Using 4 workers of 4 for evacuation
[2020-04-17T15:15:07.767+0800][16.902s] GC(44)   Pre Evacuate Collection Set: 0.1ms
[2020-04-17T15:15:07.767+0800][16.902s] GC(44)   Merge Heap Roots: 0.0ms
[2020-04-17T15:15:07.767+0800][16.902s] GC(44)   Evacuate Collection Set: 0.4ms
[2020-04-17T15:15:07.767+0800][16.902s] GC(44)   Post Evacuate Collection Set: 0.3ms
[2020-04-17T15:15:07.767+0800][16.902s] GC(44)   Other: 0.1ms
[2020-04-17T15:15:07.767+0800][16.902s] GC(44) Eden regions: 127->0(127)
[2020-04-17T15:15:07.767+0800][16.902s] GC(44) Survivor regions: 1->1(32)
[2020-04-17T15:15:07.767+0800][16.902s] GC(44) Old regions: 320->320
[2020-04-17T15:15:07.767+0800][16.902s] GC(44) Archive regions: 2->2
[2020-04-17T15:15:07.767+0800][16.902s] GC(44) Humongous regions: 1->1
[2020-04-17T15:15:07.767+0800][16.902s] GC(44) Metaspace: 39429K(40620K)->39429K(40620K) NonClass: 34683K(35500K)->34683K(35500K) Class: 4745K(5120K)->4745K(5120K)
[2020-04-17T15:15:07.767+0800][16.902s] GC(44) Pause Young (Normal) (G1 Evacuation Pause) 448M->321M(512M) 0.945ms
[2020-04-17T15:15:07.767+0800][16.902s] GC(44) User=0.00s Sys=0.00s Real=0.00s
[2020-04-17T15:15:07.856+0800][16.990s] GC(45) Pause Young (Normal) (G1 Evacuation Pause)
[2020-04-17T15:15:07.856+0800][16.990s] GC(45) Using 4 workers of 4 for evacuation
[2020-04-17T15:15:07.857+0800][16.991s] GC(45)   Pre Evacuate Collection Set: 0.1ms
[2020-04-17T15:15:07.857+0800][16.991s] GC(45)   Merge Heap Roots: 0.0ms
[2020-04-17T15:15:07.857+0800][16.991s] GC(45)   Evacuate Collection Set: 0.4ms
[2020-04-17T15:15:07.857+0800][16.991s] GC(45)   Post Evacuate Collection Set: 0.3ms
[2020-04-17T15:15:07.857+0800][16.991s] GC(45)   Other: 0.1ms
[2020-04-17T15:15:07.857+0800][16.991s] GC(45) Eden regions: 127->0(127)
[2020-04-17T15:15:07.857+0800][16.991s] GC(45) Survivor regions: 1->1(32)
[2020-04-17T15:15:07.857+0800][16.991s] GC(45) Old regions: 320->320
[2020-04-17T15:15:07.857+0800][16.991s] GC(45) Archive regions: 2->2
[2020-04-17T15:15:07.857+0800][16.991s] GC(45) Humongous regions: 1->1
[2020-04-17T15:15:07.857+0800][16.991s] GC(45) Metaspace: 39429K(40620K)->39429K(40620K) NonClass: 34683K(35500K)->34683K(35500K) Class: 4745K(5120K)->4745K(5120K)
[2020-04-17T15:15:07.857+0800][16.991s] GC(45) Pause Young (Normal) (G1 Evacuation Pause) 448M->321M(512M) 1.064ms
[2020-04-17T15:15:07.857+0800][16.991s] GC(45) User=0.00s Sys=0.00s Real=0.00s
[2020-04-17T15:15:07.924+0800][17.059s] GC(46) Pause Young (Normal) (G1 Evacuation Pause)
[2020-04-17T15:15:07.924+0800][17.059s] GC(46) Using 4 workers of 4 for evacuation
[2020-04-17T15:15:07.925+0800][17.060s] GC(46)   Pre Evacuate Collection Set: 0.1ms
[2020-04-17T15:15:07.925+0800][17.060s] GC(46)   Merge Heap Roots: 0.0ms
[2020-04-17T15:15:07.925+0800][17.060s] GC(46)   Evacuate Collection Set: 0.4ms
[2020-04-17T15:15:07.925+0800][17.060s] GC(46)   Post Evacuate Collection Set: 0.3ms
[2020-04-17T15:15:07.925+0800][17.060s] GC(46)   Other: 0.1ms
[2020-04-17T15:15:07.925+0800][17.060s] GC(46) Eden regions: 127->0(127)
[2020-04-17T15:15:07.925+0800][17.060s] GC(46) Survivor regions: 1->1(32)
[2020-04-17T15:15:07.925+0800][17.060s] GC(46) Old regions: 320->320
[2020-04-17T15:15:07.925+0800][17.060s] GC(46) Archive regions: 2->2
[2020-04-17T15:15:07.925+0800][17.060s] GC(46) Humongous regions: 1->1
[2020-04-17T15:15:07.925+0800][17.060s] GC(46) Metaspace: 39429K(40620K)->39429K(40620K) NonClass: 34683K(35500K)->34683K(35500K) Class: 4745K(5120K)->4745K(5120K)
[2020-04-17T15:15:07.925+0800][17.060s] GC(46) Pause Young (Normal) (G1 Evacuation Pause) 448M->321M(512M) 0.995ms
[2020-04-17T15:15:07.925+0800][17.060s] GC(46) User=0.00s Sys=0.00s Real=0.00s
[2020-04-17T15:15:07.995+0800][17.130s] GC(42) Concurrent Mark From Roots 497.578ms
[2020-04-17T15:15:07.995+0800][17.130s] GC(42) Concurrent Preclean
[2020-04-17T15:15:07.995+0800][17.130s] GC(42) Concurrent Preclean 0.096ms
[2020-04-17T15:15:07.995+0800][17.130s] GC(42) Concurrent Mark (16.632s, 17.130s) 497.754ms
[2020-04-17T15:15:07.995+0800][17.130s] GC(42) Pause Remark
[2020-04-17T15:15:07.998+0800][17.133s] GC(42) Pause Remark 426M->426M(512M) 3.090ms
[2020-04-17T15:15:07.998+0800][17.133s] GC(42) User=0.01s Sys=0.00s Real=0.00s
[2020-04-17T15:15:07.998+0800][17.133s] GC(42) Concurrent Rebuild Remembered Sets
[2020-04-17T15:15:08.010+0800][17.144s] GC(47) Pause Young (Normal) (G1 Evacuation Pause)
[2020-04-17T15:15:08.010+0800][17.144s] GC(47) Using 4 workers of 4 for evacuation
[2020-04-17T15:15:08.011+0800][17.145s] GC(47)   Pre Evacuate Collection Set: 0.1ms
[2020-04-17T15:15:08.011+0800][17.145s] GC(47)   Merge Heap Roots: 0.0ms
[2020-04-17T15:15:08.011+0800][17.145s] GC(47)   Evacuate Collection Set: 0.4ms
[2020-04-17T15:15:08.011+0800][17.145s] GC(47)   Post Evacuate Collection Set: 0.3ms
[2020-04-17T15:15:08.011+0800][17.145s] GC(47)   Other: 0.1ms
[2020-04-17T15:15:08.011+0800][17.145s] GC(47) Eden regions: 127->0(127)
[2020-04-17T15:15:08.011+0800][17.145s] GC(47) Survivor regions: 1->1(32)
[2020-04-17T15:15:08.011+0800][17.145s] GC(47) Old regions: 320->320
[2020-04-17T15:15:08.011+0800][17.145s] GC(47) Archive regions: 2->2
[2020-04-17T15:15:08.011+0800][17.145s] GC(47) Humongous regions: 1->1
[2020-04-17T15:15:08.011+0800][17.145s] GC(47) Metaspace: 39429K(40620K)->39429K(40620K) NonClass: 34683K(35500K)->34683K(35500K) Class: 4745K(5120K)->4745K(5120K)
[2020-04-17T15:15:08.011+0800][17.145s] GC(47) Pause Young (Normal) (G1 Evacuation Pause) 448M->321M(512M) 1.049ms
[2020-04-17T15:15:08.011+0800][17.146s] GC(47) User=0.00s Sys=0.00s Real=0.00s
[2020-04-17T15:15:08.084+0800][17.218s] GC(48) Pause Young (Normal) (G1 Evacuation Pause)
[2020-04-17T15:15:08.084+0800][17.218s] GC(48) Using 4 workers of 4 for evacuation
[2020-04-17T15:15:08.084+0800][17.219s] GC(48)   Pre Evacuate Collection Set: 0.1ms
[2020-04-17T15:15:08.084+0800][17.219s] GC(48)   Merge Heap Roots: 0.1ms
[2020-04-17T15:15:08.084+0800][17.219s] GC(48)   Evacuate Collection Set: 0.4ms
[2020-04-17T15:15:08.084+0800][17.219s] GC(48)   Post Evacuate Collection Set: 0.3ms
[2020-04-17T15:15:08.084+0800][17.219s] GC(48)   Other: 0.1ms
[2020-04-17T15:15:08.085+0800][17.219s] GC(48) Eden regions: 127->0(127)
[2020-04-17T15:15:08.085+0800][17.219s] GC(48) Survivor regions: 1->1(32)
[2020-04-17T15:15:08.085+0800][17.219s] GC(48) Old regions: 320->320
[2020-04-17T15:15:08.085+0800][17.219s] GC(48) Archive regions: 2->2
[2020-04-17T15:15:08.085+0800][17.219s] GC(48) Humongous regions: 1->1
[2020-04-17T15:15:08.085+0800][17.219s] GC(48) Metaspace: 39429K(40620K)->39429K(40620K) NonClass: 34683K(35500K)->34683K(35500K) Class: 4745K(5120K)->4745K(5120K)
[2020-04-17T15:15:08.085+0800][17.219s] GC(48) Pause Young (Normal) (G1 Evacuation Pause) 448M->321M(512M) 1.048ms
[2020-04-17T15:15:08.085+0800][17.219s] GC(48) User=0.01s Sys=0.00s Real=0.00s
[2020-04-17T15:15:08.154+0800][17.288s] GC(49) Pause Young (Normal) (G1 Evacuation Pause)
[2020-04-17T15:15:08.154+0800][17.288s] GC(49) Using 4 workers of 4 for evacuation
[2020-04-17T15:15:08.155+0800][17.289s] GC(49)   Pre Evacuate Collection Set: 0.1ms
[2020-04-17T15:15:08.155+0800][17.289s] GC(49)   Merge Heap Roots: 0.0ms
[2020-04-17T15:15:08.155+0800][17.289s] GC(49)   Evacuate Collection Set: 0.5ms
[2020-04-17T15:15:08.155+0800][17.289s] GC(49)   Post Evacuate Collection Set: 0.3ms
[2020-04-17T15:15:08.155+0800][17.289s] GC(49)   Other: 0.1ms
[2020-04-17T15:15:08.155+0800][17.289s] GC(49) Eden regions: 127->0(128)
[2020-04-17T15:15:08.155+0800][17.289s] GC(49) Survivor regions: 1->0(32)
[2020-04-17T15:15:08.155+0800][17.289s] GC(49) Old regions: 320->320
[2020-04-17T15:15:08.155+0800][17.289s] GC(49) Archive regions: 2->2
[2020-04-17T15:15:08.155+0800][17.289s] GC(49) Humongous regions: 1->1
[2020-04-17T15:15:08.155+0800][17.289s] GC(49) Metaspace: 39429K(40620K)->39429K(40620K) NonClass: 34683K(35500K)->34683K(35500K) Class: 4745K(5120K)->4745K(5120K)
[2020-04-17T15:15:08.155+0800][17.289s] GC(49) Pause Young (Normal) (G1 Evacuation Pause) 448M->321M(512M) 1.135ms
[2020-04-17T15:15:08.155+0800][17.289s] GC(49) User=0.00s Sys=0.00s Real=0.00s
[2020-04-17T15:15:08.225+0800][17.359s] GC(50) Pause Young (Normal) (G1 Evacuation Pause)
[2020-04-17T15:15:08.225+0800][17.359s] GC(50) Using 4 workers of 4 for evacuation
[2020-04-17T15:15:08.225+0800][17.360s] GC(50)   Pre Evacuate Collection Set: 0.1ms
[2020-04-17T15:15:08.226+0800][17.360s] GC(50)   Merge Heap Roots: 0.0ms
[2020-04-17T15:15:08.226+0800][17.360s] GC(50)   Evacuate Collection Set: 0.3ms
[2020-04-17T15:15:08.226+0800][17.360s] GC(50)   Post Evacuate Collection Set: 0.3ms
[2020-04-17T15:15:08.226+0800][17.360s] GC(50)   Other: 0.1ms
[2020-04-17T15:15:08.226+0800][17.360s] GC(50) Eden regions: 128->0(128)
[2020-04-17T15:15:08.226+0800][17.360s] GC(50) Survivor regions: 0->0(32)
[2020-04-17T15:15:08.226+0800][17.360s] GC(50) Old regions: 320->320
[2020-04-17T15:15:08.226+0800][17.360s] GC(50) Archive regions: 2->2
[2020-04-17T15:15:08.226+0800][17.360s] GC(50) Humongous regions: 1->1
[2020-04-17T15:15:08.226+0800][17.360s] GC(50) Metaspace: 39429K(40620K)->39429K(40620K) NonClass: 34683K(35500K)->34683K(35500K) Class: 4745K(5120K)->4745K(5120K)
[2020-04-17T15:15:08.226+0800][17.360s] GC(50) Pause Young (Normal) (G1 Evacuation Pause) 449M->321M(512M) 0.935ms
[2020-04-17T15:15:08.226+0800][17.360s] GC(50) User=0.00s Sys=0.00s Real=0.00s
[2020-04-17T15:15:08.252+0800][17.387s] GC(42) Concurrent Rebuild Remembered Sets 253.856ms
[2020-04-17T15:15:08.252+0800][17.387s] GC(42) Pause Cleanup
[2020-04-17T15:15:08.253+0800][17.388s] GC(42) Pause Cleanup 357M->357M(512M) 0.283ms
[2020-04-17T15:15:08.253+0800][17.388s] GC(42) User=0.00s Sys=0.00s Real=0.00s
[2020-04-17T15:15:08.253+0800][17.388s] GC(42) Concurrent Cleanup for Next Mark
[2020-04-17T15:15:08.254+0800][17.388s] GC(42) Concurrent Cleanup for Next Mark 0.759ms
[2020-04-17T15:15:08.254+0800][17.388s] GC(42) Concurrent Cycle 757.055ms
[2020-04-17T15:15:08.275+0800][17.410s] GC(51) Pause Young (Normal) (G1 Evacuation Pause)
[2020-04-17T15:15:08.275+0800][17.410s] GC(51) Using 4 workers of 4 for evacuation
[2020-04-17T15:15:08.276+0800][17.411s] GC(51)   Pre Evacuate Collection Set: 0.1ms
[2020-04-17T15:15:08.276+0800][17.411s] GC(51)   Merge Heap Roots: 0.1ms
[2020-04-17T15:15:08.276+0800][17.411s] GC(51)   Evacuate Collection Set: 0.3ms
[2020-04-17T15:15:08.276+0800][17.411s] GC(51)   Post Evacuate Collection Set: 0.3ms
[2020-04-17T15:15:08.276+0800][17.411s] GC(51)   Other: 0.2ms
[2020-04-17T15:15:08.276+0800][17.411s] GC(51) Eden regions: 128->0(128)
[2020-04-17T15:15:08.276+0800][17.411s] GC(51) Survivor regions: 0->0(32)
[2020-04-17T15:15:08.276+0800][17.411s] GC(51) Old regions: 320->320
[2020-04-17T15:15:08.276+0800][17.411s] GC(51) Archive regions: 2->2
[2020-04-17T15:15:08.276+0800][17.411s] GC(51) Humongous regions: 1->1
[2020-04-17T15:15:08.276+0800][17.411s] GC(51) Metaspace: 39429K(40620K)->39429K(40620K) NonClass: 34683K(35500K)->34683K(35500K) Class: 4745K(5120K)->4745K(5120K)
[2020-04-17T15:15:08.276+0800][17.411s] GC(51) Pause Young (Normal) (G1 Evacuation Pause) 449M->321M(512M) 1.035ms
[2020-04-17T15:15:08.276+0800][17.411s] GC(51) User=0.00s Sys=0.00s Real=0.00s
[2020-04-17T15:15:08.304+0800][17.439s] GC(52) Pause Young (Concurrent Start) (G1 Evacuation Pause)
[2020-04-17T15:15:08.304+0800][17.439s] GC(52) Using 4 workers of 4 for evacuation
[2020-04-17T15:15:08.305+0800][17.440s] GC(52)   Pre Evacuate Collection Set: 0.1ms
[2020-04-17T15:15:08.305+0800][17.440s] GC(52)   Merge Heap Roots: 0.1ms
[2020-04-17T15:15:08.305+0800][17.440s] GC(52)   Evacuate Collection Set: 0.6ms
[2020-04-17T15:15:08.305+0800][17.440s] GC(52)   Post Evacuate Collection Set: 0.3ms
[2020-04-17T15:15:08.305+0800][17.440s] GC(52)   Other: 0.2ms
[2020-04-17T15:15:08.305+0800][17.440s] GC(52) Eden regions: 128->0(128)
[2020-04-17T15:15:08.305+0800][17.440s] GC(52) Survivor regions: 0->0(32)
[2020-04-17T15:15:08.305+0800][17.440s] GC(52) Old regions: 320->320
[2020-04-17T15:15:08.305+0800][17.440s] GC(52) Archive regions: 2->2
[2020-04-17T15:15:08.305+0800][17.440s] GC(52) Humongous regions: 1->1
[2020-04-17T15:15:08.305+0800][17.440s] GC(52) Metaspace: 39429K(40620K)->39429K(40620K) NonClass: 34683K(35500K)->34683K(35500K) Class: 4745K(5120K)->4745K(5120K)
[2020-04-17T15:15:08.305+0800][17.440s] GC(52) Pause Young (Concurrent Start) (G1 Evacuation Pause) 449M->321M(512M) 1.359ms
[2020-04-17T15:15:08.305+0800][17.440s] GC(52) User=0.00s Sys=0.00s Real=0.00s
[2020-04-17T15:15:08.305+0800][17.440s] GC(53) Concurrent Cycle
[2020-04-17T15:15:08.305+0800][17.440s] GC(53) Concurrent Clear Claimed Marks
[2020-04-17T15:15:08.305+0800][17.440s] GC(53) Concurrent Clear Claimed Marks 0.033ms
[2020-04-17T15:15:08.305+0800][17.440s] GC(53) Concurrent Scan Root Regions
[2020-04-17T15:15:08.306+0800][17.440s] GC(53) Concurrent Scan Root Regions 0.007ms
[2020-04-17T15:15:08.306+0800][17.440s] GC(53) Concurrent Mark (17.440s)
[2020-04-17T15:15:08.306+0800][17.440s] GC(53) Concurrent Mark From Roots
[2020-04-17T15:15:08.306+0800][17.440s] GC(53) Using 4 workers of 4 for marking
[2020-04-17T15:15:08.427+0800][17.561s] GC(54) Pause Young (Normal) (G1 Evacuation Pause)
[2020-04-17T15:15:08.427+0800][17.561s] GC(54) Using 4 workers of 4 for evacuation
[2020-04-17T15:15:08.428+0800][17.562s] GC(54)   Pre Evacuate Collection Set: 0.1ms
[2020-04-17T15:15:08.428+0800][17.562s] GC(54)   Merge Heap Roots: 0.1ms
[2020-04-17T15:15:08.428+0800][17.562s] GC(54)   Evacuate Collection Set: 0.4ms
[2020-04-17T15:15:08.428+0800][17.562s] GC(54)   Post Evacuate Collection Set: 0.2ms
[2020-04-17T15:15:08.428+0800][17.562s] GC(54)   Other: 0.1ms
[2020-04-17T15:15:08.428+0800][17.562s] GC(54) Eden regions: 128->0(128)
[2020-04-17T15:15:08.428+0800][17.562s] GC(54) Survivor regions: 0->0(32)
[2020-04-17T15:15:08.428+0800][17.562s] GC(54) Old regions: 320->320
[2020-04-17T15:15:08.428+0800][17.562s] GC(54) Archive regions: 2->2
[2020-04-17T15:15:08.428+0800][17.562s] GC(54) Humongous regions: 1->1
[2020-04-17T15:15:08.428+0800][17.562s] GC(54) Metaspace: 39429K(40620K)->39429K(40620K) NonClass: 34683K(35500K)->34683K(35500K) Class: 4745K(5120K)->4745K(5120K)
[2020-04-17T15:15:08.428+0800][17.562s] GC(54) Pause Young (Normal) (G1 Evacuation Pause) 449M->321M(512M) 1.038ms
[2020-04-17T15:15:08.428+0800][17.562s] GC(54) User=0.01s Sys=0.00s Real=0.00s
[2020-04-17T15:15:08.500+0800][17.635s] GC(55) Pause Young (Normal) (G1 Evacuation Pause)
[2020-04-17T15:15:08.500+0800][17.635s] GC(55) Using 4 workers of 4 for evacuation
[2020-04-17T15:15:08.501+0800][17.636s] GC(55)   Pre Evacuate Collection Set: 0.1ms
[2020-04-17T15:15:08.501+0800][17.636s] GC(55)   Merge Heap Roots: 0.0ms
[2020-04-17T15:15:08.501+0800][17.636s] GC(55)   Evacuate Collection Set: 0.2ms
[2020-04-17T15:15:08.501+0800][17.636s] GC(55)   Post Evacuate Collection Set: 0.3ms
[2020-04-17T15:15:08.501+0800][17.636s] GC(55)   Other: 0.1ms
[2020-04-17T15:15:08.501+0800][17.636s] GC(55) Eden regions: 128->0(128)
[2020-04-17T15:15:08.501+0800][17.636s] GC(55) Survivor regions: 0->0(32)
[2020-04-17T15:15:08.501+0800][17.636s] GC(55) Old regions: 320->320
[2020-04-17T15:15:08.501+0800][17.636s] GC(55) Archive regions: 2->2
[2020-04-17T15:15:08.501+0800][17.636s] GC(55) Humongous regions: 1->1
[2020-04-17T15:15:08.501+0800][17.636s] GC(55) Metaspace: 39429K(40620K)->39429K(40620K) NonClass: 34683K(35500K)->34683K(35500K) Class: 4745K(5120K)->4745K(5120K)
[2020-04-17T15:15:08.501+0800][17.636s] GC(55) Pause Young (Normal) (G1 Evacuation Pause) 449M->321M(512M) 0.773ms
[2020-04-17T15:15:08.501+0800][17.636s] GC(55) User=0.01s Sys=0.00s Real=0.00s
[2020-04-17T15:15:08.586+0800][17.721s] GC(56) Pause Young (Normal) (G1 Evacuation Pause)
[2020-04-17T15:15:08.586+0800][17.721s] GC(56) Using 4 workers of 4 for evacuation
[2020-04-17T15:15:08.587+0800][17.722s] GC(56)   Pre Evacuate Collection Set: 0.1ms
[2020-04-17T15:15:08.587+0800][17.722s] GC(56)   Merge Heap Roots: 0.0ms
[2020-04-17T15:15:08.587+0800][17.722s] GC(56)   Evacuate Collection Set: 0.2ms
[2020-04-17T15:15:08.587+0800][17.722s] GC(56)   Post Evacuate Collection Set: 0.3ms
[2020-04-17T15:15:08.587+0800][17.722s] GC(56)   Other: 0.1ms
[2020-04-17T15:15:08.587+0800][17.722s] GC(56) Eden regions: 128->0(128)
[2020-04-17T15:15:08.587+0800][17.722s] GC(56) Survivor regions: 0->0(32)
[2020-04-17T15:15:08.587+0800][17.722s] GC(56) Old regions: 320->320
[2020-04-17T15:15:08.587+0800][17.722s] GC(56) Archive regions: 2->2
[2020-04-17T15:15:08.587+0800][17.722s] GC(56) Humongous regions: 1->1
[2020-04-17T15:15:08.587+0800][17.722s] GC(56) Metaspace: 39429K(40620K)->39429K(40620K) NonClass: 34683K(35500K)->34683K(35500K) Class: 4745K(5120K)->4745K(5120K)
[2020-04-17T15:15:08.587+0800][17.722s] GC(56) Pause Young (Normal) (G1 Evacuation Pause) 449M->321M(512M) 0.965ms
[2020-04-17T15:15:08.587+0800][17.722s] GC(56) User=0.01s Sys=0.00s Real=0.00s
[2020-04-17T15:15:08.675+0800][17.810s] GC(57) Pause Young (Normal) (G1 Evacuation Pause)
[2020-04-17T15:15:08.675+0800][17.810s] GC(57) Using 4 workers of 4 for evacuation
[2020-04-17T15:15:08.676+0800][17.811s] GC(57)   Pre Evacuate Collection Set: 0.1ms
[2020-04-17T15:15:08.676+0800][17.811s] GC(57)   Merge Heap Roots: 0.0ms
[2020-04-17T15:15:08.676+0800][17.811s] GC(57)   Evacuate Collection Set: 0.2ms
[2020-04-17T15:15:08.676+0800][17.811s] GC(57)   Post Evacuate Collection Set: 0.3ms
[2020-04-17T15:15:08.676+0800][17.811s] GC(57)   Other: 0.1ms
[2020-04-17T15:15:08.676+0800][17.811s] GC(57) Eden regions: 128->0(128)
[2020-04-17T15:15:08.676+0800][17.811s] GC(57) Survivor regions: 0->0(32)
[2020-04-17T15:15:08.676+0800][17.811s] GC(57) Old regions: 320->320
[2020-04-17T15:15:08.676+0800][17.811s] GC(57) Archive regions: 2->2
[2020-04-17T15:15:08.676+0800][17.811s] GC(57) Humongous regions: 1->1
[2020-04-17T15:15:08.676+0800][17.811s] GC(57) Metaspace: 39429K(40620K)->39429K(40620K) NonClass: 34683K(35500K)->34683K(35500K) Class: 4745K(5120K)->4745K(5120K)
[2020-04-17T15:15:08.676+0800][17.811s] GC(57) Pause Young (Normal) (G1 Evacuation Pause) 449M->321M(512M) 0.819ms
[2020-04-17T15:15:08.676+0800][17.811s] GC(57) User=0.00s Sys=0.00s Real=0.00s
[2020-04-17T15:15:08.752+0800][17.886s] GC(58) Pause Young (Normal) (G1 Evacuation Pause)
[2020-04-17T15:15:08.752+0800][17.886s] GC(58) Using 4 workers of 4 for evacuation
[2020-04-17T15:15:08.753+0800][17.887s] GC(58)   Pre Evacuate Collection Set: 0.2ms
[2020-04-17T15:15:08.753+0800][17.887s] GC(58)   Merge Heap Roots: 0.1ms
[2020-04-17T15:15:08.753+0800][17.887s] GC(58)   Evacuate Collection Set: 0.2ms
[2020-04-17T15:15:08.753+0800][17.887s] GC(58)   Post Evacuate Collection Set: 0.3ms
[2020-04-17T15:15:08.753+0800][17.887s] GC(58)   Other: 0.2ms
[2020-04-17T15:15:08.753+0800][17.887s] GC(58) Eden regions: 128->0(128)
[2020-04-17T15:15:08.753+0800][17.887s] GC(58) Survivor regions: 0->0(32)
[2020-04-17T15:15:08.753+0800][17.887s] GC(58) Old regions: 320->320
[2020-04-17T15:15:08.753+0800][17.887s] GC(58) Archive regions: 2->2
[2020-04-17T15:15:08.753+0800][17.887s] GC(58) Humongous regions: 1->1
[2020-04-17T15:15:08.753+0800][17.887s] GC(58) Metaspace: 39429K(40620K)->39429K(40620K) NonClass: 34683K(35500K)->34683K(35500K) Class: 4745K(5120K)->4745K(5120K)
[2020-04-17T15:15:08.753+0800][17.887s] GC(58) Pause Young (Normal) (G1 Evacuation Pause) 449M->321M(512M) 1.110ms
[2020-04-17T15:15:08.753+0800][17.887s] GC(58) User=0.01s Sys=0.00s Real=0.00s
[2020-04-17T15:15:08.762+0800][17.897s] GC(53) Concurrent Mark From Roots 456.512ms
[2020-04-17T15:15:08.762+0800][17.897s] GC(53) Concurrent Preclean
[2020-04-17T15:15:08.762+0800][17.897s] GC(53) Concurrent Preclean 0.128ms
[2020-04-17T15:15:08.762+0800][17.897s] GC(53) Concurrent Mark (17.440s, 17.897s) 456.695ms
[2020-04-17T15:15:08.762+0800][17.897s] GC(53) Pause Remark
[2020-04-17T15:15:08.766+0800][17.901s] GC(53) Pause Remark 322M->322M(512M) 3.550ms
[2020-04-17T15:15:08.766+0800][17.901s] GC(53) User=0.01s Sys=0.00s Real=0.00s
[2020-04-17T15:15:08.766+0800][17.901s] GC(53) Concurrent Rebuild Remembered Sets
[2020-04-17T15:15:08.838+0800][17.973s] GC(59) Pause Young (Normal) (G1 Evacuation Pause)
[2020-04-17T15:15:08.839+0800][17.973s] GC(59) Using 4 workers of 4 for evacuation
[2020-04-17T15:15:08.839+0800][17.974s] GC(59)   Pre Evacuate Collection Set: 0.1ms
[2020-04-17T15:15:08.839+0800][17.974s] GC(59)   Merge Heap Roots: 0.1ms
[2020-04-17T15:15:08.839+0800][17.974s] GC(59)   Evacuate Collection Set: 0.2ms
[2020-04-17T15:15:08.839+0800][17.974s] GC(59)   Post Evacuate Collection Set: 0.3ms
[2020-04-17T15:15:08.839+0800][17.974s] GC(59)   Other: 0.1ms
[2020-04-17T15:15:08.839+0800][17.974s] GC(59) Eden regions: 128->0(128)
[2020-04-17T15:15:08.839+0800][17.974s] GC(59) Survivor regions: 0->0(32)
[2020-04-17T15:15:08.839+0800][17.974s] GC(59) Old regions: 320->320
[2020-04-17T15:15:08.839+0800][17.974s] GC(59) Archive regions: 2->2
[2020-04-17T15:15:08.839+0800][17.974s] GC(59) Humongous regions: 1->1
[2020-04-17T15:15:08.839+0800][17.974s] GC(59) Metaspace: 39429K(40620K)->39429K(40620K) NonClass: 34683K(35500K)->34683K(35500K) Class: 4745K(5120K)->4745K(5120K)
[2020-04-17T15:15:08.839+0800][17.974s] GC(59) Pause Young (Normal) (G1 Evacuation Pause) 449M->321M(512M) 0.844ms
[2020-04-17T15:15:08.839+0800][17.974s] GC(59) User=0.00s Sys=0.00s Real=0.00s
[2020-04-17T15:15:08.911+0800][18.045s] GC(60) Pause Young (Normal) (G1 Evacuation Pause)
[2020-04-17T15:15:08.911+0800][18.045s] GC(60) Using 4 workers of 4 for evacuation
[2020-04-17T15:15:08.911+0800][18.046s] GC(60)   Pre Evacuate Collection Set: 0.0ms
[2020-04-17T15:15:08.911+0800][18.046s] GC(60)   Merge Heap Roots: 0.0ms
[2020-04-17T15:15:08.911+0800][18.046s] GC(60)   Evacuate Collection Set: 0.2ms
[2020-04-17T15:15:08.911+0800][18.046s] GC(60)   Post Evacuate Collection Set: 0.3ms
[2020-04-17T15:15:08.911+0800][18.046s] GC(60)   Other: 0.1ms
[2020-04-17T15:15:08.911+0800][18.046s] GC(60) Eden regions: 128->0(128)
[2020-04-17T15:15:08.911+0800][18.046s] GC(60) Survivor regions: 0->0(32)
[2020-04-17T15:15:08.911+0800][18.046s] GC(60) Old regions: 320->320
[2020-04-17T15:15:08.911+0800][18.046s] GC(60) Archive regions: 2->2
[2020-04-17T15:15:08.911+0800][18.046s] GC(60) Humongous regions: 1->1
[2020-04-17T15:15:08.911+0800][18.046s] GC(60) Metaspace: 39429K(40620K)->39429K(40620K) NonClass: 34683K(35500K)->34683K(35500K) Class: 4745K(5120K)->4745K(5120K)
[2020-04-17T15:15:08.911+0800][18.046s] GC(60) Pause Young (Normal) (G1 Evacuation Pause) 449M->321M(512M) 0.836ms
[2020-04-17T15:15:08.911+0800][18.046s] GC(60) User=0.00s Sys=0.00s Real=0.00s
[2020-04-17T15:15:08.995+0800][18.130s] GC(61) Pause Young (Normal) (G1 Evacuation Pause)
[2020-04-17T15:15:08.995+0800][18.130s] GC(61) Using 4 workers of 4 for evacuation
[2020-04-17T15:15:08.996+0800][18.131s] GC(61)   Pre Evacuate Collection Set: 0.1ms
[2020-04-17T15:15:08.996+0800][18.131s] GC(61)   Merge Heap Roots: 0.0ms
[2020-04-17T15:15:08.996+0800][18.131s] GC(61)   Evacuate Collection Set: 0.2ms
[2020-04-17T15:15:08.996+0800][18.131s] GC(61)   Post Evacuate Collection Set: 0.3ms
[2020-04-17T15:15:08.996+0800][18.131s] GC(61)   Other: 0.1ms
[2020-04-17T15:15:08.996+0800][18.131s] GC(61) Eden regions: 128->0(128)
[2020-04-17T15:15:08.996+0800][18.131s] GC(61) Survivor regions: 0->0(32)
[2020-04-17T15:15:08.996+0800][18.131s] GC(61) Old regions: 320->320
[2020-04-17T15:15:08.996+0800][18.131s] GC(61) Archive regions: 2->2
[2020-04-17T15:15:08.996+0800][18.131s] GC(61) Humongous regions: 1->1
[2020-04-17T15:15:08.996+0800][18.131s] GC(61) Metaspace: 39429K(40620K)->39429K(40620K) NonClass: 34683K(35500K)->34683K(35500K) Class: 4745K(5120K)->4745K(5120K)
[2020-04-17T15:15:08.996+0800][18.131s] GC(61) Pause Young (Normal) (G1 Evacuation Pause) 449M->321M(512M) 0.819ms
[2020-04-17T15:15:08.996+0800][18.131s] GC(61) User=0.00s Sys=0.00s Real=0.00s
[2020-04-17T15:15:09.020+0800][18.155s] GC(53) Concurrent Rebuild Remembered Sets 254.266ms
[2020-04-17T15:15:09.021+0800][18.155s] GC(53) Pause Cleanup
[2020-04-17T15:15:09.021+0800][18.156s] GC(53) Pause Cleanup 368M->368M(512M) 0.313ms
[2020-04-17T15:15:09.021+0800][18.156s] GC(53) User=0.00s Sys=0.00s Real=0.00s
[2020-04-17T15:15:09.021+0800][18.156s] GC(53) Concurrent Cleanup for Next Mark
[2020-04-17T15:15:09.022+0800][18.156s] GC(53) Concurrent Cleanup for Next Mark 0.749ms
[2020-04-17T15:15:09.022+0800][18.156s] GC(53) Concurrent Cycle 716.263ms
[2020-04-17T15:15:09.041+0800][18.176s] GC(62) Pause Young (Normal) (G1 Evacuation Pause)
[2020-04-17T15:15:09.041+0800][18.176s] GC(62) Using 4 workers of 4 for evacuation
[2020-04-17T15:15:09.042+0800][18.176s] GC(62)   Pre Evacuate Collection Set: 0.1ms
[2020-04-17T15:15:09.042+0800][18.177s] GC(62)   Merge Heap Roots: 0.1ms
[2020-04-17T15:15:09.042+0800][18.177s] GC(62)   Evacuate Collection Set: 0.2ms
[2020-04-17T15:15:09.042+0800][18.177s] GC(62)   Post Evacuate Collection Set: 0.3ms
[2020-04-17T15:15:09.042+0800][18.177s] GC(62)   Other: 0.2ms
[2020-04-17T15:15:09.042+0800][18.177s] GC(62) Eden regions: 128->0(128)
[2020-04-17T15:15:09.042+0800][18.177s] GC(62) Survivor regions: 0->0(32)
[2020-04-17T15:15:09.042+0800][18.177s] GC(62) Old regions: 320->320
[2020-04-17T15:15:09.042+0800][18.177s] GC(62) Archive regions: 2->2
[2020-04-17T15:15:09.042+0800][18.177s] GC(62) Humongous regions: 1->1
[2020-04-17T15:15:09.042+0800][18.177s] GC(62) Metaspace: 39429K(40620K)->39429K(40620K) NonClass: 34683K(35500K)->34683K(35500K) Class: 4745K(5120K)->4745K(5120K)
[2020-04-17T15:15:09.042+0800][18.177s] GC(62) Pause Young (Normal) (G1 Evacuation Pause) 449M->321M(512M) 0.946ms
[2020-04-17T15:15:09.042+0800][18.177s] GC(62) User=0.01s Sys=0.00s Real=0.00s
[2020-04-17T15:15:09.073+0800][18.207s] GC(63) Pause Young (Concurrent Start) (G1 Evacuation Pause)
[2020-04-17T15:15:09.073+0800][18.208s] GC(63) Using 4 workers of 4 for evacuation
[2020-04-17T15:15:09.074+0800][18.209s] GC(63)   Pre Evacuate Collection Set: 0.2ms
[2020-04-17T15:15:09.074+0800][18.209s] GC(63)   Merge Heap Roots: 0.1ms
[2020-04-17T15:15:09.074+0800][18.209s] GC(63)   Evacuate Collection Set: 0.6ms
[2020-04-17T15:15:09.074+0800][18.209s] GC(63)   Post Evacuate Collection Set: 0.4ms
[2020-04-17T15:15:09.074+0800][18.209s] GC(63)   Other: 0.2ms
[2020-04-17T15:15:09.074+0800][18.209s] GC(63) Eden regions: 128->0(128)
[2020-04-17T15:15:09.074+0800][18.209s] GC(63) Survivor regions: 0->0(32)
[2020-04-17T15:15:09.074+0800][18.209s] GC(63) Old regions: 320->320
[2020-04-17T15:15:09.074+0800][18.209s] GC(63) Archive regions: 2->2
[2020-04-17T15:15:09.074+0800][18.209s] GC(63) Humongous regions: 1->1
[2020-04-17T15:15:09.074+0800][18.209s] GC(63) Metaspace: 39429K(40620K)->39429K(40620K) NonClass: 34683K(35500K)->34683K(35500K) Class: 4745K(5120K)->4745K(5120K)
[2020-04-17T15:15:09.074+0800][18.209s] GC(63) Pause Young (Concurrent Start) (G1 Evacuation Pause) 449M->321M(512M) 1.412ms
[2020-04-17T15:15:09.074+0800][18.209s] GC(63) User=0.00s Sys=0.00s Real=0.00s
[2020-04-17T15:15:09.074+0800][18.209s] GC(64) Concurrent Cycle
[2020-04-17T15:15:09.074+0800][18.209s] GC(64) Concurrent Clear Claimed Marks
[2020-04-17T15:15:09.074+0800][18.209s] GC(64) Concurrent Clear Claimed Marks 0.029ms
[2020-04-17T15:15:09.074+0800][18.209s] GC(64) Concurrent Scan Root Regions
[2020-04-17T15:15:09.074+0800][18.209s] GC(64) Concurrent Scan Root Regions 0.007ms
[2020-04-17T15:15:09.074+0800][18.209s] GC(64) Concurrent Mark (18.209s)
[2020-04-17T15:15:09.074+0800][18.209s] GC(64) Concurrent Mark From Roots
[2020-04-17T15:15:09.074+0800][18.209s] GC(64) Using 4 workers of 4 for marking
[2020-04-17T15:15:09.220+0800][18.354s] GC(65) Pause Young (Normal) (G1 Evacuation Pause)
[2020-04-17T15:15:09.220+0800][18.354s] GC(65) Using 4 workers of 4 for evacuation
[2020-04-17T15:15:09.221+0800][18.356s] GC(65)   Pre Evacuate Collection Set: 0.0ms
[2020-04-17T15:15:09.221+0800][18.356s] GC(65)   Merge Heap Roots: 0.1ms
[2020-04-17T15:15:09.221+0800][18.356s] GC(65)   Evacuate Collection Set: 1.0ms
[2020-04-17T15:15:09.221+0800][18.356s] GC(65)   Post Evacuate Collection Set: 0.3ms
[2020-04-17T15:15:09.221+0800][18.356s] GC(65)   Other: 0.2ms
[2020-04-17T15:15:09.221+0800][18.356s] GC(65) Eden regions: 128->0(127)
[2020-04-17T15:15:09.221+0800][18.356s] GC(65) Survivor regions: 0->1(32)
[2020-04-17T15:15:09.221+0800][18.356s] GC(65) Old regions: 320->320
[2020-04-17T15:15:09.221+0800][18.356s] GC(65) Archive regions: 2->2
[2020-04-17T15:15:09.221+0800][18.356s] GC(65) Humongous regions: 1->1
[2020-04-17T15:15:09.221+0800][18.356s] GC(65) Metaspace: 39482K(40620K)->39482K(40620K) NonClass: 34732K(35500K)->34732K(35500K) Class: 4750K(5120K)->4750K(5120K)
[2020-04-17T15:15:09.221+0800][18.356s] GC(65) Pause Young (Normal) (G1 Evacuation Pause) 449M->321M(512M) 1.658ms
[2020-04-17T15:15:09.221+0800][18.356s] GC(65) User=0.00s Sys=0.00s Real=0.00s
[2020-04-17T15:15:09.304+0800][18.439s] GC(66) Pause Young (Normal) (G1 Evacuation Pause)
[2020-04-17T15:15:09.304+0800][18.439s] GC(66) Using 4 workers of 4 for evacuation
[2020-04-17T15:15:09.305+0800][18.440s] GC(66)   Pre Evacuate Collection Set: 0.1ms
[2020-04-17T15:15:09.305+0800][18.440s] GC(66)   Merge Heap Roots: 0.0ms
[2020-04-17T15:15:09.305+0800][18.440s] GC(66)   Evacuate Collection Set: 0.4ms
[2020-04-17T15:15:09.305+0800][18.440s] GC(66)   Post Evacuate Collection Set: 0.3ms
[2020-04-17T15:15:09.305+0800][18.440s] GC(66)   Other: 0.1ms
[2020-04-17T15:15:09.305+0800][18.440s] GC(66) Eden regions: 127->0(127)
[2020-04-17T15:15:09.305+0800][18.440s] GC(66) Survivor regions: 1->1(32)
[2020-04-17T15:15:09.305+0800][18.440s] GC(66) Old regions: 320->320
[2020-04-17T15:15:09.305+0800][18.440s] GC(66) Archive regions: 2->2
[2020-04-17T15:15:09.305+0800][18.440s] GC(66) Humongous regions: 1->1
[2020-04-17T15:15:09.305+0800][18.440s] GC(66) Metaspace: 39482K(40620K)->39482K(40620K) NonClass: 34732K(35500K)->34732K(35500K) Class: 4750K(5120K)->4750K(5120K)
[2020-04-17T15:15:09.305+0800][18.440s] GC(66) Pause Young (Normal) (G1 Evacuation Pause) 448M->321M(512M) 0.986ms
[2020-04-17T15:15:09.305+0800][18.440s] GC(66) User=0.01s Sys=0.00s Real=0.00s
[2020-04-17T15:15:09.405+0800][18.539s] GC(67) Pause Young (Normal) (G1 Evacuation Pause)
[2020-04-17T15:15:09.405+0800][18.539s] GC(67) Using 4 workers of 4 for evacuation
[2020-04-17T15:15:09.405+0800][18.540s] GC(67)   Pre Evacuate Collection Set: 0.1ms
[2020-04-17T15:15:09.406+0800][18.540s] GC(67)   Merge Heap Roots: 0.0ms
[2020-04-17T15:15:09.406+0800][18.540s] GC(67)   Evacuate Collection Set: 0.4ms
[2020-04-17T15:15:09.406+0800][18.540s] GC(67)   Post Evacuate Collection Set: 0.3ms
[2020-04-17T15:15:09.406+0800][18.540s] GC(67)   Other: 0.1ms
[2020-04-17T15:15:09.406+0800][18.540s] GC(67) Eden regions: 127->0(127)
[2020-04-17T15:15:09.406+0800][18.540s] GC(67) Survivor regions: 1->1(32)
[2020-04-17T15:15:09.406+0800][18.540s] GC(67) Old regions: 320->320
[2020-04-17T15:15:09.406+0800][18.540s] GC(67) Archive regions: 2->2
[2020-04-17T15:15:09.406+0800][18.540s] GC(67) Humongous regions: 1->1
[2020-04-17T15:15:09.406+0800][18.540s] GC(67) Metaspace: 39482K(40620K)->39482K(40620K) NonClass: 34732K(35500K)->34732K(35500K) Class: 4750K(5120K)->4750K(5120K)
[2020-04-17T15:15:09.406+0800][18.540s] GC(67) Pause Young (Normal) (G1 Evacuation Pause) 448M->321M(512M) 1.018ms
[2020-04-17T15:15:09.406+0800][18.540s] GC(67) User=0.00s Sys=0.00s Real=0.00s
[2020-04-17T15:15:09.487+0800][18.622s] GC(68) Pause Young (Normal) (G1 Evacuation Pause)
[2020-04-17T15:15:09.487+0800][18.622s] GC(68) Using 4 workers of 4 for evacuation
[2020-04-17T15:15:09.488+0800][18.623s] GC(68)   Pre Evacuate Collection Set: 0.1ms
[2020-04-17T15:15:09.488+0800][18.623s] GC(68)   Merge Heap Roots: 0.0ms
[2020-04-17T15:15:09.488+0800][18.623s] GC(68)   Evacuate Collection Set: 0.4ms
[2020-04-17T15:15:09.488+0800][18.623s] GC(68)   Post Evacuate Collection Set: 0.3ms
[2020-04-17T15:15:09.488+0800][18.623s] GC(68)   Other: 0.1ms
[2020-04-17T15:15:09.488+0800][18.623s] GC(68) Eden regions: 127->0(127)
[2020-04-17T15:15:09.488+0800][18.623s] GC(68) Survivor regions: 1->1(32)
[2020-04-17T15:15:09.488+0800][18.623s] GC(68) Old regions: 320->320
[2020-04-17T15:15:09.488+0800][18.623s] GC(68) Archive regions: 2->2
[2020-04-17T15:15:09.488+0800][18.623s] GC(68) Humongous regions: 1->1
[2020-04-17T15:15:09.488+0800][18.623s] GC(68) Metaspace: 39482K(40620K)->39482K(40620K) NonClass: 34732K(35500K)->34732K(35500K) Class: 4750K(5120K)->4750K(5120K)
[2020-04-17T15:15:09.488+0800][18.623s] GC(68) Pause Young (Normal) (G1 Evacuation Pause) 448M->321M(512M) 1.029ms
[2020-04-17T15:15:09.488+0800][18.623s] GC(68) User=0.00s Sys=0.00s Real=0.00s
[2020-04-17T15:15:09.552+0800][18.687s] GC(64) Concurrent Mark From Roots 477.616ms
[2020-04-17T15:15:09.552+0800][18.687s] GC(64) Concurrent Preclean
[2020-04-17T15:15:09.552+0800][18.687s] GC(64) Concurrent Preclean 0.131ms
[2020-04-17T15:15:09.552+0800][18.687s] GC(64) Concurrent Mark (18.209s, 18.687s) 477.841ms
[2020-04-17T15:15:09.552+0800][18.687s] GC(64) Pause Remark
[2020-04-17T15:15:09.555+0800][18.690s] GC(64) Pause Remark 419M->419M(512M) 2.983ms
[2020-04-17T15:15:09.555+0800][18.690s] GC(64) User=0.01s Sys=0.00s Real=0.00s
[2020-04-17T15:15:09.555+0800][18.690s] GC(64) Concurrent Rebuild Remembered Sets
[2020-04-17T15:15:09.574+0800][18.709s] GC(69) Pause Young (Normal) (G1 Evacuation Pause)
[2020-04-17T15:15:09.574+0800][18.709s] GC(69) Using 4 workers of 4 for evacuation
[2020-04-17T15:15:09.575+0800][18.710s] GC(69)   Pre Evacuate Collection Set: 0.1ms
[2020-04-17T15:15:09.575+0800][18.710s] GC(69)   Merge Heap Roots: 0.0ms
[2020-04-17T15:15:09.575+0800][18.710s] GC(69)   Evacuate Collection Set: 0.4ms
[2020-04-17T15:15:09.575+0800][18.710s] GC(69)   Post Evacuate Collection Set: 0.3ms
[2020-04-17T15:15:09.575+0800][18.710s] GC(69)   Other: 0.1ms
[2020-04-17T15:15:09.575+0800][18.710s] GC(69) Eden regions: 127->0(127)
[2020-04-17T15:15:09.575+0800][18.710s] GC(69) Survivor regions: 1->1(32)
[2020-04-17T15:15:09.575+0800][18.710s] GC(69) Old regions: 320->320
[2020-04-17T15:15:09.575+0800][18.710s] GC(69) Archive regions: 2->2
[2020-04-17T15:15:09.575+0800][18.710s] GC(69) Humongous regions: 1->1
[2020-04-17T15:15:09.575+0800][18.710s] GC(69) Metaspace: 39482K(40620K)->39482K(40620K) NonClass: 34732K(35500K)->34732K(35500K) Class: 4750K(5120K)->4750K(5120K)
[2020-04-17T15:15:09.575+0800][18.710s] GC(69) Pause Young (Normal) (G1 Evacuation Pause) 448M->321M(512M) 0.980ms
[2020-04-17T15:15:09.575+0800][18.710s] GC(69) User=0.00s Sys=0.00s Real=0.00s
[2020-04-17T15:15:09.648+0800][18.783s] GC(70) Pause Young (Normal) (G1 Evacuation Pause)
[2020-04-17T15:15:09.648+0800][18.783s] GC(70) Using 4 workers of 4 for evacuation
[2020-04-17T15:15:09.649+0800][18.784s] GC(70)   Pre Evacuate Collection Set: 0.1ms
[2020-04-17T15:15:09.649+0800][18.784s] GC(70)   Merge Heap Roots: 0.0ms
[2020-04-17T15:15:09.649+0800][18.784s] GC(70)   Evacuate Collection Set: 0.4ms
[2020-04-17T15:15:09.649+0800][18.784s] GC(70)   Post Evacuate Collection Set: 0.3ms
[2020-04-17T15:15:09.649+0800][18.784s] GC(70)   Other: 0.1ms
[2020-04-17T15:15:09.649+0800][18.784s] GC(70) Eden regions: 127->0(127)
[2020-04-17T15:15:09.649+0800][18.784s] GC(70) Survivor regions: 1->1(32)
[2020-04-17T15:15:09.649+0800][18.784s] GC(70) Old regions: 320->320
[2020-04-17T15:15:09.649+0800][18.784s] GC(70) Archive regions: 2->2
[2020-04-17T15:15:09.649+0800][18.784s] GC(70) Humongous regions: 1->1
[2020-04-17T15:15:09.649+0800][18.784s] GC(70) Metaspace: 39482K(40620K)->39482K(40620K) NonClass: 34732K(35500K)->34732K(35500K) Class: 4750K(5120K)->4750K(5120K)
[2020-04-17T15:15:09.649+0800][18.784s] GC(70) Pause Young (Normal) (G1 Evacuation Pause) 448M->321M(512M) 1.050ms
[2020-04-17T15:15:09.649+0800][18.784s] GC(70) User=0.00s Sys=0.00s Real=0.00s
[2020-04-17T15:15:09.718+0800][18.853s] GC(71) Pause Young (Normal) (G1 Evacuation Pause)
[2020-04-17T15:15:09.718+0800][18.853s] GC(71) Using 4 workers of 4 for evacuation
[2020-04-17T15:15:09.719+0800][18.854s] GC(71)   Pre Evacuate Collection Set: 0.1ms
[2020-04-17T15:15:09.719+0800][18.854s] GC(71)   Merge Heap Roots: 0.0ms
[2020-04-17T15:15:09.719+0800][18.854s] GC(71)   Evacuate Collection Set: 0.5ms
[2020-04-17T15:15:09.719+0800][18.854s] GC(71)   Post Evacuate Collection Set: 0.3ms
[2020-04-17T15:15:09.719+0800][18.854s] GC(71)   Other: 0.2ms
[2020-04-17T15:15:09.719+0800][18.854s] GC(71) Eden regions: 127->0(127)
[2020-04-17T15:15:09.719+0800][18.854s] GC(71) Survivor regions: 1->1(32)
[2020-04-17T15:15:09.719+0800][18.854s] GC(71) Old regions: 320->320
[2020-04-17T15:15:09.719+0800][18.854s] GC(71) Archive regions: 2->2
[2020-04-17T15:15:09.719+0800][18.854s] GC(71) Humongous regions: 1->1
[2020-04-17T15:15:09.719+0800][18.854s] GC(71) Metaspace: 39482K(40620K)->39482K(40620K) NonClass: 34732K(35500K)->34732K(35500K) Class: 4750K(5120K)->4750K(5120K)
[2020-04-17T15:15:09.719+0800][18.854s] GC(71) Pause Young (Normal) (G1 Evacuation Pause) 448M->321M(512M) 1.304ms
[2020-04-17T15:15:09.719+0800][18.854s] GC(71) User=0.01s Sys=0.00s Real=0.00s
[2020-04-17T15:15:09.807+0800][18.942s] GC(72) Pause Young (Normal) (G1 Evacuation Pause)
[2020-04-17T15:15:09.807+0800][18.942s] GC(72) Using 4 workers of 4 for evacuation
[2020-04-17T15:15:09.808+0800][18.943s] GC(72)   Pre Evacuate Collection Set: 0.0ms
[2020-04-17T15:15:09.808+0800][18.943s] GC(72)   Merge Heap Roots: 0.0ms
[2020-04-17T15:15:09.808+0800][18.943s] GC(72)   Evacuate Collection Set: 0.4ms
[2020-04-17T15:15:09.808+0800][18.943s] GC(72)   Post Evacuate Collection Set: 0.3ms
[2020-04-17T15:15:09.808+0800][18.943s] GC(72)   Other: 0.2ms
[2020-04-17T15:15:09.808+0800][18.943s] GC(72) Eden regions: 127->0(127)
[2020-04-17T15:15:09.808+0800][18.943s] GC(72) Survivor regions: 1->1(32)
[2020-04-17T15:15:09.808+0800][18.943s] GC(72) Old regions: 320->320
[2020-04-17T15:15:09.808+0800][18.943s] GC(72) Archive regions: 2->2
[2020-04-17T15:15:09.808+0800][18.943s] GC(72) Humongous regions: 1->1
[2020-04-17T15:15:09.808+0800][18.943s] GC(72) Metaspace: 39482K(40620K)->39482K(40620K) NonClass: 34732K(35500K)->34732K(35500K) Class: 4750K(5120K)->4750K(5120K)
[2020-04-17T15:15:09.808+0800][18.943s] GC(72) Pause Young (Normal) (G1 Evacuation Pause) 448M->321M(512M) 1.058ms
[2020-04-17T15:15:09.809+0800][18.943s] GC(72) User=0.01s Sys=0.00s Real=0.00s
[2020-04-17T15:15:09.825+0800][18.960s] GC(64) Concurrent Rebuild Remembered Sets 270.068ms
[2020-04-17T15:15:09.826+0800][18.960s] GC(64) Pause Cleanup
[2020-04-17T15:15:09.826+0800][18.961s] GC(64) Pause Cleanup 348M->348M(512M) 0.294ms
[2020-04-17T15:15:09.826+0800][18.961s] GC(64) User=0.00s Sys=0.00s Real=0.00s
[2020-04-17T15:15:09.826+0800][18.961s] GC(64) Concurrent Cleanup for Next Mark
[2020-04-17T15:15:09.827+0800][18.962s] GC(64) Concurrent Cleanup for Next Mark 0.710ms
[2020-04-17T15:15:09.827+0800][18.962s] GC(64) Concurrent Cycle 752.565ms
[2020-04-17T15:15:09.852+0800][18.987s] GC(73) Pause Young (Normal) (G1 Evacuation Pause)
[2020-04-17T15:15:09.852+0800][18.987s] GC(73) Using 4 workers of 4 for evacuation
[2020-04-17T15:15:09.853+0800][18.988s] GC(73)   Pre Evacuate Collection Set: 0.1ms
[2020-04-17T15:15:09.853+0800][18.988s] GC(73)   Merge Heap Roots: 0.1ms
[2020-04-17T15:15:09.853+0800][18.988s] GC(73)   Evacuate Collection Set: 0.5ms
[2020-04-17T15:15:09.854+0800][18.988s] GC(73)   Post Evacuate Collection Set: 0.7ms
[2020-04-17T15:15:09.854+0800][18.988s] GC(73)   Other: 0.2ms
[2020-04-17T15:15:09.854+0800][18.988s] GC(73) Eden regions: 127->0(128)
[2020-04-17T15:15:09.854+0800][18.988s] GC(73) Survivor regions: 1->0(32)
[2020-04-17T15:15:09.854+0800][18.988s] GC(73) Old regions: 320->321
[2020-04-17T15:15:09.854+0800][18.988s] GC(73) Archive regions: 2->2
[2020-04-17T15:15:09.854+0800][18.988s] GC(73) Humongous regions: 1->1
[2020-04-17T15:15:09.854+0800][18.988s] GC(73) Metaspace: 39482K(40620K)->39482K(40620K) NonClass: 34732K(35500K)->34732K(35500K) Class: 4750K(5120K)->4750K(5120K)
[2020-04-17T15:15:09.854+0800][18.988s] GC(73) Pause Young (Normal) (G1 Evacuation Pause) 448M->321M(512M) 1.695ms
[2020-04-17T15:15:09.854+0800][18.988s] GC(73) User=0.01s Sys=0.00s Real=0.00s
[2020-04-17T15:15:09.888+0800][19.023s] GC(74) Pause Young (Concurrent Start) (G1 Evacuation Pause)
[2020-04-17T15:15:09.888+0800][19.023s] GC(74) Using 4 workers of 4 for evacuation
[2020-04-17T15:15:09.890+0800][19.024s] GC(74)   Pre Evacuate Collection Set: 0.1ms
[2020-04-17T15:15:09.890+0800][19.024s] GC(74)   Merge Heap Roots: 0.1ms
[2020-04-17T15:15:09.890+0800][19.024s] GC(74)   Evacuate Collection Set: 0.6ms
[2020-04-17T15:15:09.890+0800][19.024s] GC(74)   Post Evacuate Collection Set: 0.3ms
[2020-04-17T15:15:09.890+0800][19.024s] GC(74)   Other: 0.2ms
[2020-04-17T15:15:09.890+0800][19.024s] GC(74) Eden regions: 128->0(128)
[2020-04-17T15:15:09.890+0800][19.024s] GC(74) Survivor regions: 0->0(32)
[2020-04-17T15:15:09.890+0800][19.024s] GC(74) Old regions: 321->321
[2020-04-17T15:15:09.890+0800][19.024s] GC(74) Archive regions: 2->2
[2020-04-17T15:15:09.890+0800][19.024s] GC(74) Humongous regions: 1->1
[2020-04-17T15:15:09.890+0800][19.024s] GC(74) Metaspace: 39482K(40620K)->39482K(40620K) NonClass: 34732K(35500K)->34732K(35500K) Class: 4750K(5120K)->4750K(5120K)
[2020-04-17T15:15:09.890+0800][19.024s] GC(74) Pause Young (Concurrent Start) (G1 Evacuation Pause) 449M->321M(512M) 1.326ms
[2020-04-17T15:15:09.890+0800][19.024s] GC(74) User=0.00s Sys=0.00s Real=0.01s
[2020-04-17T15:15:09.890+0800][19.024s] GC(75) Concurrent Cycle
[2020-04-17T15:15:09.890+0800][19.024s] GC(75) Concurrent Clear Claimed Marks
[2020-04-17T15:15:09.890+0800][19.025s] GC(75) Concurrent Clear Claimed Marks 0.028ms
[2020-04-17T15:15:09.890+0800][19.025s] GC(75) Concurrent Scan Root Regions
[2020-04-17T15:15:09.890+0800][19.025s] GC(75) Concurrent Scan Root Regions 0.007ms
[2020-04-17T15:15:09.890+0800][19.025s] GC(75) Concurrent Mark (19.025s)
[2020-04-17T15:15:09.890+0800][19.025s] GC(75) Concurrent Mark From Roots
[2020-04-17T15:15:09.890+0800][19.025s] GC(75) Using 4 workers of 4 for marking
[2020-04-17T15:15:10.038+0800][19.173s] GC(76) Pause Young (Normal) (G1 Evacuation Pause)
[2020-04-17T15:15:10.038+0800][19.173s] GC(76) Using 4 workers of 4 for evacuation
[2020-04-17T15:15:10.039+0800][19.174s] GC(76)   Pre Evacuate Collection Set: 0.1ms
[2020-04-17T15:15:10.039+0800][19.174s] GC(76)   Merge Heap Roots: 0.0ms
[2020-04-17T15:15:10.039+0800][19.174s] GC(76)   Evacuate Collection Set: 0.5ms
[2020-04-17T15:15:10.039+0800][19.174s] GC(76)   Post Evacuate Collection Set: 0.3ms
[2020-04-17T15:15:10.039+0800][19.174s] GC(76)   Other: 0.1ms
[2020-04-17T15:15:10.039+0800][19.174s] GC(76) Eden regions: 128->0(128)
[2020-04-17T15:15:10.039+0800][19.174s] GC(76) Survivor regions: 0->0(32)
[2020-04-17T15:15:10.039+0800][19.174s] GC(76) Old regions: 321->321
[2020-04-17T15:15:10.039+0800][19.174s] GC(76) Archive regions: 2->2
[2020-04-17T15:15:10.039+0800][19.174s] GC(76) Humongous regions: 1->1
[2020-04-17T15:15:10.039+0800][19.174s] GC(76) Metaspace: 39482K(40620K)->39482K(40620K) NonClass: 34732K(35500K)->34732K(35500K) Class: 4750K(5120K)->4750K(5120K)
[2020-04-17T15:15:10.039+0800][19.174s] GC(76) Pause Young (Normal) (G1 Evacuation Pause) 449M->321M(512M) 1.101ms
[2020-04-17T15:15:10.039+0800][19.174s] GC(76) User=0.00s Sys=0.00s Real=0.00s
[2020-04-17T15:15:10.124+0800][19.258s] GC(77) Pause Young (Normal) (G1 Evacuation Pause)
[2020-04-17T15:15:10.124+0800][19.258s] GC(77) Using 4 workers of 4 for evacuation
[2020-04-17T15:15:10.124+0800][19.259s] GC(77)   Pre Evacuate Collection Set: 0.1ms
[2020-04-17T15:15:10.124+0800][19.259s] GC(77)   Merge Heap Roots: 0.0ms
[2020-04-17T15:15:10.124+0800][19.259s] GC(77)   Evacuate Collection Set: 0.2ms
[2020-04-17T15:15:10.124+0800][19.259s] GC(77)   Post Evacuate Collection Set: 0.3ms
[2020-04-17T15:15:10.124+0800][19.259s] GC(77)   Other: 0.1ms
[2020-04-17T15:15:10.124+0800][19.259s] GC(77) Eden regions: 128->0(128)
[2020-04-17T15:15:10.124+0800][19.259s] GC(77) Survivor regions: 0->0(32)
[2020-04-17T15:15:10.124+0800][19.259s] GC(77) Old regions: 321->321
[2020-04-17T15:15:10.124+0800][19.259s] GC(77) Archive regions: 2->2
[2020-04-17T15:15:10.124+0800][19.259s] GC(77) Humongous regions: 1->1
[2020-04-17T15:15:10.124+0800][19.259s] GC(77) Metaspace: 39482K(40620K)->39482K(40620K) NonClass: 34732K(35500K)->34732K(35500K) Class: 4750K(5120K)->4750K(5120K)
[2020-04-17T15:15:10.124+0800][19.259s] GC(77) Pause Young (Normal) (G1 Evacuation Pause) 449M->321M(512M) 0.818ms
[2020-04-17T15:15:10.124+0800][19.259s] GC(77) User=0.00s Sys=0.00s Real=0.00s
[2020-04-17T15:15:10.220+0800][19.355s] GC(78) Pause Young (Normal) (G1 Evacuation Pause)
[2020-04-17T15:15:10.220+0800][19.355s] GC(78) Using 4 workers of 4 for evacuation
[2020-04-17T15:15:10.220+0800][19.355s] GC(78)   Pre Evacuate Collection Set: 0.1ms
[2020-04-17T15:15:10.220+0800][19.355s] GC(78)   Merge Heap Roots: 0.0ms
[2020-04-17T15:15:10.221+0800][19.355s] GC(78)   Evacuate Collection Set: 0.2ms
[2020-04-17T15:15:10.221+0800][19.355s] GC(78)   Post Evacuate Collection Set: 0.3ms
[2020-04-17T15:15:10.221+0800][19.355s] GC(78)   Other: 0.2ms
[2020-04-17T15:15:10.221+0800][19.355s] GC(78) Eden regions: 128->0(128)
[2020-04-17T15:15:10.221+0800][19.355s] GC(78) Survivor regions: 0->0(32)
[2020-04-17T15:15:10.221+0800][19.355s] GC(78) Old regions: 321->321
[2020-04-17T15:15:10.221+0800][19.355s] GC(78) Archive regions: 2->2
[2020-04-17T15:15:10.221+0800][19.355s] GC(78) Humongous regions: 1->1
[2020-04-17T15:15:10.221+0800][19.355s] GC(78) Metaspace: 39482K(40620K)->39482K(40620K) NonClass: 34732K(35500K)->34732K(35500K) Class: 4750K(5120K)->4750K(5120K)
[2020-04-17T15:15:10.221+0800][19.355s] GC(78) Pause Young (Normal) (G1 Evacuation Pause) 449M->321M(512M) 0.861ms
[2020-04-17T15:15:10.221+0800][19.355s] GC(78) User=0.00s Sys=0.00s Real=0.00s
[2020-04-17T15:15:10.323+0800][19.458s] GC(79) Pause Young (Normal) (G1 Evacuation Pause)
[2020-04-17T15:15:10.323+0800][19.458s] GC(79) Using 4 workers of 4 for evacuation
[2020-04-17T15:15:10.324+0800][19.458s] GC(79)   Pre Evacuate Collection Set: 0.1ms
[2020-04-17T15:15:10.324+0800][19.458s] GC(79)   Merge Heap Roots: 0.0ms
[2020-04-17T15:15:10.324+0800][19.458s] GC(79)   Evacuate Collection Set: 0.2ms
[2020-04-17T15:15:10.324+0800][19.458s] GC(79)   Post Evacuate Collection Set: 0.3ms
[2020-04-17T15:15:10.324+0800][19.459s] GC(79)   Other: 0.1ms
[2020-04-17T15:15:10.324+0800][19.459s] GC(79) Eden regions: 128->0(128)
[2020-04-17T15:15:10.324+0800][19.459s] GC(79) Survivor regions: 0->0(32)
[2020-04-17T15:15:10.324+0800][19.459s] GC(79) Old regions: 321->321
[2020-04-17T15:15:10.324+0800][19.459s] GC(79) Archive regions: 2->2
[2020-04-17T15:15:10.324+0800][19.459s] GC(79) Humongous regions: 1->1
[2020-04-17T15:15:10.324+0800][19.459s] GC(79) Metaspace: 39482K(40620K)->39482K(40620K) NonClass: 34732K(35500K)->34732K(35500K) Class: 4750K(5120K)->4750K(5120K)
[2020-04-17T15:15:10.324+0800][19.459s] GC(79) Pause Young (Normal) (G1 Evacuation Pause) 449M->321M(512M) 0.775ms
[2020-04-17T15:15:10.324+0800][19.459s] GC(79) User=0.00s Sys=0.00s Real=0.00s
[2020-04-17T15:15:10.409+0800][19.543s] GC(80) Pause Young (Normal) (G1 Evacuation Pause)
[2020-04-17T15:15:10.409+0800][19.543s] GC(80) Using 4 workers of 4 for evacuation
[2020-04-17T15:15:10.409+0800][19.544s] GC(80)   Pre Evacuate Collection Set: 0.1ms
[2020-04-17T15:15:10.409+0800][19.544s] GC(80)   Merge Heap Roots: 0.0ms
[2020-04-17T15:15:10.409+0800][19.544s] GC(80)   Evacuate Collection Set: 0.2ms
[2020-04-17T15:15:10.409+0800][19.544s] GC(80)   Post Evacuate Collection Set: 0.3ms
[2020-04-17T15:15:10.409+0800][19.544s] GC(80)   Other: 0.1ms
[2020-04-17T15:15:10.409+0800][19.544s] GC(80) Eden regions: 128->0(128)
[2020-04-17T15:15:10.409+0800][19.544s] GC(80) Survivor regions: 0->0(32)
[2020-04-17T15:15:10.409+0800][19.544s] GC(80) Old regions: 321->321
[2020-04-17T15:15:10.409+0800][19.544s] GC(80) Archive regions: 2->2
[2020-04-17T15:15:10.409+0800][19.544s] GC(80) Humongous regions: 1->1
[2020-04-17T15:15:10.409+0800][19.544s] GC(80) Metaspace: 39482K(40620K)->39482K(40620K) NonClass: 34732K(35500K)->34732K(35500K) Class: 4750K(5120K)->4750K(5120K)
[2020-04-17T15:15:10.409+0800][19.544s] GC(80) Pause Young (Normal) (G1 Evacuation Pause) 449M->321M(512M) 0.771ms
[2020-04-17T15:15:10.409+0800][19.544s] GC(80) User=0.00s Sys=0.00s Real=0.00s
[2020-04-17T15:15:10.415+0800][19.549s] GC(75) Concurrent Mark From Roots 524.681ms
[2020-04-17T15:15:10.415+0800][19.549s] GC(75) Concurrent Preclean
[2020-04-17T15:15:10.415+0800][19.549s] GC(75) Concurrent Preclean 0.097ms
[2020-04-17T15:15:10.415+0800][19.549s] GC(75) Concurrent Mark (19.025s, 19.549s) 524.841ms
[2020-04-17T15:15:10.415+0800][19.550s] GC(75) Pause Remark
[2020-04-17T15:15:10.418+0800][19.553s] GC(75) Pause Remark 322M->322M(512M) 2.993ms
[2020-04-17T15:15:10.418+0800][19.553s] GC(75) User=0.01s Sys=0.00s Real=0.00s
[2020-04-17T15:15:10.418+0800][19.553s] GC(75) Concurrent Rebuild Remembered Sets
[2020-04-17T15:15:10.498+0800][19.633s] GC(81) Pause Young (Normal) (G1 Evacuation Pause)
[2020-04-17T15:15:10.498+0800][19.633s] GC(81) Using 4 workers of 4 for evacuation
[2020-04-17T15:15:10.499+0800][19.633s] GC(81)   Pre Evacuate Collection Set: 0.1ms
[2020-04-17T15:15:10.499+0800][19.633s] GC(81)   Merge Heap Roots: 0.0ms
[2020-04-17T15:15:10.499+0800][19.633s] GC(81)   Evacuate Collection Set: 0.2ms
[2020-04-17T15:15:10.499+0800][19.633s] GC(81)   Post Evacuate Collection Set: 0.3ms
[2020-04-17T15:15:10.499+0800][19.633s] GC(81)   Other: 0.2ms
[2020-04-17T15:15:10.499+0800][19.633s] GC(81) Eden regions: 128->0(128)
[2020-04-17T15:15:10.499+0800][19.633s] GC(81) Survivor regions: 0->0(32)
[2020-04-17T15:15:10.499+0800][19.633s] GC(81) Old regions: 321->321
[2020-04-17T15:15:10.499+0800][19.633s] GC(81) Archive regions: 2->2
[2020-04-17T15:15:10.499+0800][19.633s] GC(81) Humongous regions: 1->1
[2020-04-17T15:15:10.499+0800][19.633s] GC(81) Metaspace: 39482K(40620K)->39482K(40620K) NonClass: 34732K(35500K)->34732K(35500K) Class: 4750K(5120K)->4750K(5120K)
[2020-04-17T15:15:10.499+0800][19.633s] GC(81) Pause Young (Normal) (G1 Evacuation Pause) 449M->321M(512M) 0.797ms
[2020-04-17T15:15:10.499+0800][19.633s] GC(81) User=0.00s Sys=0.00s Real=0.00s
[2020-04-17T15:15:10.579+0800][19.713s] GC(82) Pause Young (Normal) (G1 Evacuation Pause)
[2020-04-17T15:15:10.579+0800][19.713s] GC(82) Using 4 workers of 4 for evacuation
[2020-04-17T15:15:10.579+0800][19.714s] GC(82)   Pre Evacuate Collection Set: 0.1ms
[2020-04-17T15:15:10.579+0800][19.714s] GC(82)   Merge Heap Roots: 0.0ms
[2020-04-17T15:15:10.579+0800][19.714s] GC(82)   Evacuate Collection Set: 0.2ms
[2020-04-17T15:15:10.579+0800][19.714s] GC(82)   Post Evacuate Collection Set: 0.3ms
[2020-04-17T15:15:10.579+0800][19.714s] GC(82)   Other: 0.1ms
[2020-04-17T15:15:10.579+0800][19.714s] GC(82) Eden regions: 128->0(128)
[2020-04-17T15:15:10.579+0800][19.714s] GC(82) Survivor regions: 0->0(32)
[2020-04-17T15:15:10.579+0800][19.714s] GC(82) Old regions: 321->321
[2020-04-17T15:15:10.580+0800][19.714s] GC(82) Archive regions: 2->2
[2020-04-17T15:15:10.580+0800][19.714s] GC(82) Humongous regions: 1->1
[2020-04-17T15:15:10.580+0800][19.714s] GC(82) Metaspace: 39482K(40620K)->39482K(40620K) NonClass: 34732K(35500K)->34732K(35500K) Class: 4750K(5120K)->4750K(5120K)
[2020-04-17T15:15:10.580+0800][19.714s] GC(82) Pause Young (Normal) (G1 Evacuation Pause) 449M->321M(512M) 0.803ms
[2020-04-17T15:15:10.580+0800][19.714s] GC(82) User=0.00s Sys=0.00s Real=0.01s
[2020-04-17T15:15:10.656+0800][19.791s] GC(83) Pause Young (Normal) (G1 Evacuation Pause)
[2020-04-17T15:15:10.656+0800][19.791s] GC(83) Using 4 workers of 4 for evacuation
[2020-04-17T15:15:10.657+0800][19.791s] GC(83)   Pre Evacuate Collection Set: 0.1ms
[2020-04-17T15:15:10.657+0800][19.791s] GC(83)   Merge Heap Roots: 0.0ms
[2020-04-17T15:15:10.657+0800][19.791s] GC(83)   Evacuate Collection Set: 0.2ms
[2020-04-17T15:15:10.657+0800][19.791s] GC(83)   Post Evacuate Collection Set: 0.3ms
[2020-04-17T15:15:10.657+0800][19.791s] GC(83)   Other: 0.1ms
[2020-04-17T15:15:10.657+0800][19.791s] GC(83) Eden regions: 128->0(128)
[2020-04-17T15:15:10.657+0800][19.791s] GC(83) Survivor regions: 0->0(32)
[2020-04-17T15:15:10.657+0800][19.791s] GC(83) Old regions: 321->321
[2020-04-17T15:15:10.657+0800][19.791s] GC(83) Archive regions: 2->2
[2020-04-17T15:15:10.657+0800][19.791s] GC(83) Humongous regions: 1->1
[2020-04-17T15:15:10.657+0800][19.791s] GC(83) Metaspace: 39482K(40620K)->39482K(40620K) NonClass: 34732K(35500K)->34732K(35500K) Class: 4750K(5120K)->4750K(5120K)
[2020-04-17T15:15:10.657+0800][19.791s] GC(83) Pause Young (Normal) (G1 Evacuation Pause) 449M->321M(512M) 0.805ms
[2020-04-17T15:15:10.657+0800][19.791s] GC(83) User=0.01s Sys=0.00s Real=0.00s
[2020-04-17T15:15:10.681+0800][19.816s] GC(75) Concurrent Rebuild Remembered Sets 262.368ms
[2020-04-17T15:15:10.681+0800][19.816s] GC(75) Pause Cleanup
[2020-04-17T15:15:10.681+0800][19.816s] GC(75) Pause Cleanup 364M->364M(512M) 0.302ms
[2020-04-17T15:15:10.681+0800][19.816s] GC(75) User=0.00s Sys=0.00s Real=0.00s
[2020-04-17T15:15:10.682+0800][19.816s] GC(75) Concurrent Cleanup for Next Mark
[2020-04-17T15:15:10.682+0800][19.817s] GC(75) Concurrent Cleanup for Next Mark 0.695ms
[2020-04-17T15:15:10.682+0800][19.817s] GC(75) Concurrent Cycle 792.482ms
[2020-04-17T15:15:10.703+0800][19.838s] GC(84) Pause Young (Normal) (G1 Evacuation Pause)
[2020-04-17T15:15:10.703+0800][19.838s] GC(84) Using 4 workers of 4 for evacuation
[2020-04-17T15:15:10.704+0800][19.839s] GC(84)   Pre Evacuate Collection Set: 0.1ms
[2020-04-17T15:15:10.704+0800][19.839s] GC(84)   Merge Heap Roots: 0.0ms
[2020-04-17T15:15:10.704+0800][19.839s] GC(84)   Evacuate Collection Set: 0.2ms
[2020-04-17T15:15:10.704+0800][19.839s] GC(84)   Post Evacuate Collection Set: 0.4ms
[2020-04-17T15:15:10.704+0800][19.839s] GC(84)   Other: 0.2ms
[2020-04-17T15:15:10.704+0800][19.839s] GC(84) Eden regions: 128->0(128)
[2020-04-17T15:15:10.704+0800][19.839s] GC(84) Survivor regions: 0->0(32)
[2020-04-17T15:15:10.704+0800][19.839s] GC(84) Old regions: 321->321
[2020-04-17T15:15:10.704+0800][19.839s] GC(84) Archive regions: 2->2
[2020-04-17T15:15:10.704+0800][19.839s] GC(84) Humongous regions: 1->1
[2020-04-17T15:15:10.704+0800][19.839s] GC(84) Metaspace: 39482K(40620K)->39482K(40620K) NonClass: 34732K(35500K)->34732K(35500K) Class: 4750K(5120K)->4750K(5120K)
[2020-04-17T15:15:10.704+0800][19.839s] GC(84) Pause Young (Normal) (G1 Evacuation Pause) 449M->321M(512M) 0.931ms
[2020-04-17T15:15:10.704+0800][19.839s] GC(84) User=0.00s Sys=0.00s Real=0.00s
[2020-04-17T15:15:10.734+0800][19.868s] GC(85) Pause Young (Concurrent Start) (G1 Evacuation Pause)
[2020-04-17T15:15:10.734+0800][19.868s] GC(85) Using 4 workers of 4 for evacuation
[2020-04-17T15:15:10.735+0800][19.870s] GC(85)   Pre Evacuate Collection Set: 0.1ms
[2020-04-17T15:15:10.735+0800][19.870s] GC(85)   Merge Heap Roots: 0.0ms
[2020-04-17T15:15:10.735+0800][19.870s] GC(85)   Evacuate Collection Set: 0.6ms
[2020-04-17T15:15:10.735+0800][19.870s] GC(85)   Post Evacuate Collection Set: 0.3ms
[2020-04-17T15:15:10.735+0800][19.870s] GC(85)   Other: 0.2ms
[2020-04-17T15:15:10.735+0800][19.870s] GC(85) Eden regions: 128->0(128)
[2020-04-17T15:15:10.735+0800][19.870s] GC(85) Survivor regions: 0->0(32)
[2020-04-17T15:15:10.735+0800][19.870s] GC(85) Old regions: 321->321
[2020-04-17T15:15:10.735+0800][19.870s] GC(85) Archive regions: 2->2
[2020-04-17T15:15:10.735+0800][19.870s] GC(85) Humongous regions: 1->1
[2020-04-17T15:15:10.735+0800][19.870s] GC(85) Metaspace: 39482K(40620K)->39482K(40620K) NonClass: 34732K(35500K)->34732K(35500K) Class: 4750K(5120K)->4750K(5120K)
[2020-04-17T15:15:10.735+0800][19.870s] GC(85) Pause Young (Concurrent Start) (G1 Evacuation Pause) 449M->321M(512M) 1.296ms
[2020-04-17T15:15:10.735+0800][19.870s] GC(85) User=0.00s Sys=0.00s Real=0.00s
[2020-04-17T15:15:10.735+0800][19.870s] GC(86) Concurrent Cycle
[2020-04-17T15:15:10.735+0800][19.870s] GC(86) Concurrent Clear Claimed Marks
[2020-04-17T15:15:10.735+0800][19.870s] GC(86) Concurrent Clear Claimed Marks 0.043ms
[2020-04-17T15:15:10.735+0800][19.870s] GC(86) Concurrent Scan Root Regions
[2020-04-17T15:15:10.735+0800][19.870s] GC(86) Concurrent Scan Root Regions 0.013ms
[2020-04-17T15:15:10.735+0800][19.870s] GC(86) Concurrent Mark (19.870s)
[2020-04-17T15:15:10.735+0800][19.870s] GC(86) Concurrent Mark From Roots
[2020-04-17T15:15:10.735+0800][19.870s] GC(86) Using 4 workers of 4 for marking
[2020-04-17T15:15:10.950+0800][20.085s] GC(87) Pause Young (Normal) (G1 Evacuation Pause)
[2020-04-17T15:15:10.950+0800][20.085s] GC(87) Using 4 workers of 4 for evacuation
[2020-04-17T15:15:10.951+0800][20.085s] GC(87)   Pre Evacuate Collection Set: 0.1ms
[2020-04-17T15:15:10.951+0800][20.085s] GC(87)   Merge Heap Roots: 0.0ms
[2020-04-17T15:15:10.951+0800][20.085s] GC(87)   Evacuate Collection Set: 0.4ms
[2020-04-17T15:15:10.951+0800][20.085s] GC(87)   Post Evacuate Collection Set: 0.3ms
[2020-04-17T15:15:10.951+0800][20.085s] GC(87)   Other: 0.1ms
[2020-04-17T15:15:10.951+0800][20.085s] GC(87) Eden regions: 128->0(128)
[2020-04-17T15:15:10.951+0800][20.085s] GC(87) Survivor regions: 0->0(32)
[2020-04-17T15:15:10.951+0800][20.085s] GC(87) Old regions: 321->321
[2020-04-17T15:15:10.951+0800][20.085s] GC(87) Archive regions: 2->2
[2020-04-17T15:15:10.951+0800][20.085s] GC(87) Humongous regions: 1->1
[2020-04-17T15:15:10.951+0800][20.085s] GC(87) Metaspace: 39482K(40620K)->39482K(40620K) NonClass: 34732K(35500K)->34732K(35500K) Class: 4750K(5120K)->4750K(5120K)
[2020-04-17T15:15:10.951+0800][20.086s] GC(87) Pause Young (Normal) (G1 Evacuation Pause) 449M->321M(512M) 1.004ms
[2020-04-17T15:15:10.951+0800][20.086s] GC(87) User=0.00s Sys=0.00s Real=0.00s
[2020-04-17T15:15:11.030+0800][20.165s] GC(88) Pause Young (Normal) (G1 Evacuation Pause)
[2020-04-17T15:15:11.030+0800][20.165s] GC(88) Using 4 workers of 4 for evacuation
[2020-04-17T15:15:11.031+0800][20.165s] GC(88)   Pre Evacuate Collection Set: 0.1ms
[2020-04-17T15:15:11.031+0800][20.166s] GC(88)   Merge Heap Roots: 0.0ms
[2020-04-17T15:15:11.031+0800][20.166s] GC(88)   Evacuate Collection Set: 0.2ms
[2020-04-17T15:15:11.031+0800][20.166s] GC(88)   Post Evacuate Collection Set: 0.3ms
[2020-04-17T15:15:11.031+0800][20.166s] GC(88)   Other: 0.1ms
[2020-04-17T15:15:11.031+0800][20.166s] GC(88) Eden regions: 128->0(128)
[2020-04-17T15:15:11.031+0800][20.166s] GC(88) Survivor regions: 0->0(32)
[2020-04-17T15:15:11.031+0800][20.166s] GC(88) Old regions: 321->321
[2020-04-17T15:15:11.031+0800][20.166s] GC(88) Archive regions: 2->2
[2020-04-17T15:15:11.031+0800][20.166s] GC(88) Humongous regions: 1->1
[2020-04-17T15:15:11.031+0800][20.166s] GC(88) Metaspace: 39482K(40620K)->39482K(40620K) NonClass: 34732K(35500K)->34732K(35500K) Class: 4750K(5120K)->4750K(5120K)
[2020-04-17T15:15:11.031+0800][20.166s] GC(88) Pause Young (Normal) (G1 Evacuation Pause) 449M->321M(512M) 0.769ms
[2020-04-17T15:15:11.031+0800][20.166s] GC(88) User=0.01s Sys=0.00s Real=0.00s
[2020-04-17T15:15:11.115+0800][20.249s] GC(89) Pause Young (Normal) (G1 Evacuation Pause)
[2020-04-17T15:15:11.115+0800][20.249s] GC(89) Using 4 workers of 4 for evacuation
[2020-04-17T15:15:11.115+0800][20.250s] GC(89)   Pre Evacuate Collection Set: 0.0ms
[2020-04-17T15:15:11.115+0800][20.250s] GC(89)   Merge Heap Roots: 0.0ms
[2020-04-17T15:15:11.115+0800][20.250s] GC(89)   Evacuate Collection Set: 0.2ms
[2020-04-17T15:15:11.115+0800][20.250s] GC(89)   Post Evacuate Collection Set: 0.3ms
[2020-04-17T15:15:11.115+0800][20.250s] GC(89)   Other: 0.2ms
[2020-04-17T15:15:11.116+0800][20.250s] GC(89) Eden regions: 128->0(128)
[2020-04-17T15:15:11.116+0800][20.250s] GC(89) Survivor regions: 0->0(32)
[2020-04-17T15:15:11.116+0800][20.250s] GC(89) Old regions: 321->321
[2020-04-17T15:15:11.116+0800][20.250s] GC(89) Archive regions: 2->2
[2020-04-17T15:15:11.116+0800][20.250s] GC(89) Humongous regions: 1->1
[2020-04-17T15:15:11.116+0800][20.250s] GC(89) Metaspace: 39482K(40620K)->39482K(40620K) NonClass: 34732K(35500K)->34732K(35500K) Class: 4750K(5120K)->4750K(5120K)
[2020-04-17T15:15:11.116+0800][20.250s] GC(89) Pause Young (Normal) (G1 Evacuation Pause) 449M->321M(512M) 0.868ms
[2020-04-17T15:15:11.116+0800][20.250s] GC(89) User=0.00s Sys=0.00s Real=0.00s
[2020-04-17T15:15:11.161+0800][20.296s] GC(86) Concurrent Mark From Roots 425.881ms
[2020-04-17T15:15:11.161+0800][20.296s] GC(86) Concurrent Preclean
[2020-04-17T15:15:11.161+0800][20.296s] GC(86) Concurrent Preclean 0.128ms
[2020-04-17T15:15:11.161+0800][20.296s] GC(86) Concurrent Mark (19.870s, 20.296s) 426.100ms
[2020-04-17T15:15:11.161+0800][20.296s] GC(86) Pause Remark
[2020-04-17T15:15:11.164+0800][20.299s] GC(86) Pause Remark 385M->385M(512M) 3.001ms
[2020-04-17T15:15:11.164+0800][20.299s] GC(86) User=0.01s Sys=0.00s Real=0.00s
[2020-04-17T15:15:11.164+0800][20.299s] GC(86) Concurrent Rebuild Remembered Sets
[2020-04-17T15:15:11.535+0800][20.670s] GC(86) Concurrent Rebuild Remembered Sets 370.374ms
[2020-04-17T15:15:11.535+0800][20.670s] GC(86) Pause Cleanup
[2020-04-17T15:15:11.535+0800][20.670s] GC(86) Pause Cleanup 400M->400M(512M) 0.294ms
[2020-04-17T15:15:11.535+0800][20.670s] GC(86) User=0.00s Sys=0.00s Real=0.00s
[2020-04-17T15:15:11.536+0800][20.670s] GC(86) Concurrent Cleanup for Next Mark
[2020-04-17T15:15:11.536+0800][20.671s] GC(86) Concurrent Cleanup for Next Mark 0.896ms
[2020-04-17T15:15:11.536+0800][20.671s] GC(86) Concurrent Cycle 801.401ms
[2020-04-17T15:15:12.181+0800][21.316s] GC(90) Pause Young (Normal) (G1 Evacuation Pause)
[2020-04-17T15:15:12.181+0800][21.316s] GC(90) Using 4 workers of 4 for evacuation
[2020-04-17T15:15:12.185+0800][21.319s] GC(90)   Pre Evacuate Collection Set: 0.1ms
[2020-04-17T15:15:12.185+0800][21.319s] GC(90)   Merge Heap Roots: 0.0ms
[2020-04-17T15:15:12.185+0800][21.319s] GC(90)   Evacuate Collection Set: 2.9ms
[2020-04-17T15:15:12.185+0800][21.319s] GC(90)   Post Evacuate Collection Set: 0.3ms
[2020-04-17T15:15:12.185+0800][21.319s] GC(90)   Other: 0.2ms
[2020-04-17T15:15:12.185+0800][21.319s] GC(90) Eden regions: 128->0(124)
[2020-04-17T15:15:12.185+0800][21.319s] GC(90) Survivor regions: 0->4(32)
[2020-04-17T15:15:12.185+0800][21.319s] GC(90) Old regions: 321->321
[2020-04-17T15:15:12.185+0800][21.319s] GC(90) Archive regions: 2->2
[2020-04-17T15:15:12.185+0800][21.319s] GC(90) Humongous regions: 1->1
[2020-04-17T15:15:12.185+0800][21.319s] GC(90) Metaspace: 39585K(40876K)->39585K(40876K) NonClass: 34831K(35756K)->34831K(35756K) Class: 4753K(5120K)->4753K(5120K)
[2020-04-17T15:15:12.185+0800][21.319s] GC(90) Pause Young (Normal) (G1 Evacuation Pause) 449M->325M(512M) 3.721ms
[2020-04-17T15:15:12.185+0800][21.319s] GC(90) User=0.01s Sys=0.00s Real=0.00s
[2020-04-17T15:15:13.213+0800][22.347s] GC(91) Pause Young (Concurrent Start) (G1 Evacuation Pause)
[2020-04-17T15:15:13.213+0800][22.347s] GC(91) Using 4 workers of 4 for evacuation
[2020-04-17T15:15:13.378+0800][22.512s] GC(91) To-space exhausted
[2020-04-17T15:15:13.378+0800][22.512s] GC(91)   Pre Evacuate Collection Set: 0.1ms
[2020-04-17T15:15:13.378+0800][22.512s] GC(91)   Merge Heap Roots: 0.1ms
[2020-04-17T15:15:13.378+0800][22.512s] GC(91)   Evacuate Collection Set: 138.8ms
[2020-04-17T15:15:13.378+0800][22.512s] GC(91)   Post Evacuate Collection Set: 25.7ms
[2020-04-17T15:15:13.378+0800][22.513s] GC(91)   Other: 0.3ms
[2020-04-17T15:15:13.378+0800][22.513s] GC(91) Eden regions: 124->0(96)
[2020-04-17T15:15:13.378+0800][22.513s] GC(91) Survivor regions: 4->32(32)
[2020-04-17T15:15:13.378+0800][22.513s] GC(91) Old regions: 321->370
[2020-04-17T15:15:13.378+0800][22.513s] GC(91) Archive regions: 2->2
[2020-04-17T15:15:13.378+0800][22.513s] GC(91) Humongous regions: 1->1
[2020-04-17T15:15:13.378+0800][22.513s] GC(91) Metaspace: 39665K(40876K)->39665K(40876K) NonClass: 34899K(35756K)->34899K(35756K) Class: 4766K(5120K)->4766K(5120K)
[2020-04-17T15:15:13.378+0800][22.513s] GC(91) Pause Young (Concurrent Start) (G1 Evacuation Pause) 449M->403M(512M) 165.431ms
[2020-04-17T15:15:13.378+0800][22.513s] GC(91) User=0.45s Sys=0.03s Real=0.16s
[2020-04-17T15:15:13.378+0800][22.513s] GC(92) Concurrent Cycle
[2020-04-17T15:15:13.378+0800][22.513s] GC(92) Concurrent Clear Claimed Marks
[2020-04-17T15:15:13.378+0800][22.513s] GC(92) Concurrent Clear Claimed Marks 0.173ms
[2020-04-17T15:15:13.379+0800][22.513s] GC(92) Concurrent Scan Root Regions
[2020-04-17T15:15:13.454+0800][22.589s] GC(92) Concurrent Scan Root Regions 75.636ms
[2020-04-17T15:15:13.454+0800][22.589s] GC(92) Concurrent Mark (22.589s)
[2020-04-17T15:15:13.454+0800][22.589s] GC(92) Concurrent Mark From Roots
[2020-04-17T15:15:13.454+0800][22.589s] GC(92) Using 4 workers of 4 for marking
[2020-04-17T15:15:13.967+0800][23.102s] GC(92) Concurrent Mark From Roots 512.753ms
[2020-04-17T15:15:13.967+0800][23.102s] GC(92) Concurrent Preclean
[2020-04-17T15:15:13.967+0800][23.102s] GC(92) Concurrent Preclean 0.163ms
[2020-04-17T15:15:13.967+0800][23.102s] GC(92) Concurrent Mark (22.589s, 23.102s) 513.034ms
[2020-04-17T15:15:13.968+0800][23.102s] GC(92) Pause Remark
[2020-04-17T15:15:13.971+0800][23.106s] GC(92) Pause Remark 483M->483M(512M) 3.575ms
[2020-04-17T15:15:13.971+0800][23.106s] GC(92) User=0.01s Sys=0.00s Real=0.01s
[2020-04-17T15:15:13.971+0800][23.106s] GC(92) Concurrent Rebuild Remembered Sets
[2020-04-17T15:15:14.106+0800][23.240s] GC(93) Pause Young (Normal) (G1 Evacuation Pause)
[2020-04-17T15:15:14.106+0800][23.241s] GC(93) Using 4 workers of 4 for evacuation
[2020-04-17T15:15:14.407+0800][23.542s] GC(93) MMU target violated: 201.0ms (200.0ms/201.0ms)
[2020-04-17T15:15:14.407+0800][23.542s] GC(93) To-space exhausted
[2020-04-17T15:15:14.407+0800][23.542s] GC(93)   Pre Evacuate Collection Set: 0.1ms
[2020-04-17T15:15:14.407+0800][23.542s] GC(93)   Merge Heap Roots: 0.1ms
[2020-04-17T15:15:14.407+0800][23.542s] GC(93)   Evacuate Collection Set: 180.2ms
[2020-04-17T15:15:14.407+0800][23.542s] GC(93)   Post Evacuate Collection Set: 120.8ms
[2020-04-17T15:15:14.407+0800][23.542s] GC(93)   Other: 0.3ms
[2020-04-17T15:15:14.407+0800][23.542s] GC(93) Eden regions: 96->0(126)
[2020-04-17T15:15:14.407+0800][23.542s] GC(93) Survivor regions: 32->2(11)
[2020-04-17T15:15:14.407+0800][23.542s] GC(93) Old regions: 370->506
[2020-04-17T15:15:14.407+0800][23.542s] GC(93) Archive regions: 2->2
[2020-04-17T15:15:14.407+0800][23.542s] GC(93) Humongous regions: 1->1
[2020-04-17T15:15:14.407+0800][23.542s] GC(93) Metaspace: 39681K(40876K)->39681K(40876K) NonClass: 34913K(35756K)->34913K(35756K) Class: 4767K(5120K)->4767K(5120K)
[2020-04-17T15:15:14.407+0800][23.542s] GC(93) Pause Young (Normal) (G1 Evacuation Pause) 499M->509M(512M) 301.432ms
[2020-04-17T15:15:14.407+0800][23.542s] GC(93) User=1.07s Sys=0.02s Real=0.30s
[2020-04-17T15:15:14.471+0800][23.606s] GC(94) Pause Young (Normal) (G1 Evacuation Pause)
[2020-04-17T15:15:14.471+0800][23.606s] GC(94) Using 4 workers of 4 for evacuation
[2020-04-17T15:15:14.480+0800][23.615s] GC(94) To-space exhausted
[2020-04-17T15:15:14.480+0800][23.615s] GC(94)   Pre Evacuate Collection Set: 0.1ms
[2020-04-17T15:15:14.480+0800][23.615s] GC(94)   Merge Heap Roots: 0.1ms
[2020-04-17T15:15:14.480+0800][23.615s] GC(94)   Evacuate Collection Set: 4.8ms
[2020-04-17T15:15:14.480+0800][23.615s] GC(94)   Post Evacuate Collection Set: 3.7ms
[2020-04-17T15:15:14.480+0800][23.615s] GC(94)   Other: 0.2ms
[2020-04-17T15:15:14.480+0800][23.615s] GC(94) Eden regions: 1->0(128)
[2020-04-17T15:15:14.480+0800][23.615s] GC(94) Survivor regions: 2->0(0)
[2020-04-17T15:15:14.480+0800][23.615s] GC(94) Old regions: 506->509
[2020-04-17T15:15:14.480+0800][23.615s] GC(94) Archive regions: 2->2
[2020-04-17T15:15:14.480+0800][23.615s] GC(94) Humongous regions: 1->1
[2020-04-17T15:15:14.480+0800][23.615s] GC(94) Metaspace: 39681K(40876K)->39681K(40876K) NonClass: 34913K(35756K)->34913K(35756K) Class: 4767K(5120K)->4767K(5120K)
[2020-04-17T15:15:14.480+0800][23.615s] GC(94) Pause Young (Normal) (G1 Evacuation Pause) 510M->510M(512M) 8.993ms
[2020-04-17T15:15:14.480+0800][23.615s] GC(94) User=0.03s Sys=0.00s Real=0.01s
[2020-04-17T15:15:14.480+0800][23.615s] GC(95) Using 4 workers of 4 for full compaction
[2020-04-17T15:15:14.480+0800][23.615s] GC(95) Pause Full (G1 Evacuation Pause)
[2020-04-17T15:15:14.481+0800][23.616s] GC(95) Phase 1: Mark live objects
[2020-04-17T15:15:15.017+0800][24.152s] GC(95) Phase 1: Mark live objects 535.785ms
[2020-04-17T15:15:15.017+0800][24.152s] GC(95) Phase 2: Prepare for compaction
[2020-04-17T15:15:15.125+0800][24.259s] GC(95) Phase 2: Prepare for compaction 107.573ms
[2020-04-17T15:15:15.125+0800][24.259s] GC(95) Phase 3: Adjust pointers
[2020-04-17T15:15:15.327+0800][24.461s] GC(95) Phase 3: Adjust pointers 201.741ms
[2020-04-17T15:15:15.327+0800][24.461s] GC(95) Phase 4: Compact heap
[2020-04-17T15:15:15.449+0800][24.584s] GC(95) Phase 4: Compact heap 122.712ms
[2020-04-17T15:15:15.456+0800][24.590s] GC(95) Eden regions: 0->0(128)
[2020-04-17T15:15:15.456+0800][24.590s] GC(95) Survivor regions: 0->0(0)
[2020-04-17T15:15:15.456+0800][24.590s] GC(95) Old regions: 509->472
[2020-04-17T15:15:15.456+0800][24.590s] GC(95) Archive regions: 2->2
[2020-04-17T15:15:15.456+0800][24.590s] GC(95) Humongous regions: 1->1
[2020-04-17T15:15:15.456+0800][24.590s] GC(95) Metaspace: 39681K(40876K)->39567K(40876K) NonClass: 34913K(35756K)->34826K(35756K) Class: 4767K(5120K)->4741K(5120K)
[2020-04-17T15:15:15.456+0800][24.590s] GC(95) Pause Full (G1 Evacuation Pause) 510M->471M(512M) 975.195ms
[2020-04-17T15:15:15.456+0800][24.591s] GC(95) User=3.30s Sys=0.02s Real=0.97s
[2020-04-17T15:15:15.494+0800][24.628s] GC(92) Concurrent Rebuild Remembered Sets 1522.505ms
[2020-04-17T15:15:15.494+0800][24.628s] GC(92) Concurrent Mark Abort
[2020-04-17T15:15:15.494+0800][24.628s] GC(92) Concurrent Cycle 2115.519ms
[2020-04-17T15:15:15.728+0800][24.863s] GC(96) Pause Young (Normal) (G1 Evacuation Pause)
[2020-04-17T15:15:15.729+0800][24.864s] GC(96) Using 4 workers of 4 for evacuation
[2020-04-17T15:15:15.817+0800][24.951s] GC(96) To-space exhausted
[2020-04-17T15:15:15.817+0800][24.951s] GC(96)   Pre Evacuate Collection Set: 0.1ms
[2020-04-17T15:15:15.817+0800][24.951s] GC(96)   Merge Heap Roots: 0.0ms
[2020-04-17T15:15:15.817+0800][24.951s] GC(96)   Evacuate Collection Set: 47.6ms
[2020-04-17T15:15:15.817+0800][24.951s] GC(96)   Post Evacuate Collection Set: 39.7ms
[2020-04-17T15:15:15.817+0800][24.951s] GC(96)   Other: 1.3ms
[2020-04-17T15:15:15.817+0800][24.951s] GC(96) Eden regions: 37->0(128)
[2020-04-17T15:15:15.817+0800][24.951s] GC(96) Survivor regions: 0->0(0)
[2020-04-17T15:15:15.817+0800][24.951s] GC(96) Old regions: 472->509
[2020-04-17T15:15:15.817+0800][24.952s] GC(96) Archive regions: 2->2
[2020-04-17T15:15:15.817+0800][24.952s] GC(96) Humongous regions: 1->1
[2020-04-17T15:15:15.817+0800][24.952s] GC(96) Metaspace: 39567K(40876K)->39567K(40876K) NonClass: 34826K(35756K)->34826K(35756K) Class: 4741K(5120K)->4741K(5120K)
[2020-04-17T15:15:15.817+0800][24.952s] GC(96) Pause Young (Normal) (G1 Evacuation Pause) 508M->508M(512M) 88.941ms
[2020-04-17T15:15:15.817+0800][24.952s] GC(96) User=0.30s Sys=0.01s Real=0.09s
[2020-04-17T15:15:15.817+0800][24.952s] GC(97) Using 4 workers of 4 for full compaction
[2020-04-17T15:15:15.817+0800][24.952s] GC(97) Pause Full (G1 Evacuation Pause)
[2020-04-17T15:15:15.817+0800][24.952s] GC(97) Phase 1: Mark live objects
[2020-04-17T15:15:16.736+0800][25.871s] GC(97) Phase 1: Mark live objects 919.000ms
[2020-04-17T15:15:16.736+0800][25.871s] GC(97) Phase 2: Prepare for compaction
[2020-04-17T15:15:16.848+0800][25.983s] GC(97) Phase 2: Prepare for compaction 111.683ms
[2020-04-17T15:15:16.848+0800][25.983s] GC(97) Phase 3: Adjust pointers
[2020-04-17T15:15:17.059+0800][26.193s] GC(97) Phase 3: Adjust pointers 210.671ms
[2020-04-17T15:15:17.059+0800][26.193s] GC(97) Phase 4: Compact heap
[2020-04-17T15:15:17.175+0800][26.310s] GC(97) Phase 4: Compact heap 116.313ms
[2020-04-17T15:15:17.180+0800][26.314s] GC(97) Eden regions: 0->0(128)
[2020-04-17T15:15:17.180+0800][26.314s] GC(97) Survivor regions: 0->0(0)
[2020-04-17T15:15:17.180+0800][26.314s] GC(97) Old regions: 509->503
[2020-04-17T15:15:17.180+0800][26.314s] GC(97) Archive regions: 2->2
[2020-04-17T15:15:17.180+0800][26.314s] GC(97) Humongous regions: 1->1
[2020-04-17T15:15:17.180+0800][26.314s] GC(97) Metaspace: 39567K(40876K)->39567K(40876K) NonClass: 34826K(35756K)->34826K(35756K) Class: 4741K(5120K)->4741K(5120K)
[2020-04-17T15:15:17.180+0800][26.314s] GC(97) Pause Full (G1 Evacuation Pause) 508M->501M(512M) 1362.489ms
[2020-04-17T15:15:17.180+0800][26.314s] GC(97) User=3.43s Sys=0.02s Real=1.37s
[2020-04-17T15:15:17.209+0800][26.344s] GC(98) Pause Young (Concurrent Start) (G1 Evacuation Pause)
[2020-04-17T15:15:17.209+0800][26.344s] GC(98) Using 4 workers of 4 for evacuation
[2020-04-17T15:15:17.224+0800][26.358s] GC(98) To-space exhausted
[2020-04-17T15:15:17.224+0800][26.358s] GC(98)   Pre Evacuate Collection Set: 0.1ms
[2020-04-17T15:15:17.224+0800][26.358s] GC(98)   Merge Heap Roots: 0.0ms
[2020-04-17T15:15:17.224+0800][26.358s] GC(98)   Evacuate Collection Set: 8.9ms
[2020-04-17T15:15:17.224+0800][26.358s] GC(98)   Post Evacuate Collection Set: 5.3ms
[2020-04-17T15:15:17.224+0800][26.358s] GC(98)   Other: 0.3ms
[2020-04-17T15:15:17.224+0800][26.358s] GC(98) Eden regions: 6->0(128)
[2020-04-17T15:15:17.224+0800][26.358s] GC(98) Survivor regions: 0->0(0)
[2020-04-17T15:15:17.224+0800][26.358s] GC(98) Old regions: 503->509
[2020-04-17T15:15:17.224+0800][26.358s] GC(98) Archive regions: 2->2
[2020-04-17T15:15:17.224+0800][26.358s] GC(98) Humongous regions: 1->1
[2020-04-17T15:15:17.224+0800][26.358s] GC(98) Metaspace: 39620K(40876K)->39620K(40876K) NonClass: 34873K(35756K)->34873K(35756K) Class: 4746K(5120K)->4746K(5120K)
[2020-04-17T15:15:17.224+0800][26.358s] GC(98) Pause Young (Concurrent Start) (G1 Evacuation Pause) 507M->507M(512M) 14.738ms
[2020-04-17T15:15:17.224+0800][26.358s] GC(98) User=0.04s Sys=0.00s Real=0.02s
[2020-04-17T15:15:17.224+0800][26.358s] GC(100) Concurrent Cycle
[2020-04-17T15:15:17.224+0800][26.358s] GC(99) Using 4 workers of 4 for full compaction
[2020-04-17T15:15:17.224+0800][26.359s] GC(100) Concurrent Clear Claimed Marks
[2020-04-17T15:15:17.224+0800][26.359s] GC(99) Pause Full (G1 Evacuation Pause)
[2020-04-17T15:15:17.224+0800][26.359s] GC(100) Concurrent Clear Claimed Marks 0.152ms
[2020-04-17T15:15:17.224+0800][26.359s] GC(100) Concurrent Scan Root Regions
[2020-04-17T15:15:17.224+0800][26.359s] GC(100) Concurrent Scan Root Regions 0.028ms
[2020-04-17T15:15:17.224+0800][26.359s] GC(100) Concurrent Mark (26.359s)
[2020-04-17T15:15:17.224+0800][26.359s] GC(100) Concurrent Mark From Roots
[2020-04-17T15:15:17.224+0800][26.359s] GC(100) Using 4 workers of 4 for marking
[2020-04-17T15:15:17.225+0800][26.360s] GC(99) Phase 1: Mark live objects
[2020-04-17T15:15:17.868+0800][27.002s] GC(99) Phase 1: Mark live objects 642.471ms
[2020-04-17T15:15:17.868+0800][27.002s] GC(99) Phase 2: Prepare for compaction
[2020-04-17T15:15:17.997+0800][27.132s] GC(99) Phase 2: Prepare for compaction 129.359ms
[2020-04-17T15:15:17.997+0800][27.132s] GC(99) Phase 3: Adjust pointers
[2020-04-17T15:15:18.223+0800][27.358s] GC(99) Phase 3: Adjust pointers 225.955ms
[2020-04-17T15:15:18.223+0800][27.358s] GC(99) Phase 4: Compact heap
[2020-04-17T15:15:18.338+0800][27.473s] GC(99) Phase 4: Compact heap 114.970ms
[2020-04-17T15:15:18.342+0800][27.477s] GC(99) Eden regions: 0->0(128)
[2020-04-17T15:15:18.342+0800][27.477s] GC(99) Survivor regions: 0->0(0)
[2020-04-17T15:15:18.342+0800][27.477s] GC(99) Old regions: 509->505
[2020-04-17T15:15:18.342+0800][27.477s] GC(99) Archive regions: 2->2
[2020-04-17T15:15:18.342+0800][27.477s] GC(99) Humongous regions: 1->1
[2020-04-17T15:15:18.342+0800][27.477s] GC(99) Metaspace: 39620K(40876K)->39620K(40876K) NonClass: 34873K(35756K)->34873K(35756K) Class: 4746K(5120K)->4746K(5120K)
[2020-04-17T15:15:18.342+0800][27.477s] GC(99) Pause Full (G1 Evacuation Pause) 507M->505M(512M) 1118.093ms
[2020-04-17T15:15:18.342+0800][27.477s] GC(99) User=3.51s Sys=0.03s Real=1.12s
[2020-04-17T15:15:18.346+0800][27.480s] GC(100) Concurrent Mark From Roots 1121.473ms
[2020-04-17T15:15:18.346+0800][27.480s] GC(100) Concurrent Mark Abort
[2020-04-17T15:15:18.346+0800][27.480s] GC(100) Concurrent Cycle 1122.038ms
[2020-04-17T15:15:18.423+0800][27.558s] GC(101) Pause Young (Normal) (G1 Evacuation Pause)
[2020-04-17T15:15:18.423+0800][27.558s] GC(101) Using 4 workers of 4 for evacuation
[2020-04-17T15:15:18.441+0800][27.576s] GC(101) To-space exhausted
[2020-04-17T15:15:18.442+0800][27.576s] GC(101)   Pre Evacuate Collection Set: 0.1ms
[2020-04-17T15:15:18.442+0800][27.576s] GC(101)   Merge Heap Roots: 0.1ms
[2020-04-17T15:15:18.442+0800][27.576s] GC(101)   Evacuate Collection Set: 11.3ms
[2020-04-17T15:15:18.442+0800][27.576s] GC(101)   Post Evacuate Collection Set: 6.5ms
[2020-04-17T15:15:18.442+0800][27.576s] GC(101)   Other: 0.4ms
[2020-04-17T15:15:18.442+0800][27.576s] GC(101) Eden regions: 4->0(128)
[2020-04-17T15:15:18.442+0800][27.576s] GC(101) Survivor regions: 0->0(0)
[2020-04-17T15:15:18.442+0800][27.576s] GC(101) Old regions: 505->509
[2020-04-17T15:15:18.442+0800][27.576s] GC(101) Archive regions: 2->2
[2020-04-17T15:15:18.442+0800][27.576s] GC(101) Humongous regions: 1->1
[2020-04-17T15:15:18.442+0800][27.576s] GC(101) Metaspace: 39641K(40876K)->39641K(40876K) NonClass: 34893K(35756K)->34893K(35756K) Class: 4748K(5120K)->4748K(5120K)
[2020-04-17T15:15:18.442+0800][27.576s] GC(101) Pause Young (Normal) (G1 Evacuation Pause) 509M->509M(512M) 18.527ms
[2020-04-17T15:15:18.442+0800][27.576s] GC(101) User=0.03s Sys=0.00s Real=0.02s
[2020-04-17T15:15:18.442+0800][27.576s] GC(102) Using 4 workers of 4 for full compaction
[2020-04-17T15:15:18.442+0800][27.576s] GC(102) Pause Full (G1 Evacuation Pause)
[2020-04-17T15:15:18.442+0800][27.577s] GC(102) Phase 1: Mark live objects
[2020-04-17T15:15:19.051+0800][28.186s] GC(102) Phase 1: Mark live objects 608.939ms
[2020-04-17T15:15:19.051+0800][28.186s] GC(102) Phase 2: Prepare for compaction
[2020-04-17T15:15:19.165+0800][28.299s] GC(102) Phase 2: Prepare for compaction 113.707ms
[2020-04-17T15:15:19.165+0800][28.299s] GC(102) Phase 3: Adjust pointers
[2020-04-17T15:15:19.373+0800][28.508s] GC(102) Phase 3: Adjust pointers 208.248ms
[2020-04-17T15:15:19.373+0800][28.508s] GC(102) Phase 4: Compact heap
[2020-04-17T15:15:19.482+0800][28.617s] GC(102) Phase 4: Compact heap 108.979ms
[2020-04-17T15:15:19.485+0800][28.620s] GC(102) Eden regions: 0->0(128)
[2020-04-17T15:15:19.485+0800][28.620s] GC(102) Survivor regions: 0->0(0)
[2020-04-17T15:15:19.486+0800][28.620s] GC(102) Old regions: 509->508
[2020-04-17T15:15:19.486+0800][28.620s] GC(102) Archive regions: 2->2
[2020-04-17T15:15:19.486+0800][28.620s] GC(102) Humongous regions: 1->1
[2020-04-17T15:15:19.486+0800][28.620s] GC(102) Metaspace: 39641K(40876K)->39641K(40876K) NonClass: 34893K(35756K)->34893K(35756K) Class: 4748K(5120K)->4748K(5120K)
[2020-04-17T15:15:19.486+0800][28.620s] GC(102) Pause Full (G1 Evacuation Pause) 509M->507M(512M) 1043.702ms
[2020-04-17T15:15:19.486+0800][28.620s] GC(102) User=3.52s Sys=0.01s Real=1.04s
[2020-04-17T15:15:19.498+0800][28.632s] GC(103) Pause Young (Concurrent Start) (G1 Evacuation Pause)
[2020-04-17T15:15:19.498+0800][28.632s] GC(103) Using 4 workers of 4 for evacuation
[2020-04-17T15:15:19.503+0800][28.637s] GC(103) To-space exhausted
[2020-04-17T15:15:19.503+0800][28.637s] GC(103)   Pre Evacuate Collection Set: 0.1ms
[2020-04-17T15:15:19.503+0800][28.637s] GC(103)   Merge Heap Roots: 0.0ms
[2020-04-17T15:15:19.503+0800][28.637s] GC(103)   Evacuate Collection Set: 2.4ms
[2020-04-17T15:15:19.503+0800][28.637s] GC(103)   Post Evacuate Collection Set: 2.2ms
[2020-04-17T15:15:19.503+0800][28.637s] GC(103)   Other: 0.2ms
[2020-04-17T15:15:19.503+0800][28.637s] GC(103) Eden regions: 1->0(128)
[2020-04-17T15:15:19.503+0800][28.637s] GC(103) Survivor regions: 0->0(0)
[2020-04-17T15:15:19.503+0800][28.637s] GC(103) Old regions: 508->509
[2020-04-17T15:15:19.503+0800][28.637s] GC(103) Archive regions: 2->2
[2020-04-17T15:15:19.503+0800][28.637s] GC(103) Humongous regions: 1->1
[2020-04-17T15:15:19.503+0800][28.637s] GC(103) Metaspace: 39649K(40876K)->39649K(40876K) NonClass: 34901K(35756K)->34901K(35756K) Class: 4748K(5120K)->4748K(5120K)
[2020-04-17T15:15:19.503+0800][28.637s] GC(103) Pause Young (Concurrent Start) (G1 Evacuation Pause) 508M->508M(512M) 4.964ms
[2020-04-17T15:15:19.503+0800][28.637s] GC(103) User=0.01s Sys=0.00s Real=0.01s
[2020-04-17T15:15:19.503+0800][28.637s] GC(104) Using 4 workers of 4 for full compaction
[2020-04-17T15:15:19.503+0800][28.637s] GC(104) Pause Full (G1 Evacuation Pause)
[2020-04-17T15:15:19.503+0800][28.637s] GC(105) Concurrent Cycle
[2020-04-17T15:15:19.503+0800][28.637s] GC(105) Concurrent Clear Claimed Marks
[2020-04-17T15:15:19.503+0800][28.638s] GC(105) Concurrent Clear Claimed Marks 0.251ms
[2020-04-17T15:15:19.503+0800][28.638s] GC(105) Concurrent Scan Root Regions
[2020-04-17T15:15:19.503+0800][28.638s] GC(105) Concurrent Scan Root Regions 0.035ms
[2020-04-17T15:15:19.503+0800][28.638s] GC(105) Concurrent Mark (28.638s)
[2020-04-17T15:15:19.503+0800][28.638s] GC(105) Concurrent Mark From Roots
[2020-04-17T15:15:19.503+0800][28.638s] GC(105) Using 4 workers of 4 for marking
[2020-04-17T15:15:19.504+0800][28.638s] GC(104) Phase 1: Mark live objects
[2020-04-17T15:15:20.086+0800][29.221s] GC(104) Phase 1: Mark live objects 582.237ms
[2020-04-17T15:15:20.086+0800][29.221s] GC(104) Phase 2: Prepare for compaction
[2020-04-17T15:15:20.203+0800][29.338s] GC(104) Phase 2: Prepare for compaction 116.876ms
[2020-04-17T15:15:20.203+0800][29.338s] GC(104) Phase 3: Adjust pointers
[2020-04-17T15:15:20.409+0800][29.544s] GC(104) Phase 3: Adjust pointers 206.123ms
[2020-04-17T15:15:20.409+0800][29.544s] GC(104) Phase 4: Compact heap
[2020-04-17T15:15:20.517+0800][29.651s] GC(104) Phase 4: Compact heap 107.071ms
[2020-04-17T15:15:20.520+0800][29.654s] GC(104) Eden regions: 0->0(128)
[2020-04-17T15:15:20.520+0800][29.655s] GC(104) Survivor regions: 0->0(0)
[2020-04-17T15:15:20.520+0800][29.655s] GC(104) Old regions: 509->508
[2020-04-17T15:15:20.520+0800][29.655s] GC(104) Archive regions: 2->2
[2020-04-17T15:15:20.520+0800][29.655s] GC(104) Humongous regions: 1->1
[2020-04-17T15:15:20.520+0800][29.655s] GC(104) Metaspace: 39649K(40876K)->39649K(40876K) NonClass: 34901K(35756K)->34901K(35756K) Class: 4748K(5120K)->4748K(5120K)
[2020-04-17T15:15:20.520+0800][29.655s] GC(104) Pause Full (G1 Evacuation Pause) 508M->507M(512M) 1017.272ms
[2020-04-17T15:15:20.520+0800][29.655s] GC(104) User=3.50s Sys=0.01s Real=1.02s
[2020-04-17T15:15:20.521+0800][29.655s] GC(105) Concurrent Mark From Roots 1017.133ms
[2020-04-17T15:15:20.521+0800][29.655s] GC(105) Concurrent Mark Abort
[2020-04-17T15:15:20.521+0800][29.655s] GC(105) Concurrent Cycle 1017.651ms
[2020-04-17T15:15:20.529+0800][29.664s] GC(106) Pause Young (Normal) (G1 Evacuation Pause)
[2020-04-17T15:15:20.529+0800][29.664s] GC(106) Using 4 workers of 4 for evacuation
[2020-04-17T15:15:20.535+0800][29.669s] GC(106) To-space exhausted
[2020-04-17T15:15:20.535+0800][29.669s] GC(106)   Pre Evacuate Collection Set: 0.1ms
[2020-04-17T15:15:20.535+0800][29.669s] GC(106)   Merge Heap Roots: 0.0ms
[2020-04-17T15:15:20.535+0800][29.669s] GC(106)   Evacuate Collection Set: 1.5ms
[2020-04-17T15:15:20.535+0800][29.669s] GC(106)   Post Evacuate Collection Set: 3.7ms
[2020-04-17T15:15:20.535+0800][29.669s] GC(106)   Other: 0.2ms
[2020-04-17T15:15:20.535+0800][29.669s] GC(106) Eden regions: 1->0(128)
[2020-04-17T15:15:20.535+0800][29.669s] GC(106) Survivor regions: 0->0(0)
[2020-04-17T15:15:20.535+0800][29.669s] GC(106) Old regions: 508->509
[2020-04-17T15:15:20.535+0800][29.669s] GC(106) Archive regions: 2->2
[2020-04-17T15:15:20.535+0800][29.669s] GC(106) Humongous regions: 1->1
[2020-04-17T15:15:20.535+0800][29.669s] GC(106) Metaspace: 39654K(40876K)->39654K(40876K) NonClass: 34906K(35756K)->34906K(35756K) Class: 4748K(5120K)->4748K(5120K)
[2020-04-17T15:15:20.535+0800][29.669s] GC(106) Pause Young (Normal) (G1 Evacuation Pause) 508M->508M(512M) 5.751ms
[2020-04-17T15:15:20.535+0800][29.669s] GC(106) User=0.01s Sys=0.00s Real=0.01s
[2020-04-17T15:15:20.535+0800][29.669s] GC(107) Using 4 workers of 4 for full compaction
[2020-04-17T15:15:20.535+0800][29.670s] GC(107) Pause Full (G1 Evacuation Pause)
[2020-04-17T15:15:20.535+0800][29.670s] GC(107) Phase 1: Mark live objects
[2020-04-17T15:15:21.189+0800][30.323s] GC(107) Phase 1: Mark live objects 653.747ms
[2020-04-17T15:15:21.189+0800][30.324s] GC(107) Phase 2: Prepare for compaction
[2020-04-17T15:15:21.319+0800][30.453s] GC(107) Phase 2: Prepare for compaction 129.142ms
[2020-04-17T15:15:21.319+0800][30.453s] GC(107) Phase 3: Adjust pointers
[2020-04-17T15:15:21.536+0800][30.671s] GC(107) Phase 3: Adjust pointers 217.629ms
[2020-04-17T15:15:21.536+0800][30.671s] GC(107) Phase 4: Compact heap
[2020-04-17T15:15:21.633+0800][30.767s] GC(107) Phase 4: Compact heap 96.658ms
[2020-04-17T15:15:21.636+0800][30.771s] GC(107) Eden regions: 0->0(128)
[2020-04-17T15:15:21.636+0800][30.771s] GC(107) Survivor regions: 0->0(0)
[2020-04-17T15:15:21.636+0800][30.771s] GC(107) Old regions: 509->508
[2020-04-17T15:15:21.636+0800][30.771s] GC(107) Archive regions: 2->2
[2020-04-17T15:15:21.636+0800][30.771s] GC(107) Humongous regions: 1->1
[2020-04-17T15:15:21.636+0800][30.771s] GC(107) Metaspace: 39654K(40876K)->39654K(40876K) NonClass: 34906K(35756K)->34906K(35756K) Class: 4748K(5120K)->4748K(5120K)
[2020-04-17T15:15:21.636+0800][30.771s] GC(107) Pause Full (G1 Evacuation Pause) 508M->508M(512M) 1101.280ms
[2020-04-17T15:15:21.637+0800][30.771s] GC(107) User=3.53s Sys=0.01s Real=1.10s
[2020-04-17T15:15:21.650+0800][30.784s] GC(108) Pause Young (Concurrent Start) (G1 Evacuation Pause)
[2020-04-17T15:15:21.650+0800][30.784s] GC(108) Using 4 workers of 4 for evacuation
[2020-04-17T15:15:21.654+0800][30.789s] GC(108) To-space exhausted
[2020-04-17T15:15:21.654+0800][30.789s] GC(108)   Pre Evacuate Collection Set: 0.1ms
[2020-04-17T15:15:21.654+0800][30.789s] GC(108)   Merge Heap Roots: 0.0ms
[2020-04-17T15:15:21.654+0800][30.789s] GC(108)   Evacuate Collection Set: 1.4ms
[2020-04-17T15:15:21.654+0800][30.789s] GC(108)   Post Evacuate Collection Set: 2.5ms
[2020-04-17T15:15:21.654+0800][30.789s] GC(108)   Other: 0.2ms
[2020-04-17T15:15:21.654+0800][30.789s] GC(108) Eden regions: 1->0(128)
[2020-04-17T15:15:21.654+0800][30.789s] GC(108) Survivor regions: 0->0(0)
[2020-04-17T15:15:21.654+0800][30.789s] GC(108) Old regions: 508->509
[2020-04-17T15:15:21.654+0800][30.789s] GC(108) Archive regions: 2->2
[2020-04-17T15:15:21.654+0800][30.789s] GC(108) Humongous regions: 1->1
[2020-04-17T15:15:21.654+0800][30.789s] GC(108) Metaspace: 39654K(40876K)->39654K(40876K) NonClass: 34906K(35756K)->34906K(35756K) Class: 4748K(5120K)->4748K(5120K)
[2020-04-17T15:15:21.654+0800][30.789s] GC(108) Pause Young (Concurrent Start) (G1 Evacuation Pause) 509M->509M(512M) 4.413ms
[2020-04-17T15:15:21.654+0800][30.789s] GC(108) User=0.01s Sys=0.00s Real=0.00s
[2020-04-17T15:15:21.655+0800][30.789s] GC(109) Using 4 workers of 4 for full compaction
[2020-04-17T15:15:21.655+0800][30.789s] GC(109) Pause Full (G1 Evacuation Pause)
[2020-04-17T15:15:21.655+0800][30.789s] GC(110) Concurrent Cycle
[2020-04-17T15:15:21.655+0800][30.789s] GC(110) Concurrent Clear Claimed Marks
[2020-04-17T15:15:21.655+0800][30.789s] GC(110) Concurrent Clear Claimed Marks 0.212ms
[2020-04-17T15:15:21.655+0800][30.789s] GC(110) Concurrent Scan Root Regions
[2020-04-17T15:15:21.655+0800][30.789s] GC(110) Concurrent Scan Root Regions 0.043ms
[2020-04-17T15:15:21.655+0800][30.789s] GC(110) Concurrent Mark (30.789s)
[2020-04-17T15:15:21.655+0800][30.789s] GC(110) Concurrent Mark From Roots
[2020-04-17T15:15:21.655+0800][30.789s] GC(110) Using 4 workers of 4 for marking
[2020-04-17T15:15:21.656+0800][30.790s] GC(109) Phase 1: Mark live objects
[2020-04-17T15:15:22.482+0800][31.616s] GC(109) Phase 1: Mark live objects 825.940ms
[2020-04-17T15:15:22.482+0800][31.616s] GC(109) Phase 2: Prepare for compaction
[2020-04-17T15:15:22.613+0800][31.747s] GC(109) Phase 2: Prepare for compaction 131.229ms
[2020-04-17T15:15:22.613+0800][31.747s] GC(109) Phase 3: Adjust pointers
[2020-04-17T15:15:22.824+0800][31.958s] GC(109) Phase 3: Adjust pointers 210.591ms
[2020-04-17T15:15:22.824+0800][31.958s] GC(109) Phase 4: Compact heap
[2020-04-17T15:15:22.937+0800][32.071s] GC(109) Phase 4: Compact heap 113.103ms
[2020-04-17T15:15:22.940+0800][32.074s] GC(109) Eden regions: 0->0(128)
[2020-04-17T15:15:22.940+0800][32.074s] GC(109) Survivor regions: 0->0(0)
[2020-04-17T15:15:22.940+0800][32.074s] GC(109) Old regions: 509->508
[2020-04-17T15:15:22.940+0800][32.074s] GC(109) Archive regions: 2->2
[2020-04-17T15:15:22.940+0800][32.074s] GC(109) Humongous regions: 1->1
[2020-04-17T15:15:22.940+0800][32.074s] GC(109) Metaspace: 39654K(40876K)->39654K(40876K) NonClass: 34906K(35756K)->34906K(35756K) Class: 4748K(5120K)->4748K(5120K)
[2020-04-17T15:15:22.940+0800][32.074s] GC(109) Pause Full (G1 Evacuation Pause) 509M->508M(512M) 1285.598ms
[2020-04-17T15:15:22.940+0800][32.075s] GC(109) User=3.54s Sys=0.02s Real=1.29s
[2020-04-17T15:15:22.940+0800][32.075s] GC(110) Concurrent Mark From Roots 1285.382ms
[2020-04-17T15:15:22.940+0800][32.075s] GC(110) Concurrent Mark Abort
[2020-04-17T15:15:22.941+0800][32.075s] GC(110) Concurrent Cycle 1285.914ms
[2020-04-17T15:15:22.941+0800][32.075s] GC(111) Pause Young (Normal) (G1 Evacuation Pause)
[2020-04-17T15:15:22.941+0800][32.075s] GC(111) Using 4 workers of 4 for evacuation
[2020-04-17T15:15:22.942+0800][32.077s] GC(111) To-space exhausted
[2020-04-17T15:15:22.942+0800][32.077s] GC(111)   Pre Evacuate Collection Set: 0.1ms
[2020-04-17T15:15:22.942+0800][32.077s] GC(111)   Merge Heap Roots: 0.0ms
[2020-04-17T15:15:22.942+0800][32.077s] GC(111)   Evacuate Collection Set: 0.8ms
[2020-04-17T15:15:22.942+0800][32.077s] GC(111)   Post Evacuate Collection Set: 0.4ms
[2020-04-17T15:15:22.942+0800][32.077s] GC(111)   Other: 0.2ms
[2020-04-17T15:15:22.942+0800][32.077s] GC(111) Eden regions: 1->0(128)
[2020-04-17T15:15:22.942+0800][32.077s] GC(111) Survivor regions: 0->0(0)
[2020-04-17T15:15:22.942+0800][32.077s] GC(111) Old regions: 508->509
[2020-04-17T15:15:22.942+0800][32.077s] GC(111) Archive regions: 2->2
[2020-04-17T15:15:22.942+0800][32.077s] GC(111) Humongous regions: 1->1
[2020-04-17T15:15:22.942+0800][32.077s] GC(111) Metaspace: 39654K(40876K)->39654K(40876K) NonClass: 34906K(35756K)->34906K(35756K) Class: 4748K(5120K)->4748K(5120K)
[2020-04-17T15:15:22.942+0800][32.077s] GC(111) Pause Young (Normal) (G1 Evacuation Pause) 509M->509M(512M) 1.626ms
[2020-04-17T15:15:22.943+0800][32.077s] GC(111) User=0.00s Sys=0.00s Real=0.00s
[2020-04-17T15:15:22.943+0800][32.077s] GC(112) Using 4 workers of 4 for full compaction
[2020-04-17T15:15:22.943+0800][32.077s] GC(112) Pause Full (G1 Evacuation Pause)
[2020-04-17T15:15:22.943+0800][32.077s] GC(112) Phase 1: Mark live objects
[2020-04-17T15:15:23.618+0800][32.752s] GC(112) Phase 1: Mark live objects 675.291ms
[2020-04-17T15:15:23.618+0800][32.753s] GC(112) Phase 2: Prepare for compaction
[2020-04-17T15:15:23.746+0800][32.880s] GC(112) Phase 2: Prepare for compaction 127.393ms
[2020-04-17T15:15:23.746+0800][32.880s] GC(112) Phase 3: Adjust pointers
[2020-04-17T15:15:24.065+0800][33.200s] GC(112) Phase 3: Adjust pointers 319.577ms
[2020-04-17T15:15:24.065+0800][33.200s] GC(112) Phase 4: Compact heap
[2020-04-17T15:15:24.157+0800][33.291s] GC(112) Phase 4: Compact heap 91.391ms
[2020-04-17T15:15:24.160+0800][33.295s] GC(112) Eden regions: 0->0(128)
[2020-04-17T15:15:24.160+0800][33.295s] GC(112) Survivor regions: 0->0(0)
[2020-04-17T15:15:24.160+0800][33.295s] GC(112) Old regions: 509->508
[2020-04-17T15:15:24.160+0800][33.295s] GC(112) Archive regions: 2->2
[2020-04-17T15:15:24.160+0800][33.295s] GC(112) Humongous regions: 1->1
[2020-04-17T15:15:24.160+0800][33.295s] GC(112) Metaspace: 39654K(40876K)->39654K(40876K) NonClass: 34906K(35756K)->34906K(35756K) Class: 4748K(5120K)->4748K(5120K)
[2020-04-17T15:15:24.160+0800][33.295s] GC(112) Pause Full (G1 Evacuation Pause) 509M->508M(512M) 1217.742ms
[2020-04-17T15:15:24.161+0800][33.295s] GC(112) User=3.52s Sys=0.03s Real=1.22s
[2020-04-17T15:15:24.168+0800][33.302s] GC(113) Pause Young (Concurrent Start) (G1 Evacuation Pause)
[2020-04-17T15:15:24.168+0800][33.302s] GC(113) Using 4 workers of 4 for evacuation
[2020-04-17T15:15:24.171+0800][33.306s] GC(113) To-space exhausted
[2020-04-17T15:15:24.171+0800][33.306s] GC(113)   Pre Evacuate Collection Set: 0.2ms
[2020-04-17T15:15:24.171+0800][33.306s] GC(113)   Merge Heap Roots: 0.0ms
[2020-04-17T15:15:24.171+0800][33.306s] GC(113)   Evacuate Collection Set: 1.6ms
[2020-04-17T15:15:24.171+0800][33.306s] GC(113)   Post Evacuate Collection Set: 1.8ms
[2020-04-17T15:15:24.171+0800][33.306s] GC(113)   Other: 0.3ms
[2020-04-17T15:15:24.171+0800][33.306s] GC(113) Eden regions: 1->0(128)
[2020-04-17T15:15:24.171+0800][33.306s] GC(113) Survivor regions: 0->0(0)
[2020-04-17T15:15:24.171+0800][33.306s] GC(113) Old regions: 508->509
[2020-04-17T15:15:24.171+0800][33.306s] GC(113) Archive regions: 2->2
[2020-04-17T15:15:24.171+0800][33.306s] GC(113) Humongous regions: 1->1
[2020-04-17T15:15:24.171+0800][33.306s] GC(113) Metaspace: 39661K(40876K)->39661K(40876K) NonClass: 34913K(35756K)->34913K(35756K) Class: 4748K(5120K)->4748K(5120K)
[2020-04-17T15:15:24.171+0800][33.306s] GC(113) Pause Young (Concurrent Start) (G1 Evacuation Pause) 509M->509M(512M) 3.973ms
[2020-04-17T15:15:24.172+0800][33.306s] GC(113) User=0.00s Sys=0.00s Real=0.01s
[2020-04-17T15:15:24.172+0800][33.306s] GC(114) Using 4 workers of 4 for full compaction
[2020-04-17T15:15:24.172+0800][33.306s] GC(115) Concurrent Cycle
[2020-04-17T15:15:24.172+0800][33.306s] GC(114) Pause Full (G1 Evacuation Pause)
[2020-04-17T15:15:24.172+0800][33.306s] GC(115) Concurrent Clear Claimed Marks
[2020-04-17T15:15:24.172+0800][33.306s] GC(115) Concurrent Clear Claimed Marks 0.173ms
[2020-04-17T15:15:24.172+0800][33.306s] GC(115) Concurrent Scan Root Regions
[2020-04-17T15:15:24.172+0800][33.306s] GC(115) Concurrent Scan Root Regions 0.032ms
[2020-04-17T15:15:24.172+0800][33.306s] GC(115) Concurrent Mark (33.306s)
[2020-04-17T15:15:24.172+0800][33.306s] GC(115) Concurrent Mark From Roots
[2020-04-17T15:15:24.172+0800][33.306s] GC(115) Using 4 workers of 4 for marking
[2020-04-17T15:15:24.172+0800][33.307s] GC(114) Phase 1: Mark live objects
[2020-04-17T15:15:24.761+0800][33.895s] GC(114) Phase 1: Mark live objects 588.173ms
[2020-04-17T15:15:24.761+0800][33.895s] GC(114) Phase 2: Prepare for compaction
[2020-04-17T15:15:24.897+0800][34.031s] GC(114) Phase 2: Prepare for compaction 136.267ms
[2020-04-17T15:15:24.897+0800][34.031s] GC(114) Phase 3: Adjust pointers
[2020-04-17T15:15:25.121+0800][34.255s] GC(114) Phase 3: Adjust pointers 223.474ms
[2020-04-17T15:15:25.121+0800][34.255s] GC(114) Phase 4: Compact heap
[2020-04-17T15:15:25.226+0800][34.361s] GC(114) Phase 4: Compact heap 105.786ms
[2020-04-17T15:15:25.230+0800][34.364s] GC(114) Eden regions: 0->0(128)
[2020-04-17T15:15:25.230+0800][34.364s] GC(114) Survivor regions: 0->0(0)
[2020-04-17T15:15:25.230+0800][34.364s] GC(114) Old regions: 509->508
[2020-04-17T15:15:25.230+0800][34.364s] GC(114) Archive regions: 2->2
[2020-04-17T15:15:25.230+0800][34.364s] GC(114) Humongous regions: 1->1
[2020-04-17T15:15:25.230+0800][34.364s] GC(114) Metaspace: 39661K(40876K)->39661K(40876K) NonClass: 34913K(35756K)->34913K(35756K) Class: 4748K(5120K)->4748K(5120K)
[2020-04-17T15:15:25.230+0800][34.364s] GC(114) Pause Full (G1 Evacuation Pause) 509M->509M(512M) 1058.262ms
[2020-04-17T15:15:25.230+0800][34.364s] GC(114) User=3.53s Sys=0.02s Real=1.06s
[2020-04-17T15:15:25.230+0800][34.364s] GC(115) Concurrent Mark From Roots 1058.267ms
[2020-04-17T15:15:25.230+0800][34.365s] GC(115) Concurrent Mark Abort
[2020-04-17T15:15:25.230+0800][34.365s] GC(115) Concurrent Cycle 1058.673ms
[2020-04-17T15:15:25.236+0800][34.370s] GC(116) Pause Young (Normal) (G1 Evacuation Pause)
[2020-04-17T15:15:25.236+0800][34.370s] GC(116) Using 4 workers of 4 for evacuation
[2020-04-17T15:15:25.240+0800][34.374s] GC(116) To-space exhausted
[2020-04-17T15:15:25.240+0800][34.374s] GC(116)   Pre Evacuate Collection Set: 0.1ms
[2020-04-17T15:15:25.240+0800][34.374s] GC(116)   Merge Heap Roots: 0.0ms
[2020-04-17T15:15:25.240+0800][34.374s] GC(116)   Evacuate Collection Set: 1.9ms
[2020-04-17T15:15:25.240+0800][34.374s] GC(116)   Post Evacuate Collection Set: 2.2ms
[2020-04-17T15:15:25.240+0800][34.374s] GC(116)   Other: 0.2ms
[2020-04-17T15:15:25.240+0800][34.374s] GC(116) Eden regions: 1->0(128)
[2020-04-17T15:15:25.240+0800][34.374s] GC(116) Survivor regions: 0->0(0)
[2020-04-17T15:15:25.240+0800][34.374s] GC(116) Old regions: 508->509
[2020-04-17T15:15:25.240+0800][34.374s] GC(116) Archive regions: 2->2
[2020-04-17T15:15:25.240+0800][34.374s] GC(116) Humongous regions: 1->1
[2020-04-17T15:15:25.240+0800][34.374s] GC(116) Metaspace: 39661K(40876K)->39661K(40876K) NonClass: 34913K(35756K)->34913K(35756K) Class: 4748K(5120K)->4748K(5120K)
[2020-04-17T15:15:25.240+0800][34.375s] GC(116) Pause Young (Normal) (G1 Evacuation Pause) 510M->510M(512M) 4.608ms
[2020-04-17T15:15:25.240+0800][34.375s] GC(116) User=0.01s Sys=0.00s Real=0.01s
[2020-04-17T15:15:25.240+0800][34.375s] GC(117) Using 4 workers of 4 for full compaction
[2020-04-17T15:15:25.240+0800][34.375s] GC(117) Pause Full (G1 Evacuation Pause)
[2020-04-17T15:15:25.241+0800][34.375s] GC(117) Phase 1: Mark live objects
[2020-04-17T15:15:25.888+0800][35.022s] GC(117) Phase 1: Mark live objects 647.225ms
[2020-04-17T15:15:25.888+0800][35.022s] GC(117) Phase 2: Prepare for compaction
[2020-04-17T15:15:26.074+0800][35.209s] GC(117) Phase 2: Prepare for compaction 186.278ms
[2020-04-17T15:15:26.074+0800][35.209s] GC(117) Phase 3: Adjust pointers
[2020-04-17T15:15:26.343+0800][35.477s] GC(117) Phase 3: Adjust pointers 268.723ms
[2020-04-17T15:15:26.343+0800][35.478s] GC(117) Phase 4: Compact heap
[2020-04-17T15:15:26.432+0800][35.567s] GC(117) Phase 4: Compact heap 89.035ms
[2020-04-17T15:15:26.436+0800][35.570s] GC(117) Eden regions: 0->0(128)
[2020-04-17T15:15:26.436+0800][35.571s] GC(117) Survivor regions: 0->0(0)
[2020-04-17T15:15:26.436+0800][35.571s] GC(117) Old regions: 509->509
[2020-04-17T15:15:26.436+0800][35.571s] GC(117) Archive regions: 2->2
[2020-04-17T15:15:26.436+0800][35.571s] GC(117) Humongous regions: 1->1
[2020-04-17T15:15:26.436+0800][35.571s] GC(117) Metaspace: 39661K(40876K)->39661K(40876K) NonClass: 34913K(35756K)->34913K(35756K) Class: 4748K(5120K)->4748K(5120K)
[2020-04-17T15:15:26.436+0800][35.571s] GC(117) Pause Full (G1 Evacuation Pause) 510M->509M(512M) 1195.900ms
[2020-04-17T15:15:26.437+0800][35.571s] GC(117) User=3.55s Sys=0.02s Real=1.19s
[2020-04-17T15:15:26.437+0800][35.571s] GC(118) Using 4 workers of 4 for full compaction
[2020-04-17T15:15:26.437+0800][35.571s] GC(118) Pause Full (G1 Evacuation Pause)
[2020-04-17T15:15:26.437+0800][35.571s] GC(118) Phase 1: Mark live objects
[2020-04-17T15:15:27.160+0800][36.294s] GC(118) Phase 1: Mark live objects 723.071ms
[2020-04-17T15:15:27.161+0800][36.295s] GC(118) Phase 2: Prepare for compaction
[2020-04-17T15:15:27.293+0800][36.427s] GC(118) Phase 2: Prepare for compaction 132.257ms
[2020-04-17T15:15:27.293+0800][36.427s] GC(118) Phase 3: Adjust pointers
[2020-04-17T15:15:27.523+0800][36.657s] GC(118) Phase 3: Adjust pointers 229.626ms
[2020-04-17T15:15:27.523+0800][36.657s] GC(118) Phase 4: Compact heap
[2020-04-17T15:15:27.614+0800][36.748s] GC(118) Phase 4: Compact heap 91.264ms
[2020-04-17T15:15:27.618+0800][36.752s] GC(118) Eden regions: 0->0(128)
[2020-04-17T15:15:27.618+0800][36.752s] GC(118) Survivor regions: 0->0(0)
[2020-04-17T15:15:27.618+0800][36.752s] GC(118) Old regions: 509->509
[2020-04-17T15:15:27.618+0800][36.752s] GC(118) Archive regions: 2->2
[2020-04-17T15:15:27.618+0800][36.752s] GC(118) Humongous regions: 1->1
[2020-04-17T15:15:27.618+0800][36.752s] GC(118) Metaspace: 39661K(40876K)->39661K(40876K) NonClass: 34913K(35756K)->34913K(35756K) Class: 4748K(5120K)->4748K(5120K)
[2020-04-17T15:15:27.618+0800][36.752s] GC(118) Pause Full (G1 Evacuation Pause) 509M->509M(512M) 1181.351ms
[2020-04-17T15:15:27.618+0800][36.752s] GC(118) User=3.56s Sys=0.02s Real=1.18s
