[2020-04-16T22:36:01.136+0800][0.012s] Heap region size: 1M
[2020-04-16T22:36:01.136+0800][0.013s] Heap address: 0x00000007e0000000, size: 512 MB, Compressed Oops mode: Zero based, Oop shift amount: 3
[2020-04-16T22:36:01.142+0800][0.018s] Using G1
[2020-04-16T22:36:01.142+0800][0.019s] Mark closed archive regions in map: [0x00000007fff00000, 0x00000007fff7aff8]
[2020-04-16T22:36:01.142+0800][0.019s] Mark open archive regions in map: [0x00000007ffe00000, 0x00000007ffe50ff8]
[2020-04-16T22:36:01.161+0800][0.038s] Periodic GC disabled
[2020-04-16T22:36:04.161+0800][3.037s] GC(0) Pause Young (Concurrent Start) (Metadata GC Threshold)
[2020-04-16T22:36:04.161+0800][3.037s] GC(0) Using 4 workers of 4 for evacuation
[2020-04-16T22:36:04.175+0800][3.051s] GC(0)   Pre Evacuate Collection Set: 0.1ms
[2020-04-16T22:36:04.175+0800][3.051s] GC(0)   Merge Heap Roots: 0.0ms
[2020-04-16T22:36:04.175+0800][3.051s] GC(0)   Evacuate Collection Set: 12.2ms
[2020-04-16T22:36:04.175+0800][3.051s] GC(0)   Post Evacuate Collection Set: 1.1ms
[2020-04-16T22:36:04.175+0800][3.051s] GC(0)   Other: 0.5ms
[2020-04-16T22:36:04.175+0800][3.051s] GC(0) Eden regions: 115->0(117)
[2020-04-16T22:36:04.175+0800][3.051s] GC(0) Survivor regions: 0->11(32)
[2020-04-16T22:36:04.175+0800][3.051s] GC(0) Old regions: 0->0
[2020-04-16T22:36:04.175+0800][3.051s] GC(0) Archive regions: 2->2
[2020-04-16T22:36:04.175+0800][3.051s] GC(0) Humongous regions: 0->0
[2020-04-16T22:36:04.175+0800][3.051s] GC(0) Metaspace: 20399K(21248K)->20399K(21248K) NonClass: 18038K(18688K)->18038K(18688K) Class: 2360K(2560K)->2360K(2560K)
[2020-04-16T22:36:04.175+0800][3.051s] GC(0) Pause Young (Concurrent Start) (Metadata GC Threshold) 115M->11M(512M) 14.086ms
[2020-04-16T22:36:04.175+0800][3.051s] GC(0) User=0.03s Sys=0.01s Real=0.01s
[2020-04-16T22:36:04.175+0800][3.051s] GC(1) Concurrent Cycle
[2020-04-16T22:36:04.175+0800][3.051s] GC(1) Concurrent Clear Claimed Marks
[2020-04-16T22:36:04.175+0800][3.051s] GC(1) Concurrent Clear Claimed Marks 0.045ms
[2020-04-16T22:36:04.175+0800][3.051s] GC(1) Concurrent Scan Root Regions
[2020-04-16T22:36:04.179+0800][3.055s] GC(1) Concurrent Scan Root Regions 3.756ms
[2020-04-16T22:36:04.179+0800][3.055s] GC(1) Concurrent Mark (3.055s)
[2020-04-16T22:36:04.179+0800][3.055s] GC(1) Concurrent Mark From Roots
[2020-04-16T22:36:04.179+0800][3.055s] GC(1) Using 4 workers of 4 for marking
[2020-04-16T22:36:04.181+0800][3.057s] GC(1) Concurrent Mark From Roots 1.743ms
[2020-04-16T22:36:04.181+0800][3.057s] GC(1) Concurrent Preclean
[2020-04-16T22:36:04.181+0800][3.057s] GC(1) Concurrent Preclean 0.034ms
[2020-04-16T22:36:04.181+0800][3.057s] GC(1) Concurrent Mark (3.055s, 3.057s) 1.864ms
[2020-04-16T22:36:04.181+0800][3.057s] GC(1) Pause Remark
[2020-04-16T22:36:04.182+0800][3.059s] GC(1) Pause Remark 11M->11M(512M) 1.661ms
[2020-04-16T22:36:04.182+0800][3.059s] GC(1) User=0.01s Sys=0.00s Real=0.00s
[2020-04-16T22:36:04.183+0800][3.059s] GC(1) Concurrent Rebuild Remembered Sets
[2020-04-16T22:36:04.183+0800][3.060s] GC(1) Concurrent Rebuild Remembered Sets 0.693ms
[2020-04-16T22:36:04.184+0800][3.060s] GC(1) Pause Cleanup
[2020-04-16T22:36:04.184+0800][3.060s] GC(1) Pause Cleanup 11M->11M(512M) 0.102ms
[2020-04-16T22:36:04.184+0800][3.060s] GC(1) User=0.00s Sys=0.00s Real=0.00s
[2020-04-16T22:36:04.185+0800][3.061s] GC(1) Concurrent Cleanup for Next Mark
[2020-04-16T22:36:04.188+0800][3.065s] GC(1) Concurrent Cleanup for Next Mark 3.448ms
[2020-04-16T22:36:04.188+0800][3.065s] GC(1) Concurrent Cycle 13.380ms
[2020-04-16T22:36:05.719+0800][4.595s] GC(2) Pause Young (Normal) (G1 Evacuation Pause)
[2020-04-16T22:36:05.719+0800][4.595s] GC(2) Using 4 workers of 4 for evacuation
[2020-04-16T22:36:05.736+0800][4.612s] GC(2)   Pre Evacuate Collection Set: 0.0ms
[2020-04-16T22:36:05.736+0800][4.612s] GC(2)   Merge Heap Roots: 0.0ms
[2020-04-16T22:36:05.736+0800][4.612s] GC(2)   Evacuate Collection Set: 16.0ms
[2020-04-16T22:36:05.736+0800][4.612s] GC(2)   Post Evacuate Collection Set: 0.7ms
[2020-04-16T22:36:05.736+0800][4.612s] GC(2)   Other: 0.2ms
[2020-04-16T22:36:05.736+0800][4.612s] GC(2) Eden regions: 117->0(109)
[2020-04-16T22:36:05.736+0800][4.612s] GC(2) Survivor regions: 11->19(32)
[2020-04-16T22:36:05.736+0800][4.612s] GC(2) Old regions: 0->0
[2020-04-16T22:36:05.736+0800][4.612s] GC(2) Archive regions: 2->2
[2020-04-16T22:36:05.736+0800][4.612s] GC(2) Humongous regions: 1->1
[2020-04-16T22:36:05.736+0800][4.612s] GC(2) Metaspace: 27493K(28672K)->27493K(28672K) NonClass: 24236K(25088K)->24236K(25088K) Class: 3257K(3584K)->3257K(3584K)
[2020-04-16T22:36:05.736+0800][4.613s] GC(2) Pause Young (Normal) (G1 Evacuation Pause) 129M->20M(512M) 17.211ms
[2020-04-16T22:36:05.736+0800][4.613s] GC(2) User=0.05s Sys=0.01s Real=0.02s
[2020-04-16T22:36:06.078+0800][4.955s] GC(3) Pause Young (Normal) (G1 Evacuation Pause)
[2020-04-16T22:36:06.079+0800][4.955s] GC(3) Using 4 workers of 4 for evacuation
[2020-04-16T22:36:06.099+0800][4.975s] GC(3)   Pre Evacuate Collection Set: 0.1ms
[2020-04-16T22:36:06.099+0800][4.975s] GC(3)   Merge Heap Roots: 0.1ms
[2020-04-16T22:36:06.099+0800][4.975s] GC(3)   Evacuate Collection Set: 18.6ms
[2020-04-16T22:36:06.099+0800][4.975s] GC(3)   Post Evacuate Collection Set: 0.8ms
[2020-04-16T22:36:06.099+0800][4.975s] GC(3)   Other: 0.9ms
[2020-04-16T22:36:06.099+0800][4.975s] GC(3) Eden regions: 109->0(109)
[2020-04-16T22:36:06.099+0800][4.975s] GC(3) Survivor regions: 19->19(32)
[2020-04-16T22:36:06.099+0800][4.975s] GC(3) Old regions: 0->0
[2020-04-16T22:36:06.099+0800][4.975s] GC(3) Archive regions: 2->2
[2020-04-16T22:36:06.099+0800][4.975s] GC(3) Humongous regions: 1->1
[2020-04-16T22:36:06.099+0800][4.975s] GC(3) Metaspace: 28846K(29952K)->28846K(29952K) NonClass: 25421K(26112K)->25421K(26112K) Class: 3425K(3840K)->3425K(3840K)
[2020-04-16T22:36:06.099+0800][4.975s] GC(3) Pause Young (Normal) (G1 Evacuation Pause) 129M->20M(512M) 20.639ms
[2020-04-16T22:36:06.099+0800][4.975s] GC(3) User=0.06s Sys=0.00s Real=0.02s
[2020-04-16T22:36:07.254+0800][6.131s] GC(4) Pause Young (Normal) (G1 Evacuation Pause)
[2020-04-16T22:36:07.254+0800][6.131s] GC(4) Using 4 workers of 4 for evacuation
[2020-04-16T22:36:07.270+0800][6.146s] GC(4)   Pre Evacuate Collection Set: 0.0ms
[2020-04-16T22:36:07.270+0800][6.146s] GC(4)   Merge Heap Roots: 0.0ms
[2020-04-16T22:36:07.270+0800][6.146s] GC(4)   Evacuate Collection Set: 14.3ms
[2020-04-16T22:36:07.270+0800][6.146s] GC(4)   Post Evacuate Collection Set: 1.0ms
[2020-04-16T22:36:07.270+0800][6.146s] GC(4)   Other: 0.2ms
[2020-04-16T22:36:07.270+0800][6.146s] GC(4) Eden regions: 109->0(108)
[2020-04-16T22:36:07.270+0800][6.146s] GC(4) Survivor regions: 19->20(32)
[2020-04-16T22:36:07.270+0800][6.146s] GC(4) Old regions: 0->0
[2020-04-16T22:36:07.270+0800][6.146s] GC(4) Archive regions: 2->2
[2020-04-16T22:36:07.270+0800][6.146s] GC(4) Humongous regions: 1->1
[2020-04-16T22:36:07.270+0800][6.146s] GC(4) Metaspace: 33380K(34560K)->33380K(34560K) NonClass: 29390K(30208K)->29390K(30208K) Class: 3989K(4352K)->3989K(4352K)
[2020-04-16T22:36:07.270+0800][6.146s] GC(4) Pause Young (Normal) (G1 Evacuation Pause) 129M->21M(512M) 15.717ms
[2020-04-16T22:36:07.270+0800][6.146s] GC(4) User=0.05s Sys=0.01s Real=0.02s
[2020-04-16T22:36:07.686+0800][6.563s] GC(5) Pause Young (Concurrent Start) (Metadata GC Threshold)
[2020-04-16T22:36:07.686+0800][6.563s] GC(5) Using 4 workers of 4 for evacuation
[2020-04-16T22:36:07.707+0800][6.583s] GC(5)   Pre Evacuate Collection Set: 0.2ms
[2020-04-16T22:36:07.707+0800][6.583s] GC(5)   Merge Heap Roots: 0.0ms
[2020-04-16T22:36:07.707+0800][6.583s] GC(5)   Evacuate Collection Set: 18.6ms
[2020-04-16T22:36:07.707+0800][6.583s] GC(5)   Post Evacuate Collection Set: 1.2ms
[2020-04-16T22:36:07.707+0800][6.583s] GC(5)   Other: 0.6ms
[2020-04-16T22:36:07.707+0800][6.583s] GC(5) Eden regions: 28->0(107)
[2020-04-16T22:36:07.707+0800][6.583s] GC(5) Survivor regions: 20->21(32)
[2020-04-16T22:36:07.707+0800][6.583s] GC(5) Old regions: 0->0
[2020-04-16T22:36:07.707+0800][6.583s] GC(5) Archive regions: 2->2
[2020-04-16T22:36:07.707+0800][6.583s] GC(5) Humongous regions: 1->1
[2020-04-16T22:36:07.707+0800][6.583s] GC(5) Metaspace: 34719K(35840K)->34719K(35840K) NonClass: 30555K(31360K)->30555K(31360K) Class: 4163K(4480K)->4163K(4480K)
[2020-04-16T22:36:07.707+0800][6.583s] GC(5) Pause Young (Concurrent Start) (Metadata GC Threshold) 48M->22M(512M) 20.811ms
[2020-04-16T22:36:07.707+0800][6.583s] GC(5) User=0.06s Sys=0.00s Real=0.02s
[2020-04-16T22:36:07.707+0800][6.583s] GC(6) Concurrent Cycle
[2020-04-16T22:36:07.707+0800][6.583s] GC(6) Concurrent Clear Claimed Marks
[2020-04-16T22:36:07.707+0800][6.583s] GC(6) Concurrent Clear Claimed Marks 0.064ms
[2020-04-16T22:36:07.707+0800][6.584s] GC(6) Concurrent Scan Root Regions
[2020-04-16T22:36:07.712+0800][6.588s] GC(6) Concurrent Scan Root Regions 4.907ms
[2020-04-16T22:36:07.712+0800][6.588s] GC(6) Concurrent Mark (6.588s)
[2020-04-16T22:36:07.712+0800][6.589s] GC(6) Concurrent Mark From Roots
[2020-04-16T22:36:07.712+0800][6.589s] GC(6) Using 4 workers of 4 for marking
[2020-04-16T22:36:07.714+0800][6.590s] GC(6) Concurrent Mark From Roots 1.548ms
[2020-04-16T22:36:07.714+0800][6.590s] GC(6) Concurrent Preclean
[2020-04-16T22:36:07.714+0800][6.590s] GC(6) Concurrent Preclean 0.033ms
[2020-04-16T22:36:07.714+0800][6.590s] GC(6) Concurrent Mark (6.588s, 6.590s) 1.660ms
[2020-04-16T22:36:07.714+0800][6.591s] GC(6) Pause Remark
[2020-04-16T22:36:07.718+0800][6.594s] GC(6) Pause Remark 23M->23M(512M) 3.660ms
[2020-04-16T22:36:07.718+0800][6.594s] GC(6) User=0.01s Sys=0.00s Real=0.00s
[2020-04-16T22:36:07.728+0800][6.605s] GC(6) Concurrent Rebuild Remembered Sets
[2020-04-16T22:36:07.729+0800][6.606s] GC(6) Concurrent Rebuild Remembered Sets 0.783ms
[2020-04-16T22:36:07.730+0800][6.606s] GC(6) Pause Cleanup
[2020-04-16T22:36:07.730+0800][6.606s] GC(6) Pause Cleanup 24M->24M(512M) 0.171ms
[2020-04-16T22:36:07.730+0800][6.606s] GC(6) User=0.00s Sys=0.00s Real=0.00s
[2020-04-16T22:36:07.741+0800][6.618s] GC(6) Concurrent Cleanup for Next Mark
[2020-04-16T22:36:07.747+0800][6.624s] GC(6) Concurrent Cleanup for Next Mark 5.803ms
[2020-04-16T22:36:07.747+0800][6.624s] GC(6) Concurrent Cycle 40.201ms
[2020-04-16T22:36:10.674+0800][9.550s] GC(7) Pause Young (Normal) (G1 Evacuation Pause)
[2020-04-16T22:36:10.674+0800][9.550s] GC(7) Using 4 workers of 4 for evacuation
[2020-04-16T22:36:10.703+0800][9.579s] GC(7)   Pre Evacuate Collection Set: 0.0ms
[2020-04-16T22:36:10.703+0800][9.579s] GC(7)   Merge Heap Roots: 0.0ms
[2020-04-16T22:36:10.703+0800][9.579s] GC(7)   Evacuate Collection Set: 27.5ms
[2020-04-16T22:36:10.703+0800][9.579s] GC(7)   Post Evacuate Collection Set: 1.6ms
[2020-04-16T22:36:10.703+0800][9.579s] GC(7)   Other: 0.2ms
[2020-04-16T22:36:10.703+0800][9.579s] GC(7) Eden regions: 107->0(98)
[2020-04-16T22:36:10.703+0800][9.579s] GC(7) Survivor regions: 21->30(32)
[2020-04-16T22:36:10.703+0800][9.579s] GC(7) Old regions: 0->0
[2020-04-16T22:36:10.703+0800][9.579s] GC(7) Archive regions: 2->2
[2020-04-16T22:36:10.703+0800][9.579s] GC(7) Humongous regions: 1->1
[2020-04-16T22:36:10.703+0800][9.579s] GC(7) Metaspace: 39044K(40192K)->39044K(40192K) NonClass: 34316K(35072K)->34316K(35072K) Class: 4728K(5120K)->4728K(5120K)
[2020-04-16T22:36:10.703+0800][9.579s] GC(7) Pause Young (Normal) (G1 Evacuation Pause) 129M->31M(512M) 29.485ms
[2020-04-16T22:36:10.703+0800][9.579s] GC(7) User=0.10s Sys=0.01s Real=0.03s
[2020-04-16T22:36:11.100+0800][9.976s] GC(8) Pause Young (Normal) (G1 Evacuation Pause)
[2020-04-16T22:36:11.100+0800][9.976s] GC(8) Using 4 workers of 4 for evacuation
[2020-04-16T22:36:11.262+0800][10.138s] GC(8)   Pre Evacuate Collection Set: 0.1ms
[2020-04-16T22:36:11.262+0800][10.138s] GC(8)   Merge Heap Roots: 0.1ms
[2020-04-16T22:36:11.262+0800][10.138s] GC(8)   Evacuate Collection Set: 160.3ms
[2020-04-16T22:36:11.262+0800][10.138s] GC(8)   Post Evacuate Collection Set: 1.6ms
[2020-04-16T22:36:11.262+0800][10.138s] GC(8)   Other: 0.2ms
[2020-04-16T22:36:11.262+0800][10.138s] GC(8) Eden regions: 98->0(96)
[2020-04-16T22:36:11.262+0800][10.138s] GC(8) Survivor regions: 30->32(32)
[2020-04-16T22:36:11.262+0800][10.138s] GC(8) Old regions: 0->84
[2020-04-16T22:36:11.262+0800][10.138s] GC(8) Archive regions: 2->2
[2020-04-16T22:36:11.262+0800][10.139s] GC(8) Humongous regions: 1->1
[2020-04-16T22:36:11.262+0800][10.139s] GC(8) Metaspace: 39049K(40192K)->39049K(40192K) NonClass: 34320K(35072K)->34320K(35072K) Class: 4728K(5120K)->4728K(5120K)
[2020-04-16T22:36:11.262+0800][10.139s] GC(8) Pause Young (Normal) (G1 Evacuation Pause) 129M->117M(512M) 162.344ms
[2020-04-16T22:36:11.262+0800][10.139s] GC(8) User=0.53s Sys=0.08s Real=0.16s
[2020-04-16T22:36:11.582+0800][10.458s] GC(9) Pause Young (Normal) (G1 Evacuation Pause)
[2020-04-16T22:36:11.582+0800][10.458s] GC(9) Using 4 workers of 4 for evacuation
[2020-04-16T22:36:11.726+0800][10.603s] GC(9)   Pre Evacuate Collection Set: 0.1ms
[2020-04-16T22:36:11.726+0800][10.603s] GC(9)   Merge Heap Roots: 0.1ms
[2020-04-16T22:36:11.726+0800][10.603s] GC(9)   Evacuate Collection Set: 142.9ms
[2020-04-16T22:36:11.726+0800][10.603s] GC(9)   Post Evacuate Collection Set: 1.6ms
[2020-04-16T22:36:11.726+0800][10.603s] GC(9)   Other: 0.2ms
[2020-04-16T22:36:11.726+0800][10.603s] GC(9) Eden regions: 96->0(96)
[2020-04-16T22:36:11.726+0800][10.603s] GC(9) Survivor regions: 32->32(32)
[2020-04-16T22:36:11.726+0800][10.603s] GC(9) Old regions: 84->167
[2020-04-16T22:36:11.727+0800][10.603s] GC(9) Archive regions: 2->2
[2020-04-16T22:36:11.727+0800][10.603s] GC(9) Humongous regions: 1->1
[2020-04-16T22:36:11.727+0800][10.603s] GC(9) Metaspace: 39049K(40192K)->39049K(40192K) NonClass: 34320K(35072K)->34320K(35072K) Class: 4728K(5120K)->4728K(5120K)
[2020-04-16T22:36:11.727+0800][10.603s] GC(9) Pause Young (Normal) (G1 Evacuation Pause) 213M->200M(512M) 144.936ms
[2020-04-16T22:36:11.727+0800][10.603s] GC(9) User=0.49s Sys=0.05s Real=0.14s
[2020-04-16T22:36:12.386+0800][11.262s] GC(10) Pause Young (Normal) (G1 Evacuation Pause)
[2020-04-16T22:36:12.386+0800][11.262s] GC(10) Using 4 workers of 4 for evacuation
[2020-04-16T22:36:12.602+0800][11.479s] GC(10) MMU target violated: 201.0ms (200.0ms/201.0ms)
[2020-04-16T22:36:12.603+0800][11.479s] GC(10)   Pre Evacuate Collection Set: 0.1ms
[2020-04-16T22:36:12.603+0800][11.479s] GC(10)   Merge Heap Roots: 0.1ms
[2020-04-16T22:36:12.603+0800][11.479s] GC(10)   Evacuate Collection Set: 215.6ms
[2020-04-16T22:36:12.603+0800][11.479s] GC(10)   Post Evacuate Collection Set: 0.8ms
[2020-04-16T22:36:12.603+0800][11.479s] GC(10)   Other: 0.2ms
[2020-04-16T22:36:12.603+0800][11.479s] GC(10) Eden regions: 96->0(96)
[2020-04-16T22:36:12.603+0800][11.479s] GC(10) Survivor regions: 32->32(32)
[2020-04-16T22:36:12.603+0800][11.479s] GC(10) Old regions: 167->247
[2020-04-16T22:36:12.603+0800][11.479s] GC(10) Archive regions: 2->2
[2020-04-16T22:36:12.603+0800][11.479s] GC(10) Humongous regions: 1->1
[2020-04-16T22:36:12.603+0800][11.479s] GC(10) Metaspace: 39049K(40192K)->39049K(40192K) NonClass: 34320K(35072K)->34320K(35072K) Class: 4728K(5120K)->4728K(5120K)
[2020-04-16T22:36:12.603+0800][11.479s] GC(10) Pause Young (Normal) (G1 Evacuation Pause) 296M->280M(512M) 216.833ms
[2020-04-16T22:36:12.603+0800][11.479s] GC(10) User=0.55s Sys=0.06s Real=0.22s
[2020-04-16T22:36:14.875+0800][13.751s] GC(11) Pause Young (Concurrent Start) (G1 Evacuation Pause)
[2020-04-16T22:36:14.875+0800][13.751s] GC(11) Using 4 workers of 4 for evacuation
[2020-04-16T22:36:14.987+0800][13.864s] GC(11)   Pre Evacuate Collection Set: 0.2ms
[2020-04-16T22:36:14.988+0800][13.864s] GC(11)   Merge Heap Roots: 0.1ms
[2020-04-16T22:36:14.988+0800][13.864s] GC(11)   Evacuate Collection Set: 111.3ms
[2020-04-16T22:36:14.988+0800][13.864s] GC(11)   Post Evacuate Collection Set: 0.5ms
[2020-04-16T22:36:14.988+0800][13.864s] GC(11)   Other: 0.2ms
[2020-04-16T22:36:14.988+0800][13.864s] GC(11) Eden regions: 96->0(96)
[2020-04-16T22:36:14.988+0800][13.864s] GC(11) Survivor regions: 32->32(32)
[2020-04-16T22:36:14.988+0800][13.864s] GC(11) Old regions: 247->283
[2020-04-16T22:36:14.988+0800][13.864s] GC(11) Archive regions: 2->2
[2020-04-16T22:36:14.988+0800][13.864s] GC(11) Humongous regions: 1->1
[2020-04-16T22:36:14.988+0800][13.864s] GC(11) Metaspace: 39229K(40448K)->39229K(40448K) NonClass: 34491K(35328K)->34491K(35328K) Class: 4738K(5120K)->4738K(5120K)
[2020-04-16T22:36:14.988+0800][13.864s] GC(11) Pause Young (Concurrent Start) (G1 Evacuation Pause) 376M->316M(512M) 112.528ms
[2020-04-16T22:36:14.988+0800][13.864s] GC(11) User=0.35s Sys=0.02s Real=0.11s
[2020-04-16T22:36:14.988+0800][13.864s] GC(12) Concurrent Cycle
[2020-04-16T22:36:14.988+0800][13.864s] GC(12) Concurrent Clear Claimed Marks
[2020-04-16T22:36:14.988+0800][13.864s] GC(12) Concurrent Clear Claimed Marks 0.084ms
[2020-04-16T22:36:14.988+0800][13.864s] GC(12) Concurrent Scan Root Regions
[2020-04-16T22:36:15.047+0800][13.923s] GC(12) Concurrent Scan Root Regions 58.778ms
[2020-04-16T22:36:15.047+0800][13.923s] GC(12) Concurrent Mark (13.923s)
[2020-04-16T22:36:15.047+0800][13.923s] GC(12) Concurrent Mark From Roots
[2020-04-16T22:36:15.047+0800][13.923s] GC(12) Using 4 workers of 4 for marking
[2020-04-16T22:36:15.214+0800][14.090s] GC(13) Pause Young (Normal) (G1 Evacuation Pause)
[2020-04-16T22:36:15.214+0800][14.090s] GC(13) Using 4 workers of 4 for evacuation
[2020-04-16T22:36:15.270+0800][14.146s] GC(13)   Pre Evacuate Collection Set: 0.1ms
[2020-04-16T22:36:15.270+0800][14.146s] GC(13)   Merge Heap Roots: 0.1ms
[2020-04-16T22:36:15.270+0800][14.146s] GC(13)   Evacuate Collection Set: 54.5ms
[2020-04-16T22:36:15.270+0800][14.146s] GC(13)   Post Evacuate Collection Set: 0.6ms
[2020-04-16T22:36:15.270+0800][14.146s] GC(13)   Other: 0.2ms
[2020-04-16T22:36:15.270+0800][14.146s] GC(13) Eden regions: 96->0(101)
[2020-04-16T22:36:15.270+0800][14.146s] GC(13) Survivor regions: 32->27(32)
[2020-04-16T22:36:15.270+0800][14.146s] GC(13) Old regions: 283->290
[2020-04-16T22:36:15.270+0800][14.146s] GC(13) Archive regions: 2->2
[2020-04-16T22:36:15.270+0800][14.146s] GC(13) Humongous regions: 1->1
[2020-04-16T22:36:15.270+0800][14.146s] GC(13) Metaspace: 39266K(40448K)->39266K(40448K) NonClass: 34527K(35328K)->34527K(35328K) Class: 4739K(5120K)->4739K(5120K)
[2020-04-16T22:36:15.270+0800][14.146s] GC(13) Pause Young (Normal) (G1 Evacuation Pause) 412M->318M(512M) 55.607ms
[2020-04-16T22:36:15.270+0800][14.146s] GC(13) User=0.18s Sys=0.01s Real=0.06s
[2020-04-16T22:36:15.753+0800][14.629s] GC(14) Pause Young (Normal) (G1 Evacuation Pause)
[2020-04-16T22:36:15.753+0800][14.629s] GC(14) Using 4 workers of 4 for evacuation
[2020-04-16T22:36:15.791+0800][14.667s] GC(14)   Pre Evacuate Collection Set: 0.1ms
[2020-04-16T22:36:15.791+0800][14.667s] GC(14)   Merge Heap Roots: 0.1ms
[2020-04-16T22:36:15.791+0800][14.667s] GC(14)   Evacuate Collection Set: 37.7ms
[2020-04-16T22:36:15.791+0800][14.667s] GC(14)   Post Evacuate Collection Set: 0.7ms
[2020-04-16T22:36:15.791+0800][14.668s] GC(14)   Other: 0.2ms
[2020-04-16T22:36:15.791+0800][14.668s] GC(14) Eden regions: 101->0(101)
[2020-04-16T22:36:15.791+0800][14.668s] GC(14) Survivor regions: 27->27(32)
[2020-04-16T22:36:15.791+0800][14.668s] GC(14) Old regions: 290->290
[2020-04-16T22:36:15.791+0800][14.668s] GC(14) Archive regions: 2->2
[2020-04-16T22:36:15.791+0800][14.668s] GC(14) Humongous regions: 1->1
[2020-04-16T22:36:15.791+0800][14.668s] GC(14) Metaspace: 39366K(40448K)->39366K(40448K) NonClass: 34626K(35328K)->34626K(35328K) Class: 4740K(5120K)->4740K(5120K)
[2020-04-16T22:36:15.792+0800][14.668s] GC(14) Pause Young (Normal) (G1 Evacuation Pause) 419M->318M(512M) 38.846ms
[2020-04-16T22:36:15.792+0800][14.668s] GC(14) User=0.14s Sys=0.00s Real=0.04s
[2020-04-16T22:36:15.873+0800][14.749s] GC(15) Pause Young (Normal) (G1 Evacuation Pause)
[2020-04-16T22:36:15.873+0800][14.749s] GC(15) Using 4 workers of 4 for evacuation
[2020-04-16T22:36:15.914+0800][14.790s] GC(15)   Pre Evacuate Collection Set: 0.1ms
[2020-04-16T22:36:15.914+0800][14.790s] GC(15)   Merge Heap Roots: 0.1ms
[2020-04-16T22:36:15.914+0800][14.790s] GC(15)   Evacuate Collection Set: 39.3ms
[2020-04-16T22:36:15.914+0800][14.790s] GC(15)   Post Evacuate Collection Set: 0.6ms
[2020-04-16T22:36:15.914+0800][14.790s] GC(15)   Other: 0.2ms
[2020-04-16T22:36:15.914+0800][14.790s] GC(15) Eden regions: 101->0(101)
[2020-04-16T22:36:15.914+0800][14.790s] GC(15) Survivor regions: 27->27(32)
[2020-04-16T22:36:15.914+0800][14.790s] GC(15) Old regions: 290->290
[2020-04-16T22:36:15.914+0800][14.790s] GC(15) Archive regions: 2->2
[2020-04-16T22:36:15.914+0800][14.790s] GC(15) Humongous regions: 1->1
[2020-04-16T22:36:15.914+0800][14.790s] GC(15) Metaspace: 39366K(40448K)->39366K(40448K) NonClass: 34626K(35328K)->34626K(35328K) Class: 4740K(5120K)->4740K(5120K)
[2020-04-16T22:36:15.914+0800][14.790s] GC(15) Pause Young (Normal) (G1 Evacuation Pause) 419M->318M(512M) 40.579ms
[2020-04-16T22:36:15.914+0800][14.790s] GC(15) User=0.14s Sys=0.00s Real=0.04s
[2020-04-16T22:36:15.914+0800][14.790s] GC(12) Concurrent Mark From Roots 867.459ms
[2020-04-16T22:36:15.914+0800][14.790s] GC(12) Concurrent Preclean
[2020-04-16T22:36:15.914+0800][14.790s] GC(12) Concurrent Preclean 0.118ms
[2020-04-16T22:36:15.914+0800][14.790s] GC(12) Concurrent Mark (13.923s, 14.790s) 867.654ms
[2020-04-16T22:36:15.915+0800][14.791s] GC(12) Pause Remark
[2020-04-16T22:36:15.919+0800][14.795s] GC(12) Pause Remark 319M->319M(512M) 4.185ms
[2020-04-16T22:36:15.919+0800][14.795s] GC(12) User=0.01s Sys=0.00s Real=0.00s
[2020-04-16T22:36:15.919+0800][14.795s] GC(12) Concurrent Rebuild Remembered Sets
[2020-04-16T22:36:15.990+0800][14.866s] GC(16) Pause Young (Normal) (G1 Evacuation Pause)
[2020-04-16T22:36:15.990+0800][14.866s] GC(16) Using 4 workers of 4 for evacuation
[2020-04-16T22:36:16.053+0800][14.929s] GC(16)   Pre Evacuate Collection Set: 0.2ms
[2020-04-16T22:36:16.053+0800][14.929s] GC(16)   Merge Heap Roots: 0.1ms
[2020-04-16T22:36:16.053+0800][14.929s] GC(16)   Evacuate Collection Set: 61.7ms
[2020-04-16T22:36:16.053+0800][14.929s] GC(16)   Post Evacuate Collection Set: 0.6ms
[2020-04-16T22:36:16.053+0800][14.929s] GC(16)   Other: 0.3ms
[2020-04-16T22:36:16.053+0800][14.929s] GC(16) Eden regions: 101->0(101)
[2020-04-16T22:36:16.053+0800][14.929s] GC(16) Survivor regions: 27->27(32)
[2020-04-16T22:36:16.053+0800][14.929s] GC(16) Old regions: 290->290
[2020-04-16T22:36:16.053+0800][14.929s] GC(16) Archive regions: 2->2
[2020-04-16T22:36:16.053+0800][14.929s] GC(16) Humongous regions: 1->1
[2020-04-16T22:36:16.053+0800][14.929s] GC(16) Metaspace: 39366K(40448K)->39366K(40448K) NonClass: 34626K(35328K)->34626K(35328K) Class: 4740K(5120K)->4740K(5120K)
[2020-04-16T22:36:16.053+0800][14.929s] GC(16) Pause Young (Normal) (G1 Evacuation Pause) 419M->318M(512M) 63.050ms
[2020-04-16T22:36:16.053+0800][14.929s] GC(16) User=0.14s Sys=0.01s Real=0.06s
[2020-04-16T22:36:16.117+0800][14.993s] GC(17) Pause Young (Normal) (G1 Evacuation Pause)
[2020-04-16T22:36:16.117+0800][14.993s] GC(17) Using 4 workers of 4 for evacuation
[2020-04-16T22:36:16.162+0800][15.038s] GC(17)   Pre Evacuate Collection Set: 0.1ms
[2020-04-16T22:36:16.162+0800][15.038s] GC(17)   Merge Heap Roots: 0.1ms
[2020-04-16T22:36:16.162+0800][15.038s] GC(17)   Evacuate Collection Set: 43.4ms
[2020-04-16T22:36:16.162+0800][15.038s] GC(17)   Post Evacuate Collection Set: 0.8ms
[2020-04-16T22:36:16.162+0800][15.038s] GC(17)   Other: 0.2ms
[2020-04-16T22:36:16.162+0800][15.038s] GC(17) Eden regions: 101->0(101)
[2020-04-16T22:36:16.162+0800][15.038s] GC(17) Survivor regions: 27->27(32)
[2020-04-16T22:36:16.162+0800][15.038s] GC(17) Old regions: 290->290
[2020-04-16T22:36:16.162+0800][15.038s] GC(17) Archive regions: 2->2
[2020-04-16T22:36:16.162+0800][15.038s] GC(17) Humongous regions: 1->1
[2020-04-16T22:36:16.162+0800][15.038s] GC(17) Metaspace: 39366K(40448K)->39366K(40448K) NonClass: 34626K(35328K)->34626K(35328K) Class: 4740K(5120K)->4740K(5120K)
[2020-04-16T22:36:16.162+0800][15.038s] GC(17) Pause Young (Normal) (G1 Evacuation Pause) 419M->318M(512M) 44.721ms
[2020-04-16T22:36:16.162+0800][15.038s] GC(17) User=0.14s Sys=0.00s Real=0.05s
[2020-04-16T22:36:16.232+0800][15.108s] GC(18) Pause Young (Normal) (G1 Evacuation Pause)
[2020-04-16T22:36:16.232+0800][15.108s] GC(18) Using 4 workers of 4 for evacuation
[2020-04-16T22:36:16.273+0800][15.150s] GC(18)   Pre Evacuate Collection Set: 0.1ms
[2020-04-16T22:36:16.273+0800][15.150s] GC(18)   Merge Heap Roots: 0.1ms
[2020-04-16T22:36:16.274+0800][15.150s] GC(18)   Evacuate Collection Set: 41.1ms
[2020-04-16T22:36:16.274+0800][15.150s] GC(18)   Post Evacuate Collection Set: 0.5ms
[2020-04-16T22:36:16.274+0800][15.150s] GC(18)   Other: 0.2ms
[2020-04-16T22:36:16.274+0800][15.150s] GC(18) Eden regions: 101->0(110)
[2020-04-16T22:36:16.274+0800][15.150s] GC(18) Survivor regions: 27->18(32)
[2020-04-16T22:36:16.274+0800][15.150s] GC(18) Old regions: 290->299
[2020-04-16T22:36:16.274+0800][15.150s] GC(18) Archive regions: 2->2
[2020-04-16T22:36:16.274+0800][15.150s] GC(18) Humongous regions: 1->1
[2020-04-16T22:36:16.274+0800][15.150s] GC(18) Metaspace: 39366K(40448K)->39366K(40448K) NonClass: 34626K(35328K)->34626K(35328K) Class: 4740K(5120K)->4740K(5120K)
[2020-04-16T22:36:16.274+0800][15.150s] GC(18) Pause Young (Normal) (G1 Evacuation Pause) 419M->318M(512M) 41.997ms
[2020-04-16T22:36:16.274+0800][15.150s] GC(18) User=0.14s Sys=0.01s Real=0.04s
[2020-04-16T22:36:16.350+0800][15.226s] GC(19) Pause Young (Normal) (G1 Evacuation Pause)
[2020-04-16T22:36:16.350+0800][15.226s] GC(19) Using 4 workers of 4 for evacuation
[2020-04-16T22:36:16.380+0800][15.256s] GC(19)   Pre Evacuate Collection Set: 0.1ms
[2020-04-16T22:36:16.380+0800][15.256s] GC(19)   Merge Heap Roots: 0.1ms
[2020-04-16T22:36:16.380+0800][15.256s] GC(19)   Evacuate Collection Set: 29.3ms
[2020-04-16T22:36:16.380+0800][15.256s] GC(19)   Post Evacuate Collection Set: 0.4ms
[2020-04-16T22:36:16.380+0800][15.256s] GC(19)   Other: 0.2ms
[2020-04-16T22:36:16.380+0800][15.256s] GC(19) Eden regions: 110->0(115)
[2020-04-16T22:36:16.380+0800][15.256s] GC(19) Survivor regions: 18->13(32)
[2020-04-16T22:36:16.380+0800][15.256s] GC(19) Old regions: 299->305
[2020-04-16T22:36:16.380+0800][15.256s] GC(19) Archive regions: 2->2
[2020-04-16T22:36:16.380+0800][15.256s] GC(19) Humongous regions: 1->1
[2020-04-16T22:36:16.380+0800][15.256s] GC(19) Metaspace: 39366K(40448K)->39366K(40448K) NonClass: 34626K(35328K)->34626K(35328K) Class: 4740K(5120K)->4740K(5120K)
[2020-04-16T22:36:16.380+0800][15.256s] GC(19) Pause Young (Normal) (G1 Evacuation Pause) 428M->319M(512M) 30.244ms
[2020-04-16T22:36:16.380+0800][15.256s] GC(19) User=0.10s Sys=0.01s Real=0.03s
[2020-04-16T22:36:16.382+0800][15.258s] GC(12) Concurrent Rebuild Remembered Sets 463.245ms
[2020-04-16T22:36:16.382+0800][15.258s] GC(12) Pause Cleanup
[2020-04-16T22:36:16.383+0800][15.259s] GC(12) Pause Cleanup 324M->324M(512M) 0.230ms
[2020-04-16T22:36:16.383+0800][15.259s] GC(12) User=0.00s Sys=0.00s Real=0.00s
[2020-04-16T22:36:16.383+0800][15.259s] GC(12) Concurrent Cleanup for Next Mark
[2020-04-16T22:36:16.383+0800][15.259s] GC(12) Concurrent Cleanup for Next Mark 0.681ms
[2020-04-16T22:36:16.383+0800][15.259s] GC(12) Concurrent Cycle 1395.637ms
[2020-04-16T22:36:16.414+0800][15.290s] GC(20) Pause Young (Normal) (G1 Evacuation Pause)
[2020-04-16T22:36:16.414+0800][15.290s] GC(20) Using 4 workers of 4 for evacuation
[2020-04-16T22:36:16.436+0800][15.312s] GC(20)   Pre Evacuate Collection Set: 0.1ms
[2020-04-16T22:36:16.436+0800][15.312s] GC(20)   Merge Heap Roots: 0.1ms
[2020-04-16T22:36:16.436+0800][15.312s] GC(20)   Evacuate Collection Set: 21.3ms
[2020-04-16T22:36:16.436+0800][15.312s] GC(20)   Post Evacuate Collection Set: 0.3ms
[2020-04-16T22:36:16.436+0800][15.312s] GC(20)   Other: 0.2ms
[2020-04-16T22:36:16.436+0800][15.312s] GC(20) Eden regions: 115->0(125)
[2020-04-16T22:36:16.436+0800][15.312s] GC(20) Survivor regions: 13->3(32)
[2020-04-16T22:36:16.436+0800][15.312s] GC(20) Old regions: 305->316
[2020-04-16T22:36:16.436+0800][15.312s] GC(20) Archive regions: 2->2
[2020-04-16T22:36:16.436+0800][15.312s] GC(20) Humongous regions: 1->1
[2020-04-16T22:36:16.436+0800][15.312s] GC(20) Metaspace: 39366K(40448K)->39366K(40448K) NonClass: 34626K(35328K)->34626K(35328K) Class: 4740K(5120K)->4740K(5120K)
[2020-04-16T22:36:16.436+0800][15.312s] GC(20) Pause Young (Normal) (G1 Evacuation Pause) 434M->320M(512M) 22.097ms
[2020-04-16T22:36:16.436+0800][15.312s] GC(20) User=0.06s Sys=0.00s Real=0.02s
[2020-04-16T22:36:16.475+0800][15.351s] GC(21) Pause Young (Concurrent Start) (G1 Evacuation Pause)
[2020-04-16T22:36:16.475+0800][15.351s] GC(21) Using 4 workers of 4 for evacuation
[2020-04-16T22:36:16.481+0800][15.357s] GC(21)   Pre Evacuate Collection Set: 0.1ms
[2020-04-16T22:36:16.481+0800][15.358s] GC(21)   Merge Heap Roots: 0.0ms
[2020-04-16T22:36:16.481+0800][15.358s] GC(21)   Evacuate Collection Set: 5.8ms
[2020-04-16T22:36:16.481+0800][15.358s] GC(21)   Post Evacuate Collection Set: 0.7ms
[2020-04-16T22:36:16.481+0800][15.358s] GC(21)   Other: 0.2ms
[2020-04-16T22:36:16.481+0800][15.358s] GC(21) Eden regions: 125->0(127)
[2020-04-16T22:36:16.481+0800][15.358s] GC(21) Survivor regions: 3->1(32)
[2020-04-16T22:36:16.481+0800][15.358s] GC(21) Old regions: 316->317
[2020-04-16T22:36:16.481+0800][15.358s] GC(21) Archive regions: 2->2
[2020-04-16T22:36:16.481+0800][15.358s] GC(21) Humongous regions: 1->1
[2020-04-16T22:36:16.482+0800][15.358s] GC(21) Metaspace: 39366K(40448K)->39366K(40448K) NonClass: 34626K(35328K)->34626K(35328K) Class: 4740K(5120K)->4740K(5120K)
[2020-04-16T22:36:16.482+0800][15.358s] GC(21) Pause Young (Concurrent Start) (G1 Evacuation Pause) 445M->319M(512M) 6.895ms
[2020-04-16T22:36:16.482+0800][15.358s] GC(21) User=0.00s Sys=0.01s Real=0.01s
[2020-04-16T22:36:16.482+0800][15.358s] GC(22) Concurrent Cycle
[2020-04-16T22:36:16.482+0800][15.358s] GC(22) Concurrent Clear Claimed Marks
[2020-04-16T22:36:16.482+0800][15.358s] GC(22) Concurrent Clear Claimed Marks 0.076ms
[2020-04-16T22:36:16.482+0800][15.358s] GC(22) Concurrent Scan Root Regions
[2020-04-16T22:36:16.483+0800][15.359s] GC(22) Concurrent Scan Root Regions 0.892ms
[2020-04-16T22:36:16.483+0800][15.359s] GC(22) Concurrent Mark (15.359s)
[2020-04-16T22:36:16.483+0800][15.359s] GC(22) Concurrent Mark From Roots
[2020-04-16T22:36:16.483+0800][15.359s] GC(22) Using 4 workers of 4 for marking
[2020-04-16T22:36:16.682+0800][15.558s] GC(23) Pause Young (Normal) (G1 Evacuation Pause)
[2020-04-16T22:36:16.682+0800][15.558s] GC(23) Using 4 workers of 4 for evacuation
[2020-04-16T22:36:16.684+0800][15.560s] GC(23)   Pre Evacuate Collection Set: 0.1ms
[2020-04-16T22:36:16.684+0800][15.560s] GC(23)   Merge Heap Roots: 0.0ms
[2020-04-16T22:36:16.684+0800][15.560s] GC(23)   Evacuate Collection Set: 1.3ms
[2020-04-16T22:36:16.684+0800][15.560s] GC(23)   Post Evacuate Collection Set: 0.3ms
[2020-04-16T22:36:16.684+0800][15.560s] GC(23)   Other: 0.2ms
[2020-04-16T22:36:16.684+0800][15.560s] GC(23) Eden regions: 127->0(128)
[2020-04-16T22:36:16.684+0800][15.560s] GC(23) Survivor regions: 1->0(32)
[2020-04-16T22:36:16.684+0800][15.560s] GC(23) Old regions: 317->318
[2020-04-16T22:36:16.684+0800][15.560s] GC(23) Archive regions: 2->2
[2020-04-16T22:36:16.684+0800][15.560s] GC(23) Humongous regions: 1->1
[2020-04-16T22:36:16.684+0800][15.560s] GC(23) Metaspace: 39366K(40448K)->39366K(40448K) NonClass: 34626K(35328K)->34626K(35328K) Class: 4740K(5120K)->4740K(5120K)
[2020-04-16T22:36:16.684+0800][15.560s] GC(23) Pause Young (Normal) (G1 Evacuation Pause) 446M->319M(512M) 2.022ms
[2020-04-16T22:36:16.684+0800][15.560s] GC(23) User=0.01s Sys=0.00s Real=0.00s
[2020-04-16T22:36:16.787+0800][15.663s] GC(24) Pause Young (Normal) (G1 Evacuation Pause)
[2020-04-16T22:36:16.787+0800][15.663s] GC(24) Using 4 workers of 4 for evacuation
[2020-04-16T22:36:16.787+0800][15.663s] GC(24)   Pre Evacuate Collection Set: 0.1ms
[2020-04-16T22:36:16.787+0800][15.664s] GC(24)   Merge Heap Roots: 0.0ms
[2020-04-16T22:36:16.787+0800][15.664s] GC(24)   Evacuate Collection Set: 0.2ms
[2020-04-16T22:36:16.787+0800][15.664s] GC(24)   Post Evacuate Collection Set: 0.3ms
[2020-04-16T22:36:16.787+0800][15.664s] GC(24)   Other: 0.1ms
[2020-04-16T22:36:16.787+0800][15.664s] GC(24) Eden regions: 128->0(128)
[2020-04-16T22:36:16.788+0800][15.664s] GC(24) Survivor regions: 0->0(32)
[2020-04-16T22:36:16.788+0800][15.664s] GC(24) Old regions: 318->318
[2020-04-16T22:36:16.788+0800][15.664s] GC(24) Archive regions: 2->2
[2020-04-16T22:36:16.788+0800][15.664s] GC(24) Humongous regions: 1->1
[2020-04-16T22:36:16.788+0800][15.664s] GC(24) Metaspace: 39366K(40448K)->39366K(40448K) NonClass: 34626K(35328K)->34626K(35328K) Class: 4740K(5120K)->4740K(5120K)
[2020-04-16T22:36:16.788+0800][15.664s] GC(24) Pause Young (Normal) (G1 Evacuation Pause) 447M->319M(512M) 0.919ms
[2020-04-16T22:36:16.788+0800][15.664s] GC(24) User=0.00s Sys=0.00s Real=0.00s
[2020-04-16T22:36:16.894+0800][15.770s] GC(25) Pause Young (Normal) (G1 Evacuation Pause)
[2020-04-16T22:36:16.894+0800][15.770s] GC(25) Using 4 workers of 4 for evacuation
[2020-04-16T22:36:16.894+0800][15.770s] GC(25)   Pre Evacuate Collection Set: 0.1ms
[2020-04-16T22:36:16.894+0800][15.770s] GC(25)   Merge Heap Roots: 0.1ms
[2020-04-16T22:36:16.894+0800][15.770s] GC(25)   Evacuate Collection Set: 0.2ms
[2020-04-16T22:36:16.894+0800][15.771s] GC(25)   Post Evacuate Collection Set: 0.3ms
[2020-04-16T22:36:16.894+0800][15.771s] GC(25)   Other: 0.1ms
[2020-04-16T22:36:16.894+0800][15.771s] GC(25) Eden regions: 128->0(128)
[2020-04-16T22:36:16.894+0800][15.771s] GC(25) Survivor regions: 0->0(32)
[2020-04-16T22:36:16.894+0800][15.771s] GC(25) Old regions: 318->318
[2020-04-16T22:36:16.894+0800][15.771s] GC(25) Archive regions: 2->2
[2020-04-16T22:36:16.894+0800][15.771s] GC(25) Humongous regions: 1->1
[2020-04-16T22:36:16.895+0800][15.771s] GC(25) Metaspace: 39366K(40448K)->39366K(40448K) NonClass: 34626K(35328K)->34626K(35328K) Class: 4740K(5120K)->4740K(5120K)
[2020-04-16T22:36:16.895+0800][15.771s] GC(25) Pause Young (Normal) (G1 Evacuation Pause) 447M->319M(512M) 0.902ms
[2020-04-16T22:36:16.895+0800][15.771s] GC(25) User=0.00s Sys=0.00s Real=0.00s
[2020-04-16T22:36:16.984+0800][15.860s] GC(26) Pause Young (Normal) (G1 Evacuation Pause)
[2020-04-16T22:36:16.984+0800][15.860s] GC(26) Using 4 workers of 4 for evacuation
[2020-04-16T22:36:16.984+0800][15.860s] GC(26)   Pre Evacuate Collection Set: 0.1ms
[2020-04-16T22:36:16.984+0800][15.860s] GC(26)   Merge Heap Roots: 0.0ms
[2020-04-16T22:36:16.984+0800][15.860s] GC(26)   Evacuate Collection Set: 0.2ms
[2020-04-16T22:36:16.984+0800][15.860s] GC(26)   Post Evacuate Collection Set: 0.3ms
[2020-04-16T22:36:16.984+0800][15.860s] GC(26)   Other: 0.1ms
[2020-04-16T22:36:16.984+0800][15.860s] GC(26) Eden regions: 128->0(128)
[2020-04-16T22:36:16.984+0800][15.860s] GC(26) Survivor regions: 0->0(32)
[2020-04-16T22:36:16.984+0800][15.860s] GC(26) Old regions: 318->318
[2020-04-16T22:36:16.984+0800][15.860s] GC(26) Archive regions: 2->2
[2020-04-16T22:36:16.984+0800][15.860s] GC(26) Humongous regions: 1->1
[2020-04-16T22:36:16.984+0800][15.860s] GC(26) Metaspace: 39366K(40448K)->39366K(40448K) NonClass: 34626K(35328K)->34626K(35328K) Class: 4740K(5120K)->4740K(5120K)
[2020-04-16T22:36:16.984+0800][15.861s] GC(26) Pause Young (Normal) (G1 Evacuation Pause) 447M->319M(512M) 0.900ms
[2020-04-16T22:36:16.984+0800][15.861s] GC(26) User=0.00s Sys=0.00s Real=0.00s
[2020-04-16T22:36:17.011+0800][15.887s] GC(22) Concurrent Mark From Roots 528.543ms
[2020-04-16T22:36:17.011+0800][15.887s] GC(22) Concurrent Preclean
[2020-04-16T22:36:17.012+0800][15.888s] GC(22) Concurrent Preclean 0.326ms
[2020-04-16T22:36:17.012+0800][15.888s] GC(22) Concurrent Mark (15.359s, 15.888s) 529.008ms
[2020-04-16T22:36:17.012+0800][15.888s] GC(22) Pause Remark
[2020-04-16T22:36:17.018+0800][15.894s] GC(22) Pause Remark 353M->353M(512M) 6.401ms
[2020-04-16T22:36:17.018+0800][15.894s] GC(22) User=0.02s Sys=0.00s Real=0.00s
[2020-04-16T22:36:17.018+0800][15.894s] GC(22) Concurrent Rebuild Remembered Sets
[2020-04-16T22:36:17.085+0800][15.961s] GC(27) Pause Young (Normal) (G1 Evacuation Pause)
[2020-04-16T22:36:17.085+0800][15.961s] GC(27) Using 4 workers of 4 for evacuation
[2020-04-16T22:36:17.085+0800][15.961s] GC(27)   Pre Evacuate Collection Set: 0.1ms
[2020-04-16T22:36:17.085+0800][15.962s] GC(27)   Merge Heap Roots: 0.0ms
[2020-04-16T22:36:17.085+0800][15.962s] GC(27)   Evacuate Collection Set: 0.2ms
[2020-04-16T22:36:17.085+0800][15.962s] GC(27)   Post Evacuate Collection Set: 0.3ms
[2020-04-16T22:36:17.085+0800][15.962s] GC(27)   Other: 0.1ms
[2020-04-16T22:36:17.085+0800][15.962s] GC(27) Eden regions: 128->0(128)
[2020-04-16T22:36:17.086+0800][15.962s] GC(27) Survivor regions: 0->0(32)
[2020-04-16T22:36:17.086+0800][15.962s] GC(27) Old regions: 318->318
[2020-04-16T22:36:17.086+0800][15.962s] GC(27) Archive regions: 2->2
[2020-04-16T22:36:17.086+0800][15.962s] GC(27) Humongous regions: 1->1
[2020-04-16T22:36:17.086+0800][15.962s] GC(27) Metaspace: 39364K(40448K)->39364K(40448K) NonClass: 34625K(35328K)->34625K(35328K) Class: 4739K(5120K)->4739K(5120K)
[2020-04-16T22:36:17.086+0800][15.962s] GC(27) Pause Young (Normal) (G1 Evacuation Pause) 447M->319M(512M) 0.878ms
[2020-04-16T22:36:17.086+0800][15.962s] GC(27) User=0.00s Sys=0.00s Real=0.00s
[2020-04-16T22:36:17.219+0800][16.095s] GC(28) Pause Young (Normal) (G1 Evacuation Pause)
[2020-04-16T22:36:17.219+0800][16.095s] GC(28) Using 4 workers of 4 for evacuation
[2020-04-16T22:36:17.220+0800][16.096s] GC(28)   Pre Evacuate Collection Set: 0.1ms
[2020-04-16T22:36:17.220+0800][16.096s] GC(28)   Merge Heap Roots: 0.0ms
[2020-04-16T22:36:17.220+0800][16.096s] GC(28)   Evacuate Collection Set: 0.2ms
[2020-04-16T22:36:17.220+0800][16.096s] GC(28)   Post Evacuate Collection Set: 0.3ms
[2020-04-16T22:36:17.220+0800][16.096s] GC(28)   Other: 0.2ms
[2020-04-16T22:36:17.220+0800][16.096s] GC(28) Eden regions: 128->0(128)
[2020-04-16T22:36:17.220+0800][16.096s] GC(28) Survivor regions: 0->0(32)
[2020-04-16T22:36:17.220+0800][16.096s] GC(28) Old regions: 318->318
[2020-04-16T22:36:17.220+0800][16.096s] GC(28) Archive regions: 2->2
[2020-04-16T22:36:17.220+0800][16.096s] GC(28) Humongous regions: 1->1
[2020-04-16T22:36:17.220+0800][16.096s] GC(28) Metaspace: 39364K(40448K)->39364K(40448K) NonClass: 34625K(35328K)->34625K(35328K) Class: 4739K(5120K)->4739K(5120K)
[2020-04-16T22:36:17.220+0800][16.096s] GC(28) Pause Young (Normal) (G1 Evacuation Pause) 447M->319M(512M) 0.945ms
[2020-04-16T22:36:17.220+0800][16.096s] GC(28) User=0.00s Sys=0.00s Real=0.01s
[2020-04-16T22:36:17.308+0800][16.185s] GC(29) Pause Young (Normal) (G1 Evacuation Pause)
[2020-04-16T22:36:17.308+0800][16.185s] GC(29) Using 4 workers of 4 for evacuation
[2020-04-16T22:36:17.310+0800][16.186s] GC(29)   Pre Evacuate Collection Set: 0.1ms
[2020-04-16T22:36:17.310+0800][16.186s] GC(29)   Merge Heap Roots: 0.0ms
[2020-04-16T22:36:17.310+0800][16.186s] GC(29)   Evacuate Collection Set: 0.3ms
[2020-04-16T22:36:17.310+0800][16.186s] GC(29)   Post Evacuate Collection Set: 0.6ms
[2020-04-16T22:36:17.310+0800][16.186s] GC(29)   Other: 0.2ms
[2020-04-16T22:36:17.310+0800][16.186s] GC(29) Eden regions: 128->0(128)
[2020-04-16T22:36:17.310+0800][16.186s] GC(29) Survivor regions: 0->0(32)
[2020-04-16T22:36:17.310+0800][16.186s] GC(29) Old regions: 318->318
[2020-04-16T22:36:17.310+0800][16.186s] GC(29) Archive regions: 2->2
[2020-04-16T22:36:17.310+0800][16.186s] GC(29) Humongous regions: 1->1
[2020-04-16T22:36:17.310+0800][16.186s] GC(29) Metaspace: 39364K(40448K)->39364K(40448K) NonClass: 34625K(35328K)->34625K(35328K) Class: 4739K(5120K)->4739K(5120K)
[2020-04-16T22:36:17.310+0800][16.186s] GC(29) Pause Young (Normal) (G1 Evacuation Pause) 447M->319M(512M) 1.282ms
[2020-04-16T22:36:17.310+0800][16.186s] GC(29) User=0.00s Sys=0.00s Real=0.01s
[2020-04-16T22:36:17.385+0800][16.261s] GC(22) Concurrent Rebuild Remembered Sets 366.339ms
[2020-04-16T22:36:17.385+0800][16.261s] GC(22) Pause Cleanup
[2020-04-16T22:36:17.385+0800][16.261s] GC(22) Pause Cleanup 430M->430M(512M) 0.297ms
[2020-04-16T22:36:17.385+0800][16.261s] GC(22) User=0.00s Sys=0.00s Real=0.00s
[2020-04-16T22:36:17.385+0800][16.261s] GC(22) Concurrent Cleanup for Next Mark
[2020-04-16T22:36:17.386+0800][16.262s] GC(22) Concurrent Cleanup for Next Mark 0.855ms
[2020-04-16T22:36:17.386+0800][16.262s] GC(22) Concurrent Cycle 904.611ms
[2020-04-16T22:36:17.392+0800][16.268s] GC(30) Pause Young (Normal) (G1 Evacuation Pause)
[2020-04-16T22:36:17.392+0800][16.268s] GC(30) Using 4 workers of 4 for evacuation
[2020-04-16T22:36:17.393+0800][16.269s] GC(30)   Pre Evacuate Collection Set: 0.1ms
[2020-04-16T22:36:17.393+0800][16.269s] GC(30)   Merge Heap Roots: 0.0ms
[2020-04-16T22:36:17.393+0800][16.269s] GC(30)   Evacuate Collection Set: 0.3ms
[2020-04-16T22:36:17.393+0800][16.269s] GC(30)   Post Evacuate Collection Set: 0.3ms
[2020-04-16T22:36:17.393+0800][16.269s] GC(30)   Other: 0.4ms
[2020-04-16T22:36:17.393+0800][16.269s] GC(30) Eden regions: 128->0(128)
[2020-04-16T22:36:17.393+0800][16.269s] GC(30) Survivor regions: 0->0(32)
[2020-04-16T22:36:17.393+0800][16.269s] GC(30) Old regions: 318->318
[2020-04-16T22:36:17.393+0800][16.269s] GC(30) Archive regions: 2->2
[2020-04-16T22:36:17.393+0800][16.269s] GC(30) Humongous regions: 1->1
[2020-04-16T22:36:17.393+0800][16.269s] GC(30) Metaspace: 39364K(40448K)->39364K(40448K) NonClass: 34625K(35328K)->34625K(35328K) Class: 4739K(5120K)->4739K(5120K)
[2020-04-16T22:36:17.393+0800][16.269s] GC(30) Pause Young (Normal) (G1 Evacuation Pause) 447M->319M(512M) 1.271ms
[2020-04-16T22:36:17.393+0800][16.270s] GC(30) User=0.00s Sys=0.00s Real=0.00s
[2020-04-16T22:36:17.432+0800][16.308s] GC(31) Pause Young (Concurrent Start) (G1 Evacuation Pause)
[2020-04-16T22:36:17.432+0800][16.308s] GC(31) Using 4 workers of 4 for evacuation
[2020-04-16T22:36:17.433+0800][16.309s] GC(31)   Pre Evacuate Collection Set: 0.1ms
[2020-04-16T22:36:17.433+0800][16.309s] GC(31)   Merge Heap Roots: 0.2ms
[2020-04-16T22:36:17.433+0800][16.309s] GC(31)   Evacuate Collection Set: 0.5ms
[2020-04-16T22:36:17.433+0800][16.309s] GC(31)   Post Evacuate Collection Set: 0.3ms
[2020-04-16T22:36:17.433+0800][16.309s] GC(31)   Other: 0.1ms
[2020-04-16T22:36:17.433+0800][16.310s] GC(31) Eden regions: 128->0(128)
[2020-04-16T22:36:17.433+0800][16.310s] GC(31) Survivor regions: 0->0(32)
[2020-04-16T22:36:17.433+0800][16.310s] GC(31) Old regions: 318->318
[2020-04-16T22:36:17.433+0800][16.310s] GC(31) Archive regions: 2->2
[2020-04-16T22:36:17.433+0800][16.310s] GC(31) Humongous regions: 1->1
[2020-04-16T22:36:17.433+0800][16.310s] GC(31) Metaspace: 39364K(40448K)->39364K(40448K) NonClass: 34625K(35328K)->34625K(35328K) Class: 4739K(5120K)->4739K(5120K)
[2020-04-16T22:36:17.434+0800][16.310s] GC(31) Pause Young (Concurrent Start) (G1 Evacuation Pause) 447M->319M(512M) 1.402ms
[2020-04-16T22:36:17.434+0800][16.310s] GC(31) User=0.00s Sys=0.00s Real=0.00s
[2020-04-16T22:36:17.434+0800][16.310s] GC(32) Concurrent Cycle
[2020-04-16T22:36:17.434+0800][16.310s] GC(32) Concurrent Clear Claimed Marks
[2020-04-16T22:36:17.434+0800][16.310s] GC(32) Concurrent Clear Claimed Marks 0.061ms
[2020-04-16T22:36:17.434+0800][16.310s] GC(32) Concurrent Scan Root Regions
[2020-04-16T22:36:17.434+0800][16.310s] GC(32) Concurrent Scan Root Regions 0.008ms
[2020-04-16T22:36:17.434+0800][16.310s] GC(32) Concurrent Mark (16.310s)
[2020-04-16T22:36:17.434+0800][16.310s] GC(32) Concurrent Mark From Roots
[2020-04-16T22:36:17.434+0800][16.310s] GC(32) Using 4 workers of 4 for marking
[2020-04-16T22:36:17.589+0800][16.465s] GC(33) Pause Young (Normal) (G1 Evacuation Pause)
[2020-04-16T22:36:17.589+0800][16.465s] GC(33) Using 4 workers of 4 for evacuation
[2020-04-16T22:36:17.591+0800][16.467s] GC(33)   Pre Evacuate Collection Set: 0.1ms
[2020-04-16T22:36:17.591+0800][16.467s] GC(33)   Merge Heap Roots: 0.1ms
[2020-04-16T22:36:17.591+0800][16.467s] GC(33)   Evacuate Collection Set: 0.9ms
[2020-04-16T22:36:17.591+0800][16.467s] GC(33)   Post Evacuate Collection Set: 0.9ms
[2020-04-16T22:36:17.591+0800][16.467s] GC(33)   Other: 0.2ms
[2020-04-16T22:36:17.591+0800][16.467s] GC(33) Eden regions: 128->0(128)
[2020-04-16T22:36:17.591+0800][16.467s] GC(33) Survivor regions: 0->0(32)
[2020-04-16T22:36:17.591+0800][16.467s] GC(33) Old regions: 318->318
[2020-04-16T22:36:17.591+0800][16.467s] GC(33) Archive regions: 2->2
[2020-04-16T22:36:17.591+0800][16.467s] GC(33) Humongous regions: 1->1
[2020-04-16T22:36:17.591+0800][16.467s] GC(33) Metaspace: 39364K(40448K)->39364K(40448K) NonClass: 34625K(35328K)->34625K(35328K) Class: 4739K(5120K)->4739K(5120K)
[2020-04-16T22:36:17.591+0800][16.467s] GC(33) Pause Young (Normal) (G1 Evacuation Pause) 447M->319M(512M) 2.335ms
[2020-04-16T22:36:17.591+0800][16.468s] GC(33) User=0.01s Sys=0.00s Real=0.01s
[2020-04-16T22:36:17.697+0800][16.573s] GC(34) Pause Young (Normal) (G1 Evacuation Pause)
[2020-04-16T22:36:17.697+0800][16.573s] GC(34) Using 4 workers of 4 for evacuation
[2020-04-16T22:36:17.698+0800][16.574s] GC(34)   Pre Evacuate Collection Set: 0.1ms
[2020-04-16T22:36:17.698+0800][16.574s] GC(34)   Merge Heap Roots: 0.1ms
[2020-04-16T22:36:17.698+0800][16.574s] GC(34)   Evacuate Collection Set: 0.2ms
[2020-04-16T22:36:17.698+0800][16.574s] GC(34)   Post Evacuate Collection Set: 0.3ms
[2020-04-16T22:36:17.698+0800][16.574s] GC(34)   Other: 0.1ms
[2020-04-16T22:36:17.698+0800][16.574s] GC(34) Eden regions: 128->0(128)
[2020-04-16T22:36:17.698+0800][16.574s] GC(34) Survivor regions: 0->0(32)
[2020-04-16T22:36:17.698+0800][16.574s] GC(34) Old regions: 318->318
[2020-04-16T22:36:17.698+0800][16.574s] GC(34) Archive regions: 2->2
[2020-04-16T22:36:17.698+0800][16.574s] GC(34) Humongous regions: 1->1
[2020-04-16T22:36:17.698+0800][16.574s] GC(34) Metaspace: 39364K(40448K)->39364K(40448K) NonClass: 34625K(35328K)->34625K(35328K) Class: 4739K(5120K)->4739K(5120K)
[2020-04-16T22:36:17.698+0800][16.574s] GC(34) Pause Young (Normal) (G1 Evacuation Pause) 447M->319M(512M) 0.961ms
[2020-04-16T22:36:17.698+0800][16.574s] GC(34) User=0.01s Sys=0.00s Real=0.00s
[2020-04-16T22:36:17.793+0800][16.669s] GC(35) Pause Young (Normal) (G1 Evacuation Pause)
[2020-04-16T22:36:17.793+0800][16.669s] GC(35) Using 4 workers of 4 for evacuation
[2020-04-16T22:36:17.794+0800][16.670s] GC(35)   Pre Evacuate Collection Set: 0.1ms
[2020-04-16T22:36:17.794+0800][16.670s] GC(35)   Merge Heap Roots: 0.0ms
[2020-04-16T22:36:17.794+0800][16.670s] GC(35)   Evacuate Collection Set: 0.3ms
[2020-04-16T22:36:17.794+0800][16.670s] GC(35)   Post Evacuate Collection Set: 0.4ms
[2020-04-16T22:36:17.794+0800][16.670s] GC(35)   Other: 0.1ms
[2020-04-16T22:36:17.794+0800][16.670s] GC(35) Eden regions: 128->0(128)
[2020-04-16T22:36:17.794+0800][16.670s] GC(35) Survivor regions: 0->0(32)
[2020-04-16T22:36:17.794+0800][16.670s] GC(35) Old regions: 318->318
[2020-04-16T22:36:17.794+0800][16.670s] GC(35) Archive regions: 2->2
[2020-04-16T22:36:17.794+0800][16.670s] GC(35) Humongous regions: 1->1
[2020-04-16T22:36:17.794+0800][16.670s] GC(35) Metaspace: 39364K(40448K)->39364K(40448K) NonClass: 34625K(35328K)->34625K(35328K) Class: 4739K(5120K)->4739K(5120K)
[2020-04-16T22:36:17.794+0800][16.670s] GC(35) Pause Young (Normal) (G1 Evacuation Pause) 447M->319M(512M) 1.466ms
[2020-04-16T22:36:17.794+0800][16.670s] GC(35) User=0.00s Sys=0.00s Real=0.00s
[2020-04-16T22:36:17.892+0800][16.768s] GC(36) Pause Young (Normal) (G1 Evacuation Pause)
[2020-04-16T22:36:17.892+0800][16.768s] GC(36) Using 4 workers of 4 for evacuation
[2020-04-16T22:36:17.892+0800][16.768s] GC(36)   Pre Evacuate Collection Set: 0.1ms
[2020-04-16T22:36:17.892+0800][16.768s] GC(36)   Merge Heap Roots: 0.0ms
[2020-04-16T22:36:17.892+0800][16.768s] GC(36)   Evacuate Collection Set: 0.2ms
[2020-04-16T22:36:17.892+0800][16.768s] GC(36)   Post Evacuate Collection Set: 0.4ms
[2020-04-16T22:36:17.892+0800][16.768s] GC(36)   Other: 0.1ms
[2020-04-16T22:36:17.892+0800][16.768s] GC(36) Eden regions: 128->0(128)
[2020-04-16T22:36:17.892+0800][16.768s] GC(36) Survivor regions: 0->0(32)
[2020-04-16T22:36:17.892+0800][16.768s] GC(36) Old regions: 318->318
[2020-04-16T22:36:17.892+0800][16.768s] GC(36) Archive regions: 2->2
[2020-04-16T22:36:17.892+0800][16.768s] GC(36) Humongous regions: 1->1
[2020-04-16T22:36:17.892+0800][16.768s] GC(36) Metaspace: 39364K(40448K)->39364K(40448K) NonClass: 34625K(35328K)->34625K(35328K) Class: 4739K(5120K)->4739K(5120K)
[2020-04-16T22:36:17.892+0800][16.769s] GC(36) Pause Young (Normal) (G1 Evacuation Pause) 447M->319M(512M) 0.922ms
[2020-04-16T22:36:17.892+0800][16.769s] GC(36) User=0.00s Sys=0.00s Real=0.00s
[2020-04-16T22:36:17.990+0800][16.866s] GC(37) Pause Young (Normal) (G1 Evacuation Pause)
[2020-04-16T22:36:17.990+0800][16.866s] GC(37) Using 4 workers of 4 for evacuation
[2020-04-16T22:36:17.991+0800][16.867s] GC(37)   Pre Evacuate Collection Set: 0.0ms
[2020-04-16T22:36:17.991+0800][16.867s] GC(37)   Merge Heap Roots: 0.0ms
[2020-04-16T22:36:17.991+0800][16.867s] GC(37)   Evacuate Collection Set: 0.2ms
[2020-04-16T22:36:17.991+0800][16.867s] GC(37)   Post Evacuate Collection Set: 0.3ms
[2020-04-16T22:36:17.991+0800][16.867s] GC(37)   Other: 0.2ms
[2020-04-16T22:36:17.991+0800][16.867s] GC(37) Eden regions: 128->0(128)
[2020-04-16T22:36:17.991+0800][16.867s] GC(37) Survivor regions: 0->0(32)
[2020-04-16T22:36:17.991+0800][16.867s] GC(37) Old regions: 318->318
[2020-04-16T22:36:17.991+0800][16.867s] GC(37) Archive regions: 2->2
[2020-04-16T22:36:17.991+0800][16.867s] GC(37) Humongous regions: 1->1
[2020-04-16T22:36:17.991+0800][16.867s] GC(37) Metaspace: 39364K(40448K)->39364K(40448K) NonClass: 34625K(35328K)->34625K(35328K) Class: 4739K(5120K)->4739K(5120K)
[2020-04-16T22:36:17.991+0800][16.867s] GC(37) Pause Young (Normal) (G1 Evacuation Pause) 447M->319M(512M) 1.021ms
[2020-04-16T22:36:17.991+0800][16.867s] GC(37) User=0.00s Sys=0.00s Real=0.00s
[2020-04-16T22:36:18.031+0800][16.907s] GC(32) Concurrent Mark From Roots 597.171ms
[2020-04-16T22:36:18.031+0800][16.907s] GC(32) Concurrent Preclean
[2020-04-16T22:36:18.031+0800][16.907s] GC(32) Concurrent Preclean 0.123ms
[2020-04-16T22:36:18.031+0800][16.907s] GC(32) Concurrent Mark (16.310s, 16.907s) 597.398ms
[2020-04-16T22:36:18.031+0800][16.907s] GC(32) Pause Remark
[2020-04-16T22:36:18.035+0800][16.911s] GC(32) Pause Remark 367M->367M(512M) 3.924ms
[2020-04-16T22:36:18.035+0800][16.911s] GC(32) User=0.01s Sys=0.00s Real=0.00s
[2020-04-16T22:36:18.035+0800][16.911s] GC(32) Concurrent Rebuild Remembered Sets
[2020-04-16T22:36:18.103+0800][16.979s] GC(38) Pause Young (Normal) (G1 Evacuation Pause)
[2020-04-16T22:36:18.103+0800][16.979s] GC(38) Using 4 workers of 4 for evacuation
[2020-04-16T22:36:18.104+0800][16.980s] GC(38)   Pre Evacuate Collection Set: 0.1ms
[2020-04-16T22:36:18.104+0800][16.980s] GC(38)   Merge Heap Roots: 0.0ms
[2020-04-16T22:36:18.104+0800][16.980s] GC(38)   Evacuate Collection Set: 0.3ms
[2020-04-16T22:36:18.104+0800][16.980s] GC(38)   Post Evacuate Collection Set: 0.3ms
[2020-04-16T22:36:18.104+0800][16.980s] GC(38)   Other: 0.2ms
[2020-04-16T22:36:18.104+0800][16.980s] GC(38) Eden regions: 128->0(128)
[2020-04-16T22:36:18.104+0800][16.980s] GC(38) Survivor regions: 0->0(32)
[2020-04-16T22:36:18.104+0800][16.980s] GC(38) Old regions: 318->318
[2020-04-16T22:36:18.104+0800][16.980s] GC(38) Archive regions: 2->2
[2020-04-16T22:36:18.104+0800][16.980s] GC(38) Humongous regions: 1->1
[2020-04-16T22:36:18.104+0800][16.980s] GC(38) Metaspace: 39364K(40448K)->39364K(40448K) NonClass: 34625K(35328K)->34625K(35328K) Class: 4739K(5120K)->4739K(5120K)
[2020-04-16T22:36:18.104+0800][16.980s] GC(38) Pause Young (Normal) (G1 Evacuation Pause) 447M->319M(512M) 1.116ms
[2020-04-16T22:36:18.104+0800][16.981s] GC(38) User=0.00s Sys=0.00s Real=0.00s
[2020-04-16T22:36:18.186+0800][17.062s] GC(39) Pause Young (Normal) (G1 Evacuation Pause)
[2020-04-16T22:36:18.186+0800][17.062s] GC(39) Using 4 workers of 4 for evacuation
[2020-04-16T22:36:18.186+0800][17.062s] GC(39)   Pre Evacuate Collection Set: 0.1ms
[2020-04-16T22:36:18.186+0800][17.062s] GC(39)   Merge Heap Roots: 0.0ms
[2020-04-16T22:36:18.186+0800][17.062s] GC(39)   Evacuate Collection Set: 0.2ms
[2020-04-16T22:36:18.186+0800][17.062s] GC(39)   Post Evacuate Collection Set: 0.3ms
[2020-04-16T22:36:18.186+0800][17.062s] GC(39)   Other: 0.1ms
[2020-04-16T22:36:18.186+0800][17.062s] GC(39) Eden regions: 128->0(128)
[2020-04-16T22:36:18.186+0800][17.062s] GC(39) Survivor regions: 0->0(32)
[2020-04-16T22:36:18.186+0800][17.063s] GC(39) Old regions: 318->318
[2020-04-16T22:36:18.186+0800][17.063s] GC(39) Archive regions: 2->2
[2020-04-16T22:36:18.186+0800][17.063s] GC(39) Humongous regions: 1->1
[2020-04-16T22:36:18.186+0800][17.063s] GC(39) Metaspace: 39364K(40448K)->39364K(40448K) NonClass: 34625K(35328K)->34625K(35328K) Class: 4739K(5120K)->4739K(5120K)
[2020-04-16T22:36:18.187+0800][17.063s] GC(39) Pause Young (Normal) (G1 Evacuation Pause) 447M->319M(512M) 0.890ms
[2020-04-16T22:36:18.187+0800][17.063s] GC(39) User=0.00s Sys=0.00s Real=0.00s
[2020-04-16T22:36:18.384+0800][17.260s] GC(40) Pause Young (Normal) (G1 Evacuation Pause)
[2020-04-16T22:36:18.384+0800][17.260s] GC(40) Using 4 workers of 4 for evacuation
[2020-04-16T22:36:18.385+0800][17.261s] GC(40)   Pre Evacuate Collection Set: 0.1ms
[2020-04-16T22:36:18.385+0800][17.261s] GC(40)   Merge Heap Roots: 0.0ms
[2020-04-16T22:36:18.385+0800][17.261s] GC(40)   Evacuate Collection Set: 0.7ms
[2020-04-16T22:36:18.385+0800][17.261s] GC(40)   Post Evacuate Collection Set: 0.3ms
[2020-04-16T22:36:18.385+0800][17.261s] GC(40)   Other: 0.2ms
[2020-04-16T22:36:18.385+0800][17.261s] GC(40) Eden regions: 128->0(127)
[2020-04-16T22:36:18.385+0800][17.261s] GC(40) Survivor regions: 0->1(32)
[2020-04-16T22:36:18.385+0800][17.261s] GC(40) Old regions: 318->318
[2020-04-16T22:36:18.385+0800][17.261s] GC(40) Archive regions: 2->2
[2020-04-16T22:36:18.385+0800][17.261s] GC(40) Humongous regions: 1->1
[2020-04-16T22:36:18.385+0800][17.261s] GC(40) Metaspace: 39376K(40448K)->39376K(40448K) NonClass: 34637K(35328K)->34637K(35328K) Class: 4739K(5120K)->4739K(5120K)
[2020-04-16T22:36:18.385+0800][17.261s] GC(40) Pause Young (Normal) (G1 Evacuation Pause) 447M->319M(512M) 1.462ms
[2020-04-16T22:36:18.385+0800][17.262s] GC(40) User=0.01s Sys=0.00s Real=0.00s
[2020-04-16T22:36:18.436+0800][17.312s] GC(32) Concurrent Rebuild Remembered Sets 400.738ms
[2020-04-16T22:36:18.436+0800][17.312s] GC(32) Pause Cleanup
[2020-04-16T22:36:18.437+0800][17.313s] GC(32) Pause Cleanup 376M->376M(512M) 0.309ms
[2020-04-16T22:36:18.437+0800][17.313s] GC(32) User=0.00s Sys=0.00s Real=0.00s
[2020-04-16T22:36:18.437+0800][17.313s] GC(32) Concurrent Cleanup for Next Mark
[2020-04-16T22:36:18.438+0800][17.314s] GC(32) Concurrent Cleanup for Next Mark 0.768ms
[2020-04-16T22:36:18.438+0800][17.314s] GC(32) Concurrent Cycle 1004.150ms
[2020-04-16T22:36:18.467+0800][17.343s] GC(41) Pause Young (Normal) (G1 Evacuation Pause)
[2020-04-16T22:36:18.467+0800][17.343s] GC(41) Using 4 workers of 4 for evacuation
[2020-04-16T22:36:18.468+0800][17.344s] GC(41)   Pre Evacuate Collection Set: 0.0ms
[2020-04-16T22:36:18.468+0800][17.344s] GC(41)   Merge Heap Roots: 0.0ms
[2020-04-16T22:36:18.468+0800][17.344s] GC(41)   Evacuate Collection Set: 0.6ms
[2020-04-16T22:36:18.468+0800][17.344s] GC(41)   Post Evacuate Collection Set: 0.3ms
[2020-04-16T22:36:18.468+0800][17.344s] GC(41)   Other: 0.2ms
[2020-04-16T22:36:18.468+0800][17.344s] GC(41) Eden regions: 127->0(127)
[2020-04-16T22:36:18.468+0800][17.344s] GC(41) Survivor regions: 1->1(32)
[2020-04-16T22:36:18.468+0800][17.344s] GC(41) Old regions: 318->318
[2020-04-16T22:36:18.468+0800][17.344s] GC(41) Archive regions: 2->2
[2020-04-16T22:36:18.468+0800][17.344s] GC(41) Humongous regions: 1->1
[2020-04-16T22:36:18.468+0800][17.344s] GC(41) Metaspace: 39376K(40448K)->39376K(40448K) NonClass: 34637K(35328K)->34637K(35328K) Class: 4739K(5120K)->4739K(5120K)
[2020-04-16T22:36:18.468+0800][17.344s] GC(41) Pause Young (Normal) (G1 Evacuation Pause) 446M->319M(512M) 1.283ms
[2020-04-16T22:36:18.468+0800][17.344s] GC(41) User=0.00s Sys=0.00s Real=0.00s
[2020-04-16T22:36:18.513+0800][17.389s] GC(42) Pause Young (Concurrent Start) (G1 Evacuation Pause)
[2020-04-16T22:36:18.513+0800][17.389s] GC(42) Using 4 workers of 4 for evacuation
[2020-04-16T22:36:18.515+0800][17.391s] GC(42)   Pre Evacuate Collection Set: 0.1ms
[2020-04-16T22:36:18.515+0800][17.391s] GC(42)   Merge Heap Roots: 0.0ms
[2020-04-16T22:36:18.515+0800][17.391s] GC(42)   Evacuate Collection Set: 0.8ms
[2020-04-16T22:36:18.515+0800][17.391s] GC(42)   Post Evacuate Collection Set: 0.5ms
[2020-04-16T22:36:18.515+0800][17.391s] GC(42)   Other: 0.4ms
[2020-04-16T22:36:18.515+0800][17.391s] GC(42) Eden regions: 127->0(127)
[2020-04-16T22:36:18.515+0800][17.391s] GC(42) Survivor regions: 1->1(32)
[2020-04-16T22:36:18.515+0800][17.391s] GC(42) Old regions: 318->318
[2020-04-16T22:36:18.515+0800][17.391s] GC(42) Archive regions: 2->2
[2020-04-16T22:36:18.515+0800][17.391s] GC(42) Humongous regions: 1->1
[2020-04-16T22:36:18.515+0800][17.391s] GC(42) Metaspace: 39376K(40448K)->39376K(40448K) NonClass: 34637K(35328K)->34637K(35328K) Class: 4739K(5120K)->4739K(5120K)
[2020-04-16T22:36:18.515+0800][17.391s] GC(42) Pause Young (Concurrent Start) (G1 Evacuation Pause) 446M->319M(512M) 2.256ms
[2020-04-16T22:36:18.515+0800][17.391s] GC(42) User=0.00s Sys=0.00s Real=0.00s
[2020-04-16T22:36:18.515+0800][17.391s] GC(43) Concurrent Cycle
[2020-04-16T22:36:18.515+0800][17.391s] GC(43) Concurrent Clear Claimed Marks
[2020-04-16T22:36:18.515+0800][17.391s] GC(43) Concurrent Clear Claimed Marks 0.104ms
[2020-04-16T22:36:18.515+0800][17.391s] GC(43) Concurrent Scan Root Regions
[2020-04-16T22:36:18.516+0800][17.392s] GC(43) Concurrent Scan Root Regions 0.853ms
[2020-04-16T22:36:18.516+0800][17.392s] GC(43) Concurrent Mark (17.392s)
[2020-04-16T22:36:18.516+0800][17.392s] GC(43) Concurrent Mark From Roots
[2020-04-16T22:36:18.516+0800][17.392s] GC(43) Using 4 workers of 4 for marking
[2020-04-16T22:36:18.722+0800][17.598s] GC(44) Pause Young (Normal) (G1 Evacuation Pause)
[2020-04-16T22:36:18.722+0800][17.598s] GC(44) Using 4 workers of 4 for evacuation
[2020-04-16T22:36:18.724+0800][17.600s] GC(44)   Pre Evacuate Collection Set: 0.1ms
[2020-04-16T22:36:18.724+0800][17.600s] GC(44)   Merge Heap Roots: 0.0ms
[2020-04-16T22:36:18.724+0800][17.600s] GC(44)   Evacuate Collection Set: 0.9ms
[2020-04-16T22:36:18.724+0800][17.600s] GC(44)   Post Evacuate Collection Set: 0.3ms
[2020-04-16T22:36:18.724+0800][17.600s] GC(44)   Other: 0.2ms
[2020-04-16T22:36:18.724+0800][17.600s] GC(44) Eden regions: 127->0(127)
[2020-04-16T22:36:18.724+0800][17.600s] GC(44) Survivor regions: 1->1(32)
[2020-04-16T22:36:18.724+0800][17.600s] GC(44) Old regions: 318->318
[2020-04-16T22:36:18.724+0800][17.600s] GC(44) Archive regions: 2->2
[2020-04-16T22:36:18.724+0800][17.600s] GC(44) Humongous regions: 1->1
[2020-04-16T22:36:18.724+0800][17.600s] GC(44) Metaspace: 39376K(40448K)->39376K(40448K) NonClass: 34637K(35328K)->34637K(35328K) Class: 4739K(5120K)->4739K(5120K)
[2020-04-16T22:36:18.724+0800][17.600s] GC(44) Pause Young (Normal) (G1 Evacuation Pause) 446M->319M(512M) 1.670ms
[2020-04-16T22:36:18.724+0800][17.600s] GC(44) User=0.00s Sys=0.00s Real=0.00s
[2020-04-16T22:36:18.843+0800][17.719s] GC(45) Pause Young (Normal) (G1 Evacuation Pause)
[2020-04-16T22:36:18.843+0800][17.719s] GC(45) Using 4 workers of 4 for evacuation
[2020-04-16T22:36:18.844+0800][17.720s] GC(45)   Pre Evacuate Collection Set: 0.0ms
[2020-04-16T22:36:18.844+0800][17.720s] GC(45)   Merge Heap Roots: 0.0ms
[2020-04-16T22:36:18.844+0800][17.720s] GC(45)   Evacuate Collection Set: 0.4ms
[2020-04-16T22:36:18.844+0800][17.720s] GC(45)   Post Evacuate Collection Set: 0.3ms
[2020-04-16T22:36:18.844+0800][17.720s] GC(45)   Other: 0.2ms
[2020-04-16T22:36:18.844+0800][17.720s] GC(45) Eden regions: 127->0(127)
[2020-04-16T22:36:18.844+0800][17.720s] GC(45) Survivor regions: 1->1(32)
[2020-04-16T22:36:18.844+0800][17.720s] GC(45) Old regions: 318->318
[2020-04-16T22:36:18.844+0800][17.720s] GC(45) Archive regions: 2->2
[2020-04-16T22:36:18.844+0800][17.720s] GC(45) Humongous regions: 1->1
[2020-04-16T22:36:18.844+0800][17.720s] GC(45) Metaspace: 39376K(40448K)->39376K(40448K) NonClass: 34637K(35328K)->34637K(35328K) Class: 4739K(5120K)->4739K(5120K)
[2020-04-16T22:36:18.844+0800][17.720s] GC(45) Pause Young (Normal) (G1 Evacuation Pause) 446M->319M(512M) 1.142ms
[2020-04-16T22:36:18.844+0800][17.720s] GC(45) User=0.00s Sys=0.00s Real=0.00s
[2020-04-16T22:36:18.956+0800][17.832s] GC(46) Pause Young (Normal) (G1 Evacuation Pause)
[2020-04-16T22:36:18.956+0800][17.832s] GC(46) Using 4 workers of 4 for evacuation
[2020-04-16T22:36:18.957+0800][17.833s] GC(46)   Pre Evacuate Collection Set: 0.1ms
[2020-04-16T22:36:18.957+0800][17.833s] GC(46)   Merge Heap Roots: 0.0ms
[2020-04-16T22:36:18.957+0800][17.833s] GC(46)   Evacuate Collection Set: 0.4ms
[2020-04-16T22:36:18.957+0800][17.833s] GC(46)   Post Evacuate Collection Set: 0.3ms
[2020-04-16T22:36:18.957+0800][17.833s] GC(46)   Other: 0.2ms
[2020-04-16T22:36:18.958+0800][17.834s] GC(46) Eden regions: 127->0(127)
[2020-04-16T22:36:18.958+0800][17.834s] GC(46) Survivor regions: 1->1(32)
[2020-04-16T22:36:18.958+0800][17.834s] GC(46) Old regions: 318->318
[2020-04-16T22:36:18.958+0800][17.834s] GC(46) Archive regions: 2->2
[2020-04-16T22:36:18.958+0800][17.834s] GC(46) Humongous regions: 1->1
[2020-04-16T22:36:18.958+0800][17.834s] GC(46) Metaspace: 39376K(40448K)->39376K(40448K) NonClass: 34637K(35328K)->34637K(35328K) Class: 4739K(5120K)->4739K(5120K)
[2020-04-16T22:36:18.958+0800][17.834s] GC(46) Pause Young (Normal) (G1 Evacuation Pause) 446M->319M(512M) 1.247ms
[2020-04-16T22:36:18.958+0800][17.834s] GC(46) User=0.00s Sys=0.00s Real=0.00s
[2020-04-16T22:36:19.079+0800][17.955s] GC(47) Pause Young (Normal) (G1 Evacuation Pause)
[2020-04-16T22:36:19.079+0800][17.955s] GC(47) Using 4 workers of 4 for evacuation
[2020-04-16T22:36:19.080+0800][17.956s] GC(47)   Pre Evacuate Collection Set: 0.1ms
[2020-04-16T22:36:19.080+0800][17.956s] GC(47)   Merge Heap Roots: 0.0ms
[2020-04-16T22:36:19.080+0800][17.956s] GC(47)   Evacuate Collection Set: 0.5ms
[2020-04-16T22:36:19.080+0800][17.956s] GC(47)   Post Evacuate Collection Set: 0.4ms
[2020-04-16T22:36:19.081+0800][17.957s] GC(47)   Other: 0.3ms
[2020-04-16T22:36:19.081+0800][17.957s] GC(47) Eden regions: 127->0(127)
[2020-04-16T22:36:19.081+0800][17.957s] GC(47) Survivor regions: 1->1(32)
[2020-04-16T22:36:19.081+0800][17.957s] GC(47) Old regions: 318->318
[2020-04-16T22:36:19.081+0800][17.957s] GC(47) Archive regions: 2->2
[2020-04-16T22:36:19.081+0800][17.957s] GC(47) Humongous regions: 1->1
[2020-04-16T22:36:19.081+0800][17.957s] GC(47) Metaspace: 39376K(40448K)->39376K(40448K) NonClass: 34637K(35328K)->34637K(35328K) Class: 4739K(5120K)->4739K(5120K)
[2020-04-16T22:36:19.081+0800][17.957s] GC(47) Pause Young (Normal) (G1 Evacuation Pause) 446M->319M(512M) 1.879ms
[2020-04-16T22:36:19.081+0800][17.957s] GC(47) User=0.01s Sys=0.00s Real=0.01s
[2020-04-16T22:36:19.161+0800][18.037s] GC(43) Concurrent Mark From Roots 644.551ms
[2020-04-16T22:36:19.161+0800][18.037s] GC(43) Concurrent Preclean
[2020-04-16T22:36:19.161+0800][18.037s] GC(43) Concurrent Preclean 0.155ms
[2020-04-16T22:36:19.161+0800][18.037s] GC(43) Concurrent Mark (17.392s, 18.037s) 644.814ms
[2020-04-16T22:36:19.161+0800][18.037s] GC(43) Pause Remark
[2020-04-16T22:36:19.167+0800][18.043s] GC(43) Pause Remark 420M->420M(512M) 5.771ms
[2020-04-16T22:36:19.167+0800][18.043s] GC(43) User=0.01s Sys=0.00s Real=0.00s
[2020-04-16T22:36:19.167+0800][18.043s] GC(43) Concurrent Rebuild Remembered Sets
[2020-04-16T22:36:19.191+0800][18.067s] GC(48) Pause Young (Normal) (G1 Evacuation Pause)
[2020-04-16T22:36:19.191+0800][18.067s] GC(48) Using 4 workers of 4 for evacuation
[2020-04-16T22:36:19.192+0800][18.068s] GC(48)   Pre Evacuate Collection Set: 0.1ms
[2020-04-16T22:36:19.192+0800][18.068s] GC(48)   Merge Heap Roots: 0.1ms
[2020-04-16T22:36:19.192+0800][18.068s] GC(48)   Evacuate Collection Set: 0.4ms
[2020-04-16T22:36:19.192+0800][18.068s] GC(48)   Post Evacuate Collection Set: 0.3ms
[2020-04-16T22:36:19.192+0800][18.068s] GC(48)   Other: 0.1ms
[2020-04-16T22:36:19.192+0800][18.068s] GC(48) Eden regions: 127->0(127)
[2020-04-16T22:36:19.192+0800][18.068s] GC(48) Survivor regions: 1->1(32)
[2020-04-16T22:36:19.192+0800][18.068s] GC(48) Old regions: 318->318
[2020-04-16T22:36:19.192+0800][18.068s] GC(48) Archive regions: 2->2
[2020-04-16T22:36:19.192+0800][18.068s] GC(48) Humongous regions: 1->1
[2020-04-16T22:36:19.192+0800][18.068s] GC(48) Metaspace: 39376K(40448K)->39376K(40448K) NonClass: 34637K(35328K)->34637K(35328K) Class: 4739K(5120K)->4739K(5120K)
[2020-04-16T22:36:19.192+0800][18.068s] GC(48) Pause Young (Normal) (G1 Evacuation Pause) 446M->319M(512M) 1.171ms
[2020-04-16T22:36:19.192+0800][18.068s] GC(48) User=0.00s Sys=0.00s Real=0.00s
[2020-04-16T22:36:19.273+0800][18.149s] GC(49) Pause Young (Normal) (G1 Evacuation Pause)
[2020-04-16T22:36:19.273+0800][18.149s] GC(49) Using 4 workers of 4 for evacuation
[2020-04-16T22:36:19.275+0800][18.151s] GC(49)   Pre Evacuate Collection Set: 0.1ms
[2020-04-16T22:36:19.275+0800][18.151s] GC(49)   Merge Heap Roots: 0.0ms
[2020-04-16T22:36:19.275+0800][18.151s] GC(49)   Evacuate Collection Set: 0.6ms
[2020-04-16T22:36:19.275+0800][18.151s] GC(49)   Post Evacuate Collection Set: 0.4ms
[2020-04-16T22:36:19.275+0800][18.151s] GC(49)   Other: 0.2ms
[2020-04-16T22:36:19.275+0800][18.151s] GC(49) Eden regions: 127->0(128)
[2020-04-16T22:36:19.275+0800][18.151s] GC(49) Survivor regions: 1->0(32)
[2020-04-16T22:36:19.275+0800][18.151s] GC(49) Old regions: 318->318
[2020-04-16T22:36:19.275+0800][18.151s] GC(49) Archive regions: 2->2
[2020-04-16T22:36:19.275+0800][18.151s] GC(49) Humongous regions: 1->1
[2020-04-16T22:36:19.275+0800][18.151s] GC(49) Metaspace: 39376K(40448K)->39376K(40448K) NonClass: 34637K(35328K)->34637K(35328K) Class: 4739K(5120K)->4739K(5120K)
[2020-04-16T22:36:19.275+0800][18.151s] GC(49) Pause Young (Normal) (G1 Evacuation Pause) 446M->319M(512M) 1.384ms
[2020-04-16T22:36:19.275+0800][18.151s] GC(49) User=0.01s Sys=0.00s Real=0.00s
[2020-04-16T22:36:19.357+0800][18.233s] GC(50) Pause Young (Normal) (G1 Evacuation Pause)
[2020-04-16T22:36:19.357+0800][18.233s] GC(50) Using 4 workers of 4 for evacuation
[2020-04-16T22:36:19.358+0800][18.234s] GC(50)   Pre Evacuate Collection Set: 0.1ms
[2020-04-16T22:36:19.358+0800][18.234s] GC(50)   Merge Heap Roots: 0.0ms
[2020-04-16T22:36:19.358+0800][18.234s] GC(50)   Evacuate Collection Set: 0.4ms
[2020-04-16T22:36:19.358+0800][18.234s] GC(50)   Post Evacuate Collection Set: 0.4ms
[2020-04-16T22:36:19.358+0800][18.234s] GC(50)   Other: 0.2ms
[2020-04-16T22:36:19.358+0800][18.234s] GC(50) Eden regions: 128->0(128)
[2020-04-16T22:36:19.358+0800][18.234s] GC(50) Survivor regions: 0->0(32)
[2020-04-16T22:36:19.358+0800][18.234s] GC(50) Old regions: 318->318
[2020-04-16T22:36:19.358+0800][18.234s] GC(50) Archive regions: 2->2
[2020-04-16T22:36:19.358+0800][18.234s] GC(50) Humongous regions: 1->1
[2020-04-16T22:36:19.358+0800][18.234s] GC(50) Metaspace: 39376K(40448K)->39376K(40448K) NonClass: 34637K(35328K)->34637K(35328K) Class: 4739K(5120K)->4739K(5120K)
[2020-04-16T22:36:19.358+0800][18.234s] GC(50) Pause Young (Normal) (G1 Evacuation Pause) 447M->319M(512M) 1.295ms
[2020-04-16T22:36:19.358+0800][18.234s] GC(50) User=0.00s Sys=0.00s Real=0.00s
[2020-04-16T22:36:19.458+0800][18.334s] GC(51) Pause Young (Normal) (G1 Evacuation Pause)
[2020-04-16T22:36:19.458+0800][18.334s] GC(51) Using 4 workers of 4 for evacuation
[2020-04-16T22:36:19.459+0800][18.335s] GC(51)   Pre Evacuate Collection Set: 0.1ms
[2020-04-16T22:36:19.459+0800][18.335s] GC(51)   Merge Heap Roots: 0.0ms
[2020-04-16T22:36:19.459+0800][18.335s] GC(51)   Evacuate Collection Set: 0.4ms
[2020-04-16T22:36:19.459+0800][18.335s] GC(51)   Post Evacuate Collection Set: 0.4ms
[2020-04-16T22:36:19.459+0800][18.335s] GC(51)   Other: 0.2ms
[2020-04-16T22:36:19.459+0800][18.335s] GC(51) Eden regions: 128->0(128)
[2020-04-16T22:36:19.459+0800][18.335s] GC(51) Survivor regions: 0->0(32)
[2020-04-16T22:36:19.459+0800][18.335s] GC(51) Old regions: 318->318
[2020-04-16T22:36:19.459+0800][18.335s] GC(51) Archive regions: 2->2
[2020-04-16T22:36:19.459+0800][18.335s] GC(51) Humongous regions: 1->1
[2020-04-16T22:36:19.459+0800][18.335s] GC(51) Metaspace: 39376K(40448K)->39376K(40448K) NonClass: 34637K(35328K)->34637K(35328K) Class: 4739K(5120K)->4739K(5120K)
[2020-04-16T22:36:19.460+0800][18.336s] GC(51) Pause Young (Normal) (G1 Evacuation Pause) 447M->319M(512M) 1.279ms
[2020-04-16T22:36:19.460+0800][18.336s] GC(51) User=0.00s Sys=0.00s Real=0.01s
[2020-04-16T22:36:19.485+0800][18.361s] GC(43) Concurrent Rebuild Remembered Sets 317.632ms
[2020-04-16T22:36:19.485+0800][18.361s] GC(43) Pause Cleanup
[2020-04-16T22:36:19.485+0800][18.361s] GC(43) Pause Cleanup 364M->364M(512M) 0.314ms
[2020-04-16T22:36:19.485+0800][18.361s] GC(43) User=0.00s Sys=0.00s Real=0.00s
[2020-04-16T22:36:19.485+0800][18.361s] GC(43) Concurrent Cleanup for Next Mark
[2020-04-16T22:36:19.486+0800][18.362s] GC(43) Concurrent Cleanup for Next Mark 0.686ms
[2020-04-16T22:36:19.486+0800][18.362s] GC(43) Concurrent Cycle 970.931ms
[2020-04-16T22:36:19.516+0800][18.392s] GC(52) Pause Young (Normal) (G1 Evacuation Pause)
[2020-04-16T22:36:19.516+0800][18.392s] GC(52) Using 4 workers of 4 for evacuation
[2020-04-16T22:36:19.516+0800][18.392s] GC(52)   Pre Evacuate Collection Set: 0.1ms
[2020-04-16T22:36:19.517+0800][18.393s] GC(52)   Merge Heap Roots: 0.0ms
[2020-04-16T22:36:19.517+0800][18.393s] GC(52)   Evacuate Collection Set: 0.4ms
[2020-04-16T22:36:19.517+0800][18.393s] GC(52)   Post Evacuate Collection Set: 0.3ms
[2020-04-16T22:36:19.517+0800][18.393s] GC(52)   Other: 0.1ms
[2020-04-16T22:36:19.517+0800][18.393s] GC(52) Eden regions: 128->0(128)
[2020-04-16T22:36:19.517+0800][18.393s] GC(52) Survivor regions: 0->0(32)
[2020-04-16T22:36:19.517+0800][18.393s] GC(52) Old regions: 318->318
[2020-04-16T22:36:19.517+0800][18.393s] GC(52) Archive regions: 2->2
[2020-04-16T22:36:19.517+0800][18.393s] GC(52) Humongous regions: 1->1
[2020-04-16T22:36:19.517+0800][18.393s] GC(52) Metaspace: 39376K(40448K)->39376K(40448K) NonClass: 34637K(35328K)->34637K(35328K) Class: 4739K(5120K)->4739K(5120K)
[2020-04-16T22:36:19.517+0800][18.393s] GC(52) Pause Young (Normal) (G1 Evacuation Pause) 447M->319M(512M) 1.094ms
[2020-04-16T22:36:19.517+0800][18.393s] GC(52) User=0.01s Sys=0.00s Real=0.00s
[2020-04-16T22:36:19.550+0800][18.426s] GC(53) Pause Young (Concurrent Start) (G1 Evacuation Pause)
[2020-04-16T22:36:19.550+0800][18.426s] GC(53) Using 4 workers of 4 for evacuation
[2020-04-16T22:36:19.551+0800][18.427s] GC(53)   Pre Evacuate Collection Set: 0.1ms
[2020-04-16T22:36:19.552+0800][18.428s] GC(53)   Merge Heap Roots: 0.0ms
[2020-04-16T22:36:19.552+0800][18.428s] GC(53)   Evacuate Collection Set: 0.6ms
[2020-04-16T22:36:19.552+0800][18.428s] GC(53)   Post Evacuate Collection Set: 0.3ms
[2020-04-16T22:36:19.552+0800][18.428s] GC(53)   Other: 0.1ms
[2020-04-16T22:36:19.552+0800][18.428s] GC(53) Eden regions: 128->0(128)
[2020-04-16T22:36:19.552+0800][18.428s] GC(53) Survivor regions: 0->0(32)
[2020-04-16T22:36:19.552+0800][18.428s] GC(53) Old regions: 318->318
[2020-04-16T22:36:19.552+0800][18.428s] GC(53) Archive regions: 2->2
[2020-04-16T22:36:19.552+0800][18.428s] GC(53) Humongous regions: 1->1
[2020-04-16T22:36:19.552+0800][18.428s] GC(53) Metaspace: 39376K(40448K)->39376K(40448K) NonClass: 34637K(35328K)->34637K(35328K) Class: 4739K(5120K)->4739K(5120K)
[2020-04-16T22:36:19.552+0800][18.428s] GC(53) Pause Young (Concurrent Start) (G1 Evacuation Pause) 447M->319M(512M) 1.306ms
[2020-04-16T22:36:19.552+0800][18.428s] GC(53) User=0.00s Sys=0.00s Real=0.00s
[2020-04-16T22:36:19.552+0800][18.428s] GC(54) Concurrent Cycle
[2020-04-16T22:36:19.552+0800][18.428s] GC(54) Concurrent Clear Claimed Marks
[2020-04-16T22:36:19.552+0800][18.428s] GC(54) Concurrent Clear Claimed Marks 0.045ms
[2020-04-16T22:36:19.552+0800][18.428s] GC(54) Concurrent Scan Root Regions
[2020-04-16T22:36:19.552+0800][18.428s] GC(54) Concurrent Scan Root Regions 0.007ms
[2020-04-16T22:36:19.552+0800][18.428s] GC(54) Concurrent Mark (18.428s)
[2020-04-16T22:36:19.552+0800][18.428s] GC(54) Concurrent Mark From Roots
[2020-04-16T22:36:19.552+0800][18.428s] GC(54) Using 4 workers of 4 for marking
[2020-04-16T22:36:19.709+0800][18.585s] GC(55) Pause Young (Normal) (G1 Evacuation Pause)
[2020-04-16T22:36:19.709+0800][18.585s] GC(55) Using 4 workers of 4 for evacuation
[2020-04-16T22:36:19.710+0800][18.586s] GC(55)   Pre Evacuate Collection Set: 0.0ms
[2020-04-16T22:36:19.710+0800][18.586s] GC(55)   Merge Heap Roots: 0.0ms
[2020-04-16T22:36:19.710+0800][18.586s] GC(55)   Evacuate Collection Set: 0.4ms
[2020-04-16T22:36:19.710+0800][18.586s] GC(55)   Post Evacuate Collection Set: 0.4ms
[2020-04-16T22:36:19.710+0800][18.586s] GC(55)   Other: 0.2ms
[2020-04-16T22:36:19.710+0800][18.586s] GC(55) Eden regions: 128->0(128)
[2020-04-16T22:36:19.710+0800][18.586s] GC(55) Survivor regions: 0->0(32)
[2020-04-16T22:36:19.710+0800][18.586s] GC(55) Old regions: 318->318
[2020-04-16T22:36:19.710+0800][18.586s] GC(55) Archive regions: 2->2
[2020-04-16T22:36:19.710+0800][18.586s] GC(55) Humongous regions: 1->1
[2020-04-16T22:36:19.710+0800][18.586s] GC(55) Metaspace: 39376K(40448K)->39376K(40448K) NonClass: 34637K(35328K)->34637K(35328K) Class: 4739K(5120K)->4739K(5120K)
[2020-04-16T22:36:19.710+0800][18.587s] GC(55) Pause Young (Normal) (G1 Evacuation Pause) 447M->319M(512M) 1.452ms
[2020-04-16T22:36:19.711+0800][18.587s] GC(55) User=0.00s Sys=0.00s Real=0.01s
[2020-04-16T22:36:19.820+0800][18.696s] GC(56) Pause Young (Normal) (G1 Evacuation Pause)
[2020-04-16T22:36:19.820+0800][18.696s] GC(56) Using 4 workers of 4 for evacuation
[2020-04-16T22:36:19.820+0800][18.696s] GC(56)   Pre Evacuate Collection Set: 0.1ms
[2020-04-16T22:36:19.820+0800][18.696s] GC(56)   Merge Heap Roots: 0.0ms
[2020-04-16T22:36:19.820+0800][18.696s] GC(56)   Evacuate Collection Set: 0.3ms
[2020-04-16T22:36:19.820+0800][18.696s] GC(56)   Post Evacuate Collection Set: 0.3ms
[2020-04-16T22:36:19.820+0800][18.696s] GC(56)   Other: 0.2ms
[2020-04-16T22:36:19.820+0800][18.696s] GC(56) Eden regions: 128->0(128)
[2020-04-16T22:36:19.820+0800][18.696s] GC(56) Survivor regions: 0->0(32)
[2020-04-16T22:36:19.820+0800][18.696s] GC(56) Old regions: 318->318
[2020-04-16T22:36:19.820+0800][18.696s] GC(56) Archive regions: 2->2
[2020-04-16T22:36:19.820+0800][18.696s] GC(56) Humongous regions: 1->1
[2020-04-16T22:36:19.820+0800][18.696s] GC(56) Metaspace: 39376K(40448K)->39376K(40448K) NonClass: 34637K(35328K)->34637K(35328K) Class: 4739K(5120K)->4739K(5120K)
[2020-04-16T22:36:19.821+0800][18.696s] GC(56) Pause Young (Normal) (G1 Evacuation Pause) 447M->319M(512M) 0.975ms
[2020-04-16T22:36:19.821+0800][18.697s] GC(56) User=0.00s Sys=0.00s Real=0.00s
[2020-04-16T22:36:19.909+0800][18.785s] GC(57) Pause Young (Normal) (G1 Evacuation Pause)
[2020-04-16T22:36:19.909+0800][18.785s] GC(57) Using 4 workers of 4 for evacuation
[2020-04-16T22:36:19.910+0800][18.786s] GC(57)   Pre Evacuate Collection Set: 0.1ms
[2020-04-16T22:36:19.910+0800][18.786s] GC(57)   Merge Heap Roots: 0.0ms
[2020-04-16T22:36:19.910+0800][18.786s] GC(57)   Evacuate Collection Set: 0.3ms
[2020-04-16T22:36:19.910+0800][18.786s] GC(57)   Post Evacuate Collection Set: 0.3ms
[2020-04-16T22:36:19.910+0800][18.786s] GC(57)   Other: 0.2ms
[2020-04-16T22:36:19.910+0800][18.786s] GC(57) Eden regions: 128->0(128)
[2020-04-16T22:36:19.910+0800][18.786s] GC(57) Survivor regions: 0->0(32)
[2020-04-16T22:36:19.910+0800][18.786s] GC(57) Old regions: 318->318
[2020-04-16T22:36:19.910+0800][18.786s] GC(57) Archive regions: 2->2
[2020-04-16T22:36:19.910+0800][18.786s] GC(57) Humongous regions: 1->1
[2020-04-16T22:36:19.910+0800][18.786s] GC(57) Metaspace: 39376K(40448K)->39376K(40448K) NonClass: 34637K(35328K)->34637K(35328K) Class: 4739K(5120K)->4739K(5120K)
[2020-04-16T22:36:19.910+0800][18.786s] GC(57) Pause Young (Normal) (G1 Evacuation Pause) 447M->319M(512M) 1.088ms
[2020-04-16T22:36:19.910+0800][18.786s] GC(57) User=0.00s Sys=0.00s Real=0.01s
[2020-04-16T22:36:20.015+0800][18.891s] GC(58) Pause Young (Normal) (G1 Evacuation Pause)
[2020-04-16T22:36:20.016+0800][18.891s] GC(58) Using 4 workers of 4 for evacuation
[2020-04-16T22:36:20.016+0800][18.892s] GC(58)   Pre Evacuate Collection Set: 0.1ms
[2020-04-16T22:36:20.016+0800][18.892s] GC(58)   Merge Heap Roots: 0.0ms
[2020-04-16T22:36:20.016+0800][18.892s] GC(58)   Evacuate Collection Set: 0.2ms
[2020-04-16T22:36:20.016+0800][18.892s] GC(58)   Post Evacuate Collection Set: 0.3ms
[2020-04-16T22:36:20.016+0800][18.892s] GC(58)   Other: 0.1ms
[2020-04-16T22:36:20.016+0800][18.892s] GC(58) Eden regions: 128->0(128)
[2020-04-16T22:36:20.016+0800][18.892s] GC(58) Survivor regions: 0->0(32)
[2020-04-16T22:36:20.016+0800][18.892s] GC(58) Old regions: 318->318
[2020-04-16T22:36:20.016+0800][18.892s] GC(58) Archive regions: 2->2
[2020-04-16T22:36:20.016+0800][18.892s] GC(58) Humongous regions: 1->1
[2020-04-16T22:36:20.016+0800][18.892s] GC(58) Metaspace: 39376K(40448K)->39376K(40448K) NonClass: 34637K(35328K)->34637K(35328K) Class: 4739K(5120K)->4739K(5120K)
[2020-04-16T22:36:20.016+0800][18.892s] GC(58) Pause Young (Normal) (G1 Evacuation Pause) 447M->319M(512M) 1.003ms
[2020-04-16T22:36:20.017+0800][18.892s] GC(58) User=0.01s Sys=0.00s Real=0.00s
[2020-04-16T22:36:20.126+0800][19.002s] GC(54) Concurrent Mark From Roots 573.784ms
[2020-04-16T22:36:20.126+0800][19.002s] GC(54) Concurrent Preclean
[2020-04-16T22:36:20.126+0800][19.002s] GC(59) Pause Young (Normal) (G1 Evacuation Pause)
[2020-04-16T22:36:20.126+0800][19.002s] GC(59) Using 4 workers of 4 for evacuation
[2020-04-16T22:36:20.126+0800][19.002s] GC(59)   Pre Evacuate Collection Set: 0.1ms
[2020-04-16T22:36:20.127+0800][19.002s] GC(59)   Merge Heap Roots: 0.0ms
[2020-04-16T22:36:20.127+0800][19.002s] GC(59)   Evacuate Collection Set: 0.2ms
[2020-04-16T22:36:20.127+0800][19.003s] GC(59)   Post Evacuate Collection Set: 0.3ms
[2020-04-16T22:36:20.127+0800][19.003s] GC(59)   Other: 0.1ms
[2020-04-16T22:36:20.127+0800][19.003s] GC(59) Eden regions: 128->0(128)
[2020-04-16T22:36:20.127+0800][19.003s] GC(59) Survivor regions: 0->0(32)
[2020-04-16T22:36:20.127+0800][19.003s] GC(59) Old regions: 318->318
[2020-04-16T22:36:20.127+0800][19.003s] GC(59) Archive regions: 2->2
[2020-04-16T22:36:20.127+0800][19.003s] GC(59) Humongous regions: 1->1
[2020-04-16T22:36:20.127+0800][19.003s] GC(59) Metaspace: 39376K(40448K)->39376K(40448K) NonClass: 34637K(35328K)->34637K(35328K) Class: 4739K(5120K)->4739K(5120K)
[2020-04-16T22:36:20.127+0800][19.003s] GC(59) Pause Young (Normal) (G1 Evacuation Pause) 447M->319M(512M) 0.914ms
[2020-04-16T22:36:20.127+0800][19.003s] GC(59) User=0.00s Sys=0.00s Real=0.00s
[2020-04-16T22:36:20.127+0800][19.003s] GC(54) Concurrent Preclean 1.224ms
[2020-04-16T22:36:20.127+0800][19.003s] GC(54) Concurrent Mark (18.428s, 19.003s) 575.115ms
[2020-04-16T22:36:20.127+0800][19.003s] GC(54) Pause Remark
[2020-04-16T22:36:20.132+0800][19.008s] GC(54) Pause Remark 320M->320M(512M) 4.748ms
[2020-04-16T22:36:20.132+0800][19.008s] GC(54) User=0.01s Sys=0.00s Real=0.01s
[2020-04-16T22:36:20.132+0800][19.008s] GC(54) Concurrent Rebuild Remembered Sets
[2020-04-16T22:36:20.225+0800][19.101s] GC(60) Pause Young (Normal) (G1 Evacuation Pause)
[2020-04-16T22:36:20.225+0800][19.101s] GC(60) Using 4 workers of 4 for evacuation
[2020-04-16T22:36:20.226+0800][19.102s] GC(60)   Pre Evacuate Collection Set: 0.1ms
[2020-04-16T22:36:20.226+0800][19.102s] GC(60)   Merge Heap Roots: 0.0ms
[2020-04-16T22:36:20.226+0800][19.102s] GC(60)   Evacuate Collection Set: 0.2ms
[2020-04-16T22:36:20.226+0800][19.102s] GC(60)   Post Evacuate Collection Set: 0.3ms
[2020-04-16T22:36:20.226+0800][19.102s] GC(60)   Other: 0.1ms
[2020-04-16T22:36:20.226+0800][19.102s] GC(60) Eden regions: 128->0(128)
[2020-04-16T22:36:20.226+0800][19.102s] GC(60) Survivor regions: 0->0(32)
[2020-04-16T22:36:20.226+0800][19.102s] GC(60) Old regions: 318->318
[2020-04-16T22:36:20.226+0800][19.102s] GC(60) Archive regions: 2->2
[2020-04-16T22:36:20.226+0800][19.102s] GC(60) Humongous regions: 1->1
[2020-04-16T22:36:20.226+0800][19.102s] GC(60) Metaspace: 39376K(40448K)->39376K(40448K) NonClass: 34637K(35328K)->34637K(35328K) Class: 4739K(5120K)->4739K(5120K)
[2020-04-16T22:36:20.226+0800][19.102s] GC(60) Pause Young (Normal) (G1 Evacuation Pause) 447M->319M(512M) 0.938ms
[2020-04-16T22:36:20.226+0800][19.102s] GC(60) User=0.00s Sys=0.00s Real=0.00s
[2020-04-16T22:36:20.322+0800][19.198s] GC(61) Pause Young (Normal) (G1 Evacuation Pause)
[2020-04-16T22:36:20.322+0800][19.198s] GC(61) Using 4 workers of 4 for evacuation
[2020-04-16T22:36:20.322+0800][19.198s] GC(61)   Pre Evacuate Collection Set: 0.1ms
[2020-04-16T22:36:20.322+0800][19.198s] GC(61)   Merge Heap Roots: 0.0ms
[2020-04-16T22:36:20.322+0800][19.198s] GC(61)   Evacuate Collection Set: 0.2ms
[2020-04-16T22:36:20.322+0800][19.198s] GC(61)   Post Evacuate Collection Set: 0.3ms
[2020-04-16T22:36:20.323+0800][19.198s] GC(61)   Other: 0.1ms
[2020-04-16T22:36:20.323+0800][19.198s] GC(61) Eden regions: 128->0(128)
[2020-04-16T22:36:20.323+0800][19.199s] GC(61) Survivor regions: 0->0(32)
[2020-04-16T22:36:20.323+0800][19.199s] GC(61) Old regions: 318->318
[2020-04-16T22:36:20.323+0800][19.199s] GC(61) Archive regions: 2->2
[2020-04-16T22:36:20.323+0800][19.199s] GC(61) Humongous regions: 1->1
[2020-04-16T22:36:20.323+0800][19.199s] GC(61) Metaspace: 39376K(40448K)->39376K(40448K) NonClass: 34637K(35328K)->34637K(35328K) Class: 4739K(5120K)->4739K(5120K)
[2020-04-16T22:36:20.323+0800][19.199s] GC(61) Pause Young (Normal) (G1 Evacuation Pause) 447M->319M(512M) 0.913ms
[2020-04-16T22:36:20.323+0800][19.199s] GC(61) User=0.01s Sys=0.00s Real=0.00s
[2020-04-16T22:36:20.400+0800][19.276s] GC(62) Pause Young (Normal) (G1 Evacuation Pause)
[2020-04-16T22:36:20.400+0800][19.276s] GC(62) Using 4 workers of 4 for evacuation
[2020-04-16T22:36:20.401+0800][19.277s] GC(62)   Pre Evacuate Collection Set: 0.1ms
[2020-04-16T22:36:20.401+0800][19.277s] GC(62)   Merge Heap Roots: 0.0ms
[2020-04-16T22:36:20.401+0800][19.277s] GC(62)   Evacuate Collection Set: 0.2ms
[2020-04-16T22:36:20.401+0800][19.277s] GC(62)   Post Evacuate Collection Set: 0.3ms
[2020-04-16T22:36:20.401+0800][19.277s] GC(62)   Other: 0.2ms
[2020-04-16T22:36:20.401+0800][19.277s] GC(62) Eden regions: 128->0(128)
[2020-04-16T22:36:20.401+0800][19.277s] GC(62) Survivor regions: 0->0(32)
[2020-04-16T22:36:20.401+0800][19.277s] GC(62) Old regions: 318->318
[2020-04-16T22:36:20.401+0800][19.277s] GC(62) Archive regions: 2->2
[2020-04-16T22:36:20.401+0800][19.277s] GC(62) Humongous regions: 1->1
[2020-04-16T22:36:20.401+0800][19.277s] GC(62) Metaspace: 39376K(40448K)->39376K(40448K) NonClass: 34637K(35328K)->34637K(35328K) Class: 4739K(5120K)->4739K(5120K)
[2020-04-16T22:36:20.401+0800][19.277s] GC(62) Pause Young (Normal) (G1 Evacuation Pause) 447M->319M(512M) 1.006ms
[2020-04-16T22:36:20.401+0800][19.277s] GC(62) User=0.00s Sys=0.00s Real=0.00s
[2020-04-16T22:36:20.450+0800][19.326s] GC(54) Concurrent Rebuild Remembered Sets 317.714ms
[2020-04-16T22:36:20.450+0800][19.326s] GC(54) Pause Cleanup
[2020-04-16T22:36:20.450+0800][19.326s] GC(54) Pause Cleanup 390M->390M(512M) 0.322ms
[2020-04-16T22:36:20.450+0800][19.326s] GC(54) User=0.00s Sys=0.00s Real=0.00s
[2020-04-16T22:36:20.450+0800][19.326s] GC(54) Concurrent Cleanup for Next Mark
[2020-04-16T22:36:20.451+0800][19.327s] GC(54) Concurrent Cleanup for Next Mark 0.766ms
[2020-04-16T22:36:20.451+0800][19.327s] GC(54) Concurrent Cycle 899.452ms
[2020-04-16T22:36:20.471+0800][19.347s] GC(63) Pause Young (Normal) (G1 Evacuation Pause)
[2020-04-16T22:36:20.471+0800][19.347s] GC(63) Using 4 workers of 4 for evacuation
[2020-04-16T22:36:20.472+0800][19.348s] GC(63)   Pre Evacuate Collection Set: 0.1ms
[2020-04-16T22:36:20.472+0800][19.348s] GC(63)   Merge Heap Roots: 0.0ms
[2020-04-16T22:36:20.472+0800][19.348s] GC(63)   Evacuate Collection Set: 0.2ms
[2020-04-16T22:36:20.472+0800][19.348s] GC(63)   Post Evacuate Collection Set: 0.3ms
[2020-04-16T22:36:20.472+0800][19.348s] GC(63)   Other: 0.1ms
[2020-04-16T22:36:20.472+0800][19.348s] GC(63) Eden regions: 128->0(128)
[2020-04-16T22:36:20.472+0800][19.348s] GC(63) Survivor regions: 0->0(32)
[2020-04-16T22:36:20.472+0800][19.348s] GC(63) Old regions: 318->318
[2020-04-16T22:36:20.472+0800][19.348s] GC(63) Archive regions: 2->2
[2020-04-16T22:36:20.472+0800][19.348s] GC(63) Humongous regions: 1->1
[2020-04-16T22:36:20.472+0800][19.348s] GC(63) Metaspace: 39376K(40448K)->39376K(40448K) NonClass: 34637K(35328K)->34637K(35328K) Class: 4739K(5120K)->4739K(5120K)
[2020-04-16T22:36:20.472+0800][19.348s] GC(63) Pause Young (Normal) (G1 Evacuation Pause) 447M->319M(512M) 0.906ms
[2020-04-16T22:36:20.472+0800][19.348s] GC(63) User=0.00s Sys=0.00s Real=0.00s
[2020-04-16T22:36:20.534+0800][19.410s] GC(64) Pause Young (Concurrent Start) (G1 Evacuation Pause)
[2020-04-16T22:36:20.534+0800][19.410s] GC(64) Using 4 workers of 4 for evacuation
[2020-04-16T22:36:20.536+0800][19.412s] GC(64)   Pre Evacuate Collection Set: 0.1ms
[2020-04-16T22:36:20.536+0800][19.412s] GC(64)   Merge Heap Roots: 0.0ms
[2020-04-16T22:36:20.536+0800][19.412s] GC(64)   Evacuate Collection Set: 1.2ms
[2020-04-16T22:36:20.536+0800][19.412s] GC(64)   Post Evacuate Collection Set: 0.3ms
[2020-04-16T22:36:20.536+0800][19.412s] GC(64)   Other: 0.2ms
[2020-04-16T22:36:20.536+0800][19.412s] GC(64) Eden regions: 128->0(127)
[2020-04-16T22:36:20.536+0800][19.412s] GC(64) Survivor regions: 0->1(32)
[2020-04-16T22:36:20.536+0800][19.412s] GC(64) Old regions: 318->318
[2020-04-16T22:36:20.536+0800][19.412s] GC(64) Archive regions: 2->2
[2020-04-16T22:36:20.536+0800][19.412s] GC(64) Humongous regions: 1->1
[2020-04-16T22:36:20.536+0800][19.412s] GC(64) Metaspace: 39426K(40704K)->39426K(40704K) NonClass: 34682K(35584K)->34682K(35584K) Class: 4743K(5120K)->4743K(5120K)
[2020-04-16T22:36:20.536+0800][19.412s] GC(64) Pause Young (Concurrent Start) (G1 Evacuation Pause) 447M->319M(512M) 2.082ms
[2020-04-16T22:36:20.536+0800][19.412s] GC(64) User=0.01s Sys=0.00s Real=0.00s
[2020-04-16T22:36:20.536+0800][19.412s] GC(65) Concurrent Cycle
[2020-04-16T22:36:20.536+0800][19.412s] GC(65) Concurrent Clear Claimed Marks
[2020-04-16T22:36:20.536+0800][19.412s] GC(65) Concurrent Clear Claimed Marks 0.055ms
[2020-04-16T22:36:20.536+0800][19.412s] GC(65) Concurrent Scan Root Regions
[2020-04-16T22:36:20.537+0800][19.413s] GC(65) Concurrent Scan Root Regions 0.599ms
[2020-04-16T22:36:20.537+0800][19.413s] GC(65) Concurrent Mark (19.413s)
[2020-04-16T22:36:20.537+0800][19.413s] GC(65) Concurrent Mark From Roots
[2020-04-16T22:36:20.537+0800][19.413s] GC(65) Using 4 workers of 4 for marking
[2020-04-16T22:36:20.740+0800][19.616s] GC(66) Pause Young (Normal) (G1 Evacuation Pause)
[2020-04-16T22:36:20.740+0800][19.616s] GC(66) Using 4 workers of 4 for evacuation
[2020-04-16T22:36:20.741+0800][19.617s] GC(66)   Pre Evacuate Collection Set: 0.1ms
[2020-04-16T22:36:20.741+0800][19.617s] GC(66)   Merge Heap Roots: 0.1ms
[2020-04-16T22:36:20.741+0800][19.617s] GC(66)   Evacuate Collection Set: 0.8ms
[2020-04-16T22:36:20.741+0800][19.617s] GC(66)   Post Evacuate Collection Set: 0.4ms
[2020-04-16T22:36:20.741+0800][19.617s] GC(66)   Other: 0.2ms
[2020-04-16T22:36:20.741+0800][19.617s] GC(66) Eden regions: 127->0(127)
[2020-04-16T22:36:20.741+0800][19.617s] GC(66) Survivor regions: 1->1(32)
[2020-04-16T22:36:20.741+0800][19.617s] GC(66) Old regions: 318->318
[2020-04-16T22:36:20.741+0800][19.617s] GC(66) Archive regions: 2->2
[2020-04-16T22:36:20.741+0800][19.617s] GC(66) Humongous regions: 1->1
[2020-04-16T22:36:20.741+0800][19.617s] GC(66) Metaspace: 39426K(40704K)->39426K(40704K) NonClass: 34682K(35584K)->34682K(35584K) Class: 4743K(5120K)->4743K(5120K)
[2020-04-16T22:36:20.741+0800][19.617s] GC(66) Pause Young (Normal) (G1 Evacuation Pause) 446M->319M(512M) 1.553ms
[2020-04-16T22:36:20.741+0800][19.617s] GC(66) User=0.00s Sys=0.00s Real=0.00s
[2020-04-16T22:36:20.840+0800][19.716s] GC(67) Pause Young (Normal) (G1 Evacuation Pause)
[2020-04-16T22:36:20.840+0800][19.716s] GC(67) Using 4 workers of 4 for evacuation
[2020-04-16T22:36:20.841+0800][19.717s] GC(67)   Pre Evacuate Collection Set: 0.1ms
[2020-04-16T22:36:20.841+0800][19.717s] GC(67)   Merge Heap Roots: 0.0ms
[2020-04-16T22:36:20.841+0800][19.717s] GC(67)   Evacuate Collection Set: 0.4ms
[2020-04-16T22:36:20.841+0800][19.717s] GC(67)   Post Evacuate Collection Set: 0.3ms
[2020-04-16T22:36:20.841+0800][19.717s] GC(67)   Other: 0.2ms
[2020-04-16T22:36:20.841+0800][19.717s] GC(67) Eden regions: 127->0(127)
[2020-04-16T22:36:20.841+0800][19.717s] GC(67) Survivor regions: 1->1(32)
[2020-04-16T22:36:20.841+0800][19.717s] GC(67) Old regions: 318->318
[2020-04-16T22:36:20.841+0800][19.717s] GC(67) Archive regions: 2->2
[2020-04-16T22:36:20.841+0800][19.717s] GC(67) Humongous regions: 1->1
[2020-04-16T22:36:20.841+0800][19.717s] GC(67) Metaspace: 39426K(40704K)->39426K(40704K) NonClass: 34682K(35584K)->34682K(35584K) Class: 4743K(5120K)->4743K(5120K)
[2020-04-16T22:36:20.841+0800][19.717s] GC(67) Pause Young (Normal) (G1 Evacuation Pause) 446M->319M(512M) 1.128ms
[2020-04-16T22:36:20.841+0800][19.717s] GC(67) User=0.00s Sys=0.00s Real=0.00s
[2020-04-16T22:36:20.944+0800][19.820s] GC(68) Pause Young (Normal) (G1 Evacuation Pause)
[2020-04-16T22:36:20.944+0800][19.820s] GC(68) Using 4 workers of 4 for evacuation
[2020-04-16T22:36:20.946+0800][19.822s] GC(68)   Pre Evacuate Collection Set: 0.1ms
[2020-04-16T22:36:20.946+0800][19.822s] GC(68)   Merge Heap Roots: 0.2ms
[2020-04-16T22:36:20.946+0800][19.822s] GC(68)   Evacuate Collection Set: 0.8ms
[2020-04-16T22:36:20.946+0800][19.822s] GC(68)   Post Evacuate Collection Set: 0.3ms
[2020-04-16T22:36:20.946+0800][19.822s] GC(68)   Other: 0.2ms
[2020-04-16T22:36:20.946+0800][19.822s] GC(68) Eden regions: 127->0(127)
[2020-04-16T22:36:20.946+0800][19.822s] GC(68) Survivor regions: 1->1(32)
[2020-04-16T22:36:20.946+0800][19.822s] GC(68) Old regions: 318->318
[2020-04-16T22:36:20.946+0800][19.822s] GC(68) Archive regions: 2->2
[2020-04-16T22:36:20.946+0800][19.822s] GC(68) Humongous regions: 1->1
[2020-04-16T22:36:20.946+0800][19.822s] GC(68) Metaspace: 39426K(40704K)->39426K(40704K) NonClass: 34682K(35584K)->34682K(35584K) Class: 4743K(5120K)->4743K(5120K)
[2020-04-16T22:36:20.946+0800][19.822s] GC(68) Pause Young (Normal) (G1 Evacuation Pause) 446M->319M(512M) 1.784ms
[2020-04-16T22:36:20.946+0800][19.822s] GC(68) User=0.00s Sys=0.00s Real=0.00s
[2020-04-16T22:36:21.039+0800][19.915s] GC(69) Pause Young (Normal) (G1 Evacuation Pause)
[2020-04-16T22:36:21.039+0800][19.915s] GC(69) Using 4 workers of 4 for evacuation
[2020-04-16T22:36:21.040+0800][19.916s] GC(69)   Pre Evacuate Collection Set: 0.1ms
[2020-04-16T22:36:21.040+0800][19.916s] GC(69)   Merge Heap Roots: 0.0ms
[2020-04-16T22:36:21.040+0800][19.916s] GC(69)   Evacuate Collection Set: 0.4ms
[2020-04-16T22:36:21.040+0800][19.916s] GC(69)   Post Evacuate Collection Set: 0.3ms
[2020-04-16T22:36:21.040+0800][19.916s] GC(69)   Other: 0.1ms
[2020-04-16T22:36:21.040+0800][19.916s] GC(69) Eden regions: 127->0(127)
[2020-04-16T22:36:21.040+0800][19.916s] GC(69) Survivor regions: 1->1(32)
[2020-04-16T22:36:21.040+0800][19.916s] GC(69) Old regions: 318->318
[2020-04-16T22:36:21.040+0800][19.916s] GC(69) Archive regions: 2->2
[2020-04-16T22:36:21.040+0800][19.916s] GC(69) Humongous regions: 1->1
[2020-04-16T22:36:21.040+0800][19.916s] GC(69) Metaspace: 39426K(40704K)->39426K(40704K) NonClass: 34682K(35584K)->34682K(35584K) Class: 4743K(5120K)->4743K(5120K)
[2020-04-16T22:36:21.040+0800][19.916s] GC(69) Pause Young (Normal) (G1 Evacuation Pause) 446M->319M(512M) 1.126ms
[2020-04-16T22:36:21.040+0800][19.916s] GC(69) User=0.00s Sys=0.01s Real=0.01s
[2020-04-16T22:36:21.148+0800][20.024s] GC(70) Pause Young (Normal) (G1 Evacuation Pause)
[2020-04-16T22:36:21.148+0800][20.024s] GC(70) Using 4 workers of 4 for evacuation
[2020-04-16T22:36:21.149+0800][20.025s] GC(70)   Pre Evacuate Collection Set: 0.1ms
[2020-04-16T22:36:21.149+0800][20.025s] GC(70)   Merge Heap Roots: 0.0ms
[2020-04-16T22:36:21.149+0800][20.025s] GC(70)   Evacuate Collection Set: 0.4ms
[2020-04-16T22:36:21.149+0800][20.025s] GC(70)   Post Evacuate Collection Set: 0.3ms
[2020-04-16T22:36:21.149+0800][20.025s] GC(70)   Other: 0.2ms
[2020-04-16T22:36:21.149+0800][20.025s] GC(70) Eden regions: 127->0(127)
[2020-04-16T22:36:21.149+0800][20.025s] GC(70) Survivor regions: 1->1(32)
[2020-04-16T22:36:21.149+0800][20.025s] GC(70) Old regions: 318->318
[2020-04-16T22:36:21.149+0800][20.025s] GC(70) Archive regions: 2->2
[2020-04-16T22:36:21.149+0800][20.025s] GC(70) Humongous regions: 1->1
[2020-04-16T22:36:21.149+0800][20.025s] GC(70) Metaspace: 39426K(40704K)->39426K(40704K) NonClass: 34682K(35584K)->34682K(35584K) Class: 4743K(5120K)->4743K(5120K)
[2020-04-16T22:36:21.149+0800][20.025s] GC(70) Pause Young (Normal) (G1 Evacuation Pause) 446M->319M(512M) 1.207ms
[2020-04-16T22:36:21.149+0800][20.025s] GC(70) User=0.01s Sys=0.00s Real=0.00s
[2020-04-16T22:36:21.176+0800][20.052s] GC(65) Concurrent Mark From Roots 639.548ms
[2020-04-16T22:36:21.176+0800][20.052s] GC(65) Concurrent Preclean
[2020-04-16T22:36:21.177+0800][20.053s] GC(65) Concurrent Preclean 0.147ms
[2020-04-16T22:36:21.177+0800][20.053s] GC(65) Concurrent Mark (19.413s, 20.053s) 639.785ms
[2020-04-16T22:36:21.177+0800][20.053s] GC(65) Pause Remark
[2020-04-16T22:36:21.182+0800][20.058s] GC(65) Pause Remark 353M->353M(512M) 4.855ms
[2020-04-16T22:36:21.182+0800][20.058s] GC(65) User=0.01s Sys=0.00s Real=0.01s
[2020-04-16T22:36:21.182+0800][20.058s] GC(65) Concurrent Rebuild Remembered Sets
[2020-04-16T22:36:21.246+0800][20.121s] GC(71) Pause Young (Normal) (G1 Evacuation Pause)
[2020-04-16T22:36:21.246+0800][20.122s] GC(71) Using 4 workers of 4 for evacuation
[2020-04-16T22:36:21.247+0800][20.123s] GC(71)   Pre Evacuate Collection Set: 0.1ms
[2020-04-16T22:36:21.247+0800][20.123s] GC(71)   Merge Heap Roots: 0.0ms
[2020-04-16T22:36:21.247+0800][20.123s] GC(71)   Evacuate Collection Set: 1.2ms
[2020-04-16T22:36:21.247+0800][20.123s] GC(71)   Post Evacuate Collection Set: 0.4ms
[2020-04-16T22:36:21.247+0800][20.123s] GC(71)   Other: 0.2ms
[2020-04-16T22:36:21.247+0800][20.123s] GC(71) Eden regions: 127->0(127)
[2020-04-16T22:36:21.247+0800][20.123s] GC(71) Survivor regions: 1->1(32)
[2020-04-16T22:36:21.247+0800][20.123s] GC(71) Old regions: 318->318
[2020-04-16T22:36:21.247+0800][20.123s] GC(71) Archive regions: 2->2
[2020-04-16T22:36:21.247+0800][20.123s] GC(71) Humongous regions: 1->1
[2020-04-16T22:36:21.248+0800][20.123s] GC(71) Metaspace: 39426K(40704K)->39426K(40704K) NonClass: 34682K(35584K)->34682K(35584K) Class: 4743K(5120K)->4743K(5120K)
[2020-04-16T22:36:21.248+0800][20.123s] GC(71) Pause Young (Normal) (G1 Evacuation Pause) 446M->319M(512M) 1.991ms
[2020-04-16T22:36:21.248+0800][20.124s] GC(71) User=0.00s Sys=0.00s Real=0.00s
[2020-04-16T22:36:21.343+0800][20.219s] GC(72) Pause Young (Normal) (G1 Evacuation Pause)
[2020-04-16T22:36:21.343+0800][20.219s] GC(72) Using 4 workers of 4 for evacuation
[2020-04-16T22:36:21.344+0800][20.220s] GC(72)   Pre Evacuate Collection Set: 0.1ms
[2020-04-16T22:36:21.344+0800][20.220s] GC(72)   Merge Heap Roots: 0.0ms
[2020-04-16T22:36:21.344+0800][20.220s] GC(72)   Evacuate Collection Set: 0.4ms
[2020-04-16T22:36:21.344+0800][20.220s] GC(72)   Post Evacuate Collection Set: 0.4ms
[2020-04-16T22:36:21.344+0800][20.220s] GC(72)   Other: 0.1ms
[2020-04-16T22:36:21.344+0800][20.220s] GC(72) Eden regions: 127->0(127)
[2020-04-16T22:36:21.344+0800][20.220s] GC(72) Survivor regions: 1->1(32)
[2020-04-16T22:36:21.344+0800][20.220s] GC(72) Old regions: 318->318
[2020-04-16T22:36:21.344+0800][20.220s] GC(72) Archive regions: 2->2
[2020-04-16T22:36:21.344+0800][20.220s] GC(72) Humongous regions: 1->1
[2020-04-16T22:36:21.344+0800][20.220s] GC(72) Metaspace: 39426K(40704K)->39426K(40704K) NonClass: 34682K(35584K)->34682K(35584K) Class: 4743K(5120K)->4743K(5120K)
[2020-04-16T22:36:21.345+0800][20.221s] GC(72) Pause Young (Normal) (G1 Evacuation Pause) 446M->319M(512M) 1.707ms
[2020-04-16T22:36:21.345+0800][20.221s] GC(72) User=0.00s Sys=0.01s Real=0.00s
[2020-04-16T22:36:21.420+0800][20.296s] GC(73) Pause Young (Normal) (G1 Evacuation Pause)
[2020-04-16T22:36:21.420+0800][20.296s] GC(73) Using 4 workers of 4 for evacuation
[2020-04-16T22:36:21.421+0800][20.297s] GC(73)   Pre Evacuate Collection Set: 0.1ms
[2020-04-16T22:36:21.421+0800][20.297s] GC(73)   Merge Heap Roots: 0.0ms
[2020-04-16T22:36:21.421+0800][20.297s] GC(73)   Evacuate Collection Set: 0.5ms
[2020-04-16T22:36:21.421+0800][20.297s] GC(73)   Post Evacuate Collection Set: 0.3ms
[2020-04-16T22:36:21.421+0800][20.297s] GC(73)   Other: 0.2ms
[2020-04-16T22:36:21.421+0800][20.297s] GC(73) Eden regions: 127->0(128)
[2020-04-16T22:36:21.421+0800][20.297s] GC(73) Survivor regions: 1->0(32)
[2020-04-16T22:36:21.421+0800][20.297s] GC(73) Old regions: 318->319
[2020-04-16T22:36:21.421+0800][20.297s] GC(73) Archive regions: 2->2
[2020-04-16T22:36:21.421+0800][20.297s] GC(73) Humongous regions: 1->1
[2020-04-16T22:36:21.421+0800][20.297s] GC(73) Metaspace: 39426K(40704K)->39426K(40704K) NonClass: 34682K(35584K)->34682K(35584K) Class: 4743K(5120K)->4743K(5120K)
[2020-04-16T22:36:21.421+0800][20.297s] GC(73) Pause Young (Normal) (G1 Evacuation Pause) 446M->319M(512M) 1.238ms
[2020-04-16T22:36:21.421+0800][20.297s] GC(73) User=0.01s Sys=0.00s Real=0.00s
[2020-04-16T22:36:21.503+0800][20.379s] GC(65) Concurrent Rebuild Remembered Sets 320.981ms
[2020-04-16T22:36:21.503+0800][20.379s] GC(65) Pause Cleanup
[2020-04-16T22:36:21.504+0800][20.379s] GC(65) Pause Cleanup 434M->434M(512M) 0.328ms
[2020-04-16T22:36:21.504+0800][20.380s] GC(65) User=0.00s Sys=0.00s Real=0.00s
[2020-04-16T22:36:21.504+0800][20.380s] GC(65) Concurrent Cleanup for Next Mark
[2020-04-16T22:36:21.504+0800][20.380s] GC(65) Concurrent Cleanup for Next Mark 0.749ms
[2020-04-16T22:36:21.504+0800][20.380s] GC(65) Concurrent Cycle 968.243ms
[2020-04-16T22:36:21.512+0800][20.388s] GC(74) Pause Young (Normal) (G1 Evacuation Pause)
[2020-04-16T22:36:21.512+0800][20.388s] GC(74) Using 4 workers of 4 for evacuation
[2020-04-16T22:36:21.513+0800][20.389s] GC(74)   Pre Evacuate Collection Set: 0.0ms
[2020-04-16T22:36:21.513+0800][20.389s] GC(74)   Merge Heap Roots: 0.0ms
[2020-04-16T22:36:21.513+0800][20.389s] GC(74)   Evacuate Collection Set: 0.3ms
[2020-04-16T22:36:21.513+0800][20.389s] GC(74)   Post Evacuate Collection Set: 0.3ms
[2020-04-16T22:36:21.513+0800][20.389s] GC(74)   Other: 0.2ms
[2020-04-16T22:36:21.513+0800][20.389s] GC(74) Eden regions: 128->0(128)
[2020-04-16T22:36:21.513+0800][20.389s] GC(74) Survivor regions: 0->0(32)
[2020-04-16T22:36:21.513+0800][20.389s] GC(74) Old regions: 319->319
[2020-04-16T22:36:21.513+0800][20.389s] GC(74) Archive regions: 2->2
[2020-04-16T22:36:21.513+0800][20.389s] GC(74) Humongous regions: 1->1
[2020-04-16T22:36:21.513+0800][20.389s] GC(74) Metaspace: 39426K(40704K)->39426K(40704K) NonClass: 34682K(35584K)->34682K(35584K) Class: 4743K(5120K)->4743K(5120K)
[2020-04-16T22:36:21.513+0800][20.389s] GC(74) Pause Young (Normal) (G1 Evacuation Pause) 447M->319M(512M) 1.346ms
[2020-04-16T22:36:21.513+0800][20.389s] GC(74) User=0.00s Sys=0.00s Real=0.00s
[2020-04-16T22:36:21.555+0800][20.431s] GC(75) Pause Young (Concurrent Start) (G1 Evacuation Pause)
[2020-04-16T22:36:21.555+0800][20.431s] GC(75) Using 4 workers of 4 for evacuation
[2020-04-16T22:36:21.556+0800][20.432s] GC(75)   Pre Evacuate Collection Set: 0.1ms
[2020-04-16T22:36:21.556+0800][20.432s] GC(75)   Merge Heap Roots: 0.0ms
[2020-04-16T22:36:21.556+0800][20.432s] GC(75)   Evacuate Collection Set: 0.9ms
[2020-04-16T22:36:21.557+0800][20.432s] GC(75)   Post Evacuate Collection Set: 0.4ms
[2020-04-16T22:36:21.557+0800][20.432s] GC(75)   Other: 0.2ms
[2020-04-16T22:36:21.557+0800][20.432s] GC(75) Eden regions: 128->0(128)
[2020-04-16T22:36:21.557+0800][20.433s] GC(75) Survivor regions: 0->0(32)
[2020-04-16T22:36:21.557+0800][20.433s] GC(75) Old regions: 319->319
[2020-04-16T22:36:21.557+0800][20.433s] GC(75) Archive regions: 2->2
[2020-04-16T22:36:21.557+0800][20.433s] GC(75) Humongous regions: 1->1
[2020-04-16T22:36:21.557+0800][20.433s] GC(75) Metaspace: 39426K(40704K)->39426K(40704K) NonClass: 34682K(35584K)->34682K(35584K) Class: 4743K(5120K)->4743K(5120K)
[2020-04-16T22:36:21.557+0800][20.433s] GC(75) Pause Young (Concurrent Start) (G1 Evacuation Pause) 447M->319M(512M) 1.830ms
[2020-04-16T22:36:21.557+0800][20.433s] GC(75) User=0.00s Sys=0.00s Real=0.00s
[2020-04-16T22:36:21.557+0800][20.433s] GC(76) Concurrent Cycle
[2020-04-16T22:36:21.557+0800][20.433s] GC(76) Concurrent Clear Claimed Marks
[2020-04-16T22:36:21.557+0800][20.433s] GC(76) Concurrent Clear Claimed Marks 0.070ms
[2020-04-16T22:36:21.557+0800][20.433s] GC(76) Concurrent Scan Root Regions
[2020-04-16T22:36:21.557+0800][20.433s] GC(76) Concurrent Scan Root Regions 0.019ms
[2020-04-16T22:36:21.557+0800][20.433s] GC(76) Concurrent Mark (20.433s)
[2020-04-16T22:36:21.557+0800][20.433s] GC(76) Concurrent Mark From Roots
[2020-04-16T22:36:21.557+0800][20.433s] GC(76) Using 4 workers of 4 for marking
[2020-04-16T22:36:21.708+0800][20.584s] GC(77) Pause Young (Normal) (G1 Evacuation Pause)
[2020-04-16T22:36:21.708+0800][20.584s] GC(77) Using 4 workers of 4 for evacuation
[2020-04-16T22:36:21.709+0800][20.585s] GC(77)   Pre Evacuate Collection Set: 0.1ms
[2020-04-16T22:36:21.710+0800][20.585s] GC(77)   Merge Heap Roots: 0.0ms
[2020-04-16T22:36:21.710+0800][20.586s] GC(77)   Evacuate Collection Set: 0.5ms
[2020-04-16T22:36:21.710+0800][20.586s] GC(77)   Post Evacuate Collection Set: 0.3ms
[2020-04-16T22:36:21.710+0800][20.586s] GC(77)   Other: 0.2ms
[2020-04-16T22:36:21.710+0800][20.586s] GC(77) Eden regions: 128->0(128)
[2020-04-16T22:36:21.710+0800][20.586s] GC(77) Survivor regions: 0->0(32)
[2020-04-16T22:36:21.710+0800][20.586s] GC(77) Old regions: 319->319
[2020-04-16T22:36:21.710+0800][20.586s] GC(77) Archive regions: 2->2
[2020-04-16T22:36:21.710+0800][20.586s] GC(77) Humongous regions: 1->1
[2020-04-16T22:36:21.710+0800][20.586s] GC(77) Metaspace: 39426K(40704K)->39426K(40704K) NonClass: 34682K(35584K)->34682K(35584K) Class: 4743K(5120K)->4743K(5120K)
[2020-04-16T22:36:21.710+0800][20.586s] GC(77) Pause Young (Normal) (G1 Evacuation Pause) 447M->319M(512M) 1.358ms
[2020-04-16T22:36:21.710+0800][20.586s] GC(77) User=0.01s Sys=0.00s Real=0.01s
[2020-04-16T22:36:21.808+0800][20.684s] GC(78) Pause Young (Normal) (G1 Evacuation Pause)
[2020-04-16T22:36:21.808+0800][20.684s] GC(78) Using 4 workers of 4 for evacuation
[2020-04-16T22:36:21.809+0800][20.685s] GC(78)   Pre Evacuate Collection Set: 0.1ms
[2020-04-16T22:36:21.809+0800][20.685s] GC(78)   Merge Heap Roots: 0.0ms
[2020-04-16T22:36:21.809+0800][20.685s] GC(78)   Evacuate Collection Set: 0.3ms
[2020-04-16T22:36:21.809+0800][20.685s] GC(78)   Post Evacuate Collection Set: 0.4ms
[2020-04-16T22:36:21.809+0800][20.685s] GC(78)   Other: 0.2ms
[2020-04-16T22:36:21.809+0800][20.685s] GC(78) Eden regions: 128->0(128)
[2020-04-16T22:36:21.809+0800][20.685s] GC(78) Survivor regions: 0->0(32)
[2020-04-16T22:36:21.809+0800][20.685s] GC(78) Old regions: 319->319
[2020-04-16T22:36:21.809+0800][20.685s] GC(78) Archive regions: 2->2
[2020-04-16T22:36:21.809+0800][20.685s] GC(78) Humongous regions: 1->1
[2020-04-16T22:36:21.809+0800][20.685s] GC(78) Metaspace: 39426K(40704K)->39426K(40704K) NonClass: 34682K(35584K)->34682K(35584K) Class: 4743K(5120K)->4743K(5120K)
[2020-04-16T22:36:21.809+0800][20.685s] GC(78) Pause Young (Normal) (G1 Evacuation Pause) 447M->319M(512M) 1.215ms
[2020-04-16T22:36:21.809+0800][20.685s] GC(78) User=0.00s Sys=0.00s Real=0.00s
[2020-04-16T22:36:21.952+0800][20.828s] GC(79) Pause Young (Normal) (G1 Evacuation Pause)
[2020-04-16T22:36:21.952+0800][20.828s] GC(79) Using 4 workers of 4 for evacuation
[2020-04-16T22:36:21.953+0800][20.829s] GC(79)   Pre Evacuate Collection Set: 0.1ms
[2020-04-16T22:36:21.953+0800][20.829s] GC(79)   Merge Heap Roots: 0.0ms
[2020-04-16T22:36:21.953+0800][20.829s] GC(79)   Evacuate Collection Set: 0.2ms
[2020-04-16T22:36:21.953+0800][20.829s] GC(79)   Post Evacuate Collection Set: 0.3ms
[2020-04-16T22:36:21.953+0800][20.829s] GC(79)   Other: 0.2ms
[2020-04-16T22:36:21.953+0800][20.829s] GC(79) Eden regions: 128->0(128)
[2020-04-16T22:36:21.953+0800][20.829s] GC(79) Survivor regions: 0->0(32)
[2020-04-16T22:36:21.953+0800][20.829s] GC(79) Old regions: 319->319
[2020-04-16T22:36:21.953+0800][20.829s] GC(79) Archive regions: 2->2
[2020-04-16T22:36:21.953+0800][20.829s] GC(79) Humongous regions: 1->1
[2020-04-16T22:36:21.953+0800][20.829s] GC(79) Metaspace: 39426K(40704K)->39426K(40704K) NonClass: 34682K(35584K)->34682K(35584K) Class: 4743K(5120K)->4743K(5120K)
[2020-04-16T22:36:21.953+0800][20.829s] GC(79) Pause Young (Normal) (G1 Evacuation Pause) 447M->319M(512M) 1.035ms
[2020-04-16T22:36:21.953+0800][20.829s] GC(79) User=0.00s Sys=0.00s Real=0.00s
[2020-04-16T22:36:22.062+0800][20.938s] GC(80) Pause Young (Normal) (G1 Evacuation Pause)
[2020-04-16T22:36:22.062+0800][20.938s] GC(80) Using 4 workers of 4 for evacuation
[2020-04-16T22:36:22.063+0800][20.939s] GC(80)   Pre Evacuate Collection Set: 0.0ms
[2020-04-16T22:36:22.063+0800][20.939s] GC(80)   Merge Heap Roots: 0.1ms
[2020-04-16T22:36:22.063+0800][20.939s] GC(80)   Evacuate Collection Set: 0.2ms
[2020-04-16T22:36:22.063+0800][20.939s] GC(80)   Post Evacuate Collection Set: 0.3ms
[2020-04-16T22:36:22.063+0800][20.939s] GC(80)   Other: 0.2ms
[2020-04-16T22:36:22.063+0800][20.939s] GC(80) Eden regions: 128->0(128)
[2020-04-16T22:36:22.063+0800][20.939s] GC(80) Survivor regions: 0->0(32)
[2020-04-16T22:36:22.063+0800][20.939s] GC(80) Old regions: 319->319
[2020-04-16T22:36:22.063+0800][20.939s] GC(80) Archive regions: 2->2
[2020-04-16T22:36:22.063+0800][20.939s] GC(80) Humongous regions: 1->1
[2020-04-16T22:36:22.063+0800][20.939s] GC(80) Metaspace: 39426K(40704K)->39426K(40704K) NonClass: 34682K(35584K)->34682K(35584K) Class: 4743K(5120K)->4743K(5120K)
[2020-04-16T22:36:22.063+0800][20.939s] GC(80) Pause Young (Normal) (G1 Evacuation Pause) 447M->319M(512M) 1.241ms
[2020-04-16T22:36:22.063+0800][20.939s] GC(80) User=0.00s Sys=0.00s Real=0.00s
[2020-04-16T22:36:22.191+0800][21.067s] GC(81) Pause Young (Normal) (G1 Evacuation Pause)
[2020-04-16T22:36:22.191+0800][21.067s] GC(81) Using 4 workers of 4 for evacuation
[2020-04-16T22:36:22.192+0800][21.068s] GC(81)   Pre Evacuate Collection Set: 0.1ms
[2020-04-16T22:36:22.192+0800][21.068s] GC(81)   Merge Heap Roots: 0.0ms
[2020-04-16T22:36:22.192+0800][21.068s] GC(81)   Evacuate Collection Set: 0.2ms
[2020-04-16T22:36:22.192+0800][21.068s] GC(81)   Post Evacuate Collection Set: 0.3ms
[2020-04-16T22:36:22.192+0800][21.068s] GC(81)   Other: 0.2ms
[2020-04-16T22:36:22.192+0800][21.068s] GC(81) Eden regions: 128->0(128)
[2020-04-16T22:36:22.192+0800][21.068s] GC(81) Survivor regions: 0->0(32)
[2020-04-16T22:36:22.192+0800][21.068s] GC(81) Old regions: 319->319
[2020-04-16T22:36:22.192+0800][21.068s] GC(81) Archive regions: 2->2
[2020-04-16T22:36:22.192+0800][21.068s] GC(81) Humongous regions: 1->1
[2020-04-16T22:36:22.192+0800][21.068s] GC(81) Metaspace: 39426K(40704K)->39426K(40704K) NonClass: 34682K(35584K)->34682K(35584K) Class: 4743K(5120K)->4743K(5120K)
[2020-04-16T22:36:22.192+0800][21.068s] GC(81) Pause Young (Normal) (G1 Evacuation Pause) 447M->319M(512M) 0.998ms
[2020-04-16T22:36:22.192+0800][21.068s] GC(81) User=0.00s Sys=0.00s Real=0.00s
[2020-04-16T22:36:22.205+0800][21.081s] GC(76) Concurrent Mark From Roots 648.020ms
[2020-04-16T22:36:22.205+0800][21.081s] GC(76) Concurrent Preclean
[2020-04-16T22:36:22.205+0800][21.081s] GC(76) Concurrent Preclean 0.154ms
[2020-04-16T22:36:22.205+0800][21.081s] GC(76) Concurrent Mark (20.433s, 21.081s) 648.267ms
[2020-04-16T22:36:22.205+0800][21.081s] GC(76) Pause Remark
[2020-04-16T22:36:22.209+0800][21.085s] GC(76) Pause Remark 331M->331M(512M) 3.720ms
[2020-04-16T22:36:22.209+0800][21.085s] GC(76) User=0.01s Sys=0.00s Real=0.00s
[2020-04-16T22:36:22.209+0800][21.085s] GC(76) Concurrent Rebuild Remembered Sets
[2020-04-16T22:36:22.301+0800][21.176s] GC(82) Pause Young (Normal) (G1 Evacuation Pause)
[2020-04-16T22:36:22.301+0800][21.177s] GC(82) Using 4 workers of 4 for evacuation
[2020-04-16T22:36:22.301+0800][21.177s] GC(82)   Pre Evacuate Collection Set: 0.1ms
[2020-04-16T22:36:22.301+0800][21.177s] GC(82)   Merge Heap Roots: 0.0ms
[2020-04-16T22:36:22.301+0800][21.177s] GC(82)   Evacuate Collection Set: 0.2ms
[2020-04-16T22:36:22.301+0800][21.177s] GC(82)   Post Evacuate Collection Set: 0.3ms
[2020-04-16T22:36:22.302+0800][21.177s] GC(82)   Other: 0.2ms
[2020-04-16T22:36:22.302+0800][21.177s] GC(82) Eden regions: 128->0(128)
[2020-04-16T22:36:22.302+0800][21.177s] GC(82) Survivor regions: 0->0(32)
[2020-04-16T22:36:22.302+0800][21.177s] GC(82) Old regions: 319->319
[2020-04-16T22:36:22.302+0800][21.177s] GC(82) Archive regions: 2->2
[2020-04-16T22:36:22.302+0800][21.177s] GC(82) Humongous regions: 1->1
[2020-04-16T22:36:22.302+0800][21.177s] GC(82) Metaspace: 39426K(40704K)->39426K(40704K) NonClass: 34682K(35584K)->34682K(35584K) Class: 4743K(5120K)->4743K(5120K)
[2020-04-16T22:36:22.302+0800][21.178s] GC(82) Pause Young (Normal) (G1 Evacuation Pause) 447M->319M(512M) 1.066ms
[2020-04-16T22:36:22.302+0800][21.178s] GC(82) User=0.00s Sys=0.00s Real=0.00s
[2020-04-16T22:36:22.405+0800][21.281s] GC(83) Pause Young (Normal) (G1 Evacuation Pause)
[2020-04-16T22:36:22.405+0800][21.281s] GC(83) Using 4 workers of 4 for evacuation
[2020-04-16T22:36:22.406+0800][21.282s] GC(83)   Pre Evacuate Collection Set: 0.1ms
[2020-04-16T22:36:22.406+0800][21.282s] GC(83)   Merge Heap Roots: 0.0ms
[2020-04-16T22:36:22.406+0800][21.282s] GC(83)   Evacuate Collection Set: 0.2ms
[2020-04-16T22:36:22.406+0800][21.282s] GC(83)   Post Evacuate Collection Set: 0.5ms
[2020-04-16T22:36:22.406+0800][21.282s] GC(83)   Other: 0.2ms
[2020-04-16T22:36:22.406+0800][21.282s] GC(83) Eden regions: 128->0(128)
[2020-04-16T22:36:22.406+0800][21.282s] GC(83) Survivor regions: 0->0(32)
[2020-04-16T22:36:22.406+0800][21.282s] GC(83) Old regions: 319->319
[2020-04-16T22:36:22.406+0800][21.282s] GC(83) Archive regions: 2->2
[2020-04-16T22:36:22.406+0800][21.282s] GC(83) Humongous regions: 1->1
[2020-04-16T22:36:22.406+0800][21.282s] GC(83) Metaspace: 39426K(40704K)->39426K(40704K) NonClass: 34682K(35584K)->34682K(35584K) Class: 4743K(5120K)->4743K(5120K)
[2020-04-16T22:36:22.406+0800][21.282s] GC(83) Pause Young (Normal) (G1 Evacuation Pause) 447M->319M(512M) 1.296ms
[2020-04-16T22:36:22.406+0800][21.282s] GC(83) User=0.00s Sys=0.00s Real=0.00s
[2020-04-16T22:36:22.503+0800][21.379s] GC(84) Pause Young (Normal) (G1 Evacuation Pause)
[2020-04-16T22:36:22.503+0800][21.379s] GC(84) Using 4 workers of 4 for evacuation
[2020-04-16T22:36:22.504+0800][21.380s] GC(84)   Pre Evacuate Collection Set: 0.1ms
[2020-04-16T22:36:22.504+0800][21.380s] GC(84)   Merge Heap Roots: 0.0ms
[2020-04-16T22:36:22.504+0800][21.380s] GC(84)   Evacuate Collection Set: 0.2ms
[2020-04-16T22:36:22.504+0800][21.380s] GC(84)   Post Evacuate Collection Set: 0.4ms
[2020-04-16T22:36:22.504+0800][21.380s] GC(84)   Other: 0.2ms
[2020-04-16T22:36:22.504+0800][21.380s] GC(84) Eden regions: 128->0(128)
[2020-04-16T22:36:22.504+0800][21.380s] GC(84) Survivor regions: 0->0(32)
[2020-04-16T22:36:22.504+0800][21.380s] GC(84) Old regions: 319->319
[2020-04-16T22:36:22.504+0800][21.380s] GC(84) Archive regions: 2->2
[2020-04-16T22:36:22.504+0800][21.380s] GC(84) Humongous regions: 1->1
[2020-04-16T22:36:22.504+0800][21.380s] GC(84) Metaspace: 39426K(40704K)->39426K(40704K) NonClass: 34682K(35584K)->34682K(35584K) Class: 4743K(5120K)->4743K(5120K)
[2020-04-16T22:36:22.504+0800][21.380s] GC(84) Pause Young (Normal) (G1 Evacuation Pause) 447M->319M(512M) 1.194ms
[2020-04-16T22:36:22.505+0800][21.380s] GC(84) User=0.00s Sys=0.00s Real=0.00s
[2020-04-16T22:36:22.559+0800][21.435s] GC(76) Concurrent Rebuild Remembered Sets 349.865ms
[2020-04-16T22:36:22.559+0800][21.435s] GC(76) Pause Cleanup
[2020-04-16T22:36:22.560+0800][21.436s] GC(76) Pause Cleanup 383M->383M(512M) 0.407ms
[2020-04-16T22:36:22.560+0800][21.436s] GC(76) User=0.00s Sys=0.00s Real=0.01s
[2020-04-16T22:36:22.560+0800][21.436s] GC(76) Concurrent Cleanup for Next Mark
[2020-04-16T22:36:22.561+0800][21.437s] GC(76) Concurrent Cleanup for Next Mark 0.967ms
[2020-04-16T22:36:22.561+0800][21.437s] GC(76) Concurrent Cycle 1004.526ms
[2020-04-16T22:36:22.601+0800][21.477s] GC(85) Pause Young (Normal) (G1 Evacuation Pause)
[2020-04-16T22:36:22.601+0800][21.477s] GC(85) Using 4 workers of 4 for evacuation
[2020-04-16T22:36:22.602+0800][21.478s] GC(85)   Pre Evacuate Collection Set: 0.1ms
[2020-04-16T22:36:22.602+0800][21.478s] GC(85)   Merge Heap Roots: 0.1ms
[2020-04-16T22:36:22.602+0800][21.478s] GC(85)   Evacuate Collection Set: 0.2ms
[2020-04-16T22:36:22.602+0800][21.478s] GC(85)   Post Evacuate Collection Set: 0.4ms
[2020-04-16T22:36:22.602+0800][21.478s] GC(85)   Other: 0.2ms
[2020-04-16T22:36:22.602+0800][21.478s] GC(85) Eden regions: 128->0(128)
[2020-04-16T22:36:22.602+0800][21.478s] GC(85) Survivor regions: 0->0(32)
[2020-04-16T22:36:22.602+0800][21.478s] GC(85) Old regions: 319->319
[2020-04-16T22:36:22.602+0800][21.478s] GC(85) Archive regions: 2->2
[2020-04-16T22:36:22.602+0800][21.478s] GC(85) Humongous regions: 1->1
[2020-04-16T22:36:22.602+0800][21.478s] GC(85) Metaspace: 39426K(40704K)->39426K(40704K) NonClass: 34682K(35584K)->34682K(35584K) Class: 4743K(5120K)->4743K(5120K)
[2020-04-16T22:36:22.602+0800][21.478s] GC(85) Pause Young (Normal) (G1 Evacuation Pause) 447M->319M(512M) 1.008ms
[2020-04-16T22:36:22.602+0800][21.478s] GC(85) User=0.01s Sys=0.00s Real=0.00s
[2020-04-16T22:36:22.650+0800][21.526s] GC(86) Pause Young (Concurrent Start) (G1 Evacuation Pause)
[2020-04-16T22:36:22.650+0800][21.526s] GC(86) Using 4 workers of 4 for evacuation
[2020-04-16T22:36:22.651+0800][21.527s] GC(86)   Pre Evacuate Collection Set: 0.1ms
[2020-04-16T22:36:22.651+0800][21.527s] GC(86)   Merge Heap Roots: 0.0ms
[2020-04-16T22:36:22.651+0800][21.527s] GC(86)   Evacuate Collection Set: 0.7ms
[2020-04-16T22:36:22.651+0800][21.527s] GC(86)   Post Evacuate Collection Set: 0.3ms
[2020-04-16T22:36:22.652+0800][21.527s] GC(86)   Other: 0.2ms
[2020-04-16T22:36:22.652+0800][21.527s] GC(86) Eden regions: 128->0(128)
[2020-04-16T22:36:22.652+0800][21.527s] GC(86) Survivor regions: 0->0(32)
[2020-04-16T22:36:22.652+0800][21.527s] GC(86) Old regions: 319->319
[2020-04-16T22:36:22.652+0800][21.527s] GC(86) Archive regions: 2->2
[2020-04-16T22:36:22.652+0800][21.527s] GC(86) Humongous regions: 1->1
[2020-04-16T22:36:22.652+0800][21.527s] GC(86) Metaspace: 39426K(40704K)->39426K(40704K) NonClass: 34682K(35584K)->34682K(35584K) Class: 4743K(5120K)->4743K(5120K)
[2020-04-16T22:36:22.652+0800][21.528s] GC(86) Pause Young (Concurrent Start) (G1 Evacuation Pause) 447M->319M(512M) 1.563ms
[2020-04-16T22:36:22.652+0800][21.528s] GC(86) User=0.00s Sys=0.00s Real=0.00s
[2020-04-16T22:36:22.652+0800][21.528s] GC(87) Concurrent Cycle
[2020-04-16T22:36:22.652+0800][21.528s] GC(87) Concurrent Clear Claimed Marks
[2020-04-16T22:36:22.652+0800][21.528s] GC(87) Concurrent Clear Claimed Marks 0.071ms
[2020-04-16T22:36:22.652+0800][21.528s] GC(87) Concurrent Scan Root Regions
[2020-04-16T22:36:22.652+0800][21.528s] GC(87) Concurrent Scan Root Regions 0.008ms
[2020-04-16T22:36:22.652+0800][21.528s] GC(87) Concurrent Mark (21.528s)
[2020-04-16T22:36:22.652+0800][21.528s] GC(87) Concurrent Mark From Roots
[2020-04-16T22:36:22.652+0800][21.528s] GC(87) Using 4 workers of 4 for marking
[2020-04-16T22:36:22.959+0800][21.835s] GC(88) Pause Young (Normal) (G1 Evacuation Pause)
[2020-04-16T22:36:22.959+0800][21.835s] GC(88) Using 4 workers of 4 for evacuation
[2020-04-16T22:36:22.961+0800][21.836s] GC(88)   Pre Evacuate Collection Set: 0.1ms
[2020-04-16T22:36:22.961+0800][21.836s] GC(88)   Merge Heap Roots: 0.0ms
[2020-04-16T22:36:22.961+0800][21.836s] GC(88)   Evacuate Collection Set: 0.4ms
[2020-04-16T22:36:22.961+0800][21.836s] GC(88)   Post Evacuate Collection Set: 0.4ms
[2020-04-16T22:36:22.961+0800][21.837s] GC(88)   Other: 0.2ms
[2020-04-16T22:36:22.961+0800][21.837s] GC(88) Eden regions: 128->0(128)
[2020-04-16T22:36:22.961+0800][21.837s] GC(88) Survivor regions: 0->0(32)
[2020-04-16T22:36:22.961+0800][21.837s] GC(88) Old regions: 319->319
[2020-04-16T22:36:22.961+0800][21.837s] GC(88) Archive regions: 2->2
[2020-04-16T22:36:22.961+0800][21.837s] GC(88) Humongous regions: 1->1
[2020-04-16T22:36:22.961+0800][21.837s] GC(88) Metaspace: 39426K(40704K)->39426K(40704K) NonClass: 34682K(35584K)->34682K(35584K) Class: 4743K(5120K)->4743K(5120K)
[2020-04-16T22:36:22.961+0800][21.837s] GC(88) Pause Young (Normal) (G1 Evacuation Pause) 447M->319M(512M) 1.309ms
[2020-04-16T22:36:22.961+0800][21.837s] GC(88) User=0.00s Sys=0.00s Real=0.01s
[2020-04-16T22:36:23.093+0800][21.969s] GC(89) Pause Young (Normal) (G1 Evacuation Pause)
[2020-04-16T22:36:23.093+0800][21.969s] GC(89) Using 4 workers of 4 for evacuation
[2020-04-16T22:36:23.094+0800][21.970s] GC(89)   Pre Evacuate Collection Set: 0.1ms
[2020-04-16T22:36:23.094+0800][21.970s] GC(89)   Merge Heap Roots: 0.1ms
[2020-04-16T22:36:23.094+0800][21.970s] GC(89)   Evacuate Collection Set: 0.2ms
[2020-04-16T22:36:23.094+0800][21.970s] GC(89)   Post Evacuate Collection Set: 0.4ms
[2020-04-16T22:36:23.094+0800][21.970s] GC(89)   Other: 0.2ms
[2020-04-16T22:36:23.094+0800][21.970s] GC(89) Eden regions: 128->0(128)
[2020-04-16T22:36:23.094+0800][21.970s] GC(89) Survivor regions: 0->0(32)
[2020-04-16T22:36:23.094+0800][21.970s] GC(89) Old regions: 319->319
[2020-04-16T22:36:23.094+0800][21.970s] GC(89) Archive regions: 2->2
[2020-04-16T22:36:23.094+0800][21.970s] GC(89) Humongous regions: 1->1
[2020-04-16T22:36:23.094+0800][21.970s] GC(89) Metaspace: 39426K(40704K)->39426K(40704K) NonClass: 34682K(35584K)->34682K(35584K) Class: 4743K(5120K)->4743K(5120K)
[2020-04-16T22:36:23.094+0800][21.970s] GC(89) Pause Young (Normal) (G1 Evacuation Pause) 447M->319M(512M) 1.036ms
[2020-04-16T22:36:23.094+0800][21.970s] GC(89) User=0.00s Sys=0.00s Real=0.00s
[2020-04-16T22:36:23.491+0800][22.367s] GC(87) Concurrent Mark From Roots 838.919ms
[2020-04-16T22:36:23.491+0800][22.367s] GC(87) Concurrent Preclean
[2020-04-16T22:36:23.491+0800][22.367s] GC(87) Concurrent Preclean 0.204ms
[2020-04-16T22:36:23.491+0800][22.367s] GC(87) Concurrent Mark (21.528s, 22.367s) 839.237ms
[2020-04-16T22:36:23.491+0800][22.367s] GC(87) Pause Remark
[2020-04-16T22:36:23.495+0800][22.371s] GC(87) Pause Remark 383M->383M(512M) 3.666ms
[2020-04-16T22:36:23.495+0800][22.371s] GC(87) User=0.02s Sys=0.00s Real=0.00s
[2020-04-16T22:36:23.496+0800][22.371s] GC(87) Concurrent Rebuild Remembered Sets
[2020-04-16T22:36:23.941+0800][22.817s] GC(87) Concurrent Rebuild Remembered Sets 445.192ms
[2020-04-16T22:36:23.941+0800][22.817s] GC(87) Pause Cleanup
[2020-04-16T22:36:23.941+0800][22.817s] GC(87) Pause Cleanup 390M->390M(512M) 0.314ms
[2020-04-16T22:36:23.941+0800][22.817s] GC(87) User=0.00s Sys=0.00s Real=0.00s
[2020-04-16T22:36:23.941+0800][22.817s] GC(87) Concurrent Cleanup for Next Mark
[2020-04-16T22:36:23.942+0800][22.818s] GC(87) Concurrent Cleanup for Next Mark 0.762ms
[2020-04-16T22:36:23.942+0800][22.818s] GC(87) Concurrent Cycle 1290.555ms
[2020-04-16T22:36:25.641+0800][24.516s] GC(90) Pause Young (Normal) (G1 Evacuation Pause)
[2020-04-16T22:36:25.641+0800][24.517s] GC(90) Using 4 workers of 4 for evacuation
[2020-04-16T22:36:25.646+0800][24.522s] GC(90)   Pre Evacuate Collection Set: 0.1ms
[2020-04-16T22:36:25.646+0800][24.522s] GC(90)   Merge Heap Roots: 0.0ms
[2020-04-16T22:36:25.646+0800][24.522s] GC(90)   Evacuate Collection Set: 4.6ms
[2020-04-16T22:36:25.646+0800][24.522s] GC(90)   Post Evacuate Collection Set: 0.5ms
[2020-04-16T22:36:25.646+0800][24.522s] GC(90)   Other: 0.4ms
[2020-04-16T22:36:25.646+0800][24.522s] GC(90) Eden regions: 128->0(123)
[2020-04-16T22:36:25.646+0800][24.522s] GC(90) Survivor regions: 0->5(32)
[2020-04-16T22:36:25.646+0800][24.522s] GC(90) Old regions: 319->319
[2020-04-16T22:36:25.646+0800][24.522s] GC(90) Archive regions: 2->2
[2020-04-16T22:36:25.646+0800][24.522s] GC(90) Humongous regions: 1->1
[2020-04-16T22:36:25.646+0800][24.522s] GC(90) Metaspace: 39643K(40704K)->39643K(40704K) NonClass: 34881K(35584K)->34881K(35584K) Class: 4761K(5120K)->4761K(5120K)
[2020-04-16T22:36:25.646+0800][24.522s] GC(90) Pause Young (Normal) (G1 Evacuation Pause) 447M->324M(512M) 5.847ms
[2020-04-16T22:36:25.647+0800][24.522s] GC(90) User=0.02s Sys=0.00s Real=0.00s
[2020-04-16T22:36:27.226+0800][26.102s] GC(91) Pause Young (Concurrent Start) (G1 Evacuation Pause)
[2020-04-16T22:36:27.226+0800][26.102s] GC(91) Using 4 workers of 4 for evacuation
[2020-04-16T22:36:27.520+0800][26.396s] GC(91) MMU target violated: 201.0ms (200.0ms/201.0ms)
[2020-04-16T22:36:27.520+0800][26.396s] GC(91) To-space exhausted
[2020-04-16T22:36:27.520+0800][26.396s] GC(91)   Pre Evacuate Collection Set: 0.1ms
[2020-04-16T22:36:27.520+0800][26.396s] GC(91)   Merge Heap Roots: 0.1ms
[2020-04-16T22:36:27.520+0800][26.396s] GC(91)   Evacuate Collection Set: 241.7ms
[2020-04-16T22:36:27.520+0800][26.396s] GC(91)   Post Evacuate Collection Set: 51.5ms
[2020-04-16T22:36:27.520+0800][26.396s] GC(91)   Other: 0.3ms
[2020-04-16T22:36:27.520+0800][26.396s] GC(91) Eden regions: 123->0(96)
[2020-04-16T22:36:27.520+0800][26.396s] GC(91) Survivor regions: 5->32(32)
[2020-04-16T22:36:27.520+0800][26.396s] GC(91) Old regions: 319->378
[2020-04-16T22:36:27.520+0800][26.396s] GC(91) Archive regions: 2->2
[2020-04-16T22:36:27.520+0800][26.396s] GC(91) Humongous regions: 1->1
[2020-04-16T22:36:27.520+0800][26.396s] GC(91) Metaspace: 39665K(40704K)->39665K(40704K) NonClass: 34902K(35584K)->34902K(35584K) Class: 4763K(5120K)->4763K(5120K)
[2020-04-16T22:36:27.520+0800][26.396s] GC(91) Pause Young (Concurrent Start) (G1 Evacuation Pause) 447M->411M(512M) 293.820ms
[2020-04-16T22:36:27.520+0800][26.396s] GC(91) User=0.67s Sys=0.04s Real=0.30s
[2020-04-16T22:36:27.520+0800][26.396s] GC(92) Concurrent Cycle
[2020-04-16T22:36:27.520+0800][26.396s] GC(92) Concurrent Clear Claimed Marks
[2020-04-16T22:36:27.520+0800][26.396s] GC(92) Concurrent Clear Claimed Marks 0.088ms
[2020-04-16T22:36:27.520+0800][26.396s] GC(92) Concurrent Scan Root Regions
[2020-04-16T22:36:27.573+0800][26.449s] GC(92) Concurrent Scan Root Regions 53.062ms
[2020-04-16T22:36:27.574+0800][26.449s] GC(92) Concurrent Mark (26.449s)
[2020-04-16T22:36:27.574+0800][26.449s] GC(92) Concurrent Mark From Roots
[2020-04-16T22:36:27.574+0800][26.449s] GC(92) Using 4 workers of 4 for marking
[2020-04-16T22:36:28.556+0800][27.431s] GC(92) Concurrent Mark From Roots 982.064ms
[2020-04-16T22:36:28.556+0800][27.431s] GC(92) Concurrent Preclean
[2020-04-16T22:36:28.556+0800][27.432s] GC(92) Concurrent Preclean 0.184ms
[2020-04-16T22:36:28.556+0800][27.432s] GC(92) Concurrent Mark (26.449s, 27.432s) 982.372ms
[2020-04-16T22:36:28.556+0800][27.432s] GC(92) Pause Remark
[2020-04-16T22:36:28.561+0800][27.436s] GC(92) Pause Remark 473M->473M(512M) 4.536ms
[2020-04-16T22:36:28.561+0800][27.436s] GC(92) User=0.02s Sys=0.00s Real=0.01s
[2020-04-16T22:36:28.561+0800][27.437s] GC(92) Concurrent Rebuild Remembered Sets
[2020-04-16T22:36:28.914+0800][27.790s] GC(92) Concurrent Rebuild Remembered Sets 353.150ms
[2020-04-16T22:36:28.914+0800][27.790s] GC(92) Pause Cleanup
[2020-04-16T22:36:28.915+0800][27.790s] GC(92) Pause Cleanup 506M->506M(512M) 0.353ms
[2020-04-16T22:36:28.915+0800][27.790s] GC(92) User=0.00s Sys=0.00s Real=0.00s
[2020-04-16T22:36:28.915+0800][27.790s] GC(92) Concurrent Cleanup for Next Mark
[2020-04-16T22:36:28.916+0800][27.792s] GC(92) Concurrent Cleanup for Next Mark 1.177ms
[2020-04-16T22:36:28.916+0800][27.792s] GC(92) Concurrent Cycle 1395.681ms
[2020-04-16T22:36:28.922+0800][27.798s] GC(93) Pause Young (Normal) (G1 Evacuation Pause)
[2020-04-16T22:36:28.922+0800][27.798s] GC(93) Using 4 workers of 4 for evacuation
[2020-04-16T22:36:29.354+0800][28.229s] GC(93) MMU target violated: 201.0ms (200.0ms/201.0ms)
[2020-04-16T22:36:29.354+0800][28.230s] GC(93) To-space exhausted
[2020-04-16T22:36:29.354+0800][28.230s] GC(93)   Pre Evacuate Collection Set: 0.1ms
[2020-04-16T22:36:29.354+0800][28.230s] GC(93)   Merge Heap Roots: 0.1ms
[2020-04-16T22:36:29.354+0800][28.230s] GC(93)   Evacuate Collection Set: 212.1ms
[2020-04-16T22:36:29.354+0800][28.230s] GC(93)   Post Evacuate Collection Set: 219.0ms
[2020-04-16T22:36:29.354+0800][28.230s] GC(93)   Other: 0.3ms
[2020-04-16T22:36:29.354+0800][28.230s] GC(93) Eden regions: 96->0(126)
[2020-04-16T22:36:29.354+0800][28.230s] GC(93) Survivor regions: 32->2(3)
[2020-04-16T22:36:29.354+0800][28.230s] GC(93) Old regions: 378->507
[2020-04-16T22:36:29.354+0800][28.230s] GC(93) Archive regions: 2->2
[2020-04-16T22:36:29.354+0800][28.230s] GC(93) Humongous regions: 1->1
[2020-04-16T22:36:29.354+0800][28.230s] GC(93) Metaspace: 39749K(40960K)->39749K(40960K) NonClass: 34979K(35840K)->34979K(35840K) Class: 4770K(5120K)->4770K(5120K)
[2020-04-16T22:36:29.354+0800][28.230s] GC(93) Pause Young (Normal) (G1 Evacuation Pause) 507M->510M(512M) 431.774ms
[2020-04-16T22:36:29.354+0800][28.230s] GC(93) User=1.30s Sys=0.03s Real=0.43s
[2020-04-16T22:36:29.354+0800][28.230s] GC(94) Using 4 workers of 4 for full compaction
[2020-04-16T22:36:29.354+0800][28.230s] GC(94) Pause Full (G1 Evacuation Pause)
[2020-04-16T22:36:29.355+0800][28.230s] GC(94) Phase 1: Mark live objects
[2020-04-16T22:36:30.291+0800][29.166s] GC(94) Phase 1: Mark live objects 936.175ms
[2020-04-16T22:36:30.291+0800][29.167s] GC(94) Phase 2: Prepare for compaction
[2020-04-16T22:36:30.632+0800][29.507s] GC(94) Phase 2: Prepare for compaction 340.826ms
[2020-04-16T22:36:30.632+0800][29.507s] GC(94) Phase 3: Adjust pointers
[2020-04-16T22:36:30.939+0800][29.815s] GC(94) Phase 3: Adjust pointers 307.705ms
[2020-04-16T22:36:30.940+0800][29.815s] GC(94) Phase 4: Compact heap
[2020-04-16T22:36:31.144+0800][30.019s] GC(94) Phase 4: Compact heap 204.037ms
[2020-04-16T22:36:31.149+0800][30.025s] GC(94) Eden regions: 0->0(128)
[2020-04-16T22:36:31.149+0800][30.025s] GC(94) Survivor regions: 2->0(3)
[2020-04-16T22:36:31.149+0800][30.025s] GC(94) Old regions: 507->479
[2020-04-16T22:36:31.149+0800][30.025s] GC(94) Archive regions: 2->2
[2020-04-16T22:36:31.149+0800][30.025s] GC(94) Humongous regions: 1->1
[2020-04-16T22:36:31.149+0800][30.025s] GC(94) Metaspace: 39749K(40960K)->39636K(40960K) NonClass: 34979K(35840K)->34892K(35840K) Class: 4770K(5120K)->4743K(5120K)
[2020-04-16T22:36:31.149+0800][30.025s] GC(94) Pause Full (G1 Evacuation Pause) 510M->478M(512M) 1794.631ms
[2020-04-16T22:36:31.149+0800][30.025s] GC(94) User=4.17s Sys=0.05s Real=1.79s
[2020-04-16T22:36:31.447+0800][30.323s] GC(95) Pause Young (Concurrent Start) (G1 Evacuation Pause)
[2020-04-16T22:36:31.447+0800][30.323s] GC(95) Using 4 workers of 4 for evacuation
[2020-04-16T22:36:31.606+0800][30.482s] GC(95) To-space exhausted
[2020-04-16T22:36:31.606+0800][30.482s] GC(95)   Pre Evacuate Collection Set: 0.1ms
[2020-04-16T22:36:31.606+0800][30.482s] GC(95)   Merge Heap Roots: 0.0ms
[2020-04-16T22:36:31.606+0800][30.482s] GC(95)   Evacuate Collection Set: 83.5ms
[2020-04-16T22:36:31.606+0800][30.482s] GC(95)   Post Evacuate Collection Set: 75.3ms
[2020-04-16T22:36:31.606+0800][30.482s] GC(95)   Other: 0.3ms
[2020-04-16T22:36:31.606+0800][30.482s] GC(95) Eden regions: 30->0(128)
[2020-04-16T22:36:31.606+0800][30.482s] GC(95) Survivor regions: 0->0(0)
[2020-04-16T22:36:31.606+0800][30.482s] GC(95) Old regions: 479->509
[2020-04-16T22:36:31.606+0800][30.482s] GC(95) Archive regions: 2->2
[2020-04-16T22:36:31.607+0800][30.482s] GC(95) Humongous regions: 1->1
[2020-04-16T22:36:31.607+0800][30.482s] GC(95) Metaspace: 39640K(40960K)->39640K(40960K) NonClass: 34896K(35840K)->34896K(35840K) Class: 4743K(5120K)->4743K(5120K)
[2020-04-16T22:36:31.607+0800][30.482s] GC(95) Pause Young (Concurrent Start) (G1 Evacuation Pause) 508M->508M(512M) 159.322ms
[2020-04-16T22:36:31.607+0800][30.482s] GC(95) User=0.34s Sys=0.00s Real=0.16s
[2020-04-16T22:36:31.607+0800][30.482s] GC(96) Using 4 workers of 4 for full compaction
[2020-04-16T22:36:31.607+0800][30.482s] GC(97) Concurrent Cycle
[2020-04-16T22:36:31.607+0800][30.482s] GC(96) Pause Full (G1 Evacuation Pause)
[2020-04-16T22:36:31.607+0800][30.482s] GC(97) Concurrent Clear Claimed Marks
[2020-04-16T22:36:31.607+0800][30.482s] GC(97) Concurrent Clear Claimed Marks 0.128ms
[2020-04-16T22:36:31.607+0800][30.482s] GC(97) Concurrent Scan Root Regions
[2020-04-16T22:36:31.607+0800][30.483s] GC(97) Concurrent Scan Root Regions 0.022ms
[2020-04-16T22:36:31.607+0800][30.483s] GC(97) Concurrent Mark (30.483s)
[2020-04-16T22:36:31.607+0800][30.483s] GC(97) Concurrent Mark From Roots
[2020-04-16T22:36:31.607+0800][30.483s] GC(97) Using 4 workers of 4 for marking
[2020-04-16T22:36:31.608+0800][30.483s] GC(96) Phase 1: Mark live objects
[2020-04-16T22:36:32.518+0800][31.394s] GC(96) Phase 1: Mark live objects 910.395ms
[2020-04-16T22:36:32.518+0800][31.394s] GC(96) Phase 2: Prepare for compaction
[2020-04-16T22:36:32.686+0800][31.561s] GC(96) Phase 2: Prepare for compaction 167.640ms
[2020-04-16T22:36:32.686+0800][31.562s] GC(96) Phase 3: Adjust pointers
[2020-04-16T22:36:32.962+0800][31.837s] GC(96) Phase 3: Adjust pointers 275.586ms
[2020-04-16T22:36:32.962+0800][31.837s] GC(96) Phase 4: Compact heap
[2020-04-16T22:36:33.110+0800][31.986s] GC(96) Phase 4: Compact heap 148.800ms
[2020-04-16T22:36:33.115+0800][31.990s] GC(96) Eden regions: 0->0(128)
[2020-04-16T22:36:33.115+0800][31.990s] GC(96) Survivor regions: 0->0(0)
[2020-04-16T22:36:33.115+0800][31.991s] GC(96) Old regions: 509->503
[2020-04-16T22:36:33.115+0800][31.991s] GC(96) Archive regions: 2->2
[2020-04-16T22:36:33.115+0800][31.991s] GC(96) Humongous regions: 1->1
[2020-04-16T22:36:33.115+0800][31.991s] GC(96) Metaspace: 39640K(40960K)->39640K(40960K) NonClass: 34896K(35840K)->34896K(35840K) Class: 4743K(5120K)->4743K(5120K)
[2020-04-16T22:36:33.115+0800][31.991s] GC(96) Pause Full (G1 Evacuation Pause) 508M->502M(512M) 1508.279ms
[2020-04-16T22:36:33.115+0800][31.991s] GC(96) User=4.47s Sys=0.05s Real=1.51s
[2020-04-16T22:36:33.115+0800][31.991s] GC(97) Concurrent Mark From Roots 1508.359ms
[2020-04-16T22:36:33.115+0800][31.991s] GC(97) Concurrent Mark Abort
[2020-04-16T22:36:33.115+0800][31.991s] GC(97) Concurrent Cycle 1508.711ms
[2020-04-16T22:36:33.153+0800][32.029s] GC(98) Pause Young (Normal) (G1 Evacuation Pause)
[2020-04-16T22:36:33.153+0800][32.029s] GC(98) Using 4 workers of 4 for evacuation
[2020-04-16T22:36:33.173+0800][32.048s] GC(98) To-space exhausted
[2020-04-16T22:36:33.173+0800][32.048s] GC(98)   Pre Evacuate Collection Set: 0.1ms
[2020-04-16T22:36:33.173+0800][32.048s] GC(98)   Merge Heap Roots: 0.0ms
[2020-04-16T22:36:33.173+0800][32.048s] GC(98)   Evacuate Collection Set: 10.0ms
[2020-04-16T22:36:33.173+0800][32.048s] GC(98)   Post Evacuate Collection Set: 8.8ms
[2020-04-16T22:36:33.173+0800][32.048s] GC(98)   Other: 0.3ms
[2020-04-16T22:36:33.173+0800][32.048s] GC(98) Eden regions: 6->0(128)
[2020-04-16T22:36:33.173+0800][32.048s] GC(98) Survivor regions: 0->0(0)
[2020-04-16T22:36:33.173+0800][32.048s] GC(98) Old regions: 503->509
[2020-04-16T22:36:33.173+0800][32.048s] GC(98) Archive regions: 2->2
[2020-04-16T22:36:33.173+0800][32.048s] GC(98) Humongous regions: 1->1
[2020-04-16T22:36:33.173+0800][32.048s] GC(98) Metaspace: 39640K(40960K)->39640K(40960K) NonClass: 34896K(35840K)->34896K(35840K) Class: 4743K(5120K)->4743K(5120K)
[2020-04-16T22:36:33.173+0800][32.048s] GC(98) Pause Young (Normal) (G1 Evacuation Pause) 508M->508M(512M) 19.429ms
[2020-04-16T22:36:33.173+0800][32.048s] GC(98) User=0.06s Sys=0.00s Real=0.02s
[2020-04-16T22:36:33.173+0800][32.048s] GC(99) Using 4 workers of 4 for full compaction
[2020-04-16T22:36:33.173+0800][32.048s] GC(99) Pause Full (G1 Evacuation Pause)
[2020-04-16T22:36:33.173+0800][32.049s] GC(99) Phase 1: Mark live objects
[2020-04-16T22:36:34.024+0800][32.899s] GC(99) Phase 1: Mark live objects 850.527ms
[2020-04-16T22:36:34.024+0800][32.899s] GC(99) Phase 2: Prepare for compaction
[2020-04-16T22:36:34.203+0800][33.079s] GC(99) Phase 2: Prepare for compaction 179.483ms
[2020-04-16T22:36:34.203+0800][33.079s] GC(99) Phase 3: Adjust pointers
[2020-04-16T22:36:34.475+0800][33.351s] GC(99) Phase 3: Adjust pointers 271.702ms
[2020-04-16T22:36:34.475+0800][33.351s] GC(99) Phase 4: Compact heap
[2020-04-16T22:36:34.631+0800][33.507s] GC(99) Phase 4: Compact heap 156.043ms
[2020-04-16T22:36:34.636+0800][33.512s] GC(99) Eden regions: 0->0(128)
[2020-04-16T22:36:34.636+0800][33.512s] GC(99) Survivor regions: 0->0(0)
[2020-04-16T22:36:34.636+0800][33.512s] GC(99) Old regions: 509->508
[2020-04-16T22:36:34.636+0800][33.512s] GC(99) Archive regions: 2->2
[2020-04-16T22:36:34.636+0800][33.512s] GC(99) Humongous regions: 1->1
[2020-04-16T22:36:34.636+0800][33.512s] GC(99) Metaspace: 39640K(40960K)->39640K(40960K) NonClass: 34896K(35840K)->34896K(35840K) Class: 4743K(5120K)->4743K(5120K)
[2020-04-16T22:36:34.636+0800][33.512s] GC(99) Pause Full (G1 Evacuation Pause) 508M->507M(512M) 1463.322ms
[2020-04-16T22:36:34.637+0800][33.512s] GC(99) User=4.51s Sys=0.04s Real=1.46s
[2020-04-16T22:36:34.646+0800][33.522s] GC(100) Pause Young (Concurrent Start) (G1 Evacuation Pause)
[2020-04-16T22:36:34.646+0800][33.522s] GC(100) Using 4 workers of 4 for evacuation
[2020-04-16T22:36:34.652+0800][33.527s] GC(100) To-space exhausted
[2020-04-16T22:36:34.652+0800][33.527s] GC(100)   Pre Evacuate Collection Set: 0.1ms
[2020-04-16T22:36:34.652+0800][33.527s] GC(100)   Merge Heap Roots: 0.0ms
[2020-04-16T22:36:34.652+0800][33.527s] GC(100)   Evacuate Collection Set: 1.7ms
[2020-04-16T22:36:34.652+0800][33.527s] GC(100)   Post Evacuate Collection Set: 3.0ms
[2020-04-16T22:36:34.652+0800][33.527s] GC(100)   Other: 0.3ms
[2020-04-16T22:36:34.652+0800][33.527s] GC(100) Eden regions: 1->0(128)
[2020-04-16T22:36:34.652+0800][33.527s] GC(100) Survivor regions: 0->0(0)
[2020-04-16T22:36:34.652+0800][33.527s] GC(100) Old regions: 508->509
[2020-04-16T22:36:34.652+0800][33.527s] GC(100) Archive regions: 2->2
[2020-04-16T22:36:34.652+0800][33.527s] GC(100) Humongous regions: 1->1
[2020-04-16T22:36:34.652+0800][33.527s] GC(100) Metaspace: 39640K(40960K)->39640K(40960K) NonClass: 34896K(35840K)->34896K(35840K) Class: 4743K(5120K)->4743K(5120K)
[2020-04-16T22:36:34.652+0800][33.527s] GC(100) Pause Young (Concurrent Start) (G1 Evacuation Pause) 508M->508M(512M) 5.334ms
[2020-04-16T22:36:34.652+0800][33.527s] GC(100) User=0.01s Sys=0.00s Real=0.01s
[2020-04-16T22:36:34.652+0800][33.527s] GC(101) Using 4 workers of 4 for full compaction
[2020-04-16T22:36:34.652+0800][33.527s] GC(101) Pause Full (G1 Evacuation Pause)
[2020-04-16T22:36:34.652+0800][33.527s] GC(102) Concurrent Cycle
[2020-04-16T22:36:34.652+0800][33.528s] GC(102) Concurrent Clear Claimed Marks
[2020-04-16T22:36:34.652+0800][33.528s] GC(102) Concurrent Clear Claimed Marks 0.240ms
[2020-04-16T22:36:34.652+0800][33.528s] GC(102) Concurrent Scan Root Regions
[2020-04-16T22:36:34.652+0800][33.528s] GC(102) Concurrent Scan Root Regions 0.034ms
[2020-04-16T22:36:34.652+0800][33.528s] GC(102) Concurrent Mark (33.528s)
[2020-04-16T22:36:34.652+0800][33.528s] GC(102) Concurrent Mark From Roots
[2020-04-16T22:36:34.652+0800][33.528s] GC(102) Using 4 workers of 4 for marking
[2020-04-16T22:36:34.654+0800][33.529s] GC(101) Phase 1: Mark live objects
[2020-04-16T22:36:35.549+0800][34.424s] GC(101) Phase 1: Mark live objects 895.091ms
[2020-04-16T22:36:35.549+0800][34.425s] GC(101) Phase 2: Prepare for compaction
[2020-04-16T22:36:35.748+0800][34.623s] GC(101) Phase 2: Prepare for compaction 198.832ms
[2020-04-16T22:36:35.748+0800][34.623s] GC(101) Phase 3: Adjust pointers
[2020-04-16T22:36:36.083+0800][34.959s] GC(101) Phase 3: Adjust pointers 335.295ms
[2020-04-16T22:36:36.083+0800][34.959s] GC(101) Phase 4: Compact heap
[2020-04-16T22:36:36.228+0800][35.104s] GC(101) Phase 4: Compact heap 145.121ms
[2020-04-16T22:36:36.233+0800][35.108s] GC(101) Eden regions: 0->0(128)
[2020-04-16T22:36:36.233+0800][35.108s] GC(101) Survivor regions: 0->0(0)
[2020-04-16T22:36:36.233+0800][35.108s] GC(101) Old regions: 509->507
[2020-04-16T22:36:36.233+0800][35.108s] GC(101) Archive regions: 2->2
[2020-04-16T22:36:36.233+0800][35.108s] GC(101) Humongous regions: 1->1
[2020-04-16T22:36:36.233+0800][35.108s] GC(101) Metaspace: 39640K(40960K)->39640K(40960K) NonClass: 34896K(35840K)->34896K(35840K) Class: 4743K(5120K)->4743K(5120K)
[2020-04-16T22:36:36.233+0800][35.108s] GC(101) Pause Full (G1 Evacuation Pause) 508M->508M(512M) 1580.782ms
[2020-04-16T22:36:36.233+0800][35.108s] GC(101) User=4.52s Sys=0.04s Real=1.58s
[2020-04-16T22:36:36.233+0800][35.108s] GC(102) Concurrent Mark From Roots 1580.591ms
[2020-04-16T22:36:36.233+0800][35.109s] GC(102) Concurrent Mark Abort
[2020-04-16T22:36:36.233+0800][35.109s] GC(102) Concurrent Cycle 1581.100ms
[2020-04-16T22:36:36.259+0800][35.135s] GC(103) Pause Young (Normal) (G1 Evacuation Pause)
[2020-04-16T22:36:36.259+0800][35.135s] GC(103) Using 4 workers of 4 for evacuation
[2020-04-16T22:36:36.267+0800][35.142s] GC(103) To-space exhausted
[2020-04-16T22:36:36.267+0800][35.142s] GC(103)   Pre Evacuate Collection Set: 0.1ms
[2020-04-16T22:36:36.267+0800][35.142s] GC(103)   Merge Heap Roots: 0.0ms
[2020-04-16T22:36:36.267+0800][35.142s] GC(103)   Evacuate Collection Set: 3.7ms
[2020-04-16T22:36:36.267+0800][35.143s] GC(103)   Post Evacuate Collection Set: 3.7ms
[2020-04-16T22:36:36.267+0800][35.143s] GC(103)   Other: 0.3ms
[2020-04-16T22:36:36.267+0800][35.143s] GC(103) Eden regions: 2->0(128)
[2020-04-16T22:36:36.267+0800][35.143s] GC(103) Survivor regions: 0->0(0)
[2020-04-16T22:36:36.267+0800][35.143s] GC(103) Old regions: 507->509
[2020-04-16T22:36:36.267+0800][35.143s] GC(103) Archive regions: 2->2
[2020-04-16T22:36:36.267+0800][35.143s] GC(103) Humongous regions: 1->1
[2020-04-16T22:36:36.267+0800][35.143s] GC(103) Metaspace: 39640K(40960K)->39640K(40960K) NonClass: 34896K(35840K)->34896K(35840K) Class: 4743K(5120K)->4743K(5120K)
[2020-04-16T22:36:36.267+0800][35.143s] GC(103) Pause Young (Normal) (G1 Evacuation Pause) 510M->510M(512M) 7.978ms
[2020-04-16T22:36:36.267+0800][35.143s] GC(103) User=0.02s Sys=0.00s Real=0.01s
[2020-04-16T22:36:36.267+0800][35.143s] GC(104) Using 4 workers of 4 for full compaction
[2020-04-16T22:36:36.267+0800][35.143s] GC(104) Pause Full (G1 Evacuation Pause)
[2020-04-16T22:36:36.267+0800][35.143s] GC(104) Phase 1: Mark live objects
[2020-04-16T22:36:37.224+0800][36.100s] GC(104) Phase 1: Mark live objects 956.964ms
[2020-04-16T22:36:37.224+0800][36.100s] GC(104) Phase 2: Prepare for compaction
[2020-04-16T22:36:37.414+0800][36.289s] GC(104) Phase 2: Prepare for compaction 189.284ms
[2020-04-16T22:36:37.414+0800][36.289s] GC(104) Phase 3: Adjust pointers
[2020-04-16T22:36:37.702+0800][36.578s] GC(104) Phase 3: Adjust pointers 288.294ms
[2020-04-16T22:36:37.702+0800][36.578s] GC(104) Phase 4: Compact heap
[2020-04-16T22:36:37.823+0800][36.698s] GC(104) Phase 4: Compact heap 120.332ms
[2020-04-16T22:36:37.827+0800][36.703s] GC(104) Eden regions: 0->0(128)
[2020-04-16T22:36:37.827+0800][36.703s] GC(104) Survivor regions: 0->0(0)
[2020-04-16T22:36:37.827+0800][36.703s] GC(104) Old regions: 509->509
[2020-04-16T22:36:37.827+0800][36.703s] GC(104) Archive regions: 2->2
[2020-04-16T22:36:37.827+0800][36.703s] GC(104) Humongous regions: 1->1
[2020-04-16T22:36:37.827+0800][36.703s] GC(104) Metaspace: 39640K(40960K)->39640K(40960K) NonClass: 34896K(35840K)->34896K(35840K) Class: 4743K(5120K)->4743K(5120K)
[2020-04-16T22:36:37.827+0800][36.703s] GC(104) Pause Full (G1 Evacuation Pause) 510M->509M(512M) 1560.240ms
[2020-04-16T22:36:37.828+0800][36.703s] GC(104) User=4.51s Sys=0.04s Real=1.56s
[2020-04-16T22:36:37.828+0800][36.703s] GC(105) Using 4 workers of 4 for full compaction
[2020-04-16T22:36:37.828+0800][36.703s] GC(105) Pause Full (G1 Evacuation Pause)
[2020-04-16T22:36:37.828+0800][36.703s] GC(105) Phase 1: Mark live objects
[2020-04-16T22:36:38.704+0800][37.580s] GC(105) Phase 1: Mark live objects 876.258ms
[2020-04-16T22:36:38.704+0800][37.580s] GC(105) Phase 2: Prepare for compaction
[2020-04-16T22:36:38.879+0800][37.754s] GC(105) Phase 2: Prepare for compaction 174.667ms
[2020-04-16T22:36:38.879+0800][37.754s] GC(105) Phase 3: Adjust pointers
[2020-04-16T22:36:39.150+0800][38.026s] GC(105) Phase 3: Adjust pointers 271.225ms
[2020-04-16T22:36:39.150+0800][38.026s] GC(105) Phase 4: Compact heap
[2020-04-16T22:36:39.257+0800][38.133s] GC(105) Phase 4: Compact heap 106.803ms
[2020-04-16T22:36:39.262+0800][38.138s] GC(105) Eden regions: 0->0(128)
[2020-04-16T22:36:39.262+0800][38.138s] GC(105) Survivor regions: 0->0(0)
[2020-04-16T22:36:39.262+0800][38.138s] GC(105) Old regions: 509->509
[2020-04-16T22:36:39.262+0800][38.138s] GC(105) Archive regions: 2->2
[2020-04-16T22:36:39.262+0800][38.138s] GC(105) Humongous regions: 1->1
[2020-04-16T22:36:39.262+0800][38.138s] GC(105) Metaspace: 39640K(40960K)->39640K(40960K) NonClass: 34896K(35840K)->34896K(35840K) Class: 4743K(5120K)->4743K(5120K)
[2020-04-16T22:36:39.262+0800][38.138s] GC(105) Pause Full (G1 Evacuation Pause) 509M->509M(512M) 1434.630ms
[2020-04-16T22:36:39.263+0800][38.138s] GC(105) User=4.53s Sys=0.04s Real=1.44s
[2020-04-16T22:36:39.263+0800][38.138s] GC(106) Pause Young (Concurrent Start) (G1 Evacuation Pause)
[2020-04-16T22:36:39.263+0800][38.138s] GC(106) Using 4 workers of 4 for evacuation
[2020-04-16T22:36:39.264+0800][38.140s] GC(106)   Pre Evacuate Collection Set: 0.1ms
[2020-04-16T22:36:39.264+0800][38.140s] GC(106)   Merge Heap Roots: 0.0ms
[2020-04-16T22:36:39.264+0800][38.140s] GC(106)   Evacuate Collection Set: 0.9ms
[2020-04-16T22:36:39.264+0800][38.140s] GC(106)   Post Evacuate Collection Set: 0.3ms
[2020-04-16T22:36:39.264+0800][38.140s] GC(106)   Other: 0.1ms
[2020-04-16T22:36:39.264+0800][38.140s] GC(106) Eden regions: 0->0(128)
[2020-04-16T22:36:39.264+0800][38.140s] GC(106) Survivor regions: 0->0(0)
[2020-04-16T22:36:39.264+0800][38.140s] GC(106) Old regions: 509->509
[2020-04-16T22:36:39.264+0800][38.140s] GC(106) Archive regions: 2->2
[2020-04-16T22:36:39.264+0800][38.140s] GC(106) Humongous regions: 1->1
[2020-04-16T22:36:39.264+0800][38.140s] GC(106) Metaspace: 39640K(40960K)->39640K(40960K) NonClass: 34896K(35840K)->34896K(35840K) Class: 4743K(5120K)->4743K(5120K)
[2020-04-16T22:36:39.264+0800][38.140s] GC(106) Pause Young (Concurrent Start) (G1 Evacuation Pause) 509M->509M(512M) 1.688ms
[2020-04-16T22:36:39.265+0800][38.140s] GC(106) User=0.01s Sys=0.00s Real=0.00s
[2020-04-16T22:36:39.265+0800][38.140s] GC(107) Using 4 workers of 4 for full compaction
[2020-04-16T22:36:39.265+0800][38.140s] GC(107) Pause Full (G1 Evacuation Pause)
[2020-04-16T22:36:39.265+0800][38.140s] GC(108) Concurrent Cycle
[2020-04-16T22:36:39.265+0800][38.140s] GC(108) Concurrent Clear Claimed Marks
[2020-04-16T22:36:39.265+0800][38.140s] GC(108) Concurrent Clear Claimed Marks 0.145ms
[2020-04-16T22:36:39.265+0800][38.140s] GC(108) Concurrent Scan Root Regions
[2020-04-16T22:36:39.265+0800][38.140s] GC(108) Concurrent Scan Root Regions 0.028ms
[2020-04-16T22:36:39.265+0800][38.140s] GC(108) Concurrent Mark (38.140s)
[2020-04-16T22:36:39.265+0800][38.140s] GC(108) Concurrent Mark From Roots
[2020-04-16T22:36:39.265+0800][38.140s] GC(108) Using 4 workers of 4 for marking
[2020-04-16T22:36:39.265+0800][38.141s] GC(107) Phase 1: Mark live objects
[2020-04-16T22:36:40.381+0800][39.256s] GC(107) Phase 1: Mark live objects 1115.455ms
[2020-04-16T22:36:40.381+0800][39.256s] GC(107) Phase 2: Prepare for compaction
[2020-04-16T22:36:40.600+0800][39.475s] GC(107) Phase 2: Prepare for compaction 218.765ms
[2020-04-16T22:36:40.600+0800][39.475s] GC(107) Phase 3: Adjust pointers
[2020-04-16T22:36:40.928+0800][39.803s] GC(107) Phase 3: Adjust pointers 327.783ms
[2020-04-16T22:36:40.928+0800][39.803s] GC(107) Phase 4: Compact heap
[2020-04-16T22:36:41.053+0800][39.929s] GC(107) Phase 4: Compact heap 125.795ms
[2020-04-16T22:36:41.062+0800][39.937s] GC(107) Eden regions: 0->0(128)
[2020-04-16T22:36:41.062+0800][39.937s] GC(107) Survivor regions: 0->0(0)
[2020-04-16T22:36:41.062+0800][39.937s] GC(107) Old regions: 509->509
[2020-04-16T22:36:41.062+0800][39.937s] GC(107) Archive regions: 2->2
[2020-04-16T22:36:41.062+0800][39.937s] GC(107) Humongous regions: 1->1
[2020-04-16T22:36:41.062+0800][39.937s] GC(107) Metaspace: 39640K(40960K)->39640K(40960K) NonClass: 34896K(35840K)->34896K(35840K) Class: 4743K(5120K)->4743K(5120K)
[2020-04-16T22:36:41.062+0800][39.937s] GC(107) Pause Full (G1 Evacuation Pause) 509M->509M(512M) 1797.349ms
[2020-04-16T22:36:41.062+0800][39.938s] GC(107) User=4.66s Sys=0.06s Real=1.80s
[2020-04-16T22:36:41.062+0800][39.938s] GC(109) Using 4 workers of 4 for full compaction
[2020-04-16T22:36:41.062+0800][39.938s] GC(109) Pause Full (G1 Evacuation Pause)
[2020-04-16T22:36:41.063+0800][39.938s] GC(109) Phase 1: Mark live objects
[2020-04-16T22:36:42.087+0800][40.962s] GC(109) Phase 1: Mark live objects 1023.985ms
[2020-04-16T22:36:42.087+0800][40.962s] GC(109) Phase 2: Prepare for compaction
[2020-04-16T22:36:42.286+0800][41.162s] GC(109) Phase 2: Prepare for compaction 199.606ms
[2020-04-16T22:36:42.286+0800][41.162s] GC(109) Phase 3: Adjust pointers
[2020-04-16T22:36:42.603+0800][41.479s] GC(109) Phase 3: Adjust pointers 317.136ms
[2020-04-16T22:36:42.604+0800][41.479s] GC(109) Phase 4: Compact heap
[2020-04-16T22:36:42.746+0800][41.622s] GC(109) Phase 4: Compact heap 142.673ms
[2020-04-16T22:36:42.751+0800][41.626s] GC(109) Eden regions: 0->0(128)
[2020-04-16T22:36:42.751+0800][41.626s] GC(109) Survivor regions: 0->0(0)
[2020-04-16T22:36:42.751+0800][41.626s] GC(109) Old regions: 509->509
[2020-04-16T22:36:42.751+0800][41.626s] GC(109) Archive regions: 2->2
[2020-04-16T22:36:42.751+0800][41.626s] GC(109) Humongous regions: 1->1
[2020-04-16T22:36:42.751+0800][41.626s] GC(109) Metaspace: 39640K(40960K)->39640K(40960K) NonClass: 34896K(35840K)->34896K(35840K) Class: 4743K(5120K)->4743K(5120K)
[2020-04-16T22:36:42.751+0800][41.626s] GC(109) Pause Full (G1 Evacuation Pause) 509M->509M(512M) 1688.473ms
[2020-04-16T22:36:42.751+0800][41.626s] GC(109) User=4.83s Sys=0.05s Real=1.69s
[2020-04-16T22:36:42.751+0800][41.626s] GC(108) Concurrent Mark From Roots 3486.130ms
