[2020-04-16T22:37:44.792+0800][0.011s] Heap region size: 1M
[2020-04-16T22:37:44.793+0800][0.012s] Heap address: 0x00000007e0000000, size: 512 MB, Compressed Oops mode: Zero based, Oop shift amount: 3
[2020-04-16T22:37:44.800+0800][0.019s] Using G1
[2020-04-16T22:37:44.801+0800][0.020s] Mark closed archive regions in map: [0x00000007fff00000, 0x00000007fff7aff8]
[2020-04-16T22:37:44.801+0800][0.020s] Mark open archive regions in map: [0x00000007ffe00000, 0x00000007ffe50ff8]
[2020-04-16T22:37:44.826+0800][0.045s] Periodic GC disabled
[2020-04-16T22:37:49.835+0800][5.053s] GC(0) Pause Young (Concurrent Start) (Metadata GC Threshold)
[2020-04-16T22:37:49.835+0800][5.054s] GC(0) Using 4 workers of 4 for evacuation
[2020-04-16T22:37:49.854+0800][5.073s] GC(0)   Pre Evacuate Collection Set: 0.1ms
[2020-04-16T22:37:49.854+0800][5.073s] GC(0)   Merge Heap Roots: 0.1ms
[2020-04-16T22:37:49.854+0800][5.073s] GC(0)   Evacuate Collection Set: 17.5ms
[2020-04-16T22:37:49.854+0800][5.073s] GC(0)   Post Evacuate Collection Set: 1.5ms
[2020-04-16T22:37:49.854+0800][5.073s] GC(0)   Other: 0.6ms
[2020-04-16T22:37:49.854+0800][5.073s] GC(0) Eden regions: 124->0(117)
[2020-04-16T22:37:49.854+0800][5.073s] GC(0) Survivor regions: 0->11(32)
[2020-04-16T22:37:49.854+0800][5.073s] GC(0) Old regions: 0->0
[2020-04-16T22:37:49.854+0800][5.073s] GC(0) Archive regions: 2->2
[2020-04-16T22:37:49.854+0800][5.073s] GC(0) Humongous regions: 0->0
[2020-04-16T22:37:49.855+0800][5.073s] GC(0) Metaspace: 20391K(21248K)->20391K(21248K) NonClass: 18031K(18688K)->18031K(18688K) Class: 2360K(2560K)->2360K(2560K)
[2020-04-16T22:37:49.855+0800][5.073s] GC(0) Pause Young (Concurrent Start) (Metadata GC Threshold) 124M->11M(512M) 20.011ms
[2020-04-16T22:37:49.855+0800][5.073s] GC(0) User=0.05s Sys=0.01s Real=0.02s
[2020-04-16T22:37:49.855+0800][5.073s] GC(1) Concurrent Cycle
[2020-04-16T22:37:49.855+0800][5.073s] GC(1) Concurrent Clear Claimed Marks
[2020-04-16T22:37:49.855+0800][5.074s] GC(1) Concurrent Clear Claimed Marks 0.054ms
[2020-04-16T22:37:49.855+0800][5.074s] GC(1) Concurrent Scan Root Regions
[2020-04-16T22:37:49.861+0800][5.080s] GC(1) Concurrent Scan Root Regions 6.221ms
[2020-04-16T22:37:49.861+0800][5.080s] GC(1) Concurrent Mark (5.080s)
[2020-04-16T22:37:49.861+0800][5.080s] GC(1) Concurrent Mark From Roots
[2020-04-16T22:37:49.861+0800][5.080s] GC(1) Using 4 workers of 4 for marking
[2020-04-16T22:37:49.863+0800][5.082s] GC(1) Concurrent Mark From Roots 2.102ms
[2020-04-16T22:37:49.863+0800][5.082s] GC(1) Concurrent Preclean
[2020-04-16T22:37:49.863+0800][5.082s] GC(1) Concurrent Preclean 0.087ms
[2020-04-16T22:37:49.863+0800][5.082s] GC(1) Concurrent Mark (5.080s, 5.082s) 2.307ms
[2020-04-16T22:37:49.865+0800][5.084s] GC(1) Pause Remark
[2020-04-16T22:37:49.868+0800][5.086s] GC(1) Pause Remark 11M->11M(512M) 2.473ms
[2020-04-16T22:37:49.868+0800][5.087s] GC(1) User=0.01s Sys=0.00s Real=0.00s
[2020-04-16T22:37:49.868+0800][5.087s] GC(1) Concurrent Rebuild Remembered Sets
[2020-04-16T22:37:49.869+0800][5.088s] GC(1) Concurrent Rebuild Remembered Sets 1.035ms
[2020-04-16T22:37:49.869+0800][5.088s] GC(1) Pause Cleanup
[2020-04-16T22:37:49.869+0800][5.088s] GC(1) Pause Cleanup 11M->11M(512M) 0.092ms
[2020-04-16T22:37:49.869+0800][5.088s] GC(1) User=0.00s Sys=0.00s Real=0.00s
[2020-04-16T22:37:49.869+0800][5.088s] GC(1) Concurrent Cleanup for Next Mark
[2020-04-16T22:37:49.875+0800][5.093s] GC(1) Concurrent Cleanup for Next Mark 5.174ms
[2020-04-16T22:37:49.875+0800][5.093s] GC(1) Concurrent Cycle 20.065ms
[2020-04-16T22:37:53.211+0800][8.429s] GC(2) Pause Young (Normal) (G1 Evacuation Pause)
[2020-04-16T22:37:53.211+0800][8.429s] GC(2) Using 4 workers of 4 for evacuation
[2020-04-16T22:37:53.239+0800][8.458s] GC(2)   Pre Evacuate Collection Set: 0.2ms
[2020-04-16T22:37:53.240+0800][8.458s] GC(2)   Merge Heap Roots: 0.1ms
[2020-04-16T22:37:53.240+0800][8.458s] GC(2)   Evacuate Collection Set: 27.0ms
[2020-04-16T22:37:53.240+0800][8.458s] GC(2)   Post Evacuate Collection Set: 1.3ms
[2020-04-16T22:37:53.240+0800][8.458s] GC(2)   Other: 0.3ms
[2020-04-16T22:37:53.240+0800][8.458s] GC(2) Eden regions: 117->0(110)
[2020-04-16T22:37:53.240+0800][8.458s] GC(2) Survivor regions: 11->18(32)
[2020-04-16T22:37:53.240+0800][8.458s] GC(2) Old regions: 0->0
[2020-04-16T22:37:53.240+0800][8.458s] GC(2) Archive regions: 2->2
[2020-04-16T22:37:53.240+0800][8.458s] GC(2) Humongous regions: 1->1
[2020-04-16T22:37:53.240+0800][8.458s] GC(2) Metaspace: 27636K(28672K)->27636K(28672K) NonClass: 24371K(25088K)->24371K(25088K) Class: 3264K(3584K)->3264K(3584K)
[2020-04-16T22:37:53.240+0800][8.459s] GC(2) Pause Young (Normal) (G1 Evacuation Pause) 129M->19M(512M) 29.182ms
[2020-04-16T22:37:53.240+0800][8.459s] GC(2) User=0.07s Sys=0.01s Real=0.03s
[2020-04-16T22:37:54.233+0800][9.452s] GC(3) Pause Young (Normal) (G1 Evacuation Pause)
[2020-04-16T22:37:54.233+0800][9.452s] GC(3) Using 4 workers of 4 for evacuation
[2020-04-16T22:37:54.259+0800][9.478s] GC(3)   Pre Evacuate Collection Set: 0.1ms
[2020-04-16T22:37:54.259+0800][9.478s] GC(3)   Merge Heap Roots: 0.0ms
[2020-04-16T22:37:54.259+0800][9.478s] GC(3)   Evacuate Collection Set: 22.9ms
[2020-04-16T22:37:54.259+0800][9.478s] GC(3)   Post Evacuate Collection Set: 2.4ms
[2020-04-16T22:37:54.259+0800][9.478s] GC(3)   Other: 0.2ms
[2020-04-16T22:37:54.259+0800][9.478s] GC(3) Eden regions: 110->0(109)
[2020-04-16T22:37:54.259+0800][9.478s] GC(3) Survivor regions: 18->19(32)
[2020-04-16T22:37:54.259+0800][9.478s] GC(3) Old regions: 0->0
[2020-04-16T22:37:54.259+0800][9.478s] GC(3) Archive regions: 2->2
[2020-04-16T22:37:54.259+0800][9.478s] GC(3) Humongous regions: 1->1
[2020-04-16T22:37:54.259+0800][9.478s] GC(3) Metaspace: 28953K(30080K)->28953K(30080K) NonClass: 25524K(26368K)->25524K(26368K) Class: 3429K(3712K)->3429K(3712K)
[2020-04-16T22:37:54.259+0800][9.478s] GC(3) Pause Young (Normal) (G1 Evacuation Pause) 129M->20M(512M) 25.995ms
[2020-04-16T22:37:54.259+0800][9.478s] GC(3) User=0.07s Sys=0.00s Real=0.02s
[2020-04-16T22:37:55.754+0800][10.972s] GC(4) Pause Young (Normal) (G1 Evacuation Pause)
[2020-04-16T22:37:55.754+0800][10.972s] GC(4) Using 4 workers of 4 for evacuation
[2020-04-16T22:37:55.785+0800][11.004s] GC(4)   Pre Evacuate Collection Set: 0.0ms
[2020-04-16T22:37:55.785+0800][11.004s] GC(4)   Merge Heap Roots: 0.0ms
[2020-04-16T22:37:55.785+0800][11.004s] GC(4)   Evacuate Collection Set: 29.5ms
[2020-04-16T22:37:55.786+0800][11.004s] GC(4)   Post Evacuate Collection Set: 1.9ms
[2020-04-16T22:37:55.786+0800][11.004s] GC(4)   Other: 0.2ms
[2020-04-16T22:37:55.786+0800][11.004s] GC(4) Eden regions: 109->0(107)
[2020-04-16T22:37:55.786+0800][11.004s] GC(4) Survivor regions: 19->21(32)
[2020-04-16T22:37:55.786+0800][11.004s] GC(4) Old regions: 0->0
[2020-04-16T22:37:55.786+0800][11.004s] GC(4) Archive regions: 2->2
[2020-04-16T22:37:55.786+0800][11.004s] GC(4) Humongous regions: 1->1
[2020-04-16T22:37:55.786+0800][11.004s] GC(4) Metaspace: 33410K(34560K)->33410K(34560K) NonClass: 29421K(30208K)->29421K(30208K) Class: 3988K(4352K)->3988K(4352K)
[2020-04-16T22:37:55.786+0800][11.004s] GC(4) Pause Young (Normal) (G1 Evacuation Pause) 129M->22M(512M) 31.835ms
[2020-04-16T22:37:55.786+0800][11.004s] GC(4) User=0.07s Sys=0.00s Real=0.03s
[2020-04-16T22:37:56.226+0800][11.444s] GC(5) Pause Young (Concurrent Start) (Metadata GC Threshold)
[2020-04-16T22:37:56.226+0800][11.444s] GC(5) Using 4 workers of 4 for evacuation
[2020-04-16T22:37:56.256+0800][11.475s] GC(5)   Pre Evacuate Collection Set: 0.2ms
[2020-04-16T22:37:56.256+0800][11.475s] GC(5)   Merge Heap Roots: 0.1ms
[2020-04-16T22:37:56.256+0800][11.475s] GC(5)   Evacuate Collection Set: 28.3ms
[2020-04-16T22:37:56.256+0800][11.475s] GC(5)   Post Evacuate Collection Set: 1.6ms
[2020-04-16T22:37:56.256+0800][11.475s] GC(5)   Other: 0.4ms
[2020-04-16T22:37:56.256+0800][11.475s] GC(5) Eden regions: 32->0(108)
[2020-04-16T22:37:56.256+0800][11.475s] GC(5) Survivor regions: 21->20(32)
[2020-04-16T22:37:56.256+0800][11.475s] GC(5) Old regions: 0->0
[2020-04-16T22:37:56.256+0800][11.475s] GC(5) Archive regions: 2->2
[2020-04-16T22:37:56.256+0800][11.475s] GC(5) Humongous regions: 1->1
[2020-04-16T22:37:56.256+0800][11.475s] GC(5) Metaspace: 34754K(35840K)->34754K(35840K) NonClass: 30583K(31360K)->30583K(31360K) Class: 4171K(4480K)->4171K(4480K)
[2020-04-16T22:37:56.256+0800][11.475s] GC(5) Pause Young (Concurrent Start) (Metadata GC Threshold) 54M->21M(512M) 30.862ms
[2020-04-16T22:37:56.256+0800][11.475s] GC(5) User=0.08s Sys=0.00s Real=0.03s
[2020-04-16T22:37:56.257+0800][11.476s] GC(6) Concurrent Cycle
[2020-04-16T22:37:56.257+0800][11.476s] GC(6) Concurrent Clear Claimed Marks
[2020-04-16T22:37:56.257+0800][11.476s] GC(6) Concurrent Clear Claimed Marks 0.081ms
[2020-04-16T22:37:56.257+0800][11.476s] GC(6) Concurrent Scan Root Regions
[2020-04-16T22:37:56.267+0800][11.485s] GC(6) Concurrent Scan Root Regions 9.579ms
[2020-04-16T22:37:56.267+0800][11.485s] GC(6) Concurrent Mark (11.485s)
[2020-04-16T22:37:56.267+0800][11.485s] GC(6) Concurrent Mark From Roots
[2020-04-16T22:37:56.267+0800][11.485s] GC(6) Using 4 workers of 4 for marking
[2020-04-16T22:37:56.269+0800][11.488s] GC(6) Concurrent Mark From Roots 2.413ms
[2020-04-16T22:37:56.269+0800][11.488s] GC(6) Concurrent Preclean
[2020-04-16T22:37:56.269+0800][11.488s] GC(6) Concurrent Preclean 0.047ms
[2020-04-16T22:37:56.269+0800][11.488s] GC(6) Concurrent Mark (11.485s, 11.488s) 2.587ms
[2020-04-16T22:37:56.270+0800][11.488s] GC(6) Pause Remark
[2020-04-16T22:37:56.279+0800][11.497s] GC(6) Pause Remark 22M->22M(512M) 9.219ms
[2020-04-16T22:37:56.279+0800][11.498s] GC(6) User=0.02s Sys=0.00s Real=0.00s
[2020-04-16T22:37:56.280+0800][11.499s] GC(6) Concurrent Rebuild Remembered Sets
[2020-04-16T22:37:56.281+0800][11.500s] GC(6) Concurrent Rebuild Remembered Sets 1.272ms
[2020-04-16T22:37:56.282+0800][11.500s] GC(6) Pause Cleanup
[2020-04-16T22:37:56.282+0800][11.501s] GC(6) Pause Cleanup 22M->22M(512M) 0.227ms
[2020-04-16T22:37:56.282+0800][11.501s] GC(6) User=0.00s Sys=0.00s Real=0.00s
[2020-04-16T22:37:56.283+0800][11.501s] GC(6) Concurrent Cleanup for Next Mark
[2020-04-16T22:37:56.288+0800][11.507s] GC(6) Concurrent Cleanup for Next Mark 5.416ms
[2020-04-16T22:37:56.288+0800][11.507s] GC(6) Concurrent Cycle 31.252ms
[2020-04-16T22:38:01.101+0800][16.320s] GC(7) Pause Young (Normal) (G1 Evacuation Pause)
[2020-04-16T22:38:01.102+0800][16.320s] GC(7) Using 4 workers of 4 for evacuation
[2020-04-16T22:38:01.177+0800][16.395s] GC(7)   Pre Evacuate Collection Set: 0.1ms
[2020-04-16T22:38:01.177+0800][16.395s] GC(7)   Merge Heap Roots: 0.0ms
[2020-04-16T22:38:01.177+0800][16.396s] GC(7)   Evacuate Collection Set: 72.2ms
[2020-04-16T22:38:01.177+0800][16.396s] GC(7)   Post Evacuate Collection Set: 2.8ms
[2020-04-16T22:38:01.177+0800][16.396s] GC(7)   Other: 0.5ms
[2020-04-16T22:38:01.177+0800][16.396s] GC(7) Eden regions: 108->0(96)
[2020-04-16T22:38:01.177+0800][16.396s] GC(7) Survivor regions: 20->32(32)
[2020-04-16T22:38:01.177+0800][16.396s] GC(7) Old regions: 0->6
[2020-04-16T22:38:01.177+0800][16.396s] GC(7) Archive regions: 2->2
[2020-04-16T22:38:01.177+0800][16.396s] GC(7) Humongous regions: 1->1
[2020-04-16T22:38:01.177+0800][16.396s] GC(7) Metaspace: 37733K(38912K)->37733K(38912K) NonClass: 33187K(34048K)->33187K(34048K) Class: 4545K(4864K)->4545K(4864K)
[2020-04-16T22:38:01.177+0800][16.396s] GC(7) Pause Young (Normal) (G1 Evacuation Pause) 129M->39M(512M) 75.783ms
[2020-04-16T22:38:01.177+0800][16.396s] GC(7) User=0.20s Sys=0.02s Real=0.07s
[2020-04-16T22:38:01.840+0800][17.059s] GC(8) Pause Young (Normal) (G1 Evacuation Pause)
[2020-04-16T22:38:01.840+0800][17.059s] GC(8) Using 4 workers of 4 for evacuation
[2020-04-16T22:38:02.178+0800][17.396s] GC(8) MMU target violated: 201.0ms (200.0ms/201.0ms)
[2020-04-16T22:38:02.178+0800][17.396s] GC(8)   Pre Evacuate Collection Set: 0.1ms
[2020-04-16T22:38:02.178+0800][17.396s] GC(8)   Merge Heap Roots: 0.0ms
[2020-04-16T22:38:02.178+0800][17.396s] GC(8)   Evacuate Collection Set: 334.5ms
[2020-04-16T22:38:02.178+0800][17.396s] GC(8)   Post Evacuate Collection Set: 2.7ms
[2020-04-16T22:38:02.178+0800][17.396s] GC(8)   Other: 0.3ms
[2020-04-16T22:38:02.178+0800][17.397s] GC(8) Eden regions: 96->0(96)
[2020-04-16T22:38:02.179+0800][17.397s] GC(8) Survivor regions: 32->32(32)
[2020-04-16T22:38:02.179+0800][17.397s] GC(8) Old regions: 6->91
[2020-04-16T22:38:02.179+0800][17.397s] GC(8) Archive regions: 2->2
[2020-04-16T22:38:02.179+0800][17.397s] GC(8) Humongous regions: 1->1
[2020-04-16T22:38:02.179+0800][17.397s] GC(8) Metaspace: 37737K(38912K)->37737K(38912K) NonClass: 33191K(34048K)->33191K(34048K) Class: 4545K(4864K)->4545K(4864K)
[2020-04-16T22:38:02.179+0800][17.397s] GC(8) Pause Young (Normal) (G1 Evacuation Pause) 135M->123M(512M) 338.439ms
[2020-04-16T22:38:02.179+0800][17.397s] GC(8) User=0.74s Sys=0.08s Real=0.33s
[2020-04-16T22:38:02.976+0800][18.194s] GC(9) Pause Young (Normal) (G1 Evacuation Pause)
[2020-04-16T22:38:02.976+0800][18.194s] GC(9) Using 4 workers of 4 for evacuation
[2020-04-16T22:38:03.438+0800][18.657s] GC(9) MMU target violated: 201.0ms (200.0ms/201.0ms)
[2020-04-16T22:38:03.439+0800][18.657s] GC(9)   Pre Evacuate Collection Set: 0.1ms
[2020-04-16T22:38:03.439+0800][18.657s] GC(9)   Merge Heap Roots: 0.1ms
[2020-04-16T22:38:03.439+0800][18.657s] GC(9)   Evacuate Collection Set: 461.4ms
[2020-04-16T22:38:03.439+0800][18.657s] GC(9)   Post Evacuate Collection Set: 0.9ms
[2020-04-16T22:38:03.439+0800][18.657s] GC(9)   Other: 0.2ms
[2020-04-16T22:38:03.439+0800][18.657s] GC(9) Eden regions: 96->0(96)
[2020-04-16T22:38:03.439+0800][18.657s] GC(9) Survivor regions: 32->32(32)
[2020-04-16T22:38:03.439+0800][18.657s] GC(9) Old regions: 91->168
[2020-04-16T22:38:03.439+0800][18.657s] GC(9) Archive regions: 2->2
[2020-04-16T22:38:03.439+0800][18.657s] GC(9) Humongous regions: 1->1
[2020-04-16T22:38:03.439+0800][18.657s] GC(9) Metaspace: 38824K(40192K)->38824K(40192K) NonClass: 34126K(35072K)->34126K(35072K) Class: 4698K(5120K)->4698K(5120K)
[2020-04-16T22:38:03.439+0800][18.657s] GC(9) Pause Young (Normal) (G1 Evacuation Pause) 219M->201M(512M) 462.899ms
[2020-04-16T22:38:03.439+0800][18.657s] GC(9) User=0.73s Sys=0.07s Real=0.46s
[2020-04-16T22:38:05.702+0800][20.921s] GC(10) Pause Young (Normal) (G1 Evacuation Pause)
[2020-04-16T22:38:05.702+0800][20.921s] GC(10) Using 4 workers of 4 for evacuation
[2020-04-16T22:38:06.088+0800][21.306s] GC(10) MMU target violated: 201.0ms (200.0ms/201.0ms)
[2020-04-16T22:38:06.088+0800][21.306s] GC(10)   Pre Evacuate Collection Set: 0.1ms
[2020-04-16T22:38:06.088+0800][21.306s] GC(10)   Merge Heap Roots: 0.1ms
[2020-04-16T22:38:06.088+0800][21.306s] GC(10)   Evacuate Collection Set: 384.4ms
[2020-04-16T22:38:06.088+0800][21.306s] GC(10)   Post Evacuate Collection Set: 0.6ms
[2020-04-16T22:38:06.088+0800][21.306s] GC(10)   Other: 0.3ms
[2020-04-16T22:38:06.088+0800][21.306s] GC(10) Eden regions: 96->0(96)
[2020-04-16T22:38:06.088+0800][21.306s] GC(10) Survivor regions: 32->32(32)
[2020-04-16T22:38:06.088+0800][21.306s] GC(10) Old regions: 168->246
[2020-04-16T22:38:06.088+0800][21.306s] GC(10) Archive regions: 2->2
[2020-04-16T22:38:06.088+0800][21.306s] GC(10) Humongous regions: 1->1
[2020-04-16T22:38:06.088+0800][21.306s] GC(10) Metaspace: 39208K(40448K)->39208K(40448K) NonClass: 34466K(35328K)->34466K(35328K) Class: 4741K(5120K)->4741K(5120K)
[2020-04-16T22:38:06.088+0800][21.306s] GC(10) Pause Young (Normal) (G1 Evacuation Pause) 297M->279M(512M) 385.557ms
[2020-04-16T22:38:06.088+0800][21.306s] GC(10) User=0.77s Sys=0.07s Real=0.38s
[2020-04-16T22:38:08.374+0800][23.593s] GC(11) Pause Young (Concurrent Start) (G1 Evacuation Pause)
[2020-04-16T22:38:08.375+0800][23.593s] GC(11) Using 4 workers of 4 for evacuation
[2020-04-16T22:38:08.573+0800][23.791s] GC(11)   Pre Evacuate Collection Set: 0.2ms
[2020-04-16T22:38:08.573+0800][23.791s] GC(11)   Merge Heap Roots: 0.1ms
[2020-04-16T22:38:08.573+0800][23.791s] GC(11)   Evacuate Collection Set: 197.2ms
[2020-04-16T22:38:08.573+0800][23.791s] GC(11)   Post Evacuate Collection Set: 0.8ms
[2020-04-16T22:38:08.573+0800][23.791s] GC(11)   Other: 0.5ms
[2020-04-16T22:38:08.573+0800][23.791s] GC(11) Eden regions: 96->0(96)
[2020-04-16T22:38:08.573+0800][23.791s] GC(11) Survivor regions: 32->32(32)
[2020-04-16T22:38:08.573+0800][23.791s] GC(11) Old regions: 246->283
[2020-04-16T22:38:08.574+0800][23.792s] GC(11) Archive regions: 2->2
[2020-04-16T22:38:08.574+0800][23.792s] GC(11) Humongous regions: 1->1
[2020-04-16T22:38:08.574+0800][23.792s] GC(11) Metaspace: 39400K(40704K)->39400K(40704K) NonClass: 34648K(35584K)->34648K(35584K) Class: 4751K(5120K)->4751K(5120K)
[2020-04-16T22:38:08.574+0800][23.792s] GC(11) Pause Young (Concurrent Start) (G1 Evacuation Pause) 375M->316M(512M) 199.227ms
[2020-04-16T22:38:08.574+0800][23.792s] GC(11) User=0.53s Sys=0.03s Real=0.20s
[2020-04-16T22:38:08.574+0800][23.792s] GC(12) Concurrent Cycle
[2020-04-16T22:38:08.574+0800][23.792s] GC(12) Concurrent Clear Claimed Marks
[2020-04-16T22:38:08.574+0800][23.792s] GC(12) Concurrent Clear Claimed Marks 0.102ms
[2020-04-16T22:38:08.574+0800][23.792s] GC(12) Concurrent Scan Root Regions
[2020-04-16T22:38:08.674+0800][23.892s] GC(12) Concurrent Scan Root Regions 99.988ms
[2020-04-16T22:38:08.674+0800][23.892s] GC(12) Concurrent Mark (23.892s)
[2020-04-16T22:38:08.674+0800][23.892s] GC(12) Concurrent Mark From Roots
[2020-04-16T22:38:08.674+0800][23.892s] GC(12) Using 4 workers of 4 for marking
[2020-04-16T22:38:08.894+0800][24.112s] GC(13) Pause Young (Normal) (G1 Evacuation Pause)
[2020-04-16T22:38:08.894+0800][24.112s] GC(13) Using 4 workers of 4 for evacuation
[2020-04-16T22:38:08.982+0800][24.200s] GC(13)   Pre Evacuate Collection Set: 0.1ms
[2020-04-16T22:38:08.982+0800][24.200s] GC(13)   Merge Heap Roots: 0.1ms
[2020-04-16T22:38:08.982+0800][24.200s] GC(13)   Evacuate Collection Set: 87.4ms
[2020-04-16T22:38:08.982+0800][24.200s] GC(13)   Post Evacuate Collection Set: 0.7ms
[2020-04-16T22:38:08.982+0800][24.200s] GC(13)   Other: 0.2ms
[2020-04-16T22:38:08.982+0800][24.200s] GC(13) Eden regions: 96->0(100)
[2020-04-16T22:38:08.982+0800][24.201s] GC(13) Survivor regions: 32->28(32)
[2020-04-16T22:38:08.982+0800][24.201s] GC(13) Old regions: 283->289
[2020-04-16T22:38:08.982+0800][24.201s] GC(13) Archive regions: 2->2
[2020-04-16T22:38:08.982+0800][24.201s] GC(13) Humongous regions: 1->1
[2020-04-16T22:38:08.982+0800][24.201s] GC(13) Metaspace: 39435K(40704K)->39435K(40704K) NonClass: 34683K(35584K)->34683K(35584K) Class: 4752K(5120K)->4752K(5120K)
[2020-04-16T22:38:08.982+0800][24.201s] GC(13) Pause Young (Normal) (G1 Evacuation Pause) 412M->318M(512M) 88.805ms
[2020-04-16T22:38:08.982+0800][24.201s] GC(13) User=0.25s Sys=0.01s Real=0.09s
[2020-04-16T22:38:09.719+0800][24.937s] GC(12) Concurrent Mark From Roots 1044.905ms
[2020-04-16T22:38:09.719+0800][24.937s] GC(12) Concurrent Preclean
[2020-04-16T22:38:09.720+0800][24.938s] GC(12) Concurrent Preclean 0.495ms
[2020-04-16T22:38:09.720+0800][24.938s] GC(12) Concurrent Mark (23.892s, 24.938s) 1045.593ms
[2020-04-16T22:38:09.720+0800][24.938s] GC(12) Pause Remark
[2020-04-16T22:38:09.725+0800][24.944s] GC(12) Pause Remark 390M->390M(512M) 5.388ms
[2020-04-16T22:38:09.725+0800][24.944s] GC(12) User=0.02s Sys=0.00s Real=0.00s
[2020-04-16T22:38:09.725+0800][24.944s] GC(12) Concurrent Rebuild Remembered Sets
[2020-04-16T22:38:09.767+0800][24.985s] GC(14) Pause Young (Normal) (G1 Evacuation Pause)
[2020-04-16T22:38:09.767+0800][24.985s] GC(14) Using 4 workers of 4 for evacuation
[2020-04-16T22:38:09.835+0800][25.053s] GC(14)   Pre Evacuate Collection Set: 0.1ms
[2020-04-16T22:38:09.835+0800][25.053s] GC(14)   Merge Heap Roots: 0.1ms
[2020-04-16T22:38:09.835+0800][25.053s] GC(14)   Evacuate Collection Set: 66.7ms
[2020-04-16T22:38:09.835+0800][25.053s] GC(14)   Post Evacuate Collection Set: 0.5ms
[2020-04-16T22:38:09.835+0800][25.053s] GC(14)   Other: 0.2ms
[2020-04-16T22:38:09.835+0800][25.053s] GC(14) Eden regions: 100->0(100)
[2020-04-16T22:38:09.835+0800][25.053s] GC(14) Survivor regions: 28->28(32)
[2020-04-16T22:38:09.835+0800][25.053s] GC(14) Old regions: 289->289
[2020-04-16T22:38:09.835+0800][25.053s] GC(14) Archive regions: 2->2
[2020-04-16T22:38:09.835+0800][25.053s] GC(14) Humongous regions: 1->1
[2020-04-16T22:38:09.835+0800][25.053s] GC(14) Metaspace: 39545K(40704K)->39545K(40704K) NonClass: 34791K(35584K)->34791K(35584K) Class: 4753K(5120K)->4753K(5120K)
[2020-04-16T22:38:09.835+0800][25.054s] GC(14) Pause Young (Normal) (G1 Evacuation Pause) 418M->318M(512M) 68.115ms
[2020-04-16T22:38:09.835+0800][25.054s] GC(14) User=0.19s Sys=0.00s Real=0.07s
[2020-04-16T22:38:09.968+0800][25.186s] GC(15) Pause Young (Normal) (G1 Evacuation Pause)
[2020-04-16T22:38:09.968+0800][25.186s] GC(15) Using 4 workers of 4 for evacuation
[2020-04-16T22:38:10.036+0800][25.254s] GC(15)   Pre Evacuate Collection Set: 0.1ms
[2020-04-16T22:38:10.036+0800][25.254s] GC(15)   Merge Heap Roots: 0.1ms
[2020-04-16T22:38:10.036+0800][25.254s] GC(15)   Evacuate Collection Set: 66.5ms
[2020-04-16T22:38:10.036+0800][25.254s] GC(15)   Post Evacuate Collection Set: 1.0ms
[2020-04-16T22:38:10.036+0800][25.254s] GC(15)   Other: 0.3ms
[2020-04-16T22:38:10.036+0800][25.254s] GC(15) Eden regions: 100->0(100)
[2020-04-16T22:38:10.036+0800][25.254s] GC(15) Survivor regions: 28->28(32)
[2020-04-16T22:38:10.036+0800][25.254s] GC(15) Old regions: 289->289
[2020-04-16T22:38:10.036+0800][25.254s] GC(15) Archive regions: 2->2
[2020-04-16T22:38:10.036+0800][25.254s] GC(15) Humongous regions: 1->1
[2020-04-16T22:38:10.036+0800][25.254s] GC(15) Metaspace: 39545K(40704K)->39545K(40704K) NonClass: 34791K(35584K)->34791K(35584K) Class: 4753K(5120K)->4753K(5120K)
[2020-04-16T22:38:10.036+0800][25.254s] GC(15) Pause Young (Normal) (G1 Evacuation Pause) 418M->318M(512M) 68.287ms
[2020-04-16T22:38:10.036+0800][25.254s] GC(15) User=0.20s Sys=0.00s Real=0.07s
[2020-04-16T22:38:10.150+0800][25.368s] GC(16) Pause Young (Normal) (G1 Evacuation Pause)
[2020-04-16T22:38:10.150+0800][25.368s] GC(16) Using 4 workers of 4 for evacuation
[2020-04-16T22:38:10.242+0800][25.460s] GC(16)   Pre Evacuate Collection Set: 0.1ms
[2020-04-16T22:38:10.242+0800][25.460s] GC(16)   Merge Heap Roots: 0.1ms
[2020-04-16T22:38:10.242+0800][25.460s] GC(16)   Evacuate Collection Set: 90.5ms
[2020-04-16T22:38:10.242+0800][25.460s] GC(16)   Post Evacuate Collection Set: 0.6ms
[2020-04-16T22:38:10.242+0800][25.460s] GC(16)   Other: 0.3ms
[2020-04-16T22:38:10.242+0800][25.460s] GC(16) Eden regions: 100->0(100)
[2020-04-16T22:38:10.242+0800][25.460s] GC(16) Survivor regions: 28->28(32)
[2020-04-16T22:38:10.242+0800][25.460s] GC(16) Old regions: 289->289
[2020-04-16T22:38:10.242+0800][25.460s] GC(16) Archive regions: 2->2
[2020-04-16T22:38:10.242+0800][25.460s] GC(16) Humongous regions: 1->1
[2020-04-16T22:38:10.242+0800][25.460s] GC(16) Metaspace: 39545K(40704K)->39545K(40704K) NonClass: 34791K(35584K)->34791K(35584K) Class: 4753K(5120K)->4753K(5120K)
[2020-04-16T22:38:10.242+0800][25.460s] GC(16) Pause Young (Normal) (G1 Evacuation Pause) 418M->318M(512M) 91.607ms
[2020-04-16T22:38:10.242+0800][25.460s] GC(16) User=0.19s Sys=0.01s Real=0.09s
[2020-04-16T22:38:10.433+0800][25.652s] GC(17) Pause Young (Normal) (G1 Evacuation Pause)
[2020-04-16T22:38:10.434+0800][25.652s] GC(17) Using 4 workers of 4 for evacuation
[2020-04-16T22:38:10.495+0800][25.714s] GC(17)   Pre Evacuate Collection Set: 0.1ms
[2020-04-16T22:38:10.495+0800][25.714s] GC(17)   Merge Heap Roots: 0.1ms
[2020-04-16T22:38:10.495+0800][25.714s] GC(17)   Evacuate Collection Set: 60.9ms
[2020-04-16T22:38:10.496+0800][25.714s] GC(17)   Post Evacuate Collection Set: 0.6ms
[2020-04-16T22:38:10.496+0800][25.714s] GC(17)   Other: 0.3ms
[2020-04-16T22:38:10.496+0800][25.714s] GC(17) Eden regions: 100->0(100)
[2020-04-16T22:38:10.496+0800][25.714s] GC(17) Survivor regions: 28->28(32)
[2020-04-16T22:38:10.496+0800][25.714s] GC(17) Old regions: 289->289
[2020-04-16T22:38:10.496+0800][25.714s] GC(17) Archive regions: 2->2
[2020-04-16T22:38:10.496+0800][25.714s] GC(17) Humongous regions: 1->1
[2020-04-16T22:38:10.496+0800][25.714s] GC(17) Metaspace: 39545K(40704K)->39545K(40704K) NonClass: 34791K(35584K)->34791K(35584K) Class: 4753K(5120K)->4753K(5120K)
[2020-04-16T22:38:10.496+0800][25.714s] GC(17) Pause Young (Normal) (G1 Evacuation Pause) 418M->318M(512M) 62.204ms
[2020-04-16T22:38:10.496+0800][25.714s] GC(17) User=0.19s Sys=0.00s Real=0.06s
[2020-04-16T22:38:10.637+0800][25.856s] GC(12) Concurrent Rebuild Remembered Sets 911.937ms
[2020-04-16T22:38:10.638+0800][25.856s] GC(12) Pause Cleanup
[2020-04-16T22:38:10.638+0800][25.857s] GC(12) Pause Cleanup 391M->391M(512M) 0.398ms
[2020-04-16T22:38:10.638+0800][25.857s] GC(12) User=0.00s Sys=0.00s Real=0.00s
[2020-04-16T22:38:10.639+0800][25.857s] GC(12) Concurrent Cleanup for Next Mark
[2020-04-16T22:38:10.640+0800][25.859s] GC(12) Concurrent Cleanup for Next Mark 1.922ms
[2020-04-16T22:38:10.640+0800][25.859s] GC(12) Concurrent Cycle 2066.731ms
[2020-04-16T22:38:10.652+0800][25.871s] GC(18) Pause Young (Normal) (G1 Evacuation Pause)
[2020-04-16T22:38:10.652+0800][25.871s] GC(18) Using 4 workers of 4 for evacuation
[2020-04-16T22:38:10.795+0800][26.014s] GC(18)   Pre Evacuate Collection Set: 0.1ms
[2020-04-16T22:38:10.795+0800][26.014s] GC(18)   Merge Heap Roots: 0.1ms
[2020-04-16T22:38:10.795+0800][26.014s] GC(18)   Evacuate Collection Set: 142.0ms
[2020-04-16T22:38:10.795+0800][26.014s] GC(18)   Post Evacuate Collection Set: 0.6ms
[2020-04-16T22:38:10.795+0800][26.014s] GC(18)   Other: 0.2ms
[2020-04-16T22:38:10.796+0800][26.014s] GC(18) Eden regions: 100->0(100)
[2020-04-16T22:38:10.796+0800][26.014s] GC(18) Survivor regions: 28->28(32)
[2020-04-16T22:38:10.796+0800][26.014s] GC(18) Old regions: 289->289
[2020-04-16T22:38:10.796+0800][26.014s] GC(18) Archive regions: 2->2
[2020-04-16T22:38:10.796+0800][26.014s] GC(18) Humongous regions: 1->1
[2020-04-16T22:38:10.796+0800][26.014s] GC(18) Metaspace: 39545K(40704K)->39545K(40704K) NonClass: 34791K(35584K)->34791K(35584K) Class: 4753K(5120K)->4753K(5120K)
[2020-04-16T22:38:10.796+0800][26.014s] GC(18) Pause Young (Normal) (G1 Evacuation Pause) 418M->318M(512M) 143.457ms
[2020-04-16T22:38:10.796+0800][26.014s] GC(18) User=0.17s Sys=0.00s Real=0.14s
[2020-04-16T22:38:10.846+0800][26.065s] GC(19) Pause Young (Concurrent Start) (G1 Evacuation Pause)
[2020-04-16T22:38:10.846+0800][26.065s] GC(19) Using 4 workers of 4 for evacuation
[2020-04-16T22:38:10.960+0800][26.178s] GC(19)   Pre Evacuate Collection Set: 0.4ms
[2020-04-16T22:38:10.960+0800][26.178s] GC(19)   Merge Heap Roots: 0.4ms
[2020-04-16T22:38:10.960+0800][26.178s] GC(19)   Evacuate Collection Set: 110.3ms
[2020-04-16T22:38:10.960+0800][26.178s] GC(19)   Post Evacuate Collection Set: 2.0ms
[2020-04-16T22:38:10.960+0800][26.178s] GC(19)   Other: 0.4ms
[2020-04-16T22:38:10.960+0800][26.178s] GC(19) Eden regions: 100->0(114)
[2020-04-16T22:38:10.960+0800][26.178s] GC(19) Survivor regions: 28->14(32)
[2020-04-16T22:38:10.960+0800][26.178s] GC(19) Old regions: 289->304
[2020-04-16T22:38:10.960+0800][26.178s] GC(19) Archive regions: 2->2
[2020-04-16T22:38:10.960+0800][26.178s] GC(19) Humongous regions: 1->1
[2020-04-16T22:38:10.960+0800][26.178s] GC(19) Metaspace: 39545K(40704K)->39545K(40704K) NonClass: 34791K(35584K)->34791K(35584K) Class: 4753K(5120K)->4753K(5120K)
[2020-04-16T22:38:10.960+0800][26.178s] GC(19) Pause Young (Concurrent Start) (G1 Evacuation Pause) 418M->319M(512M) 113.831ms
[2020-04-16T22:38:10.960+0800][26.178s] GC(19) User=0.20s Sys=0.03s Real=0.12s
[2020-04-16T22:38:10.961+0800][26.179s] GC(20) Concurrent Cycle
[2020-04-16T22:38:10.961+0800][26.179s] GC(20) Concurrent Clear Claimed Marks
[2020-04-16T22:38:10.961+0800][26.179s] GC(20) Concurrent Clear Claimed Marks 0.087ms
[2020-04-16T22:38:10.961+0800][26.179s] GC(20) Concurrent Scan Root Regions
[2020-04-16T22:38:10.991+0800][26.209s] GC(20) Concurrent Scan Root Regions 30.325ms
[2020-04-16T22:38:10.991+0800][26.209s] GC(20) Concurrent Mark (26.209s)
[2020-04-16T22:38:10.991+0800][26.209s] GC(20) Concurrent Mark From Roots
[2020-04-16T22:38:10.991+0800][26.209s] GC(20) Using 4 workers of 4 for marking
[2020-04-16T22:38:11.182+0800][26.400s] GC(21) Pause Young (Normal) (G1 Evacuation Pause)
[2020-04-16T22:38:11.182+0800][26.400s] GC(21) Using 4 workers of 4 for evacuation
[2020-04-16T22:38:11.235+0800][26.453s] GC(21)   Pre Evacuate Collection Set: 0.1ms
[2020-04-16T22:38:11.235+0800][26.453s] GC(21)   Merge Heap Roots: 0.1ms
[2020-04-16T22:38:11.235+0800][26.453s] GC(21)   Evacuate Collection Set: 51.5ms
[2020-04-16T22:38:11.235+0800][26.453s] GC(21)   Post Evacuate Collection Set: 0.7ms
[2020-04-16T22:38:11.235+0800][26.453s] GC(21)   Other: 0.3ms
[2020-04-16T22:38:11.235+0800][26.453s] GC(21) Eden regions: 114->0(125)
[2020-04-16T22:38:11.235+0800][26.453s] GC(21) Survivor regions: 14->3(32)
[2020-04-16T22:38:11.235+0800][26.453s] GC(21) Old regions: 304->316
[2020-04-16T22:38:11.235+0800][26.453s] GC(21) Archive regions: 2->2
[2020-04-16T22:38:11.235+0800][26.454s] GC(21) Humongous regions: 1->1
[2020-04-16T22:38:11.235+0800][26.454s] GC(21) Metaspace: 39545K(40704K)->39545K(40704K) NonClass: 34791K(35584K)->34791K(35584K) Class: 4753K(5120K)->4753K(5120K)
[2020-04-16T22:38:11.235+0800][26.454s] GC(21) Pause Young (Normal) (G1 Evacuation Pause) 433M->320M(512M) 53.215ms
[2020-04-16T22:38:11.235+0800][26.454s] GC(21) User=0.09s Sys=0.02s Real=0.05s
[2020-04-16T22:38:11.376+0800][26.594s] GC(22) Pause Young (Normal) (G1 Evacuation Pause)
[2020-04-16T22:38:11.376+0800][26.594s] GC(22) Using 4 workers of 4 for evacuation
[2020-04-16T22:38:11.379+0800][26.597s] GC(22)   Pre Evacuate Collection Set: 0.1ms
[2020-04-16T22:38:11.379+0800][26.597s] GC(22)   Merge Heap Roots: 0.1ms
[2020-04-16T22:38:11.379+0800][26.597s] GC(22)   Evacuate Collection Set: 1.9ms
[2020-04-16T22:38:11.379+0800][26.597s] GC(22)   Post Evacuate Collection Set: 0.5ms
[2020-04-16T22:38:11.379+0800][26.597s] GC(22)   Other: 0.2ms
[2020-04-16T22:38:11.379+0800][26.597s] GC(22) Eden regions: 125->0(127)
[2020-04-16T22:38:11.379+0800][26.598s] GC(22) Survivor regions: 3->1(32)
[2020-04-16T22:38:11.379+0800][26.598s] GC(22) Old regions: 316->318
[2020-04-16T22:38:11.379+0800][26.598s] GC(22) Archive regions: 2->2
[2020-04-16T22:38:11.379+0800][26.598s] GC(22) Humongous regions: 1->1
[2020-04-16T22:38:11.379+0800][26.598s] GC(22) Metaspace: 39545K(40704K)->39545K(40704K) NonClass: 34791K(35584K)->34791K(35584K) Class: 4753K(5120K)->4753K(5120K)
[2020-04-16T22:38:11.380+0800][26.598s] GC(22) Pause Young (Normal) (G1 Evacuation Pause) 445M->320M(512M) 3.567ms
[2020-04-16T22:38:11.380+0800][26.598s] GC(22) User=0.01s Sys=0.00s Real=0.01s
[2020-04-16T22:38:11.541+0800][26.760s] GC(23) Pause Young (Normal) (G1 Evacuation Pause)
[2020-04-16T22:38:11.541+0800][26.760s] GC(23) Using 4 workers of 4 for evacuation
[2020-04-16T22:38:11.546+0800][26.764s] GC(23)   Pre Evacuate Collection Set: 0.1ms
[2020-04-16T22:38:11.546+0800][26.764s] GC(23)   Merge Heap Roots: 0.1ms
[2020-04-16T22:38:11.546+0800][26.764s] GC(23)   Evacuate Collection Set: 3.3ms
[2020-04-16T22:38:11.546+0800][26.764s] GC(23)   Post Evacuate Collection Set: 0.9ms
[2020-04-16T22:38:11.546+0800][26.764s] GC(23)   Other: 0.2ms
[2020-04-16T22:38:11.546+0800][26.764s] GC(23) Eden regions: 127->0(128)
[2020-04-16T22:38:11.546+0800][26.764s] GC(23) Survivor regions: 1->0(32)
[2020-04-16T22:38:11.546+0800][26.764s] GC(23) Old regions: 318->319
[2020-04-16T22:38:11.546+0800][26.764s] GC(23) Archive regions: 2->2
[2020-04-16T22:38:11.546+0800][26.764s] GC(23) Humongous regions: 1->1
[2020-04-16T22:38:11.546+0800][26.764s] GC(23) Metaspace: 39545K(40704K)->39545K(40704K) NonClass: 34791K(35584K)->34791K(35584K) Class: 4753K(5120K)->4753K(5120K)
[2020-04-16T22:38:11.546+0800][26.765s] GC(23) Pause Young (Normal) (G1 Evacuation Pause) 447M->320M(512M) 4.959ms
[2020-04-16T22:38:11.546+0800][26.765s] GC(23) User=0.00s Sys=0.00s Real=0.00s
[2020-04-16T22:38:11.726+0800][26.944s] GC(24) Pause Young (Normal) (G1 Evacuation Pause)
[2020-04-16T22:38:11.726+0800][26.944s] GC(24) Using 4 workers of 4 for evacuation
[2020-04-16T22:38:11.727+0800][26.945s] GC(24)   Pre Evacuate Collection Set: 0.1ms
[2020-04-16T22:38:11.727+0800][26.945s] GC(24)   Merge Heap Roots: 0.1ms
[2020-04-16T22:38:11.727+0800][26.945s] GC(24)   Evacuate Collection Set: 0.3ms
[2020-04-16T22:38:11.727+0800][26.945s] GC(24)   Post Evacuate Collection Set: 0.5ms
[2020-04-16T22:38:11.727+0800][26.945s] GC(24)   Other: 0.2ms
[2020-04-16T22:38:11.727+0800][26.945s] GC(24) Eden regions: 128->0(128)
[2020-04-16T22:38:11.727+0800][26.945s] GC(24) Survivor regions: 0->0(32)
[2020-04-16T22:38:11.727+0800][26.945s] GC(24) Old regions: 319->319
[2020-04-16T22:38:11.727+0800][26.945s] GC(24) Archive regions: 2->2
[2020-04-16T22:38:11.727+0800][26.945s] GC(24) Humongous regions: 1->1
[2020-04-16T22:38:11.727+0800][26.945s] GC(24) Metaspace: 39545K(40704K)->39545K(40704K) NonClass: 34791K(35584K)->34791K(35584K) Class: 4753K(5120K)->4753K(5120K)
[2020-04-16T22:38:11.727+0800][26.945s] GC(24) Pause Young (Normal) (G1 Evacuation Pause) 448M->320M(512M) 1.517ms
[2020-04-16T22:38:11.727+0800][26.945s] GC(24) User=0.00s Sys=0.01s Real=0.00s
[2020-04-16T22:38:11.922+0800][27.141s] GC(25) Pause Young (Normal) (G1 Evacuation Pause)
[2020-04-16T22:38:11.922+0800][27.141s] GC(25) Using 4 workers of 4 for evacuation
[2020-04-16T22:38:11.923+0800][27.142s] GC(25)   Pre Evacuate Collection Set: 0.1ms
[2020-04-16T22:38:11.923+0800][27.142s] GC(25)   Merge Heap Roots: 0.0ms
[2020-04-16T22:38:11.923+0800][27.142s] GC(25)   Evacuate Collection Set: 0.3ms
[2020-04-16T22:38:11.923+0800][27.142s] GC(25)   Post Evacuate Collection Set: 0.4ms
[2020-04-16T22:38:11.923+0800][27.142s] GC(25)   Other: 0.2ms
[2020-04-16T22:38:11.923+0800][27.142s] GC(25) Eden regions: 128->0(128)
[2020-04-16T22:38:11.923+0800][27.142s] GC(25) Survivor regions: 0->0(32)
[2020-04-16T22:38:11.923+0800][27.142s] GC(25) Old regions: 319->319
[2020-04-16T22:38:11.923+0800][27.142s] GC(25) Archive regions: 2->2
[2020-04-16T22:38:11.924+0800][27.142s] GC(25) Humongous regions: 1->1
[2020-04-16T22:38:11.924+0800][27.142s] GC(25) Metaspace: 39545K(40704K)->39545K(40704K) NonClass: 34791K(35584K)->34791K(35584K) Class: 4753K(5120K)->4753K(5120K)
[2020-04-16T22:38:11.924+0800][27.142s] GC(25) Pause Young (Normal) (G1 Evacuation Pause) 448M->320M(512M) 1.134ms
[2020-04-16T22:38:11.924+0800][27.142s] GC(25) User=0.01s Sys=0.00s Real=0.00s
[2020-04-16T22:38:12.040+0800][27.258s] GC(20) Concurrent Mark From Roots 1048.298ms
[2020-04-16T22:38:12.040+0800][27.258s] GC(20) Concurrent Preclean
[2020-04-16T22:38:12.040+0800][27.258s] GC(20) Concurrent Preclean 0.216ms
[2020-04-16T22:38:12.040+0800][27.258s] GC(20) Concurrent Mark (26.209s, 27.258s) 1048.645ms
[2020-04-16T22:38:12.040+0800][27.258s] GC(20) Pause Remark
[2020-04-16T22:38:12.067+0800][27.285s] GC(20) Pause Remark 397M->397M(512M) 26.311ms
[2020-04-16T22:38:12.067+0800][27.285s] GC(20) User=0.03s Sys=0.02s Real=0.02s
[2020-04-16T22:38:12.068+0800][27.286s] GC(20) Concurrent Rebuild Remembered Sets
[2020-04-16T22:38:12.169+0800][27.388s] GC(26) Pause Young (Normal) (G1 Evacuation Pause)
[2020-04-16T22:38:12.169+0800][27.388s] GC(26) Using 4 workers of 4 for evacuation
[2020-04-16T22:38:12.171+0800][27.389s] GC(26)   Pre Evacuate Collection Set: 0.1ms
[2020-04-16T22:38:12.171+0800][27.389s] GC(26)   Merge Heap Roots: 0.0ms
[2020-04-16T22:38:12.171+0800][27.389s] GC(26)   Evacuate Collection Set: 0.3ms
[2020-04-16T22:38:12.171+0800][27.389s] GC(26)   Post Evacuate Collection Set: 0.5ms
[2020-04-16T22:38:12.171+0800][27.389s] GC(26)   Other: 0.2ms
[2020-04-16T22:38:12.171+0800][27.389s] GC(26) Eden regions: 128->0(128)
[2020-04-16T22:38:12.171+0800][27.389s] GC(26) Survivor regions: 0->0(32)
[2020-04-16T22:38:12.171+0800][27.389s] GC(26) Old regions: 319->319
[2020-04-16T22:38:12.171+0800][27.389s] GC(26) Archive regions: 2->2
[2020-04-16T22:38:12.171+0800][27.389s] GC(26) Humongous regions: 1->1
[2020-04-16T22:38:12.171+0800][27.389s] GC(26) Metaspace: 39543K(40704K)->39543K(40704K) NonClass: 34790K(35584K)->34790K(35584K) Class: 4752K(5120K)->4752K(5120K)
[2020-04-16T22:38:12.171+0800][27.389s] GC(26) Pause Young (Normal) (G1 Evacuation Pause) 448M->320M(512M) 1.468ms
[2020-04-16T22:38:12.171+0800][27.389s] GC(26) User=0.00s Sys=0.00s Real=0.01s
[2020-04-16T22:38:12.342+0800][27.560s] GC(27) Pause Young (Normal) (G1 Evacuation Pause)
[2020-04-16T22:38:12.342+0800][27.560s] GC(27) Using 4 workers of 4 for evacuation
[2020-04-16T22:38:12.344+0800][27.562s] GC(27)   Pre Evacuate Collection Set: 0.1ms
[2020-04-16T22:38:12.344+0800][27.562s] GC(27)   Merge Heap Roots: 0.1ms
[2020-04-16T22:38:12.344+0800][27.562s] GC(27)   Evacuate Collection Set: 1.4ms
[2020-04-16T22:38:12.344+0800][27.562s] GC(27)   Post Evacuate Collection Set: 0.4ms
[2020-04-16T22:38:12.344+0800][27.562s] GC(27)   Other: 0.2ms
[2020-04-16T22:38:12.344+0800][27.562s] GC(27) Eden regions: 128->0(128)
[2020-04-16T22:38:12.344+0800][27.562s] GC(27) Survivor regions: 0->0(32)
[2020-04-16T22:38:12.344+0800][27.562s] GC(27) Old regions: 319->319
[2020-04-16T22:38:12.344+0800][27.562s] GC(27) Archive regions: 2->2
[2020-04-16T22:38:12.344+0800][27.562s] GC(27) Humongous regions: 1->1
[2020-04-16T22:38:12.344+0800][27.562s] GC(27) Metaspace: 39543K(40704K)->39543K(40704K) NonClass: 34790K(35584K)->34790K(35584K) Class: 4752K(5120K)->4752K(5120K)
[2020-04-16T22:38:12.344+0800][27.562s] GC(27) Pause Young (Normal) (G1 Evacuation Pause) 448M->320M(512M) 2.350ms
[2020-04-16T22:38:12.344+0800][27.562s] GC(27) User=0.00s Sys=0.00s Real=0.00s
[2020-04-16T22:38:12.494+0800][27.712s] GC(28) Pause Young (Normal) (G1 Evacuation Pause)
[2020-04-16T22:38:12.494+0800][27.712s] GC(28) Using 4 workers of 4 for evacuation
[2020-04-16T22:38:12.495+0800][27.714s] GC(28)   Pre Evacuate Collection Set: 0.1ms
[2020-04-16T22:38:12.496+0800][27.714s] GC(28)   Merge Heap Roots: 0.0ms
[2020-04-16T22:38:12.496+0800][27.714s] GC(28)   Evacuate Collection Set: 0.3ms
[2020-04-16T22:38:12.496+0800][27.714s] GC(28)   Post Evacuate Collection Set: 0.7ms
[2020-04-16T22:38:12.496+0800][27.714s] GC(28)   Other: 0.3ms
[2020-04-16T22:38:12.496+0800][27.714s] GC(28) Eden regions: 128->0(128)
[2020-04-16T22:38:12.496+0800][27.714s] GC(28) Survivor regions: 0->0(32)
[2020-04-16T22:38:12.496+0800][27.714s] GC(28) Old regions: 319->319
[2020-04-16T22:38:12.496+0800][27.714s] GC(28) Archive regions: 2->2
[2020-04-16T22:38:12.496+0800][27.714s] GC(28) Humongous regions: 1->1
[2020-04-16T22:38:12.496+0800][27.714s] GC(28) Metaspace: 39543K(40704K)->39543K(40704K) NonClass: 34790K(35584K)->34790K(35584K) Class: 4752K(5120K)->4752K(5120K)
[2020-04-16T22:38:12.496+0800][27.714s] GC(28) Pause Young (Normal) (G1 Evacuation Pause) 448M->320M(512M) 2.000ms
[2020-04-16T22:38:12.496+0800][27.714s] GC(28) User=0.00s Sys=0.00s Real=0.00s
[2020-04-16T22:38:12.627+0800][27.845s] GC(20) Concurrent Rebuild Remembered Sets 558.795ms
[2020-04-16T22:38:12.627+0800][27.845s] GC(20) Pause Cleanup
[2020-04-16T22:38:12.628+0800][27.846s] GC(20) Pause Cleanup 439M->439M(512M) 0.413ms
[2020-04-16T22:38:12.628+0800][27.846s] GC(20) User=0.00s Sys=0.00s Real=0.00s
[2020-04-16T22:38:12.628+0800][27.846s] GC(20) Concurrent Cleanup for Next Mark
[2020-04-16T22:38:12.632+0800][27.850s] GC(20) Concurrent Cleanup for Next Mark 4.095ms
[2020-04-16T22:38:12.632+0800][27.850s] GC(20) Concurrent Cycle 1671.252ms
[2020-04-16T22:38:12.634+0800][27.852s] GC(29) Pause Young (Normal) (G1 Evacuation Pause)
[2020-04-16T22:38:12.634+0800][27.852s] GC(29) Using 4 workers of 4 for evacuation
[2020-04-16T22:38:12.635+0800][27.853s] GC(29)   Pre Evacuate Collection Set: 0.1ms
[2020-04-16T22:38:12.635+0800][27.853s] GC(29)   Merge Heap Roots: 0.0ms
[2020-04-16T22:38:12.635+0800][27.853s] GC(29)   Evacuate Collection Set: 0.2ms
[2020-04-16T22:38:12.635+0800][27.853s] GC(29)   Post Evacuate Collection Set: 0.4ms
[2020-04-16T22:38:12.635+0800][27.853s] GC(29)   Other: 0.2ms
[2020-04-16T22:38:12.635+0800][27.853s] GC(29) Eden regions: 128->0(128)
[2020-04-16T22:38:12.635+0800][27.853s] GC(29) Survivor regions: 0->0(32)
[2020-04-16T22:38:12.635+0800][27.853s] GC(29) Old regions: 319->319
[2020-04-16T22:38:12.635+0800][27.853s] GC(29) Archive regions: 2->2
[2020-04-16T22:38:12.635+0800][27.853s] GC(29) Humongous regions: 1->1
[2020-04-16T22:38:12.635+0800][27.853s] GC(29) Metaspace: 39543K(40704K)->39543K(40704K) NonClass: 34790K(35584K)->34790K(35584K) Class: 4752K(5120K)->4752K(5120K)
[2020-04-16T22:38:12.635+0800][27.853s] GC(29) Pause Young (Normal) (G1 Evacuation Pause) 448M->320M(512M) 1.127ms
[2020-04-16T22:38:12.635+0800][27.853s] GC(29) User=0.00s Sys=0.00s Real=0.00s
[2020-04-16T22:38:12.693+0800][27.911s] GC(30) Pause Young (Concurrent Start) (G1 Evacuation Pause)
[2020-04-16T22:38:12.693+0800][27.911s] GC(30) Using 4 workers of 4 for evacuation
[2020-04-16T22:38:12.695+0800][27.913s] GC(30)   Pre Evacuate Collection Set: 0.1ms
[2020-04-16T22:38:12.695+0800][27.913s] GC(30)   Merge Heap Roots: 0.0ms
[2020-04-16T22:38:12.695+0800][27.913s] GC(30)   Evacuate Collection Set: 0.8ms
[2020-04-16T22:38:12.695+0800][27.913s] GC(30)   Post Evacuate Collection Set: 0.4ms
[2020-04-16T22:38:12.695+0800][27.913s] GC(30)   Other: 0.3ms
[2020-04-16T22:38:12.695+0800][27.913s] GC(30) Eden regions: 128->0(128)
[2020-04-16T22:38:12.695+0800][27.913s] GC(30) Survivor regions: 0->0(32)
[2020-04-16T22:38:12.695+0800][27.913s] GC(30) Old regions: 319->319
[2020-04-16T22:38:12.695+0800][27.913s] GC(30) Archive regions: 2->2
[2020-04-16T22:38:12.695+0800][27.913s] GC(30) Humongous regions: 1->1
[2020-04-16T22:38:12.695+0800][27.913s] GC(30) Metaspace: 39543K(40704K)->39543K(40704K) NonClass: 34790K(35584K)->34790K(35584K) Class: 4752K(5120K)->4752K(5120K)
[2020-04-16T22:38:12.695+0800][27.913s] GC(30) Pause Young (Concurrent Start) (G1 Evacuation Pause) 448M->320M(512M) 1.993ms
[2020-04-16T22:38:12.695+0800][27.913s] GC(30) User=0.00s Sys=0.00s Real=0.00s
[2020-04-16T22:38:12.695+0800][27.913s] GC(31) Concurrent Cycle
[2020-04-16T22:38:12.695+0800][27.913s] GC(31) Concurrent Clear Claimed Marks
[2020-04-16T22:38:12.695+0800][27.913s] GC(31) Concurrent Clear Claimed Marks 0.111ms
[2020-04-16T22:38:12.695+0800][27.913s] GC(31) Concurrent Scan Root Regions
[2020-04-16T22:38:12.695+0800][27.914s] GC(31) Concurrent Scan Root Regions 0.024ms
[2020-04-16T22:38:12.695+0800][27.914s] GC(31) Concurrent Mark (27.914s)
[2020-04-16T22:38:12.695+0800][27.914s] GC(31) Concurrent Mark From Roots
[2020-04-16T22:38:12.695+0800][27.914s] GC(31) Using 4 workers of 4 for marking
[2020-04-16T22:38:12.981+0800][28.199s] GC(32) Pause Young (Normal) (G1 Evacuation Pause)
[2020-04-16T22:38:12.981+0800][28.199s] GC(32) Using 4 workers of 4 for evacuation
[2020-04-16T22:38:12.984+0800][28.202s] GC(32)   Pre Evacuate Collection Set: 0.2ms
[2020-04-16T22:38:12.984+0800][28.202s] GC(32)   Merge Heap Roots: 0.1ms
[2020-04-16T22:38:12.984+0800][28.202s] GC(32)   Evacuate Collection Set: 2.6ms
[2020-04-16T22:38:12.984+0800][28.203s] GC(32)   Post Evacuate Collection Set: 0.6ms
[2020-04-16T22:38:12.984+0800][28.203s] GC(32)   Other: 0.3ms
[2020-04-16T22:38:12.984+0800][28.203s] GC(32) Eden regions: 128->0(128)
[2020-04-16T22:38:12.984+0800][28.203s] GC(32) Survivor regions: 0->0(32)
[2020-04-16T22:38:12.984+0800][28.203s] GC(32) Old regions: 319->319
[2020-04-16T22:38:12.985+0800][28.203s] GC(32) Archive regions: 2->2
[2020-04-16T22:38:12.985+0800][28.203s] GC(32) Humongous regions: 1->1
[2020-04-16T22:38:12.985+0800][28.203s] GC(32) Metaspace: 39543K(40704K)->39543K(40704K) NonClass: 34790K(35584K)->34790K(35584K) Class: 4752K(5120K)->4752K(5120K)
[2020-04-16T22:38:12.985+0800][28.203s] GC(32) Pause Young (Normal) (G1 Evacuation Pause) 448M->320M(512M) 3.933ms
[2020-04-16T22:38:12.985+0800][28.203s] GC(32) User=0.00s Sys=0.00s Real=0.00s
[2020-04-16T22:38:13.125+0800][28.343s] GC(33) Pause Young (Normal) (G1 Evacuation Pause)
[2020-04-16T22:38:13.125+0800][28.343s] GC(33) Using 4 workers of 4 for evacuation
[2020-04-16T22:38:13.126+0800][28.344s] GC(33)   Pre Evacuate Collection Set: 0.1ms
[2020-04-16T22:38:13.126+0800][28.344s] GC(33)   Merge Heap Roots: 0.0ms
[2020-04-16T22:38:13.126+0800][28.344s] GC(33)   Evacuate Collection Set: 0.3ms
[2020-04-16T22:38:13.126+0800][28.344s] GC(33)   Post Evacuate Collection Set: 0.4ms
[2020-04-16T22:38:13.126+0800][28.344s] GC(33)   Other: 0.2ms
[2020-04-16T22:38:13.126+0800][28.344s] GC(33) Eden regions: 128->0(128)
[2020-04-16T22:38:13.126+0800][28.344s] GC(33) Survivor regions: 0->0(32)
[2020-04-16T22:38:13.126+0800][28.344s] GC(33) Old regions: 319->319
[2020-04-16T22:38:13.126+0800][28.344s] GC(33) Archive regions: 2->2
[2020-04-16T22:38:13.126+0800][28.344s] GC(33) Humongous regions: 1->1
[2020-04-16T22:38:13.126+0800][28.344s] GC(33) Metaspace: 39543K(40704K)->39543K(40704K) NonClass: 34790K(35584K)->34790K(35584K) Class: 4752K(5120K)->4752K(5120K)
[2020-04-16T22:38:13.126+0800][28.344s] GC(33) Pause Young (Normal) (G1 Evacuation Pause) 448M->320M(512M) 1.243ms
[2020-04-16T22:38:13.126+0800][28.344s] GC(33) User=0.00s Sys=0.00s Real=0.00s
[2020-04-16T22:38:13.281+0800][28.499s] GC(34) Pause Young (Normal) (G1 Evacuation Pause)
[2020-04-16T22:38:13.281+0800][28.499s] GC(34) Using 4 workers of 4 for evacuation
[2020-04-16T22:38:13.283+0800][28.501s] GC(34)   Pre Evacuate Collection Set: 0.1ms
[2020-04-16T22:38:13.283+0800][28.501s] GC(34)   Merge Heap Roots: 0.1ms
[2020-04-16T22:38:13.283+0800][28.501s] GC(34)   Evacuate Collection Set: 0.5ms
[2020-04-16T22:38:13.283+0800][28.501s] GC(34)   Post Evacuate Collection Set: 1.2ms
[2020-04-16T22:38:13.283+0800][28.501s] GC(34)   Other: 0.3ms
[2020-04-16T22:38:13.283+0800][28.501s] GC(34) Eden regions: 128->0(128)
[2020-04-16T22:38:13.283+0800][28.501s] GC(34) Survivor regions: 0->0(32)
[2020-04-16T22:38:13.283+0800][28.501s] GC(34) Old regions: 319->319
[2020-04-16T22:38:13.283+0800][28.501s] GC(34) Archive regions: 2->2
[2020-04-16T22:38:13.283+0800][28.501s] GC(34) Humongous regions: 1->1
[2020-04-16T22:38:13.283+0800][28.501s] GC(34) Metaspace: 39543K(40704K)->39543K(40704K) NonClass: 34790K(35584K)->34790K(35584K) Class: 4752K(5120K)->4752K(5120K)
[2020-04-16T22:38:13.283+0800][28.501s] GC(34) Pause Young (Normal) (G1 Evacuation Pause) 448M->320M(512M) 2.534ms
[2020-04-16T22:38:13.283+0800][28.501s] GC(34) User=0.00s Sys=0.01s Real=0.00s
[2020-04-16T22:38:13.453+0800][28.671s] GC(35) Pause Young (Normal) (G1 Evacuation Pause)
[2020-04-16T22:38:13.453+0800][28.671s] GC(35) Using 4 workers of 4 for evacuation
[2020-04-16T22:38:13.454+0800][28.672s] GC(35)   Pre Evacuate Collection Set: 0.1ms
[2020-04-16T22:38:13.454+0800][28.672s] GC(35)   Merge Heap Roots: 0.0ms
[2020-04-16T22:38:13.454+0800][28.672s] GC(35)   Evacuate Collection Set: 0.3ms
[2020-04-16T22:38:13.454+0800][28.672s] GC(35)   Post Evacuate Collection Set: 0.5ms
[2020-04-16T22:38:13.454+0800][28.672s] GC(35)   Other: 0.3ms
[2020-04-16T22:38:13.454+0800][28.672s] GC(35) Eden regions: 128->0(128)
[2020-04-16T22:38:13.454+0800][28.672s] GC(35) Survivor regions: 0->0(32)
[2020-04-16T22:38:13.454+0800][28.672s] GC(35) Old regions: 319->319
[2020-04-16T22:38:13.454+0800][28.672s] GC(35) Archive regions: 2->2
[2020-04-16T22:38:13.454+0800][28.672s] GC(35) Humongous regions: 1->1
[2020-04-16T22:38:13.454+0800][28.672s] GC(35) Metaspace: 39543K(40704K)->39543K(40704K) NonClass: 34790K(35584K)->34790K(35584K) Class: 4752K(5120K)->4752K(5120K)
[2020-04-16T22:38:13.454+0800][28.672s] GC(35) Pause Young (Normal) (G1 Evacuation Pause) 448M->320M(512M) 1.554ms
[2020-04-16T22:38:13.454+0800][28.673s] GC(35) User=0.00s Sys=0.00s Real=0.00s
[2020-04-16T22:38:13.601+0800][28.819s] GC(31) Concurrent Mark From Roots 905.594ms
[2020-04-16T22:38:13.601+0800][28.819s] GC(31) Concurrent Preclean
[2020-04-16T22:38:13.601+0800][28.819s] GC(31) Concurrent Preclean 0.195ms
[2020-04-16T22:38:13.601+0800][28.820s] GC(31) Concurrent Mark (27.914s, 28.820s) 905.957ms
[2020-04-16T22:38:13.602+0800][28.820s] GC(31) Pause Remark
[2020-04-16T22:38:13.608+0800][28.826s] GC(31) Pause Remark 424M->424M(512M) 5.991ms
[2020-04-16T22:38:13.608+0800][28.826s] GC(31) User=0.02s Sys=0.00s Real=0.00s
[2020-04-16T22:38:13.608+0800][28.826s] GC(31) Concurrent Rebuild Remembered Sets
[2020-04-16T22:38:13.642+0800][28.860s] GC(36) Pause Young (Normal) (G1 Evacuation Pause)
[2020-04-16T22:38:13.642+0800][28.860s] GC(36) Using 4 workers of 4 for evacuation
[2020-04-16T22:38:13.643+0800][28.861s] GC(36)   Pre Evacuate Collection Set: 0.1ms
[2020-04-16T22:38:13.643+0800][28.862s] GC(36)   Merge Heap Roots: 0.1ms
[2020-04-16T22:38:13.643+0800][28.862s] GC(36)   Evacuate Collection Set: 0.4ms
[2020-04-16T22:38:13.643+0800][28.862s] GC(36)   Post Evacuate Collection Set: 0.5ms
[2020-04-16T22:38:13.643+0800][28.862s] GC(36)   Other: 0.3ms
[2020-04-16T22:38:13.644+0800][28.862s] GC(36) Eden regions: 128->0(128)
[2020-04-16T22:38:13.644+0800][28.862s] GC(36) Survivor regions: 0->0(32)
[2020-04-16T22:38:13.644+0800][28.862s] GC(36) Old regions: 319->319
[2020-04-16T22:38:13.644+0800][28.862s] GC(36) Archive regions: 2->2
[2020-04-16T22:38:13.644+0800][28.862s] GC(36) Humongous regions: 1->1
[2020-04-16T22:38:13.644+0800][28.862s] GC(36) Metaspace: 39543K(40704K)->39543K(40704K) NonClass: 34790K(35584K)->34790K(35584K) Class: 4752K(5120K)->4752K(5120K)
[2020-04-16T22:38:13.644+0800][28.862s] GC(36) Pause Young (Normal) (G1 Evacuation Pause) 448M->320M(512M) 1.523ms
[2020-04-16T22:38:13.644+0800][28.862s] GC(36) User=0.00s Sys=0.00s Real=0.00s
[2020-04-16T22:38:13.774+0800][28.992s] GC(37) Pause Young (Normal) (G1 Evacuation Pause)
[2020-04-16T22:38:13.774+0800][28.992s] GC(37) Using 4 workers of 4 for evacuation
[2020-04-16T22:38:13.775+0800][28.993s] GC(37)   Pre Evacuate Collection Set: 0.1ms
[2020-04-16T22:38:13.775+0800][28.993s] GC(37)   Merge Heap Roots: 0.0ms
[2020-04-16T22:38:13.775+0800][28.993s] GC(37)   Evacuate Collection Set: 0.3ms
[2020-04-16T22:38:13.775+0800][28.993s] GC(37)   Post Evacuate Collection Set: 0.4ms
[2020-04-16T22:38:13.775+0800][28.993s] GC(37)   Other: 0.2ms
[2020-04-16T22:38:13.775+0800][28.993s] GC(37) Eden regions: 128->0(128)
[2020-04-16T22:38:13.775+0800][28.993s] GC(37) Survivor regions: 0->0(32)
[2020-04-16T22:38:13.775+0800][28.993s] GC(37) Old regions: 319->319
[2020-04-16T22:38:13.775+0800][28.993s] GC(37) Archive regions: 2->2
[2020-04-16T22:38:13.775+0800][28.993s] GC(37) Humongous regions: 1->1
[2020-04-16T22:38:13.775+0800][28.993s] GC(37) Metaspace: 39543K(40704K)->39543K(40704K) NonClass: 34790K(35584K)->34790K(35584K) Class: 4752K(5120K)->4752K(5120K)
[2020-04-16T22:38:13.775+0800][28.993s] GC(37) Pause Young (Normal) (G1 Evacuation Pause) 448M->320M(512M) 1.119ms
[2020-04-16T22:38:13.775+0800][28.993s] GC(37) User=0.00s Sys=0.00s Real=0.00s
[2020-04-16T22:38:13.894+0800][29.112s] GC(38) Pause Young (Normal) (G1 Evacuation Pause)
[2020-04-16T22:38:13.894+0800][29.112s] GC(38) Using 4 workers of 4 for evacuation
[2020-04-16T22:38:13.895+0800][29.113s] GC(38)   Pre Evacuate Collection Set: 0.1ms
[2020-04-16T22:38:13.895+0800][29.113s] GC(38)   Merge Heap Roots: 0.1ms
[2020-04-16T22:38:13.895+0800][29.113s] GC(38)   Evacuate Collection Set: 0.2ms
[2020-04-16T22:38:13.895+0800][29.113s] GC(38)   Post Evacuate Collection Set: 0.4ms
[2020-04-16T22:38:13.895+0800][29.113s] GC(38)   Other: 0.2ms
[2020-04-16T22:38:13.895+0800][29.113s] GC(38) Eden regions: 128->0(128)
[2020-04-16T22:38:13.895+0800][29.113s] GC(38) Survivor regions: 0->0(32)
[2020-04-16T22:38:13.895+0800][29.113s] GC(38) Old regions: 319->319
[2020-04-16T22:38:13.895+0800][29.113s] GC(38) Archive regions: 2->2
[2020-04-16T22:38:13.895+0800][29.113s] GC(38) Humongous regions: 1->1
[2020-04-16T22:38:13.895+0800][29.113s] GC(38) Metaspace: 39543K(40704K)->39543K(40704K) NonClass: 34790K(35584K)->34790K(35584K) Class: 4752K(5120K)->4752K(5120K)
[2020-04-16T22:38:13.895+0800][29.113s] GC(38) Pause Young (Normal) (G1 Evacuation Pause) 448M->320M(512M) 1.185ms
[2020-04-16T22:38:13.895+0800][29.113s] GC(38) User=0.00s Sys=0.00s Real=0.00s
[2020-04-16T22:38:14.018+0800][29.236s] GC(39) Pause Young (Normal) (G1 Evacuation Pause)
[2020-04-16T22:38:14.018+0800][29.236s] GC(39) Using 4 workers of 4 for evacuation
[2020-04-16T22:38:14.019+0800][29.237s] GC(39)   Pre Evacuate Collection Set: 0.1ms
[2020-04-16T22:38:14.019+0800][29.237s] GC(39)   Merge Heap Roots: 0.1ms
[2020-04-16T22:38:14.019+0800][29.237s] GC(39)   Evacuate Collection Set: 0.3ms
[2020-04-16T22:38:14.019+0800][29.237s] GC(39)   Post Evacuate Collection Set: 0.6ms
[2020-04-16T22:38:14.019+0800][29.237s] GC(39)   Other: 0.3ms
[2020-04-16T22:38:14.019+0800][29.237s] GC(39) Eden regions: 128->0(128)
[2020-04-16T22:38:14.019+0800][29.237s] GC(39) Survivor regions: 0->0(32)
[2020-04-16T22:38:14.019+0800][29.238s] GC(39) Old regions: 319->319
[2020-04-16T22:38:14.019+0800][29.238s] GC(39) Archive regions: 2->2
[2020-04-16T22:38:14.019+0800][29.238s] GC(39) Humongous regions: 1->1
[2020-04-16T22:38:14.019+0800][29.238s] GC(39) Metaspace: 39543K(40704K)->39543K(40704K) NonClass: 34790K(35584K)->34790K(35584K) Class: 4752K(5120K)->4752K(5120K)
[2020-04-16T22:38:14.020+0800][29.238s] GC(39) Pause Young (Normal) (G1 Evacuation Pause) 448M->320M(512M) 1.469ms
[2020-04-16T22:38:14.020+0800][29.238s] GC(39) User=0.00s Sys=0.00s Real=0.01s
[2020-04-16T22:38:14.056+0800][29.274s] GC(31) Concurrent Rebuild Remembered Sets 447.589ms
[2020-04-16T22:38:14.056+0800][29.274s] GC(31) Pause Cleanup
[2020-04-16T22:38:14.056+0800][29.275s] GC(31) Pause Cleanup 354M->354M(512M) 0.511ms
[2020-04-16T22:38:14.057+0800][29.275s] GC(31) User=0.00s Sys=0.00s Real=0.00s
[2020-04-16T22:38:14.057+0800][29.275s] GC(31) Concurrent Cleanup for Next Mark
[2020-04-16T22:38:14.057+0800][29.275s] GC(31) Concurrent Cleanup for Next Mark 0.752ms
[2020-04-16T22:38:14.057+0800][29.276s] GC(31) Concurrent Cycle 1362.207ms
[2020-04-16T22:38:14.166+0800][29.384s] GC(40) Pause Young (Normal) (G1 Evacuation Pause)
[2020-04-16T22:38:14.166+0800][29.384s] GC(40) Using 4 workers of 4 for evacuation
[2020-04-16T22:38:14.168+0800][29.386s] GC(40)   Pre Evacuate Collection Set: 0.1ms
[2020-04-16T22:38:14.168+0800][29.386s] GC(40)   Merge Heap Roots: 0.0ms
[2020-04-16T22:38:14.168+0800][29.386s] GC(40)   Evacuate Collection Set: 1.0ms
[2020-04-16T22:38:14.168+0800][29.386s] GC(40)   Post Evacuate Collection Set: 0.6ms
[2020-04-16T22:38:14.168+0800][29.386s] GC(40)   Other: 0.3ms
[2020-04-16T22:38:14.168+0800][29.387s] GC(40) Eden regions: 128->0(127)
[2020-04-16T22:38:14.168+0800][29.387s] GC(40) Survivor regions: 0->1(32)
[2020-04-16T22:38:14.168+0800][29.387s] GC(40) Old regions: 319->319
[2020-04-16T22:38:14.168+0800][29.387s] GC(40) Archive regions: 2->2
[2020-04-16T22:38:14.168+0800][29.387s] GC(40) Humongous regions: 1->1
[2020-04-16T22:38:14.169+0800][29.387s] GC(40) Metaspace: 39556K(40704K)->39556K(40704K) NonClass: 34803K(35584K)->34803K(35584K) Class: 4752K(5120K)->4752K(5120K)
[2020-04-16T22:38:14.169+0800][29.387s] GC(40) Pause Young (Normal) (G1 Evacuation Pause) 448M->320M(512M) 2.306ms
[2020-04-16T22:38:14.169+0800][29.387s] GC(40) User=0.01s Sys=0.00s Real=0.00s
[2020-04-16T22:38:14.241+0800][29.459s] GC(41) Pause Young (Concurrent Start) (G1 Evacuation Pause)
[2020-04-16T22:38:14.241+0800][29.459s] GC(41) Using 4 workers of 4 for evacuation
[2020-04-16T22:38:14.243+0800][29.461s] GC(41)   Pre Evacuate Collection Set: 0.1ms
[2020-04-16T22:38:14.244+0800][29.462s] GC(41)   Merge Heap Roots: 0.1ms
[2020-04-16T22:38:14.244+0800][29.462s] GC(41)   Evacuate Collection Set: 1.2ms
[2020-04-16T22:38:14.244+0800][29.462s] GC(41)   Post Evacuate Collection Set: 0.7ms
[2020-04-16T22:38:14.244+0800][29.462s] GC(41)   Other: 0.3ms
[2020-04-16T22:38:14.244+0800][29.462s] GC(41) Eden regions: 127->0(127)
[2020-04-16T22:38:14.244+0800][29.462s] GC(41) Survivor regions: 1->1(32)
[2020-04-16T22:38:14.244+0800][29.462s] GC(41) Old regions: 319->319
[2020-04-16T22:38:14.244+0800][29.462s] GC(41) Archive regions: 2->2
[2020-04-16T22:38:14.244+0800][29.462s] GC(41) Humongous regions: 1->1
[2020-04-16T22:38:14.244+0800][29.462s] GC(41) Metaspace: 39556K(40704K)->39556K(40704K) NonClass: 34803K(35584K)->34803K(35584K) Class: 4752K(5120K)->4752K(5120K)
[2020-04-16T22:38:14.244+0800][29.462s] GC(41) Pause Young (Concurrent Start) (G1 Evacuation Pause) 447M->320M(512M) 2.848ms
[2020-04-16T22:38:14.244+0800][29.462s] GC(41) User=0.01s Sys=0.00s Real=0.00s
[2020-04-16T22:38:14.244+0800][29.462s] GC(42) Concurrent Cycle
[2020-04-16T22:38:14.244+0800][29.462s] GC(42) Concurrent Clear Claimed Marks
[2020-04-16T22:38:14.244+0800][29.462s] GC(42) Concurrent Clear Claimed Marks 0.122ms
[2020-04-16T22:38:14.244+0800][29.462s] GC(42) Concurrent Scan Root Regions
[2020-04-16T22:38:14.245+0800][29.463s] GC(42) Concurrent Scan Root Regions 0.925ms
[2020-04-16T22:38:14.245+0800][29.463s] GC(42) Concurrent Mark (29.463s)
[2020-04-16T22:38:14.245+0800][29.463s] GC(42) Concurrent Mark From Roots
[2020-04-16T22:38:14.245+0800][29.463s] GC(42) Using 4 workers of 4 for marking
[2020-04-16T22:38:14.554+0800][29.772s] GC(43) Pause Young (Normal) (G1 Evacuation Pause)
[2020-04-16T22:38:14.554+0800][29.772s] GC(43) Using 4 workers of 4 for evacuation
[2020-04-16T22:38:14.557+0800][29.775s] GC(43)   Pre Evacuate Collection Set: 0.2ms
[2020-04-16T22:38:14.557+0800][29.776s] GC(43)   Merge Heap Roots: 0.2ms
[2020-04-16T22:38:14.557+0800][29.776s] GC(43)   Evacuate Collection Set: 1.8ms
[2020-04-16T22:38:14.557+0800][29.776s] GC(43)   Post Evacuate Collection Set: 0.7ms
[2020-04-16T22:38:14.558+0800][29.776s] GC(43)   Other: 0.4ms
[2020-04-16T22:38:14.558+0800][29.776s] GC(43) Eden regions: 127->0(127)
[2020-04-16T22:38:14.558+0800][29.776s] GC(43) Survivor regions: 1->1(32)
[2020-04-16T22:38:14.558+0800][29.776s] GC(43) Old regions: 319->319
[2020-04-16T22:38:14.558+0800][29.776s] GC(43) Archive regions: 2->2
[2020-04-16T22:38:14.558+0800][29.776s] GC(43) Humongous regions: 1->1
[2020-04-16T22:38:14.558+0800][29.776s] GC(43) Metaspace: 39556K(40704K)->39556K(40704K) NonClass: 34803K(35584K)->34803K(35584K) Class: 4752K(5120K)->4752K(5120K)
[2020-04-16T22:38:14.558+0800][29.776s] GC(43) Pause Young (Normal) (G1 Evacuation Pause) 447M->320M(512M) 3.458ms
[2020-04-16T22:38:14.558+0800][29.776s] GC(43) User=0.01s Sys=0.00s Real=0.00s
[2020-04-16T22:38:14.818+0800][30.036s] GC(44) Pause Young (Normal) (G1 Evacuation Pause)
[2020-04-16T22:38:14.818+0800][30.036s] GC(44) Using 4 workers of 4 for evacuation
[2020-04-16T22:38:14.820+0800][30.038s] GC(44)   Pre Evacuate Collection Set: 0.1ms
[2020-04-16T22:38:14.820+0800][30.038s] GC(44)   Merge Heap Roots: 0.1ms
[2020-04-16T22:38:14.820+0800][30.038s] GC(44)   Evacuate Collection Set: 0.6ms
[2020-04-16T22:38:14.820+0800][30.038s] GC(44)   Post Evacuate Collection Set: 0.5ms
[2020-04-16T22:38:14.820+0800][30.038s] GC(44)   Other: 0.3ms
[2020-04-16T22:38:14.820+0800][30.038s] GC(44) Eden regions: 127->0(127)
[2020-04-16T22:38:14.820+0800][30.038s] GC(44) Survivor regions: 1->1(32)
[2020-04-16T22:38:14.820+0800][30.038s] GC(44) Old regions: 319->319
[2020-04-16T22:38:14.820+0800][30.038s] GC(44) Archive regions: 2->2
[2020-04-16T22:38:14.820+0800][30.038s] GC(44) Humongous regions: 1->1
[2020-04-16T22:38:14.820+0800][30.038s] GC(44) Metaspace: 39556K(40704K)->39556K(40704K) NonClass: 34803K(35584K)->34803K(35584K) Class: 4752K(5120K)->4752K(5120K)
[2020-04-16T22:38:14.820+0800][30.038s] GC(44) Pause Young (Normal) (G1 Evacuation Pause) 447M->320M(512M) 1.864ms
[2020-04-16T22:38:14.820+0800][30.038s] GC(44) User=0.00s Sys=0.00s Real=0.01s
[2020-04-16T22:38:15.000+0800][30.218s] GC(45) Pause Young (Normal) (G1 Evacuation Pause)
[2020-04-16T22:38:15.000+0800][30.218s] GC(45) Using 4 workers of 4 for evacuation
[2020-04-16T22:38:15.001+0800][30.219s] GC(45)   Pre Evacuate Collection Set: 0.2ms
[2020-04-16T22:38:15.001+0800][30.220s] GC(45)   Merge Heap Roots: 0.1ms
[2020-04-16T22:38:15.001+0800][30.220s] GC(45)   Evacuate Collection Set: 0.9ms
[2020-04-16T22:38:15.001+0800][30.220s] GC(45)   Post Evacuate Collection Set: 0.5ms
[2020-04-16T22:38:15.002+0800][30.220s] GC(45)   Other: 0.3ms
[2020-04-16T22:38:15.002+0800][30.220s] GC(45) Eden regions: 127->0(127)
[2020-04-16T22:38:15.002+0800][30.220s] GC(45) Survivor regions: 1->1(32)
[2020-04-16T22:38:15.002+0800][30.220s] GC(45) Old regions: 319->319
[2020-04-16T22:38:15.002+0800][30.220s] GC(45) Archive regions: 2->2
[2020-04-16T22:38:15.002+0800][30.220s] GC(45) Humongous regions: 1->1
[2020-04-16T22:38:15.002+0800][30.220s] GC(45) Metaspace: 39556K(40704K)->39556K(40704K) NonClass: 34803K(35584K)->34803K(35584K) Class: 4752K(5120K)->4752K(5120K)
[2020-04-16T22:38:15.002+0800][30.220s] GC(45) Pause Young (Normal) (G1 Evacuation Pause) 447M->320M(512M) 2.326ms
[2020-04-16T22:38:15.002+0800][30.220s] GC(45) User=0.00s Sys=0.00s Real=0.00s
[2020-04-16T22:38:15.148+0800][30.366s] GC(46) Pause Young (Normal) (G1 Evacuation Pause)
[2020-04-16T22:38:15.148+0800][30.367s] GC(46) Using 4 workers of 4 for evacuation
[2020-04-16T22:38:15.150+0800][30.368s] GC(46)   Pre Evacuate Collection Set: 0.1ms
[2020-04-16T22:38:15.150+0800][30.368s] GC(46)   Merge Heap Roots: 0.0ms
[2020-04-16T22:38:15.150+0800][30.368s] GC(46)   Evacuate Collection Set: 0.8ms
[2020-04-16T22:38:15.150+0800][30.368s] GC(46)   Post Evacuate Collection Set: 0.6ms
[2020-04-16T22:38:15.150+0800][30.368s] GC(46)   Other: 0.2ms
[2020-04-16T22:38:15.150+0800][30.368s] GC(46) Eden regions: 127->0(127)
[2020-04-16T22:38:15.150+0800][30.368s] GC(46) Survivor regions: 1->1(32)
[2020-04-16T22:38:15.150+0800][30.368s] GC(46) Old regions: 319->319
[2020-04-16T22:38:15.150+0800][30.368s] GC(46) Archive regions: 2->2
[2020-04-16T22:38:15.150+0800][30.368s] GC(46) Humongous regions: 1->1
[2020-04-16T22:38:15.150+0800][30.368s] GC(46) Metaspace: 39556K(40704K)->39556K(40704K) NonClass: 34803K(35584K)->34803K(35584K) Class: 4752K(5120K)->4752K(5120K)
[2020-04-16T22:38:15.150+0800][30.368s] GC(46) Pause Young (Normal) (G1 Evacuation Pause) 447M->320M(512M) 1.994ms
[2020-04-16T22:38:15.150+0800][30.369s] GC(46) User=0.01s Sys=0.00s Real=0.01s
[2020-04-16T22:38:15.312+0800][30.530s] GC(47) Pause Young (Normal) (G1 Evacuation Pause)
[2020-04-16T22:38:15.312+0800][30.530s] GC(47) Using 4 workers of 4 for evacuation
[2020-04-16T22:38:15.314+0800][30.532s] GC(47)   Pre Evacuate Collection Set: 0.1ms
[2020-04-16T22:38:15.314+0800][30.532s] GC(47)   Merge Heap Roots: 0.1ms
[2020-04-16T22:38:15.314+0800][30.532s] GC(47)   Evacuate Collection Set: 0.6ms
[2020-04-16T22:38:15.314+0800][30.532s] GC(47)   Post Evacuate Collection Set: 0.6ms
[2020-04-16T22:38:15.314+0800][30.532s] GC(47)   Other: 0.2ms
[2020-04-16T22:38:15.314+0800][30.532s] GC(47) Eden regions: 127->0(127)
[2020-04-16T22:38:15.314+0800][30.532s] GC(47) Survivor regions: 1->1(32)
[2020-04-16T22:38:15.314+0800][30.532s] GC(47) Old regions: 319->319
[2020-04-16T22:38:15.314+0800][30.532s] GC(47) Archive regions: 2->2
[2020-04-16T22:38:15.314+0800][30.532s] GC(47) Humongous regions: 1->1
[2020-04-16T22:38:15.314+0800][30.532s] GC(47) Metaspace: 39556K(40704K)->39556K(40704K) NonClass: 34803K(35584K)->34803K(35584K) Class: 4752K(5120K)->4752K(5120K)
[2020-04-16T22:38:15.314+0800][30.532s] GC(47) Pause Young (Normal) (G1 Evacuation Pause) 447M->320M(512M) 1.762ms
[2020-04-16T22:38:15.314+0800][30.532s] GC(47) User=0.01s Sys=0.00s Real=0.00s
[2020-04-16T22:38:15.382+0800][30.600s] GC(42) Concurrent Mark From Roots 1136.624ms
[2020-04-16T22:38:15.382+0800][30.600s] GC(42) Concurrent Preclean
[2020-04-16T22:38:15.382+0800][30.600s] GC(42) Concurrent Preclean 0.150ms
[2020-04-16T22:38:15.382+0800][30.600s] GC(42) Concurrent Mark (29.463s, 30.600s) 1136.895ms
[2020-04-16T22:38:15.382+0800][30.600s] GC(42) Pause Remark
[2020-04-16T22:38:15.389+0800][30.607s] GC(42) Pause Remark 379M->379M(512M) 6.400ms
[2020-04-16T22:38:15.389+0800][30.607s] GC(42) User=0.02s Sys=0.00s Real=0.00s
[2020-04-16T22:38:15.389+0800][30.607s] GC(42) Concurrent Rebuild Remembered Sets
[2020-04-16T22:38:15.479+0800][30.697s] GC(48) Pause Young (Normal) (G1 Evacuation Pause)
[2020-04-16T22:38:15.479+0800][30.697s] GC(48) Using 4 workers of 4 for evacuation
[2020-04-16T22:38:15.481+0800][30.699s] GC(48)   Pre Evacuate Collection Set: 0.1ms
[2020-04-16T22:38:15.481+0800][30.699s] GC(48)   Merge Heap Roots: 0.1ms
[2020-04-16T22:38:15.481+0800][30.699s] GC(48)   Evacuate Collection Set: 0.6ms
[2020-04-16T22:38:15.481+0800][30.699s] GC(48)   Post Evacuate Collection Set: 0.4ms
[2020-04-16T22:38:15.481+0800][30.699s] GC(48)   Other: 0.2ms
[2020-04-16T22:38:15.481+0800][30.699s] GC(48) Eden regions: 127->0(127)
[2020-04-16T22:38:15.481+0800][30.699s] GC(48) Survivor regions: 1->1(32)
[2020-04-16T22:38:15.481+0800][30.699s] GC(48) Old regions: 319->319
[2020-04-16T22:38:15.481+0800][30.699s] GC(48) Archive regions: 2->2
[2020-04-16T22:38:15.481+0800][30.699s] GC(48) Humongous regions: 1->1
[2020-04-16T22:38:15.481+0800][30.699s] GC(48) Metaspace: 39556K(40704K)->39556K(40704K) NonClass: 34803K(35584K)->34803K(35584K) Class: 4752K(5120K)->4752K(5120K)
[2020-04-16T22:38:15.481+0800][30.699s] GC(48) Pause Young (Normal) (G1 Evacuation Pause) 447M->320M(512M) 1.651ms
[2020-04-16T22:38:15.481+0800][30.699s] GC(48) User=0.00s Sys=0.00s Real=0.01s
[2020-04-16T22:38:15.669+0800][30.888s] GC(49) Pause Young (Normal) (G1 Evacuation Pause)
[2020-04-16T22:38:15.670+0800][30.888s] GC(49) Using 4 workers of 4 for evacuation
[2020-04-16T22:38:15.671+0800][30.889s] GC(49)   Pre Evacuate Collection Set: 0.1ms
[2020-04-16T22:38:15.671+0800][30.889s] GC(49)   Merge Heap Roots: 0.1ms
[2020-04-16T22:38:15.671+0800][30.889s] GC(49)   Evacuate Collection Set: 1.0ms
[2020-04-16T22:38:15.671+0800][30.890s] GC(49)   Post Evacuate Collection Set: 0.5ms
[2020-04-16T22:38:15.672+0800][30.890s] GC(49)   Other: 0.2ms
[2020-04-16T22:38:15.672+0800][30.890s] GC(49) Eden regions: 127->0(128)
[2020-04-16T22:38:15.672+0800][30.890s] GC(49) Survivor regions: 1->0(32)
[2020-04-16T22:38:15.672+0800][30.890s] GC(49) Old regions: 319->320
[2020-04-16T22:38:15.672+0800][30.890s] GC(49) Archive regions: 2->2
[2020-04-16T22:38:15.672+0800][30.890s] GC(49) Humongous regions: 1->1
[2020-04-16T22:38:15.672+0800][30.890s] GC(49) Metaspace: 39556K(40704K)->39556K(40704K) NonClass: 34803K(35584K)->34803K(35584K) Class: 4752K(5120K)->4752K(5120K)
[2020-04-16T22:38:15.672+0800][30.890s] GC(49) Pause Young (Normal) (G1 Evacuation Pause) 447M->320M(512M) 2.222ms
[2020-04-16T22:38:15.672+0800][30.890s] GC(49) User=0.00s Sys=0.00s Real=0.01s
[2020-04-16T22:38:15.792+0800][31.010s] GC(50) Pause Young (Normal) (G1 Evacuation Pause)
[2020-04-16T22:38:15.792+0800][31.010s] GC(50) Using 4 workers of 4 for evacuation
[2020-04-16T22:38:15.793+0800][31.011s] GC(50)   Pre Evacuate Collection Set: 0.1ms
[2020-04-16T22:38:15.793+0800][31.011s] GC(50)   Merge Heap Roots: 0.1ms
[2020-04-16T22:38:15.793+0800][31.011s] GC(50)   Evacuate Collection Set: 0.4ms
[2020-04-16T22:38:15.793+0800][31.011s] GC(50)   Post Evacuate Collection Set: 0.5ms
[2020-04-16T22:38:15.793+0800][31.011s] GC(50)   Other: 0.2ms
[2020-04-16T22:38:15.793+0800][31.011s] GC(50) Eden regions: 128->0(128)
[2020-04-16T22:38:15.793+0800][31.011s] GC(50) Survivor regions: 0->0(32)
[2020-04-16T22:38:15.793+0800][31.011s] GC(50) Old regions: 320->320
[2020-04-16T22:38:15.793+0800][31.011s] GC(50) Archive regions: 2->2
[2020-04-16T22:38:15.793+0800][31.011s] GC(50) Humongous regions: 1->1
[2020-04-16T22:38:15.793+0800][31.011s] GC(50) Metaspace: 39556K(40704K)->39556K(40704K) NonClass: 34803K(35584K)->34803K(35584K) Class: 4752K(5120K)->4752K(5120K)
[2020-04-16T22:38:15.793+0800][31.011s] GC(50) Pause Young (Normal) (G1 Evacuation Pause) 448M->320M(512M) 1.614ms
[2020-04-16T22:38:15.793+0800][31.011s] GC(50) User=0.00s Sys=0.00s Real=0.00s
[2020-04-16T22:38:15.893+0800][31.111s] GC(42) Concurrent Rebuild Remembered Sets 504.008ms
[2020-04-16T22:38:15.893+0800][31.111s] GC(42) Pause Cleanup
[2020-04-16T22:38:15.894+0800][31.112s] GC(42) Pause Cleanup 427M->427M(512M) 0.422ms
[2020-04-16T22:38:15.894+0800][31.112s] GC(42) User=0.00s Sys=0.00s Real=0.00s
[2020-04-16T22:38:15.894+0800][31.112s] GC(42) Concurrent Cleanup for Next Mark
[2020-04-16T22:38:15.895+0800][31.113s] GC(42) Concurrent Cleanup for Next Mark 0.713ms
[2020-04-16T22:38:15.895+0800][31.113s] GC(42) Concurrent Cycle 1650.753ms
[2020-04-16T22:38:15.904+0800][31.122s] GC(51) Pause Young (Normal) (G1 Evacuation Pause)
[2020-04-16T22:38:15.904+0800][31.122s] GC(51) Using 4 workers of 4 for evacuation
[2020-04-16T22:38:15.905+0800][31.123s] GC(51)   Pre Evacuate Collection Set: 0.1ms
[2020-04-16T22:38:15.905+0800][31.123s] GC(51)   Merge Heap Roots: 0.1ms
[2020-04-16T22:38:15.905+0800][31.123s] GC(51)   Evacuate Collection Set: 0.4ms
[2020-04-16T22:38:15.905+0800][31.123s] GC(51)   Post Evacuate Collection Set: 0.4ms
[2020-04-16T22:38:15.905+0800][31.123s] GC(51)   Other: 0.2ms
[2020-04-16T22:38:15.905+0800][31.123s] GC(51) Eden regions: 128->0(128)
[2020-04-16T22:38:15.905+0800][31.123s] GC(51) Survivor regions: 0->0(32)
[2020-04-16T22:38:15.905+0800][31.123s] GC(51) Old regions: 320->320
[2020-04-16T22:38:15.905+0800][31.123s] GC(51) Archive regions: 2->2
[2020-04-16T22:38:15.905+0800][31.123s] GC(51) Humongous regions: 1->1
[2020-04-16T22:38:15.905+0800][31.123s] GC(51) Metaspace: 39556K(40704K)->39556K(40704K) NonClass: 34803K(35584K)->34803K(35584K) Class: 4752K(5120K)->4752K(5120K)
[2020-04-16T22:38:15.905+0800][31.123s] GC(51) Pause Young (Normal) (G1 Evacuation Pause) 448M->320M(512M) 1.476ms
[2020-04-16T22:38:15.905+0800][31.123s] GC(51) User=0.00s Sys=0.00s Real=0.00s
[2020-04-16T22:38:15.958+0800][31.176s] GC(52) Pause Young (Concurrent Start) (G1 Evacuation Pause)
[2020-04-16T22:38:15.958+0800][31.176s] GC(52) Using 4 workers of 4 for evacuation
[2020-04-16T22:38:15.959+0800][31.177s] GC(52)   Pre Evacuate Collection Set: 0.1ms
[2020-04-16T22:38:15.959+0800][31.177s] GC(52)   Merge Heap Roots: 0.0ms
[2020-04-16T22:38:15.959+0800][31.177s] GC(52)   Evacuate Collection Set: 0.8ms
[2020-04-16T22:38:15.959+0800][31.177s] GC(52)   Post Evacuate Collection Set: 0.4ms
[2020-04-16T22:38:15.959+0800][31.177s] GC(52)   Other: 0.2ms
[2020-04-16T22:38:15.959+0800][31.177s] GC(52) Eden regions: 128->0(128)
[2020-04-16T22:38:15.959+0800][31.177s] GC(52) Survivor regions: 0->0(32)
[2020-04-16T22:38:15.959+0800][31.177s] GC(52) Old regions: 320->320
[2020-04-16T22:38:15.959+0800][31.177s] GC(52) Archive regions: 2->2
[2020-04-16T22:38:15.959+0800][31.177s] GC(52) Humongous regions: 1->1
[2020-04-16T22:38:15.959+0800][31.177s] GC(52) Metaspace: 39556K(40704K)->39556K(40704K) NonClass: 34803K(35584K)->34803K(35584K) Class: 4752K(5120K)->4752K(5120K)
[2020-04-16T22:38:15.959+0800][31.177s] GC(52) Pause Young (Concurrent Start) (G1 Evacuation Pause) 448M->320M(512M) 1.675ms
[2020-04-16T22:38:15.959+0800][31.177s] GC(52) User=0.00s Sys=0.00s Real=0.00s
[2020-04-16T22:38:15.959+0800][31.177s] GC(53) Concurrent Cycle
[2020-04-16T22:38:15.959+0800][31.177s] GC(53) Concurrent Clear Claimed Marks
[2020-04-16T22:38:15.959+0800][31.177s] GC(53) Concurrent Clear Claimed Marks 0.052ms
[2020-04-16T22:38:15.959+0800][31.177s] GC(53) Concurrent Scan Root Regions
[2020-04-16T22:38:15.959+0800][31.177s] GC(53) Concurrent Scan Root Regions 0.018ms
[2020-04-16T22:38:15.959+0800][31.177s] GC(53) Concurrent Mark (31.177s)
[2020-04-16T22:38:15.959+0800][31.177s] GC(53) Concurrent Mark From Roots
[2020-04-16T22:38:15.959+0800][31.177s] GC(53) Using 4 workers of 4 for marking
[2020-04-16T22:38:16.224+0800][31.442s] GC(54) Pause Young (Normal) (G1 Evacuation Pause)
[2020-04-16T22:38:16.224+0800][31.442s] GC(54) Using 4 workers of 4 for evacuation
[2020-04-16T22:38:16.225+0800][31.443s] GC(54)   Pre Evacuate Collection Set: 0.1ms
[2020-04-16T22:38:16.225+0800][31.443s] GC(54)   Merge Heap Roots: 0.1ms
[2020-04-16T22:38:16.225+0800][31.443s] GC(54)   Evacuate Collection Set: 0.6ms
[2020-04-16T22:38:16.225+0800][31.443s] GC(54)   Post Evacuate Collection Set: 0.4ms
[2020-04-16T22:38:16.225+0800][31.443s] GC(54)   Other: 0.2ms
[2020-04-16T22:38:16.225+0800][31.443s] GC(54) Eden regions: 128->0(128)
[2020-04-16T22:38:16.225+0800][31.443s] GC(54) Survivor regions: 0->0(32)
[2020-04-16T22:38:16.225+0800][31.444s] GC(54) Old regions: 320->320
[2020-04-16T22:38:16.225+0800][31.444s] GC(54) Archive regions: 2->2
[2020-04-16T22:38:16.225+0800][31.444s] GC(54) Humongous regions: 1->1
[2020-04-16T22:38:16.226+0800][31.444s] GC(54) Metaspace: 39556K(40704K)->39556K(40704K) NonClass: 34803K(35584K)->34803K(35584K) Class: 4752K(5120K)->4752K(5120K)
[2020-04-16T22:38:16.226+0800][31.444s] GC(54) Pause Young (Normal) (G1 Evacuation Pause) 448M->320M(512M) 1.503ms
[2020-04-16T22:38:16.226+0800][31.444s] GC(54) User=0.00s Sys=0.00s Real=0.00s
[2020-04-16T22:38:16.349+0800][31.567s] GC(55) Pause Young (Normal) (G1 Evacuation Pause)
[2020-04-16T22:38:16.349+0800][31.567s] GC(55) Using 4 workers of 4 for evacuation
[2020-04-16T22:38:16.350+0800][31.568s] GC(55)   Pre Evacuate Collection Set: 0.1ms
[2020-04-16T22:38:16.350+0800][31.568s] GC(55)   Merge Heap Roots: 0.0ms
[2020-04-16T22:38:16.350+0800][31.568s] GC(55)   Evacuate Collection Set: 0.2ms
[2020-04-16T22:38:16.350+0800][31.568s] GC(55)   Post Evacuate Collection Set: 0.7ms
[2020-04-16T22:38:16.350+0800][31.568s] GC(55)   Other: 0.3ms
[2020-04-16T22:38:16.350+0800][31.568s] GC(55) Eden regions: 128->0(128)
[2020-04-16T22:38:16.350+0800][31.568s] GC(55) Survivor regions: 0->0(32)
[2020-04-16T22:38:16.350+0800][31.568s] GC(55) Old regions: 320->320
[2020-04-16T22:38:16.350+0800][31.568s] GC(55) Archive regions: 2->2
[2020-04-16T22:38:16.350+0800][31.568s] GC(55) Humongous regions: 1->1
[2020-04-16T22:38:16.350+0800][31.568s] GC(55) Metaspace: 39556K(40704K)->39556K(40704K) NonClass: 34803K(35584K)->34803K(35584K) Class: 4752K(5120K)->4752K(5120K)
[2020-04-16T22:38:16.350+0800][31.568s] GC(55) Pause Young (Normal) (G1 Evacuation Pause) 448M->320M(512M) 1.509ms
[2020-04-16T22:38:16.350+0800][31.569s] GC(55) User=0.00s Sys=0.00s Real=0.01s
[2020-04-16T22:38:16.494+0800][31.712s] GC(56) Pause Young (Normal) (G1 Evacuation Pause)
[2020-04-16T22:38:16.494+0800][31.712s] GC(56) Using 4 workers of 4 for evacuation
[2020-04-16T22:38:16.495+0800][31.713s] GC(56)   Pre Evacuate Collection Set: 0.1ms
[2020-04-16T22:38:16.495+0800][31.713s] GC(56)   Merge Heap Roots: 0.0ms
[2020-04-16T22:38:16.495+0800][31.713s] GC(56)   Evacuate Collection Set: 0.2ms
[2020-04-16T22:38:16.495+0800][31.713s] GC(56)   Post Evacuate Collection Set: 0.4ms
[2020-04-16T22:38:16.495+0800][31.713s] GC(56)   Other: 0.2ms
[2020-04-16T22:38:16.495+0800][31.713s] GC(56) Eden regions: 128->0(128)
[2020-04-16T22:38:16.495+0800][31.713s] GC(56) Survivor regions: 0->0(32)
[2020-04-16T22:38:16.495+0800][31.713s] GC(56) Old regions: 320->320
[2020-04-16T22:38:16.495+0800][31.713s] GC(56) Archive regions: 2->2
[2020-04-16T22:38:16.495+0800][31.713s] GC(56) Humongous regions: 1->1
[2020-04-16T22:38:16.495+0800][31.713s] GC(56) Metaspace: 39556K(40704K)->39556K(40704K) NonClass: 34803K(35584K)->34803K(35584K) Class: 4752K(5120K)->4752K(5120K)
[2020-04-16T22:38:16.495+0800][31.713s] GC(56) Pause Young (Normal) (G1 Evacuation Pause) 448M->320M(512M) 1.115ms
[2020-04-16T22:38:16.495+0800][31.713s] GC(56) User=0.00s Sys=0.00s Real=0.00s
[2020-04-16T22:38:16.620+0800][31.838s] GC(57) Pause Young (Normal) (G1 Evacuation Pause)
[2020-04-16T22:38:16.620+0800][31.838s] GC(57) Using 4 workers of 4 for evacuation
[2020-04-16T22:38:16.621+0800][31.839s] GC(57)   Pre Evacuate Collection Set: 0.1ms
[2020-04-16T22:38:16.621+0800][31.839s] GC(57)   Merge Heap Roots: 0.0ms
[2020-04-16T22:38:16.621+0800][31.839s] GC(57)   Evacuate Collection Set: 0.3ms
[2020-04-16T22:38:16.621+0800][31.839s] GC(57)   Post Evacuate Collection Set: 0.4ms
[2020-04-16T22:38:16.621+0800][31.839s] GC(57)   Other: 0.2ms
[2020-04-16T22:38:16.621+0800][31.839s] GC(57) Eden regions: 128->0(128)
[2020-04-16T22:38:16.621+0800][31.839s] GC(57) Survivor regions: 0->0(32)
[2020-04-16T22:38:16.621+0800][31.839s] GC(57) Old regions: 320->320
[2020-04-16T22:38:16.621+0800][31.839s] GC(57) Archive regions: 2->2
[2020-04-16T22:38:16.621+0800][31.840s] GC(57) Humongous regions: 1->1
[2020-04-16T22:38:16.622+0800][31.840s] GC(57) Metaspace: 39556K(40704K)->39556K(40704K) NonClass: 34803K(35584K)->34803K(35584K) Class: 4752K(5120K)->4752K(5120K)
[2020-04-16T22:38:16.622+0800][31.840s] GC(57) Pause Young (Normal) (G1 Evacuation Pause) 448M->320M(512M) 1.320ms
[2020-04-16T22:38:16.622+0800][31.840s] GC(57) User=0.00s Sys=0.01s Real=0.00s
[2020-04-16T22:38:16.773+0800][31.991s] GC(58) Pause Young (Normal) (G1 Evacuation Pause)
[2020-04-16T22:38:16.773+0800][31.991s] GC(58) Using 4 workers of 4 for evacuation
[2020-04-16T22:38:16.774+0800][31.992s] GC(58)   Pre Evacuate Collection Set: 0.1ms
[2020-04-16T22:38:16.774+0800][31.992s] GC(58)   Merge Heap Roots: 0.0ms
[2020-04-16T22:38:16.774+0800][31.992s] GC(58)   Evacuate Collection Set: 0.2ms
[2020-04-16T22:38:16.774+0800][31.992s] GC(58)   Post Evacuate Collection Set: 0.4ms
[2020-04-16T22:38:16.774+0800][31.992s] GC(58)   Other: 0.2ms
[2020-04-16T22:38:16.774+0800][31.992s] GC(58) Eden regions: 128->0(128)
[2020-04-16T22:38:16.774+0800][31.992s] GC(58) Survivor regions: 0->0(32)
[2020-04-16T22:38:16.774+0800][31.992s] GC(58) Old regions: 320->320
[2020-04-16T22:38:16.774+0800][31.992s] GC(58) Archive regions: 2->2
[2020-04-16T22:38:16.774+0800][31.992s] GC(58) Humongous regions: 1->1
[2020-04-16T22:38:16.774+0800][31.992s] GC(58) Metaspace: 39556K(40704K)->39556K(40704K) NonClass: 34803K(35584K)->34803K(35584K) Class: 4752K(5120K)->4752K(5120K)
[2020-04-16T22:38:16.774+0800][31.992s] GC(58) Pause Young (Normal) (G1 Evacuation Pause) 448M->320M(512M) 1.096ms
[2020-04-16T22:38:16.774+0800][31.992s] GC(58) User=0.01s Sys=0.00s Real=0.00s
[2020-04-16T22:38:16.789+0800][32.007s] GC(53) Concurrent Mark From Roots 829.767ms
[2020-04-16T22:38:16.789+0800][32.007s] GC(53) Concurrent Preclean
[2020-04-16T22:38:16.790+0800][32.008s] GC(53) Concurrent Preclean 0.223ms
[2020-04-16T22:38:16.790+0800][32.008s] GC(53) Concurrent Mark (31.177s, 32.008s) 830.201ms
[2020-04-16T22:38:16.790+0800][32.008s] GC(53) Pause Remark
[2020-04-16T22:38:16.794+0800][32.012s] GC(53) Pause Remark 341M->341M(512M) 4.311ms
[2020-04-16T22:38:16.794+0800][32.012s] GC(53) User=0.02s Sys=0.00s Real=0.00s
[2020-04-16T22:38:16.794+0800][32.012s] GC(53) Concurrent Rebuild Remembered Sets
[2020-04-16T22:38:16.892+0800][32.110s] GC(59) Pause Young (Normal) (G1 Evacuation Pause)
[2020-04-16T22:38:16.892+0800][32.110s] GC(59) Using 4 workers of 4 for evacuation
[2020-04-16T22:38:16.893+0800][32.111s] GC(59)   Pre Evacuate Collection Set: 0.1ms
[2020-04-16T22:38:16.893+0800][32.111s] GC(59)   Merge Heap Roots: 0.1ms
[2020-04-16T22:38:16.893+0800][32.111s] GC(59)   Evacuate Collection Set: 0.3ms
[2020-04-16T22:38:16.893+0800][32.111s] GC(59)   Post Evacuate Collection Set: 0.5ms
[2020-04-16T22:38:16.893+0800][32.111s] GC(59)   Other: 0.2ms
[2020-04-16T22:38:16.893+0800][32.111s] GC(59) Eden regions: 128->0(128)
[2020-04-16T22:38:16.893+0800][32.111s] GC(59) Survivor regions: 0->0(32)
[2020-04-16T22:38:16.893+0800][32.111s] GC(59) Old regions: 320->320
[2020-04-16T22:38:16.893+0800][32.111s] GC(59) Archive regions: 2->2
[2020-04-16T22:38:16.893+0800][32.111s] GC(59) Humongous regions: 1->1
[2020-04-16T22:38:16.893+0800][32.111s] GC(59) Metaspace: 39556K(40704K)->39556K(40704K) NonClass: 34803K(35584K)->34803K(35584K) Class: 4752K(5120K)->4752K(5120K)
[2020-04-16T22:38:16.893+0800][32.111s] GC(59) Pause Young (Normal) (G1 Evacuation Pause) 448M->320M(512M) 1.374ms
[2020-04-16T22:38:16.893+0800][32.111s] GC(59) User=0.00s Sys=0.00s Real=0.00s
[2020-04-16T22:38:17.025+0800][32.243s] GC(60) Pause Young (Normal) (G1 Evacuation Pause)
[2020-04-16T22:38:17.025+0800][32.243s] GC(60) Using 4 workers of 4 for evacuation
[2020-04-16T22:38:17.026+0800][32.244s] GC(60)   Pre Evacuate Collection Set: 0.1ms
[2020-04-16T22:38:17.026+0800][32.244s] GC(60)   Merge Heap Roots: 0.1ms
[2020-04-16T22:38:17.026+0800][32.244s] GC(60)   Evacuate Collection Set: 0.3ms
[2020-04-16T22:38:17.026+0800][32.244s] GC(60)   Post Evacuate Collection Set: 0.4ms
[2020-04-16T22:38:17.026+0800][32.244s] GC(60)   Other: 0.2ms
[2020-04-16T22:38:17.026+0800][32.244s] GC(60) Eden regions: 128->0(128)
[2020-04-16T22:38:17.026+0800][32.244s] GC(60) Survivor regions: 0->0(32)
[2020-04-16T22:38:17.026+0800][32.244s] GC(60) Old regions: 320->320
[2020-04-16T22:38:17.026+0800][32.244s] GC(60) Archive regions: 2->2
[2020-04-16T22:38:17.026+0800][32.244s] GC(60) Humongous regions: 1->1
[2020-04-16T22:38:17.026+0800][32.244s] GC(60) Metaspace: 39556K(40704K)->39556K(40704K) NonClass: 34803K(35584K)->34803K(35584K) Class: 4752K(5120K)->4752K(5120K)
[2020-04-16T22:38:17.026+0800][32.244s] GC(60) Pause Young (Normal) (G1 Evacuation Pause) 448M->320M(512M) 1.221ms
[2020-04-16T22:38:17.026+0800][32.244s] GC(60) User=0.01s Sys=0.00s Real=0.00s
[2020-04-16T22:38:17.148+0800][32.366s] GC(61) Pause Young (Normal) (G1 Evacuation Pause)
[2020-04-16T22:38:17.148+0800][32.366s] GC(61) Using 4 workers of 4 for evacuation
[2020-04-16T22:38:17.150+0800][32.368s] GC(61)   Pre Evacuate Collection Set: 0.1ms
[2020-04-16T22:38:17.150+0800][32.368s] GC(61)   Merge Heap Roots: 0.1ms
[2020-04-16T22:38:17.150+0800][32.368s] GC(61)   Evacuate Collection Set: 0.6ms
[2020-04-16T22:38:17.150+0800][32.368s] GC(61)   Post Evacuate Collection Set: 0.8ms
[2020-04-16T22:38:17.150+0800][32.368s] GC(61)   Other: 0.3ms
[2020-04-16T22:38:17.150+0800][32.368s] GC(61) Eden regions: 128->0(128)
[2020-04-16T22:38:17.150+0800][32.368s] GC(61) Survivor regions: 0->0(32)
[2020-04-16T22:38:17.150+0800][32.368s] GC(61) Old regions: 320->320
[2020-04-16T22:38:17.151+0800][32.369s] GC(61) Archive regions: 2->2
[2020-04-16T22:38:17.151+0800][32.369s] GC(61) Humongous regions: 1->1
[2020-04-16T22:38:17.151+0800][32.369s] GC(61) Metaspace: 39556K(40704K)->39556K(40704K) NonClass: 34803K(35584K)->34803K(35584K) Class: 4752K(5120K)->4752K(5120K)
[2020-04-16T22:38:17.151+0800][32.369s] GC(61) Pause Young (Normal) (G1 Evacuation Pause) 448M->320M(512M) 2.711ms
[2020-04-16T22:38:17.151+0800][32.369s] GC(61) User=0.00s Sys=0.00s Real=0.01s
[2020-04-16T22:38:17.227+0800][32.445s] GC(53) Concurrent Rebuild Remembered Sets 432.671ms
[2020-04-16T22:38:17.227+0800][32.445s] GC(53) Pause Cleanup
[2020-04-16T22:38:17.228+0800][32.446s] GC(53) Pause Cleanup 380M->380M(512M) 0.418ms
[2020-04-16T22:38:17.228+0800][32.446s] GC(53) User=0.00s Sys=0.00s Real=0.00s
[2020-04-16T22:38:17.228+0800][32.446s] GC(53) Concurrent Cleanup for Next Mark
[2020-04-16T22:38:17.229+0800][32.447s] GC(53) Concurrent Cleanup for Next Mark 0.715ms
[2020-04-16T22:38:17.229+0800][32.447s] GC(53) Concurrent Cycle 1269.352ms
[2020-04-16T22:38:17.255+0800][32.473s] GC(62) Pause Young (Normal) (G1 Evacuation Pause)
[2020-04-16T22:38:17.255+0800][32.473s] GC(62) Using 4 workers of 4 for evacuation
[2020-04-16T22:38:17.256+0800][32.474s] GC(62)   Pre Evacuate Collection Set: 0.1ms
[2020-04-16T22:38:17.256+0800][32.474s] GC(62)   Merge Heap Roots: 0.0ms
[2020-04-16T22:38:17.256+0800][32.474s] GC(62)   Evacuate Collection Set: 0.2ms
[2020-04-16T22:38:17.256+0800][32.474s] GC(62)   Post Evacuate Collection Set: 0.4ms
[2020-04-16T22:38:17.256+0800][32.474s] GC(62)   Other: 0.2ms
[2020-04-16T22:38:17.256+0800][32.474s] GC(62) Eden regions: 128->0(128)
[2020-04-16T22:38:17.256+0800][32.474s] GC(62) Survivor regions: 0->0(32)
[2020-04-16T22:38:17.256+0800][32.474s] GC(62) Old regions: 320->320
[2020-04-16T22:38:17.256+0800][32.474s] GC(62) Archive regions: 2->2
[2020-04-16T22:38:17.256+0800][32.474s] GC(62) Humongous regions: 1->1
[2020-04-16T22:38:17.256+0800][32.474s] GC(62) Metaspace: 39556K(40704K)->39556K(40704K) NonClass: 34803K(35584K)->34803K(35584K) Class: 4752K(5120K)->4752K(5120K)
[2020-04-16T22:38:17.256+0800][32.474s] GC(62) Pause Young (Normal) (G1 Evacuation Pause) 448M->320M(512M) 1.121ms
[2020-04-16T22:38:17.256+0800][32.474s] GC(62) User=0.00s Sys=0.00s Real=0.00s
[2020-04-16T22:38:17.310+0800][32.528s] GC(63) Pause Young (Concurrent Start) (G1 Evacuation Pause)
[2020-04-16T22:38:17.311+0800][32.529s] GC(63) Using 4 workers of 4 for evacuation
[2020-04-16T22:38:17.312+0800][32.530s] GC(63)   Pre Evacuate Collection Set: 0.1ms
[2020-04-16T22:38:17.312+0800][32.530s] GC(63)   Merge Heap Roots: 0.0ms
[2020-04-16T22:38:17.312+0800][32.530s] GC(63)   Evacuate Collection Set: 0.8ms
[2020-04-16T22:38:17.312+0800][32.530s] GC(63)   Post Evacuate Collection Set: 0.4ms
[2020-04-16T22:38:17.312+0800][32.530s] GC(63)   Other: 0.2ms
[2020-04-16T22:38:17.312+0800][32.530s] GC(63) Eden regions: 128->0(128)
[2020-04-16T22:38:17.312+0800][32.530s] GC(63) Survivor regions: 0->0(32)
[2020-04-16T22:38:17.312+0800][32.530s] GC(63) Old regions: 320->320
[2020-04-16T22:38:17.312+0800][32.530s] GC(63) Archive regions: 2->2
[2020-04-16T22:38:17.312+0800][32.530s] GC(63) Humongous regions: 1->1
[2020-04-16T22:38:17.312+0800][32.530s] GC(63) Metaspace: 39556K(40704K)->39556K(40704K) NonClass: 34803K(35584K)->34803K(35584K) Class: 4752K(5120K)->4752K(5120K)
[2020-04-16T22:38:17.312+0800][32.530s] GC(63) Pause Young (Concurrent Start) (G1 Evacuation Pause) 448M->320M(512M) 1.655ms
[2020-04-16T22:38:17.312+0800][32.530s] GC(63) User=0.00s Sys=0.00s Real=0.00s
[2020-04-16T22:38:17.312+0800][32.530s] GC(64) Concurrent Cycle
[2020-04-16T22:38:17.312+0800][32.530s] GC(64) Concurrent Clear Claimed Marks
[2020-04-16T22:38:17.312+0800][32.530s] GC(64) Concurrent Clear Claimed Marks 0.050ms
[2020-04-16T22:38:17.312+0800][32.530s] GC(64) Concurrent Scan Root Regions
[2020-04-16T22:38:17.312+0800][32.530s] GC(64) Concurrent Scan Root Regions 0.017ms
[2020-04-16T22:38:17.312+0800][32.530s] GC(64) Concurrent Mark (32.530s)
[2020-04-16T22:38:17.312+0800][32.530s] GC(64) Concurrent Mark From Roots
[2020-04-16T22:38:17.312+0800][32.530s] GC(64) Using 4 workers of 4 for marking
[2020-04-16T22:38:17.645+0800][32.863s] GC(65) Pause Young (Normal) (G1 Evacuation Pause)
[2020-04-16T22:38:17.645+0800][32.863s] GC(65) Using 4 workers of 4 for evacuation
[2020-04-16T22:38:17.647+0800][32.865s] GC(65)   Pre Evacuate Collection Set: 0.1ms
[2020-04-16T22:38:17.647+0800][32.865s] GC(65)   Merge Heap Roots: 0.1ms
[2020-04-16T22:38:17.647+0800][32.865s] GC(65)   Evacuate Collection Set: 1.4ms
[2020-04-16T22:38:17.647+0800][32.865s] GC(65)   Post Evacuate Collection Set: 0.5ms
[2020-04-16T22:38:17.647+0800][32.865s] GC(65)   Other: 0.2ms
[2020-04-16T22:38:17.648+0800][32.866s] GC(65) Eden regions: 128->0(127)
[2020-04-16T22:38:17.648+0800][32.866s] GC(65) Survivor regions: 0->1(32)
[2020-04-16T22:38:17.648+0800][32.866s] GC(65) Old regions: 320->320
[2020-04-16T22:38:17.648+0800][32.866s] GC(65) Archive regions: 2->2
[2020-04-16T22:38:17.648+0800][32.866s] GC(65) Humongous regions: 1->1
[2020-04-16T22:38:17.648+0800][32.866s] GC(65) Metaspace: 39603K(40704K)->39603K(40704K) NonClass: 34846K(35584K)->34846K(35584K) Class: 4756K(5120K)->4756K(5120K)
[2020-04-16T22:38:17.648+0800][32.866s] GC(65) Pause Young (Normal) (G1 Evacuation Pause) 448M->320M(512M) 3.046ms
[2020-04-16T22:38:17.648+0800][32.866s] GC(65) User=0.01s Sys=0.00s Real=0.00s
[2020-04-16T22:38:17.830+0800][33.048s] GC(66) Pause Young (Normal) (G1 Evacuation Pause)
[2020-04-16T22:38:17.831+0800][33.049s] GC(66) Using 4 workers of 4 for evacuation
[2020-04-16T22:38:17.833+0800][33.051s] GC(66)   Pre Evacuate Collection Set: 0.1ms
[2020-04-16T22:38:17.833+0800][33.051s] GC(66)   Merge Heap Roots: 0.1ms
[2020-04-16T22:38:17.833+0800][33.051s] GC(66)   Evacuate Collection Set: 1.5ms
[2020-04-16T22:38:17.833+0800][33.051s] GC(66)   Post Evacuate Collection Set: 0.4ms
[2020-04-16T22:38:17.833+0800][33.051s] GC(66)   Other: 0.2ms
[2020-04-16T22:38:17.833+0800][33.051s] GC(66) Eden regions: 127->0(127)
[2020-04-16T22:38:17.833+0800][33.051s] GC(66) Survivor regions: 1->1(32)
[2020-04-16T22:38:17.833+0800][33.051s] GC(66) Old regions: 320->320
[2020-04-16T22:38:17.833+0800][33.051s] GC(66) Archive regions: 2->2
[2020-04-16T22:38:17.833+0800][33.051s] GC(66) Humongous regions: 1->1
[2020-04-16T22:38:17.833+0800][33.051s] GC(66) Metaspace: 39603K(40704K)->39603K(40704K) NonClass: 34846K(35584K)->34846K(35584K) Class: 4756K(5120K)->4756K(5120K)
[2020-04-16T22:38:17.833+0800][33.051s] GC(66) Pause Young (Normal) (G1 Evacuation Pause) 447M->320M(512M) 2.472ms
[2020-04-16T22:38:17.833+0800][33.051s] GC(66) User=0.00s Sys=0.00s Real=0.00s
[2020-04-16T22:38:18.026+0800][33.244s] GC(67) Pause Young (Normal) (G1 Evacuation Pause)
[2020-04-16T22:38:18.026+0800][33.244s] GC(67) Using 4 workers of 4 for evacuation
[2020-04-16T22:38:18.028+0800][33.246s] GC(67)   Pre Evacuate Collection Set: 0.0ms
[2020-04-16T22:38:18.028+0800][33.246s] GC(67)   Merge Heap Roots: 0.1ms
[2020-04-16T22:38:18.028+0800][33.246s] GC(67)   Evacuate Collection Set: 0.8ms
[2020-04-16T22:38:18.028+0800][33.246s] GC(67)   Post Evacuate Collection Set: 0.4ms
[2020-04-16T22:38:18.028+0800][33.246s] GC(67)   Other: 0.2ms
[2020-04-16T22:38:18.028+0800][33.246s] GC(67) Eden regions: 127->0(127)
[2020-04-16T22:38:18.028+0800][33.246s] GC(67) Survivor regions: 1->1(32)
[2020-04-16T22:38:18.028+0800][33.246s] GC(67) Old regions: 320->320
[2020-04-16T22:38:18.028+0800][33.246s] GC(67) Archive regions: 2->2
[2020-04-16T22:38:18.028+0800][33.246s] GC(67) Humongous regions: 1->1
[2020-04-16T22:38:18.028+0800][33.246s] GC(67) Metaspace: 39603K(40704K)->39603K(40704K) NonClass: 34846K(35584K)->34846K(35584K) Class: 4756K(5120K)->4756K(5120K)
[2020-04-16T22:38:18.028+0800][33.246s] GC(67) Pause Young (Normal) (G1 Evacuation Pause) 447M->320M(512M) 1.661ms
[2020-04-16T22:38:18.028+0800][33.246s] GC(67) User=0.00s Sys=0.00s Real=0.00s
[2020-04-16T22:38:18.239+0800][33.457s] GC(68) Pause Young (Normal) (G1 Evacuation Pause)
[2020-04-16T22:38:18.239+0800][33.457s] GC(68) Using 4 workers of 4 for evacuation
[2020-04-16T22:38:18.241+0800][33.459s] GC(68)   Pre Evacuate Collection Set: 0.1ms
[2020-04-16T22:38:18.241+0800][33.459s] GC(68)   Merge Heap Roots: 0.0ms
[2020-04-16T22:38:18.241+0800][33.459s] GC(68)   Evacuate Collection Set: 0.6ms
[2020-04-16T22:38:18.241+0800][33.459s] GC(68)   Post Evacuate Collection Set: 0.6ms
[2020-04-16T22:38:18.241+0800][33.459s] GC(68)   Other: 0.2ms
[2020-04-16T22:38:18.241+0800][33.459s] GC(68) Eden regions: 127->0(127)
[2020-04-16T22:38:18.241+0800][33.459s] GC(68) Survivor regions: 1->1(32)
[2020-04-16T22:38:18.241+0800][33.459s] GC(68) Old regions: 320->320
[2020-04-16T22:38:18.241+0800][33.459s] GC(68) Archive regions: 2->2
[2020-04-16T22:38:18.241+0800][33.459s] GC(68) Humongous regions: 1->1
[2020-04-16T22:38:18.241+0800][33.459s] GC(68) Metaspace: 39603K(40704K)->39603K(40704K) NonClass: 34846K(35584K)->34846K(35584K) Class: 4756K(5120K)->4756K(5120K)
[2020-04-16T22:38:18.241+0800][33.459s] GC(68) Pause Young (Normal) (G1 Evacuation Pause) 447M->321M(512M) 1.814ms
[2020-04-16T22:38:18.241+0800][33.459s] GC(68) User=0.01s Sys=0.00s Real=0.01s
[2020-04-16T22:38:18.356+0800][33.574s] GC(64) Concurrent Mark From Roots 1043.287ms
[2020-04-16T22:38:18.356+0800][33.574s] GC(64) Concurrent Preclean
[2020-04-16T22:38:18.356+0800][33.574s] GC(64) Concurrent Preclean 0.332ms
[2020-04-16T22:38:18.356+0800][33.574s] GC(64) Concurrent Mark (32.530s, 33.574s) 1043.873ms
[2020-04-16T22:38:18.357+0800][33.575s] GC(64) Pause Remark
[2020-04-16T22:38:18.366+0800][33.584s] GC(64) Pause Remark 369M->369M(512M) 8.653ms
[2020-04-16T22:38:18.366+0800][33.584s] GC(64) User=0.02s Sys=0.00s Real=0.01s
[2020-04-16T22:38:18.368+0800][33.586s] GC(64) Concurrent Rebuild Remembered Sets
[2020-04-16T22:38:18.453+0800][33.671s] GC(69) Pause Young (Normal) (G1 Evacuation Pause)
[2020-04-16T22:38:18.453+0800][33.671s] GC(69) Using 4 workers of 4 for evacuation
[2020-04-16T22:38:18.455+0800][33.673s] GC(69)   Pre Evacuate Collection Set: 0.1ms
[2020-04-16T22:38:18.455+0800][33.673s] GC(69)   Merge Heap Roots: 0.1ms
[2020-04-16T22:38:18.455+0800][33.673s] GC(69)   Evacuate Collection Set: 0.8ms
[2020-04-16T22:38:18.455+0800][33.673s] GC(69)   Post Evacuate Collection Set: 0.6ms
[2020-04-16T22:38:18.455+0800][33.673s] GC(69)   Other: 0.2ms
[2020-04-16T22:38:18.455+0800][33.673s] GC(69) Eden regions: 127->0(127)
[2020-04-16T22:38:18.455+0800][33.673s] GC(69) Survivor regions: 1->1(32)
[2020-04-16T22:38:18.455+0800][33.673s] GC(69) Old regions: 320->320
[2020-04-16T22:38:18.455+0800][33.673s] GC(69) Archive regions: 2->2
[2020-04-16T22:38:18.455+0800][33.673s] GC(69) Humongous regions: 1->1
[2020-04-16T22:38:18.455+0800][33.673s] GC(69) Metaspace: 39603K(40704K)->39603K(40704K) NonClass: 34846K(35584K)->34846K(35584K) Class: 4756K(5120K)->4756K(5120K)
[2020-04-16T22:38:18.455+0800][33.673s] GC(69) Pause Young (Normal) (G1 Evacuation Pause) 448M->321M(512M) 2.017ms
[2020-04-16T22:38:18.455+0800][33.673s] GC(69) User=0.01s Sys=0.00s Real=0.00s
[2020-04-16T22:38:18.605+0800][33.823s] GC(70) Pause Young (Normal) (G1 Evacuation Pause)
[2020-04-16T22:38:18.605+0800][33.823s] GC(70) Using 4 workers of 4 for evacuation
[2020-04-16T22:38:18.607+0800][33.825s] GC(70)   Pre Evacuate Collection Set: 0.1ms
[2020-04-16T22:38:18.607+0800][33.825s] GC(70)   Merge Heap Roots: 0.1ms
[2020-04-16T22:38:18.607+0800][33.825s] GC(70)   Evacuate Collection Set: 0.9ms
[2020-04-16T22:38:18.607+0800][33.825s] GC(70)   Post Evacuate Collection Set: 0.5ms
[2020-04-16T22:38:18.607+0800][33.825s] GC(70)   Other: 0.2ms
[2020-04-16T22:38:18.607+0800][33.825s] GC(70) Eden regions: 127->0(127)
[2020-04-16T22:38:18.607+0800][33.825s] GC(70) Survivor regions: 1->1(32)
[2020-04-16T22:38:18.607+0800][33.825s] GC(70) Old regions: 320->320
[2020-04-16T22:38:18.607+0800][33.825s] GC(70) Archive regions: 2->2
[2020-04-16T22:38:18.607+0800][33.825s] GC(70) Humongous regions: 1->1
[2020-04-16T22:38:18.607+0800][33.825s] GC(70) Metaspace: 39603K(40704K)->39603K(40704K) NonClass: 34846K(35584K)->34846K(35584K) Class: 4756K(5120K)->4756K(5120K)
[2020-04-16T22:38:18.607+0800][33.825s] GC(70) Pause Young (Normal) (G1 Evacuation Pause) 448M->321M(512M) 2.002ms
[2020-04-16T22:38:18.607+0800][33.825s] GC(70) User=0.01s Sys=0.00s Real=0.00s
[2020-04-16T22:38:18.929+0800][34.147s] GC(71) Pause Young (Normal) (G1 Evacuation Pause)
[2020-04-16T22:38:18.929+0800][34.147s] GC(71) Using 4 workers of 4 for evacuation
[2020-04-16T22:38:18.930+0800][34.148s] GC(71)   Pre Evacuate Collection Set: 0.1ms
[2020-04-16T22:38:18.931+0800][34.148s] GC(71)   Merge Heap Roots: 0.1ms
[2020-04-16T22:38:18.931+0800][34.148s] GC(71)   Evacuate Collection Set: 0.6ms
[2020-04-16T22:38:18.931+0800][34.149s] GC(71)   Post Evacuate Collection Set: 0.5ms
[2020-04-16T22:38:18.931+0800][34.149s] GC(71)   Other: 0.2ms
[2020-04-16T22:38:18.931+0800][34.149s] GC(71) Eden regions: 127->0(127)
[2020-04-16T22:38:18.931+0800][34.149s] GC(71) Survivor regions: 1->1(32)
[2020-04-16T22:38:18.931+0800][34.149s] GC(71) Old regions: 320->320
[2020-04-16T22:38:18.931+0800][34.149s] GC(71) Archive regions: 2->2
[2020-04-16T22:38:18.931+0800][34.149s] GC(71) Humongous regions: 1->1
[2020-04-16T22:38:18.931+0800][34.149s] GC(71) Metaspace: 39603K(40704K)->39603K(40704K) NonClass: 34846K(35584K)->34846K(35584K) Class: 4756K(5120K)->4756K(5120K)
[2020-04-16T22:38:18.931+0800][34.149s] GC(71) Pause Young (Normal) (G1 Evacuation Pause) 448M->321M(512M) 1.811ms
[2020-04-16T22:38:18.931+0800][34.149s] GC(71) User=0.01s Sys=0.00s Real=0.01s
[2020-04-16T22:38:19.008+0800][34.226s] GC(64) Concurrent Rebuild Remembered Sets 639.815ms
[2020-04-16T22:38:19.009+0800][34.226s] GC(64) Pause Cleanup
[2020-04-16T22:38:19.009+0800][34.227s] GC(64) Pause Cleanup 404M->404M(512M) 0.567ms
[2020-04-16T22:38:19.009+0800][34.227s] GC(64) User=0.00s Sys=0.00s Real=0.00s
[2020-04-16T22:38:19.009+0800][34.227s] GC(64) Concurrent Cleanup for Next Mark
[2020-04-16T22:38:19.011+0800][34.229s] GC(64) Concurrent Cleanup for Next Mark 1.491ms
[2020-04-16T22:38:19.011+0800][34.229s] GC(64) Concurrent Cycle 1698.780ms
[2020-04-16T22:38:19.031+0800][34.249s] GC(72) Pause Young (Normal) (G1 Evacuation Pause)
[2020-04-16T22:38:19.031+0800][34.249s] GC(72) Using 4 workers of 4 for evacuation
[2020-04-16T22:38:19.032+0800][34.250s] GC(72)   Pre Evacuate Collection Set: 0.1ms
[2020-04-16T22:38:19.032+0800][34.250s] GC(72)   Merge Heap Roots: 0.1ms
[2020-04-16T22:38:19.032+0800][34.250s] GC(72)   Evacuate Collection Set: 0.7ms
[2020-04-16T22:38:19.032+0800][34.250s] GC(72)   Post Evacuate Collection Set: 0.5ms
[2020-04-16T22:38:19.032+0800][34.250s] GC(72)   Other: 0.2ms
[2020-04-16T22:38:19.032+0800][34.250s] GC(72) Eden regions: 127->0(127)
[2020-04-16T22:38:19.032+0800][34.250s] GC(72) Survivor regions: 1->1(32)
[2020-04-16T22:38:19.032+0800][34.250s] GC(72) Old regions: 320->320
[2020-04-16T22:38:19.032+0800][34.250s] GC(72) Archive regions: 2->2
[2020-04-16T22:38:19.032+0800][34.250s] GC(72) Humongous regions: 1->1
[2020-04-16T22:38:19.032+0800][34.250s] GC(72) Metaspace: 39603K(40704K)->39603K(40704K) NonClass: 34846K(35584K)->34846K(35584K) Class: 4756K(5120K)->4756K(5120K)
[2020-04-16T22:38:19.032+0800][34.250s] GC(72) Pause Young (Normal) (G1 Evacuation Pause) 448M->321M(512M) 1.738ms
[2020-04-16T22:38:19.032+0800][34.250s] GC(72) User=0.00s Sys=0.00s Real=0.00s
[2020-04-16T22:38:19.083+0800][34.301s] GC(73) Pause Young (Concurrent Start) (G1 Evacuation Pause)
[2020-04-16T22:38:19.083+0800][34.301s] GC(73) Using 4 workers of 4 for evacuation
[2020-04-16T22:38:19.086+0800][34.304s] GC(73)   Pre Evacuate Collection Set: 0.3ms
[2020-04-16T22:38:19.086+0800][34.304s] GC(73)   Merge Heap Roots: 0.1ms
[2020-04-16T22:38:19.086+0800][34.304s] GC(73)   Evacuate Collection Set: 1.7ms
[2020-04-16T22:38:19.086+0800][34.304s] GC(73)   Post Evacuate Collection Set: 0.8ms
[2020-04-16T22:38:19.086+0800][34.304s] GC(73)   Other: 0.4ms
[2020-04-16T22:38:19.087+0800][34.304s] GC(73) Eden regions: 127->0(128)
[2020-04-16T22:38:19.087+0800][34.304s] GC(73) Survivor regions: 1->0(32)
[2020-04-16T22:38:19.087+0800][34.304s] GC(73) Old regions: 320->320
[2020-04-16T22:38:19.087+0800][34.304s] GC(73) Archive regions: 2->2
[2020-04-16T22:38:19.087+0800][34.305s] GC(73) Humongous regions: 1->1
[2020-04-16T22:38:19.087+0800][34.305s] GC(73) Metaspace: 39603K(40704K)->39603K(40704K) NonClass: 34846K(35584K)->34846K(35584K) Class: 4756K(5120K)->4756K(5120K)
[2020-04-16T22:38:19.087+0800][34.305s] GC(73) Pause Young (Concurrent Start) (G1 Evacuation Pause) 448M->320M(512M) 3.640ms
[2020-04-16T22:38:19.087+0800][34.305s] GC(73) User=0.00s Sys=0.00s Real=0.00s
[2020-04-16T22:38:19.087+0800][34.305s] GC(74) Concurrent Cycle
[2020-04-16T22:38:19.087+0800][34.305s] GC(74) Concurrent Clear Claimed Marks
[2020-04-16T22:38:19.087+0800][34.305s] GC(74) Concurrent Clear Claimed Marks 0.079ms
[2020-04-16T22:38:19.087+0800][34.305s] GC(74) Concurrent Scan Root Regions
[2020-04-16T22:38:19.088+0800][34.306s] GC(74) Concurrent Scan Root Regions 0.677ms
[2020-04-16T22:38:19.088+0800][34.306s] GC(74) Concurrent Mark (34.306s)
[2020-04-16T22:38:19.088+0800][34.306s] GC(74) Concurrent Mark From Roots
[2020-04-16T22:38:19.088+0800][34.306s] GC(74) Using 4 workers of 4 for marking
[2020-04-16T22:38:19.347+0800][34.565s] GC(75) Pause Young (Normal) (G1 Evacuation Pause)
[2020-04-16T22:38:19.348+0800][34.565s] GC(75) Using 4 workers of 4 for evacuation
[2020-04-16T22:38:19.349+0800][34.567s] GC(75)   Pre Evacuate Collection Set: 0.1ms
[2020-04-16T22:38:19.350+0800][34.567s] GC(75)   Merge Heap Roots: 0.1ms
[2020-04-16T22:38:19.350+0800][34.568s] GC(75)   Evacuate Collection Set: 0.9ms
[2020-04-16T22:38:19.350+0800][34.568s] GC(75)   Post Evacuate Collection Set: 0.6ms
[2020-04-16T22:38:19.350+0800][34.568s] GC(75)   Other: 0.4ms
[2020-04-16T22:38:19.350+0800][34.568s] GC(75) Eden regions: 128->0(128)
[2020-04-16T22:38:19.350+0800][34.568s] GC(75) Survivor regions: 0->0(32)
[2020-04-16T22:38:19.350+0800][34.568s] GC(75) Old regions: 320->320
[2020-04-16T22:38:19.350+0800][34.568s] GC(75) Archive regions: 2->2
[2020-04-16T22:38:19.350+0800][34.568s] GC(75) Humongous regions: 1->1
[2020-04-16T22:38:19.350+0800][34.568s] GC(75) Metaspace: 39603K(40704K)->39603K(40704K) NonClass: 34846K(35584K)->34846K(35584K) Class: 4756K(5120K)->4756K(5120K)
[2020-04-16T22:38:19.350+0800][34.568s] GC(75) Pause Young (Normal) (G1 Evacuation Pause) 448M->320M(512M) 2.392ms
[2020-04-16T22:38:19.350+0800][34.568s] GC(75) User=0.00s Sys=0.00s Real=0.01s
[2020-04-16T22:38:19.614+0800][34.832s] GC(76) Pause Young (Normal) (G1 Evacuation Pause)
[2020-04-16T22:38:19.614+0800][34.832s] GC(76) Using 4 workers of 4 for evacuation
[2020-04-16T22:38:19.615+0800][34.833s] GC(76)   Pre Evacuate Collection Set: 0.1ms
[2020-04-16T22:38:19.615+0800][34.833s] GC(76)   Merge Heap Roots: 0.1ms
[2020-04-16T22:38:19.615+0800][34.833s] GC(76)   Evacuate Collection Set: 0.2ms
[2020-04-16T22:38:19.615+0800][34.833s] GC(76)   Post Evacuate Collection Set: 0.5ms
[2020-04-16T22:38:19.615+0800][34.833s] GC(76)   Other: 0.2ms
[2020-04-16T22:38:19.615+0800][34.833s] GC(76) Eden regions: 128->0(128)
[2020-04-16T22:38:19.615+0800][34.833s] GC(76) Survivor regions: 0->0(32)
[2020-04-16T22:38:19.615+0800][34.833s] GC(76) Old regions: 320->320
[2020-04-16T22:38:19.615+0800][34.833s] GC(76) Archive regions: 2->2
[2020-04-16T22:38:19.615+0800][34.833s] GC(76) Humongous regions: 1->1
[2020-04-16T22:38:19.615+0800][34.833s] GC(76) Metaspace: 39603K(40704K)->39603K(40704K) NonClass: 34846K(35584K)->34846K(35584K) Class: 4756K(5120K)->4756K(5120K)
[2020-04-16T22:38:19.616+0800][34.833s] GC(76) Pause Young (Normal) (G1 Evacuation Pause) 448M->320M(512M) 1.370ms
[2020-04-16T22:38:19.616+0800][34.833s] GC(76) User=0.00s Sys=0.00s Real=0.00s
[2020-04-16T22:38:19.848+0800][35.066s] GC(77) Pause Young (Normal) (G1 Evacuation Pause)
[2020-04-16T22:38:19.848+0800][35.066s] GC(77) Using 4 workers of 4 for evacuation
[2020-04-16T22:38:19.850+0800][35.068s] GC(77)   Pre Evacuate Collection Set: 0.1ms
[2020-04-16T22:38:19.850+0800][35.068s] GC(77)   Merge Heap Roots: 0.1ms
[2020-04-16T22:38:19.850+0800][35.068s] GC(77)   Evacuate Collection Set: 0.3ms
[2020-04-16T22:38:19.850+0800][35.068s] GC(77)   Post Evacuate Collection Set: 0.8ms
[2020-04-16T22:38:19.850+0800][35.068s] GC(77)   Other: 0.3ms
[2020-04-16T22:38:19.850+0800][35.068s] GC(77) Eden regions: 128->0(128)
[2020-04-16T22:38:19.850+0800][35.068s] GC(77) Survivor regions: 0->0(32)
[2020-04-16T22:38:19.850+0800][35.068s] GC(77) Old regions: 320->320
[2020-04-16T22:38:19.850+0800][35.068s] GC(77) Archive regions: 2->2
[2020-04-16T22:38:19.850+0800][35.068s] GC(77) Humongous regions: 1->1
[2020-04-16T22:38:19.850+0800][35.068s] GC(77) Metaspace: 39603K(40704K)->39603K(40704K) NonClass: 34846K(35584K)->34846K(35584K) Class: 4756K(5120K)->4756K(5120K)
[2020-04-16T22:38:19.851+0800][35.068s] GC(77) Pause Young (Normal) (G1 Evacuation Pause) 448M->320M(512M) 2.158ms
[2020-04-16T22:38:19.851+0800][35.069s] GC(77) User=0.00s Sys=0.00s Real=0.01s
[2020-04-16T22:38:20.091+0800][35.308s] GC(78) Pause Young (Normal) (G1 Evacuation Pause)
[2020-04-16T22:38:20.091+0800][35.309s] GC(78) Using 4 workers of 4 for evacuation
[2020-04-16T22:38:20.092+0800][35.310s] GC(78)   Pre Evacuate Collection Set: 0.1ms
[2020-04-16T22:38:20.092+0800][35.310s] GC(78)   Merge Heap Roots: 0.1ms
[2020-04-16T22:38:20.092+0800][35.310s] GC(78)   Evacuate Collection Set: 0.2ms
[2020-04-16T22:38:20.092+0800][35.310s] GC(78)   Post Evacuate Collection Set: 0.5ms
[2020-04-16T22:38:20.092+0800][35.310s] GC(78)   Other: 0.2ms
[2020-04-16T22:38:20.092+0800][35.310s] GC(78) Eden regions: 128->0(128)
[2020-04-16T22:38:20.092+0800][35.310s] GC(78) Survivor regions: 0->0(32)
[2020-04-16T22:38:20.092+0800][35.310s] GC(78) Old regions: 320->320
[2020-04-16T22:38:20.092+0800][35.310s] GC(78) Archive regions: 2->2
[2020-04-16T22:38:20.092+0800][35.310s] GC(78) Humongous regions: 1->1
[2020-04-16T22:38:20.092+0800][35.310s] GC(78) Metaspace: 39603K(40704K)->39603K(40704K) NonClass: 34846K(35584K)->34846K(35584K) Class: 4756K(5120K)->4756K(5120K)
[2020-04-16T22:38:20.092+0800][35.310s] GC(78) Pause Young (Normal) (G1 Evacuation Pause) 448M->320M(512M) 1.327ms
[2020-04-16T22:38:20.092+0800][35.310s] GC(78) User=0.01s Sys=0.00s Real=0.00s
[2020-04-16T22:38:20.234+0800][35.452s] GC(79) Pause Young (Normal) (G1 Evacuation Pause)
[2020-04-16T22:38:20.234+0800][35.452s] GC(79) Using 4 workers of 4 for evacuation
[2020-04-16T22:38:20.235+0800][35.453s] GC(79)   Pre Evacuate Collection Set: 0.1ms
[2020-04-16T22:38:20.235+0800][35.453s] GC(79)   Merge Heap Roots: 0.0ms
[2020-04-16T22:38:20.235+0800][35.453s] GC(79)   Evacuate Collection Set: 0.3ms
[2020-04-16T22:38:20.235+0800][35.453s] GC(79)   Post Evacuate Collection Set: 0.5ms
[2020-04-16T22:38:20.235+0800][35.453s] GC(79)   Other: 0.2ms
[2020-04-16T22:38:20.235+0800][35.453s] GC(79) Eden regions: 128->0(128)
[2020-04-16T22:38:20.235+0800][35.453s] GC(79) Survivor regions: 0->0(32)
[2020-04-16T22:38:20.235+0800][35.453s] GC(79) Old regions: 320->320
[2020-04-16T22:38:20.235+0800][35.453s] GC(79) Archive regions: 2->2
[2020-04-16T22:38:20.235+0800][35.453s] GC(79) Humongous regions: 1->1
[2020-04-16T22:38:20.235+0800][35.453s] GC(79) Metaspace: 39603K(40704K)->39603K(40704K) NonClass: 34846K(35584K)->34846K(35584K) Class: 4756K(5120K)->4756K(5120K)
[2020-04-16T22:38:20.235+0800][35.453s] GC(79) Pause Young (Normal) (G1 Evacuation Pause) 448M->320M(512M) 1.436ms
[2020-04-16T22:38:20.235+0800][35.453s] GC(79) User=0.00s Sys=0.00s Real=0.00s
[2020-04-16T22:38:20.267+0800][35.485s] GC(74) Concurrent Mark From Roots 1179.534ms
[2020-04-16T22:38:20.267+0800][35.485s] GC(74) Concurrent Preclean
[2020-04-16T22:38:20.268+0800][35.486s] GC(74) Concurrent Preclean 0.212ms
[2020-04-16T22:38:20.268+0800][35.486s] GC(74) Concurrent Mark (34.306s, 35.486s) 1179.882ms
[2020-04-16T22:38:20.268+0800][35.486s] GC(74) Pause Remark
[2020-04-16T22:38:20.274+0800][35.492s] GC(74) Pause Remark 350M->350M(512M) 5.553ms
[2020-04-16T22:38:20.274+0800][35.492s] GC(74) User=0.02s Sys=0.00s Real=0.01s
[2020-04-16T22:38:20.274+0800][35.492s] GC(74) Concurrent Rebuild Remembered Sets
[2020-04-16T22:38:20.369+0800][35.587s] GC(80) Pause Young (Normal) (G1 Evacuation Pause)
[2020-04-16T22:38:20.369+0800][35.587s] GC(80) Using 4 workers of 4 for evacuation
[2020-04-16T22:38:20.370+0800][35.588s] GC(80)   Pre Evacuate Collection Set: 0.1ms
[2020-04-16T22:38:20.370+0800][35.588s] GC(80)   Merge Heap Roots: 0.1ms
[2020-04-16T22:38:20.370+0800][35.588s] GC(80)   Evacuate Collection Set: 0.3ms
[2020-04-16T22:38:20.370+0800][35.588s] GC(80)   Post Evacuate Collection Set: 0.4ms
[2020-04-16T22:38:20.370+0800][35.588s] GC(80)   Other: 0.2ms
[2020-04-16T22:38:20.370+0800][35.588s] GC(80) Eden regions: 128->0(128)
[2020-04-16T22:38:20.370+0800][35.588s] GC(80) Survivor regions: 0->0(32)
[2020-04-16T22:38:20.370+0800][35.588s] GC(80) Old regions: 320->320
[2020-04-16T22:38:20.370+0800][35.588s] GC(80) Archive regions: 2->2
[2020-04-16T22:38:20.370+0800][35.588s] GC(80) Humongous regions: 1->1
[2020-04-16T22:38:20.370+0800][35.588s] GC(80) Metaspace: 39603K(40704K)->39603K(40704K) NonClass: 34846K(35584K)->34846K(35584K) Class: 4756K(5120K)->4756K(5120K)
[2020-04-16T22:38:20.370+0800][35.588s] GC(80) Pause Young (Normal) (G1 Evacuation Pause) 448M->320M(512M) 1.212ms
[2020-04-16T22:38:20.370+0800][35.588s] GC(80) User=0.01s Sys=0.00s Real=0.01s
[2020-04-16T22:38:20.490+0800][35.708s] GC(81) Pause Young (Normal) (G1 Evacuation Pause)
[2020-04-16T22:38:20.490+0800][35.708s] GC(81) Using 4 workers of 4 for evacuation
[2020-04-16T22:38:20.491+0800][35.709s] GC(81)   Pre Evacuate Collection Set: 0.1ms
[2020-04-16T22:38:20.491+0800][35.709s] GC(81)   Merge Heap Roots: 0.0ms
[2020-04-16T22:38:20.491+0800][35.709s] GC(81)   Evacuate Collection Set: 0.2ms
[2020-04-16T22:38:20.491+0800][35.709s] GC(81)   Post Evacuate Collection Set: 0.5ms
[2020-04-16T22:38:20.491+0800][35.709s] GC(81)   Other: 0.3ms
[2020-04-16T22:38:20.491+0800][35.709s] GC(81) Eden regions: 128->0(128)
[2020-04-16T22:38:20.491+0800][35.709s] GC(81) Survivor regions: 0->0(32)
[2020-04-16T22:38:20.491+0800][35.709s] GC(81) Old regions: 320->320
[2020-04-16T22:38:20.491+0800][35.709s] GC(81) Archive regions: 2->2
[2020-04-16T22:38:20.491+0800][35.709s] GC(81) Humongous regions: 1->1
[2020-04-16T22:38:20.491+0800][35.709s] GC(81) Metaspace: 39603K(40704K)->39603K(40704K) NonClass: 34846K(35584K)->34846K(35584K) Class: 4756K(5120K)->4756K(5120K)
[2020-04-16T22:38:20.492+0800][35.709s] GC(81) Pause Young (Normal) (G1 Evacuation Pause) 448M->320M(512M) 1.343ms
[2020-04-16T22:38:20.492+0800][35.710s] GC(81) User=0.00s Sys=0.00s Real=0.00s
[2020-04-16T22:38:20.603+0800][35.821s] GC(82) Pause Young (Normal) (G1 Evacuation Pause)
[2020-04-16T22:38:20.604+0800][35.821s] GC(82) Using 4 workers of 4 for evacuation
[2020-04-16T22:38:20.604+0800][35.822s] GC(82)   Pre Evacuate Collection Set: 0.1ms
[2020-04-16T22:38:20.604+0800][35.822s] GC(82)   Merge Heap Roots: 0.1ms
[2020-04-16T22:38:20.604+0800][35.822s] GC(82)   Evacuate Collection Set: 0.2ms
[2020-04-16T22:38:20.605+0800][35.822s] GC(82)   Post Evacuate Collection Set: 0.4ms
[2020-04-16T22:38:20.605+0800][35.822s] GC(82)   Other: 0.2ms
[2020-04-16T22:38:20.605+0800][35.822s] GC(82) Eden regions: 128->0(128)
[2020-04-16T22:38:20.605+0800][35.822s] GC(82) Survivor regions: 0->0(32)
[2020-04-16T22:38:20.605+0800][35.822s] GC(82) Old regions: 320->320
[2020-04-16T22:38:20.605+0800][35.822s] GC(82) Archive regions: 2->2
[2020-04-16T22:38:20.605+0800][35.823s] GC(82) Humongous regions: 1->1
[2020-04-16T22:38:20.605+0800][35.823s] GC(82) Metaspace: 39603K(40704K)->39603K(40704K) NonClass: 34846K(35584K)->34846K(35584K) Class: 4756K(5120K)->4756K(5120K)
[2020-04-16T22:38:20.605+0800][35.823s] GC(82) Pause Young (Normal) (G1 Evacuation Pause) 448M->320M(512M) 1.220ms
[2020-04-16T22:38:20.605+0800][35.823s] GC(82) User=0.00s Sys=0.00s Real=0.00s
[2020-04-16T22:38:20.693+0800][35.911s] GC(74) Concurrent Rebuild Remembered Sets 419.156ms
[2020-04-16T22:38:20.693+0800][35.911s] GC(74) Pause Cleanup
[2020-04-16T22:38:20.694+0800][35.912s] GC(74) Pause Cleanup 424M->424M(512M) 0.402ms
[2020-04-16T22:38:20.694+0800][35.912s] GC(74) User=0.00s Sys=0.00s Real=0.00s
[2020-04-16T22:38:20.694+0800][35.912s] GC(74) Concurrent Cleanup for Next Mark
[2020-04-16T22:38:20.695+0800][35.912s] GC(74) Concurrent Cleanup for Next Mark 0.727ms
[2020-04-16T22:38:20.695+0800][35.912s] GC(74) Concurrent Cycle 1607.604ms
[2020-04-16T22:38:20.703+0800][35.921s] GC(83) Pause Young (Normal) (G1 Evacuation Pause)
[2020-04-16T22:38:20.703+0800][35.921s] GC(83) Using 4 workers of 4 for evacuation
[2020-04-16T22:38:20.704+0800][35.922s] GC(83)   Pre Evacuate Collection Set: 0.1ms
[2020-04-16T22:38:20.704+0800][35.922s] GC(83)   Merge Heap Roots: 0.0ms
[2020-04-16T22:38:20.704+0800][35.922s] GC(83)   Evacuate Collection Set: 0.3ms
[2020-04-16T22:38:20.704+0800][35.922s] GC(83)   Post Evacuate Collection Set: 0.5ms
[2020-04-16T22:38:20.704+0800][35.922s] GC(83)   Other: 0.2ms
[2020-04-16T22:38:20.704+0800][35.922s] GC(83) Eden regions: 128->0(128)
[2020-04-16T22:38:20.704+0800][35.922s] GC(83) Survivor regions: 0->0(32)
[2020-04-16T22:38:20.704+0800][35.922s] GC(83) Old regions: 320->320
[2020-04-16T22:38:20.704+0800][35.922s] GC(83) Archive regions: 2->2
[2020-04-16T22:38:20.704+0800][35.922s] GC(83) Humongous regions: 1->1
[2020-04-16T22:38:20.704+0800][35.922s] GC(83) Metaspace: 39603K(40704K)->39603K(40704K) NonClass: 34846K(35584K)->34846K(35584K) Class: 4756K(5120K)->4756K(5120K)
[2020-04-16T22:38:20.704+0800][35.922s] GC(83) Pause Young (Normal) (G1 Evacuation Pause) 448M->320M(512M) 1.359ms
[2020-04-16T22:38:20.704+0800][35.922s] GC(83) User=0.01s Sys=0.00s Real=0.00s
[2020-04-16T22:38:20.750+0800][35.968s] GC(84) Pause Young (Concurrent Start) (G1 Evacuation Pause)
[2020-04-16T22:38:20.750+0800][35.968s] GC(84) Using 4 workers of 4 for evacuation
[2020-04-16T22:38:20.752+0800][35.970s] GC(84)   Pre Evacuate Collection Set: 0.1ms
[2020-04-16T22:38:20.752+0800][35.970s] GC(84)   Merge Heap Roots: 0.0ms
[2020-04-16T22:38:20.752+0800][35.970s] GC(84)   Evacuate Collection Set: 0.8ms
[2020-04-16T22:38:20.752+0800][35.970s] GC(84)   Post Evacuate Collection Set: 0.4ms
[2020-04-16T22:38:20.752+0800][35.970s] GC(84)   Other: 0.2ms
[2020-04-16T22:38:20.752+0800][35.970s] GC(84) Eden regions: 128->0(128)
[2020-04-16T22:38:20.752+0800][35.970s] GC(84) Survivor regions: 0->0(32)
[2020-04-16T22:38:20.752+0800][35.970s] GC(84) Old regions: 320->320
[2020-04-16T22:38:20.752+0800][35.970s] GC(84) Archive regions: 2->2
[2020-04-16T22:38:20.752+0800][35.970s] GC(84) Humongous regions: 1->1
[2020-04-16T22:38:20.752+0800][35.970s] GC(84) Metaspace: 39603K(40704K)->39603K(40704K) NonClass: 34846K(35584K)->34846K(35584K) Class: 4756K(5120K)->4756K(5120K)
[2020-04-16T22:38:20.752+0800][35.970s] GC(84) Pause Young (Concurrent Start) (G1 Evacuation Pause) 448M->320M(512M) 1.611ms
[2020-04-16T22:38:20.752+0800][35.970s] GC(84) User=0.00s Sys=0.00s Real=0.00s
[2020-04-16T22:38:20.752+0800][35.970s] GC(85) Concurrent Cycle
[2020-04-16T22:38:20.752+0800][35.970s] GC(85) Concurrent Clear Claimed Marks
[2020-04-16T22:38:20.752+0800][35.970s] GC(85) Concurrent Clear Claimed Marks 0.080ms
[2020-04-16T22:38:20.752+0800][35.970s] GC(85) Concurrent Scan Root Regions
[2020-04-16T22:38:20.752+0800][35.970s] GC(85) Concurrent Scan Root Regions 0.015ms
[2020-04-16T22:38:20.752+0800][35.970s] GC(85) Concurrent Mark (35.970s)
[2020-04-16T22:38:20.752+0800][35.970s] GC(85) Concurrent Mark From Roots
[2020-04-16T22:38:20.752+0800][35.970s] GC(85) Using 4 workers of 4 for marking
[2020-04-16T22:38:21.595+0800][36.813s] GC(86) Pause Young (Normal) (G1 Evacuation Pause)
[2020-04-16T22:38:21.595+0800][36.813s] GC(86) Using 4 workers of 4 for evacuation
[2020-04-16T22:38:21.596+0800][36.814s] GC(86)   Pre Evacuate Collection Set: 0.1ms
[2020-04-16T22:38:21.597+0800][36.814s] GC(86)   Merge Heap Roots: 0.1ms
[2020-04-16T22:38:21.597+0800][36.814s] GC(86)   Evacuate Collection Set: 0.6ms
[2020-04-16T22:38:21.597+0800][36.814s] GC(86)   Post Evacuate Collection Set: 0.5ms
[2020-04-16T22:38:21.597+0800][36.814s] GC(86)   Other: 0.2ms
[2020-04-16T22:38:21.597+0800][36.814s] GC(86) Eden regions: 128->0(127)
[2020-04-16T22:38:21.597+0800][36.814s] GC(86) Survivor regions: 0->1(32)
[2020-04-16T22:38:21.597+0800][36.814s] GC(86) Old regions: 320->320
[2020-04-16T22:38:21.597+0800][36.814s] GC(86) Archive regions: 2->2
[2020-04-16T22:38:21.597+0800][36.815s] GC(86) Humongous regions: 1->1
[2020-04-16T22:38:21.597+0800][36.815s] GC(86) Metaspace: 39622K(40960K)->39622K(40960K) NonClass: 34865K(35840K)->34865K(35840K) Class: 4756K(5120K)->4756K(5120K)
[2020-04-16T22:38:21.597+0800][36.815s] GC(86) Pause Young (Normal) (G1 Evacuation Pause) 448M->321M(512M) 1.637ms
[2020-04-16T22:38:21.597+0800][36.815s] GC(86) User=0.01s Sys=0.00s Real=0.00s
[2020-04-16T22:38:21.955+0800][37.172s] GC(87) Pause Young (Normal) (G1 Evacuation Pause)
[2020-04-16T22:38:21.955+0800][37.172s] GC(87) Using 4 workers of 4 for evacuation
[2020-04-16T22:38:21.956+0800][37.174s] GC(87)   Pre Evacuate Collection Set: 0.1ms
[2020-04-16T22:38:21.956+0800][37.174s] GC(87)   Merge Heap Roots: 0.0ms
[2020-04-16T22:38:21.956+0800][37.174s] GC(87)   Evacuate Collection Set: 0.4ms
[2020-04-16T22:38:21.956+0800][37.174s] GC(87)   Post Evacuate Collection Set: 0.6ms
[2020-04-16T22:38:21.956+0800][37.174s] GC(87)   Other: 0.3ms
[2020-04-16T22:38:21.956+0800][37.174s] GC(87) Eden regions: 127->0(127)
[2020-04-16T22:38:21.956+0800][37.174s] GC(87) Survivor regions: 1->1(32)
[2020-04-16T22:38:21.956+0800][37.174s] GC(87) Old regions: 320->320
[2020-04-16T22:38:21.956+0800][37.174s] GC(87) Archive regions: 2->2
[2020-04-16T22:38:21.956+0800][37.174s] GC(87) Humongous regions: 1->1
[2020-04-16T22:38:21.956+0800][37.174s] GC(87) Metaspace: 39622K(40960K)->39622K(40960K) NonClass: 34865K(35840K)->34865K(35840K) Class: 4756K(5120K)->4756K(5120K)
[2020-04-16T22:38:21.956+0800][37.174s] GC(87) Pause Young (Normal) (G1 Evacuation Pause) 448M->321M(512M) 1.635ms
[2020-04-16T22:38:21.956+0800][37.174s] GC(87) User=0.00s Sys=0.00s Real=0.00s
[2020-04-16T22:38:22.173+0800][37.391s] GC(88) Pause Young (Normal) (G1 Evacuation Pause)
[2020-04-16T22:38:22.173+0800][37.391s] GC(88) Using 4 workers of 4 for evacuation
[2020-04-16T22:38:22.174+0800][37.392s] GC(88)   Pre Evacuate Collection Set: 0.1ms
[2020-04-16T22:38:22.174+0800][37.392s] GC(88)   Merge Heap Roots: 0.1ms
[2020-04-16T22:38:22.174+0800][37.392s] GC(88)   Evacuate Collection Set: 0.3ms
[2020-04-16T22:38:22.174+0800][37.392s] GC(88)   Post Evacuate Collection Set: 0.4ms
[2020-04-16T22:38:22.174+0800][37.392s] GC(88)   Other: 0.2ms
[2020-04-16T22:38:22.174+0800][37.392s] GC(88) Eden regions: 127->0(127)
[2020-04-16T22:38:22.174+0800][37.392s] GC(88) Survivor regions: 1->1(32)
[2020-04-16T22:38:22.174+0800][37.392s] GC(88) Old regions: 320->320
[2020-04-16T22:38:22.174+0800][37.392s] GC(88) Archive regions: 2->2
[2020-04-16T22:38:22.174+0800][37.392s] GC(88) Humongous regions: 1->1
[2020-04-16T22:38:22.174+0800][37.392s] GC(88) Metaspace: 39622K(40960K)->39622K(40960K) NonClass: 34865K(35840K)->34865K(35840K) Class: 4756K(5120K)->4756K(5120K)
[2020-04-16T22:38:22.174+0800][37.392s] GC(88) Pause Young (Normal) (G1 Evacuation Pause) 448M->321M(512M) 1.562ms
[2020-04-16T22:38:22.175+0800][37.392s] GC(88) User=0.00s Sys=0.00s Real=0.00s
[2020-04-16T22:38:22.369+0800][37.587s] GC(89) Pause Young (Normal) (G1 Evacuation Pause)
[2020-04-16T22:38:22.369+0800][37.587s] GC(89) Using 4 workers of 4 for evacuation
[2020-04-16T22:38:22.371+0800][37.589s] GC(89)   Pre Evacuate Collection Set: 0.4ms
[2020-04-16T22:38:22.371+0800][37.589s] GC(89)   Merge Heap Roots: 0.1ms
[2020-04-16T22:38:22.371+0800][37.589s] GC(89)   Evacuate Collection Set: 0.5ms
[2020-04-16T22:38:22.371+0800][37.589s] GC(89)   Post Evacuate Collection Set: 0.5ms
[2020-04-16T22:38:22.371+0800][37.589s] GC(89)   Other: 0.4ms
[2020-04-16T22:38:22.371+0800][37.589s] GC(89) Eden regions: 127->0(127)
[2020-04-16T22:38:22.371+0800][37.589s] GC(89) Survivor regions: 1->1(32)
[2020-04-16T22:38:22.371+0800][37.589s] GC(89) Old regions: 320->320
[2020-04-16T22:38:22.371+0800][37.589s] GC(89) Archive regions: 2->2
[2020-04-16T22:38:22.371+0800][37.589s] GC(89) Humongous regions: 1->1
[2020-04-16T22:38:22.371+0800][37.589s] GC(89) Metaspace: 39622K(40960K)->39622K(40960K) NonClass: 34865K(35840K)->34865K(35840K) Class: 4756K(5120K)->4756K(5120K)
[2020-04-16T22:38:22.371+0800][37.589s] GC(89) Pause Young (Normal) (G1 Evacuation Pause) 448M->321M(512M) 2.176ms
[2020-04-16T22:38:22.371+0800][37.589s] GC(89) User=0.01s Sys=0.00s Real=0.01s
[2020-04-16T22:38:22.608+0800][37.826s] GC(85) Concurrent Mark From Roots 1855.751ms
[2020-04-16T22:38:22.608+0800][37.826s] GC(85) Concurrent Preclean
[2020-04-16T22:38:22.608+0800][37.826s] GC(85) Concurrent Preclean 0.202ms
[2020-04-16T22:38:22.608+0800][37.826s] GC(85) Concurrent Mark (35.970s, 37.826s) 1856.078ms
[2020-04-16T22:38:22.613+0800][37.831s] GC(85) Pause Remark
[2020-04-16T22:38:22.619+0800][37.837s] GC(85) Pause Remark 400M->400M(512M) 6.072ms
[2020-04-16T22:38:22.619+0800][37.837s] GC(85) User=0.02s Sys=0.00s Real=0.00s
[2020-04-16T22:38:22.619+0800][37.837s] GC(85) Concurrent Rebuild Remembered Sets
[2020-04-16T22:38:23.095+0800][38.312s] GC(85) Concurrent Rebuild Remembered Sets 475.097ms
[2020-04-16T22:38:23.095+0800][38.313s] GC(85) Pause Cleanup
[2020-04-16T22:38:23.095+0800][38.313s] GC(85) Pause Cleanup 401M->401M(512M) 0.381ms
[2020-04-16T22:38:23.095+0800][38.313s] GC(85) User=0.00s Sys=0.00s Real=0.00s
[2020-04-16T22:38:23.095+0800][38.313s] GC(85) Concurrent Cleanup for Next Mark
[2020-04-16T22:38:23.096+0800][38.314s] GC(85) Concurrent Cleanup for Next Mark 1.104ms
[2020-04-16T22:38:23.096+0800][38.314s] GC(85) Concurrent Cycle 2344.484ms
[2020-04-16T22:38:24.726+0800][39.943s] GC(90) Pause Young (Normal) (G1 Evacuation Pause)
[2020-04-16T22:38:24.726+0800][39.944s] GC(90) Using 4 workers of 4 for evacuation
[2020-04-16T22:38:24.730+0800][39.947s] GC(90)   Pre Evacuate Collection Set: 0.1ms
[2020-04-16T22:38:24.730+0800][39.947s] GC(90)   Merge Heap Roots: 0.1ms
[2020-04-16T22:38:24.730+0800][39.947s] GC(90)   Evacuate Collection Set: 3.2ms
[2020-04-16T22:38:24.730+0800][39.947s] GC(90)   Post Evacuate Collection Set: 0.5ms
[2020-04-16T22:38:24.730+0800][39.948s] GC(90)   Other: 0.2ms
[2020-04-16T22:38:24.730+0800][39.948s] GC(90) Eden regions: 127->0(126)
[2020-04-16T22:38:24.730+0800][39.948s] GC(90) Survivor regions: 1->2(32)
[2020-04-16T22:38:24.730+0800][39.948s] GC(90) Old regions: 320->320
[2020-04-16T22:38:24.730+0800][39.948s] GC(90) Archive regions: 2->2
[2020-04-16T22:38:24.730+0800][39.948s] GC(90) Humongous regions: 1->1
[2020-04-16T22:38:24.730+0800][39.948s] GC(90) Metaspace: 39718K(40960K)->39718K(40960K) NonClass: 34958K(35840K)->34958K(35840K) Class: 4760K(5120K)->4760K(5120K)
[2020-04-16T22:38:24.730+0800][39.948s] GC(90) Pause Young (Normal) (G1 Evacuation Pause) 448M->322M(512M) 4.212ms
[2020-04-16T22:38:24.730+0800][39.948s] GC(90) User=0.01s Sys=0.00s Real=0.01s
[2020-04-16T22:38:26.873+0800][42.091s] GC(91) Pause Young (Concurrent Start) (G1 Evacuation Pause)
[2020-04-16T22:38:26.873+0800][42.091s] GC(91) Using 4 workers of 4 for evacuation
[2020-04-16T22:38:27.059+0800][42.277s] GC(91) To-space exhausted
[2020-04-16T22:38:27.060+0800][42.277s] GC(91)   Pre Evacuate Collection Set: 0.2ms
[2020-04-16T22:38:27.060+0800][42.278s] GC(91)   Merge Heap Roots: 0.1ms
[2020-04-16T22:38:27.060+0800][42.278s] GC(91)   Evacuate Collection Set: 164.2ms
[2020-04-16T22:38:27.060+0800][42.278s] GC(91)   Post Evacuate Collection Set: 21.3ms
[2020-04-16T22:38:27.060+0800][42.278s] GC(91)   Other: 1.0ms
[2020-04-16T22:38:27.060+0800][42.278s] GC(91) Eden regions: 126->0(96)
[2020-04-16T22:38:27.060+0800][42.278s] GC(91) Survivor regions: 2->32(32)
[2020-04-16T22:38:27.060+0800][42.278s] GC(91) Old regions: 320->361
[2020-04-16T22:38:27.060+0800][42.278s] GC(91) Archive regions: 2->2
[2020-04-16T22:38:27.060+0800][42.278s] GC(91) Humongous regions: 1->1
[2020-04-16T22:38:27.060+0800][42.278s] GC(91) Metaspace: 39836K(40960K)->39836K(40960K) NonClass: 35061K(35840K)->35061K(35840K) Class: 4775K(5120K)->4775K(5120K)
[2020-04-16T22:38:27.060+0800][42.278s] GC(91) Pause Young (Concurrent Start) (G1 Evacuation Pause) 448M->394M(512M) 187.031ms
[2020-04-16T22:38:27.060+0800][42.278s] GC(91) User=0.58s Sys=0.05s Real=0.19s
[2020-04-16T22:38:27.060+0800][42.278s] GC(92) Concurrent Cycle
[2020-04-16T22:38:27.060+0800][42.278s] GC(92) Concurrent Clear Claimed Marks
[2020-04-16T22:38:27.060+0800][42.278s] GC(92) Concurrent Clear Claimed Marks 0.109ms
[2020-04-16T22:38:27.060+0800][42.278s] GC(92) Concurrent Scan Root Regions
[2020-04-16T22:38:27.124+0800][42.342s] GC(92) Concurrent Scan Root Regions 64.034ms
[2020-04-16T22:38:27.124+0800][42.342s] GC(92) Concurrent Mark (42.342s)
[2020-04-16T22:38:27.124+0800][42.342s] GC(92) Concurrent Mark From Roots
[2020-04-16T22:38:27.125+0800][42.342s] GC(92) Using 4 workers of 4 for marking
[2020-04-16T22:38:27.788+0800][43.005s] GC(92) Concurrent Mark From Roots 663.276ms
[2020-04-16T22:38:27.788+0800][43.006s] GC(92) Concurrent Preclean
[2020-04-16T22:38:27.788+0800][43.006s] GC(92) Concurrent Preclean 0.159ms
[2020-04-16T22:38:27.788+0800][43.006s] GC(92) Concurrent Mark (42.342s, 43.006s) 663.564ms
[2020-04-16T22:38:27.788+0800][43.006s] GC(92) Pause Remark
[2020-04-16T22:38:27.793+0800][43.011s] GC(92) Pause Remark 467M->467M(512M) 4.538ms
[2020-04-16T22:38:27.793+0800][43.011s] GC(92) User=0.02s Sys=0.00s Real=0.01s
[2020-04-16T22:38:27.793+0800][43.011s] GC(92) Concurrent Rebuild Remembered Sets
[2020-04-16T22:38:28.202+0800][43.420s] GC(93) Pause Young (Normal) (G1 Evacuation Pause)
[2020-04-16T22:38:28.202+0800][43.420s] GC(93) Using 4 workers of 4 for evacuation
[2020-04-16T22:38:28.750+0800][43.968s] GC(93) MMU target violated: 201.0ms (200.0ms/201.0ms)
[2020-04-16T22:38:28.750+0800][43.968s] GC(93) To-space exhausted
[2020-04-16T22:38:28.751+0800][43.968s] GC(93)   Pre Evacuate Collection Set: 0.1ms
[2020-04-16T22:38:28.751+0800][43.968s] GC(93)   Merge Heap Roots: 0.1ms
[2020-04-16T22:38:28.751+0800][43.968s] GC(93)   Evacuate Collection Set: 340.8ms
[2020-04-16T22:38:28.751+0800][43.968s] GC(93)   Post Evacuate Collection Set: 207.0ms
[2020-04-16T22:38:28.751+0800][43.968s] GC(93)   Other: 0.3ms
[2020-04-16T22:38:28.751+0800][43.968s] GC(93) Eden regions: 96->0(121)
[2020-04-16T22:38:28.751+0800][43.968s] GC(93) Survivor regions: 32->7(20)
[2020-04-16T22:38:28.751+0800][43.968s] GC(93) Old regions: 361->496
[2020-04-16T22:38:28.751+0800][43.968s] GC(93) Archive regions: 2->2
[2020-04-16T22:38:28.751+0800][43.968s] GC(93) Humongous regions: 1->1
[2020-04-16T22:38:28.751+0800][43.968s] GC(93) Metaspace: 39836K(40960K)->39836K(40960K) NonClass: 35061K(35840K)->35061K(35840K) Class: 4775K(5120K)->4775K(5120K)
[2020-04-16T22:38:28.751+0800][43.968s] GC(93) Pause Young (Normal) (G1 Evacuation Pause) 490M->504M(512M) 548.458ms
[2020-04-16T22:38:28.751+0800][43.968s] GC(93) User=1.53s Sys=0.04s Real=0.55s
[2020-04-16T22:38:28.925+0800][44.142s] GC(92) Concurrent Rebuild Remembered Sets 1131.700ms
[2020-04-16T22:38:28.925+0800][44.143s] GC(92) Pause Cleanup
[2020-04-16T22:38:28.926+0800][44.143s] GC(92) Pause Cleanup 510M->510M(512M) 0.692ms
[2020-04-16T22:38:28.926+0800][44.143s] GC(92) User=0.00s Sys=0.00s Real=0.00s
[2020-04-16T22:38:28.926+0800][44.144s] GC(92) Concurrent Cleanup for Next Mark
[2020-04-16T22:38:28.927+0800][44.145s] GC(92) Concurrent Cleanup for Next Mark 0.992ms
[2020-04-16T22:38:28.927+0800][44.145s] GC(92) Concurrent Cycle 1866.817ms
[2020-04-16T22:38:28.933+0800][44.151s] GC(94) Pause Young (Normal) (G1 Evacuation Pause)
[2020-04-16T22:38:28.933+0800][44.151s] GC(94) Using 4 workers of 4 for evacuation
[2020-04-16T22:38:28.983+0800][44.201s] GC(94) To-space exhausted
[2020-04-16T22:38:28.983+0800][44.201s] GC(94)   Pre Evacuate Collection Set: 0.1ms
[2020-04-16T22:38:28.983+0800][44.201s] GC(94)   Merge Heap Roots: 0.1ms
[2020-04-16T22:38:28.983+0800][44.201s] GC(94)   Evacuate Collection Set: 29.5ms
[2020-04-16T22:38:28.983+0800][44.201s] GC(94)   Post Evacuate Collection Set: 20.1ms
[2020-04-16T22:38:28.983+0800][44.201s] GC(94)   Other: 0.2ms
[2020-04-16T22:38:28.983+0800][44.201s] GC(94) Eden regions: 6->0(128)
[2020-04-16T22:38:28.983+0800][44.201s] GC(94) Survivor regions: 7->0(0)
[2020-04-16T22:38:28.983+0800][44.201s] GC(94) Old regions: 496->509
[2020-04-16T22:38:28.983+0800][44.201s] GC(94) Archive regions: 2->2
[2020-04-16T22:38:28.983+0800][44.201s] GC(94) Humongous regions: 1->1
[2020-04-16T22:38:28.983+0800][44.201s] GC(94) Metaspace: 39836K(40960K)->39836K(40960K) NonClass: 35061K(35840K)->35061K(35840K) Class: 4775K(5120K)->4775K(5120K)
[2020-04-16T22:38:28.983+0800][44.201s] GC(94) Pause Young (Normal) (G1 Evacuation Pause) 510M->510M(512M) 50.117ms
[2020-04-16T22:38:28.983+0800][44.201s] GC(94) User=0.16s Sys=0.01s Real=0.05s
[2020-04-16T22:38:28.984+0800][44.201s] GC(95) Using 4 workers of 4 for full compaction
[2020-04-16T22:38:28.984+0800][44.201s] GC(95) Pause Full (G1 Evacuation Pause)
[2020-04-16T22:38:28.984+0800][44.201s] GC(95) Phase 1: Mark live objects
[2020-04-16T22:38:30.660+0800][45.877s] GC(95) Phase 1: Mark live objects 1675.780ms
[2020-04-16T22:38:30.660+0800][45.877s] GC(95) Phase 2: Prepare for compaction
[2020-04-16T22:38:30.802+0800][46.020s] GC(95) Phase 2: Prepare for compaction 142.546ms
[2020-04-16T22:38:30.802+0800][46.020s] GC(95) Phase 3: Adjust pointers
[2020-04-16T22:38:31.062+0800][46.279s] GC(95) Phase 3: Adjust pointers 259.288ms
[2020-04-16T22:38:31.062+0800][46.279s] GC(95) Phase 4: Compact heap
[2020-04-16T22:38:31.227+0800][46.444s] GC(95) Phase 4: Compact heap 164.901ms
[2020-04-16T22:38:31.231+0800][46.449s] GC(95) Eden regions: 0->0(128)
[2020-04-16T22:38:31.231+0800][46.449s] GC(95) Survivor regions: 0->0(0)
[2020-04-16T22:38:31.231+0800][46.449s] GC(95) Old regions: 509->470
[2020-04-16T22:38:31.231+0800][46.449s] GC(95) Archive regions: 2->2
[2020-04-16T22:38:31.231+0800][46.449s] GC(95) Humongous regions: 1->1
[2020-04-16T22:38:31.231+0800][46.449s] GC(95) Metaspace: 39836K(40960K)->39723K(40960K) NonClass: 35061K(35840K)->34974K(35840K) Class: 4775K(5120K)->4748K(5120K)
[2020-04-16T22:38:31.231+0800][46.449s] GC(95) Pause Full (G1 Evacuation Pause) 510M->470M(512M) 2247.451ms
[2020-04-16T22:38:31.231+0800][46.449s] GC(95) User=4.86s Sys=0.06s Real=2.25s
[2020-04-16T22:38:31.532+0800][46.750s] GC(96) Pause Young (Concurrent Start) (G1 Evacuation Pause)
[2020-04-16T22:38:31.532+0800][46.750s] GC(96) Using 4 workers of 4 for evacuation
[2020-04-16T22:38:31.659+0800][46.876s] GC(96) To-space exhausted
[2020-04-16T22:38:31.659+0800][46.877s] GC(96)   Pre Evacuate Collection Set: 0.1ms
[2020-04-16T22:38:31.659+0800][46.877s] GC(96)   Merge Heap Roots: 0.0ms
[2020-04-16T22:38:31.659+0800][46.877s] GC(96)   Evacuate Collection Set: 63.7ms
[2020-04-16T22:38:31.659+0800][46.877s] GC(96)   Post Evacuate Collection Set: 62.5ms
[2020-04-16T22:38:31.659+0800][46.877s] GC(96)   Other: 0.3ms
[2020-04-16T22:38:31.659+0800][46.877s] GC(96) Eden regions: 39->0(128)
[2020-04-16T22:38:31.659+0800][46.877s] GC(96) Survivor regions: 0->0(0)
[2020-04-16T22:38:31.659+0800][46.877s] GC(96) Old regions: 470->509
[2020-04-16T22:38:31.659+0800][46.877s] GC(96) Archive regions: 2->2
[2020-04-16T22:38:31.659+0800][46.877s] GC(96) Humongous regions: 1->1
[2020-04-16T22:38:31.659+0800][46.877s] GC(96) Metaspace: 39723K(40960K)->39723K(40960K) NonClass: 34974K(35840K)->34974K(35840K) Class: 4748K(5120K)->4748K(5120K)
[2020-04-16T22:38:31.659+0800][46.877s] GC(96) Pause Young (Concurrent Start) (G1 Evacuation Pause) 509M->509M(512M) 126.797ms
[2020-04-16T22:38:31.659+0800][46.877s] GC(96) User=0.47s Sys=0.00s Real=0.12s
[2020-04-16T22:38:31.659+0800][46.877s] GC(97) Using 4 workers of 4 for full compaction
[2020-04-16T22:38:31.659+0800][46.877s] GC(98) Concurrent Cycle
[2020-04-16T22:38:31.659+0800][46.877s] GC(97) Pause Full (G1 Evacuation Pause)
[2020-04-16T22:38:31.659+0800][46.877s] GC(98) Concurrent Clear Claimed Marks
[2020-04-16T22:38:31.659+0800][46.877s] GC(98) Concurrent Clear Claimed Marks 0.127ms
[2020-04-16T22:38:31.659+0800][46.877s] GC(98) Concurrent Scan Root Regions
[2020-04-16T22:38:31.659+0800][46.877s] GC(98) Concurrent Scan Root Regions 0.023ms
[2020-04-16T22:38:31.659+0800][46.877s] GC(98) Concurrent Mark (46.877s)
[2020-04-16T22:38:31.660+0800][46.877s] GC(98) Concurrent Mark From Roots
[2020-04-16T22:38:31.660+0800][46.877s] GC(98) Using 4 workers of 4 for marking
[2020-04-16T22:38:31.660+0800][46.878s] GC(97) Phase 1: Mark live objects
[2020-04-16T22:38:32.430+0800][47.648s] GC(97) Phase 1: Mark live objects 770.337ms
[2020-04-16T22:38:32.431+0800][47.648s] GC(97) Phase 2: Prepare for compaction
[2020-04-16T22:38:32.615+0800][47.833s] GC(97) Phase 2: Prepare for compaction 184.458ms
[2020-04-16T22:38:32.615+0800][47.833s] GC(97) Phase 3: Adjust pointers
[2020-04-16T22:38:32.936+0800][48.153s] GC(97) Phase 3: Adjust pointers 320.629ms
[2020-04-16T22:38:32.937+0800][48.154s] GC(97) Phase 4: Compact heap
[2020-04-16T22:38:33.086+0800][48.304s] GC(97) Phase 4: Compact heap 149.793ms
[2020-04-16T22:38:33.091+0800][48.308s] GC(97) Eden regions: 0->0(128)
[2020-04-16T22:38:33.091+0800][48.309s] GC(97) Survivor regions: 0->0(0)
[2020-04-16T22:38:33.091+0800][48.309s] GC(97) Old regions: 509->503
[2020-04-16T22:38:33.091+0800][48.309s] GC(97) Archive regions: 2->2
[2020-04-16T22:38:33.091+0800][48.309s] GC(97) Humongous regions: 1->1
[2020-04-16T22:38:33.091+0800][48.309s] GC(97) Metaspace: 39723K(40960K)->39723K(40960K) NonClass: 34974K(35840K)->34974K(35840K) Class: 4748K(5120K)->4748K(5120K)
[2020-04-16T22:38:33.091+0800][48.309s] GC(97) Pause Full (G1 Evacuation Pause) 509M->502M(512M) 1431.783ms
[2020-04-16T22:38:33.091+0800][48.309s] GC(97) User=4.61s Sys=0.02s Real=1.44s
[2020-04-16T22:38:33.091+0800][48.309s] GC(98) Concurrent Mark From Roots 1431.790ms
[2020-04-16T22:38:33.091+0800][48.309s] GC(98) Concurrent Mark Abort
[2020-04-16T22:38:33.091+0800][48.309s] GC(98) Concurrent Cycle 1432.163ms
[2020-04-16T22:38:33.139+0800][48.356s] GC(99) Pause Young (Normal) (G1 Evacuation Pause)
[2020-04-16T22:38:33.139+0800][48.356s] GC(99) Using 4 workers of 4 for evacuation
[2020-04-16T22:38:33.161+0800][48.378s] GC(99) To-space exhausted
[2020-04-16T22:38:33.161+0800][48.378s] GC(99)   Pre Evacuate Collection Set: 0.1ms
[2020-04-16T22:38:33.161+0800][48.378s] GC(99)   Merge Heap Roots: 0.0ms
[2020-04-16T22:38:33.161+0800][48.378s] GC(99)   Evacuate Collection Set: 12.4ms
[2020-04-16T22:38:33.161+0800][48.378s] GC(99)   Post Evacuate Collection Set: 9.5ms
[2020-04-16T22:38:33.161+0800][48.378s] GC(99)   Other: 0.3ms
[2020-04-16T22:38:33.161+0800][48.378s] GC(99) Eden regions: 6->0(128)
[2020-04-16T22:38:33.161+0800][48.378s] GC(99) Survivor regions: 0->0(0)
[2020-04-16T22:38:33.161+0800][48.378s] GC(99) Old regions: 503->509
[2020-04-16T22:38:33.161+0800][48.378s] GC(99) Archive regions: 2->2
[2020-04-16T22:38:33.161+0800][48.378s] GC(99) Humongous regions: 1->1
[2020-04-16T22:38:33.161+0800][48.378s] GC(99) Metaspace: 39723K(40960K)->39723K(40960K) NonClass: 34974K(35840K)->34974K(35840K) Class: 4748K(5120K)->4748K(5120K)
[2020-04-16T22:38:33.161+0800][48.378s] GC(99) Pause Young (Normal) (G1 Evacuation Pause) 508M->508M(512M) 22.338ms
[2020-04-16T22:38:33.161+0800][48.378s] GC(99) User=0.06s Sys=0.00s Real=0.03s
[2020-04-16T22:38:33.161+0800][48.378s] GC(100) Using 4 workers of 4 for full compaction
[2020-04-16T22:38:33.161+0800][48.379s] GC(100) Pause Full (G1 Evacuation Pause)
[2020-04-16T22:38:33.161+0800][48.379s] GC(100) Phase 1: Mark live objects
[2020-04-16T22:38:34.186+0800][49.403s] GC(100) Phase 1: Mark live objects 1024.306ms
[2020-04-16T22:38:34.186+0800][49.403s] GC(100) Phase 2: Prepare for compaction
[2020-04-16T22:38:34.374+0800][49.592s] GC(100) Phase 2: Prepare for compaction 188.349ms
[2020-04-16T22:38:34.374+0800][49.592s] GC(100) Phase 3: Adjust pointers
[2020-04-16T22:38:34.686+0800][49.903s] GC(100) Phase 3: Adjust pointers 311.722ms
[2020-04-16T22:38:34.686+0800][49.903s] GC(100) Phase 4: Compact heap
[2020-04-16T22:38:34.830+0800][50.048s] GC(100) Phase 4: Compact heap 144.415ms
[2020-04-16T22:38:34.836+0800][50.053s] GC(100) Eden regions: 0->0(128)
[2020-04-16T22:38:34.836+0800][50.053s] GC(100) Survivor regions: 0->0(0)
[2020-04-16T22:38:34.836+0800][50.053s] GC(100) Old regions: 509->508
[2020-04-16T22:38:34.836+0800][50.053s] GC(100) Archive regions: 2->2
[2020-04-16T22:38:34.836+0800][50.053s] GC(100) Humongous regions: 1->1
[2020-04-16T22:38:34.836+0800][50.053s] GC(100) Metaspace: 39723K(40960K)->39723K(40960K) NonClass: 34974K(35840K)->34974K(35840K) Class: 4748K(5120K)->4748K(5120K)
[2020-04-16T22:38:34.836+0800][50.053s] GC(100) Pause Full (G1 Evacuation Pause) 508M->507M(512M) 1674.686ms
[2020-04-16T22:38:34.836+0800][50.053s] GC(100) User=4.78s Sys=0.05s Real=1.67s
[2020-04-16T22:38:34.849+0800][50.066s] GC(101) Pause Young (Concurrent Start) (G1 Evacuation Pause)
[2020-04-16T22:38:34.849+0800][50.066s] GC(101) Using 4 workers of 4 for evacuation
[2020-04-16T22:38:34.854+0800][50.071s] GC(101) To-space exhausted
[2020-04-16T22:38:34.854+0800][50.072s] GC(101)   Pre Evacuate Collection Set: 0.1ms
[2020-04-16T22:38:34.854+0800][50.072s] GC(101)   Merge Heap Roots: 0.0ms
[2020-04-16T22:38:34.854+0800][50.072s] GC(101)   Evacuate Collection Set: 1.8ms
[2020-04-16T22:38:34.854+0800][50.072s] GC(101)   Post Evacuate Collection Set: 3.0ms
[2020-04-16T22:38:34.854+0800][50.072s] GC(101)   Other: 0.2ms
[2020-04-16T22:38:34.854+0800][50.072s] GC(101) Eden regions: 1->0(128)
[2020-04-16T22:38:34.854+0800][50.072s] GC(101) Survivor regions: 0->0(0)
[2020-04-16T22:38:34.854+0800][50.072s] GC(101) Old regions: 508->509
[2020-04-16T22:38:34.854+0800][50.072s] GC(101) Archive regions: 2->2
[2020-04-16T22:38:34.854+0800][50.072s] GC(101) Humongous regions: 1->1
[2020-04-16T22:38:34.854+0800][50.072s] GC(101) Metaspace: 39723K(40960K)->39723K(40960K) NonClass: 34974K(35840K)->34974K(35840K) Class: 4748K(5120K)->4748K(5120K)
[2020-04-16T22:38:34.854+0800][50.072s] GC(101) Pause Young (Concurrent Start) (G1 Evacuation Pause) 508M->508M(512M) 5.350ms
[2020-04-16T22:38:34.854+0800][50.072s] GC(101) User=0.01s Sys=0.00s Real=0.01s
[2020-04-16T22:38:34.854+0800][50.072s] GC(102) Using 4 workers of 4 for full compaction
[2020-04-16T22:38:34.854+0800][50.072s] GC(103) Concurrent Cycle
[2020-04-16T22:38:34.854+0800][50.072s] GC(102) Pause Full (G1 Evacuation Pause)
[2020-04-16T22:38:34.854+0800][50.072s] GC(103) Concurrent Clear Claimed Marks
[2020-04-16T22:38:34.854+0800][50.072s] GC(103) Concurrent Clear Claimed Marks 0.141ms
[2020-04-16T22:38:34.854+0800][50.072s] GC(103) Concurrent Scan Root Regions
[2020-04-16T22:38:34.854+0800][50.072s] GC(103) Concurrent Scan Root Regions 0.024ms
[2020-04-16T22:38:34.854+0800][50.072s] GC(103) Concurrent Mark (50.072s)
[2020-04-16T22:38:34.855+0800][50.072s] GC(103) Concurrent Mark From Roots
[2020-04-16T22:38:34.855+0800][50.072s] GC(103) Using 4 workers of 4 for marking
[2020-04-16T22:38:34.856+0800][50.073s] GC(102) Phase 1: Mark live objects
[2020-04-16T22:38:35.786+0800][51.004s] GC(102) Phase 1: Mark live objects 930.772ms
[2020-04-16T22:38:35.787+0800][51.004s] GC(102) Phase 2: Prepare for compaction
[2020-04-16T22:38:36.133+0800][51.351s] GC(102) Phase 2: Prepare for compaction 346.529ms
[2020-04-16T22:38:36.133+0800][51.351s] GC(102) Phase 3: Adjust pointers
[2020-04-16T22:38:36.489+0800][51.706s] GC(102) Phase 3: Adjust pointers 355.681ms
[2020-04-16T22:38:36.489+0800][51.706s] GC(102) Phase 4: Compact heap
[2020-04-16T22:38:36.665+0800][51.883s] GC(102) Phase 4: Compact heap 176.546ms
[2020-04-16T22:38:36.670+0800][51.888s] GC(102) Eden regions: 0->0(128)
[2020-04-16T22:38:36.670+0800][51.888s] GC(102) Survivor regions: 0->0(0)
[2020-04-16T22:38:36.670+0800][51.888s] GC(102) Old regions: 509->508
[2020-04-16T22:38:36.670+0800][51.888s] GC(102) Archive regions: 2->2
[2020-04-16T22:38:36.670+0800][51.888s] GC(102) Humongous regions: 1->1
[2020-04-16T22:38:36.670+0800][51.888s] GC(102) Metaspace: 39723K(40960K)->39723K(40960K) NonClass: 34974K(35840K)->34974K(35840K) Class: 4748K(5120K)->4748K(5120K)
[2020-04-16T22:38:36.670+0800][51.888s] GC(102) Pause Full (G1 Evacuation Pause) 508M->508M(512M) 1816.033ms
[2020-04-16T22:38:36.671+0800][51.888s] GC(102) User=4.81s Sys=0.05s Real=1.82s
[2020-04-16T22:38:36.671+0800][51.888s] GC(103) Concurrent Mark From Roots 1816.046ms
[2020-04-16T22:38:36.671+0800][51.888s] GC(103) Concurrent Mark Abort
[2020-04-16T22:38:36.671+0800][51.888s] GC(103) Concurrent Cycle 1816.376ms
[2020-04-16T22:38:36.686+0800][51.904s] GC(104) Pause Young (Normal) (G1 Evacuation Pause)
[2020-04-16T22:38:36.687+0800][51.904s] GC(104) Using 4 workers of 4 for evacuation
[2020-04-16T22:38:36.699+0800][51.916s] GC(104) To-space exhausted
[2020-04-16T22:38:36.699+0800][51.916s] GC(104)   Pre Evacuate Collection Set: 0.1ms
[2020-04-16T22:38:36.699+0800][51.916s] GC(104)   Merge Heap Roots: 0.0ms
[2020-04-16T22:38:36.699+0800][51.916s] GC(104)   Evacuate Collection Set: 8.9ms
[2020-04-16T22:38:36.699+0800][51.916s] GC(104)   Post Evacuate Collection Set: 3.2ms
[2020-04-16T22:38:36.699+0800][51.916s] GC(104)   Other: 0.2ms
[2020-04-16T22:38:36.699+0800][51.916s] GC(104) Eden regions: 1->0(128)
[2020-04-16T22:38:36.699+0800][51.916s] GC(104) Survivor regions: 0->0(0)
[2020-04-16T22:38:36.699+0800][51.916s] GC(104) Old regions: 508->509
[2020-04-16T22:38:36.699+0800][51.916s] GC(104) Archive regions: 2->2
[2020-04-16T22:38:36.699+0800][51.916s] GC(104) Humongous regions: 1->1
[2020-04-16T22:38:36.699+0800][51.916s] GC(104) Metaspace: 39723K(40960K)->39723K(40960K) NonClass: 34974K(35840K)->34974K(35840K) Class: 4748K(5120K)->4748K(5120K)
[2020-04-16T22:38:36.699+0800][51.916s] GC(104) Pause Young (Normal) (G1 Evacuation Pause) 509M->509M(512M) 12.539ms
[2020-04-16T22:38:36.699+0800][51.916s] GC(104) User=0.01s Sys=0.00s Real=0.01s
[2020-04-16T22:38:36.699+0800][51.917s] GC(105) Using 4 workers of 4 for full compaction
[2020-04-16T22:38:36.699+0800][51.917s] GC(105) Pause Full (G1 Evacuation Pause)
[2020-04-16T22:38:36.699+0800][51.917s] GC(105) Phase 1: Mark live objects
[2020-04-16T22:38:37.567+0800][52.784s] GC(105) Phase 1: Mark live objects 867.438ms
[2020-04-16T22:38:37.567+0800][52.784s] GC(105) Phase 2: Prepare for compaction
[2020-04-16T22:38:37.722+0800][52.940s] GC(105) Phase 2: Prepare for compaction 155.507ms
[2020-04-16T22:38:37.722+0800][52.940s] GC(105) Phase 3: Adjust pointers
[2020-04-16T22:38:37.975+0800][53.193s] GC(105) Phase 3: Adjust pointers 253.031ms
[2020-04-16T22:38:37.976+0800][53.193s] GC(105) Phase 4: Compact heap
[2020-04-16T22:38:38.098+0800][53.315s] GC(105) Phase 4: Compact heap 121.972ms
[2020-04-16T22:38:38.101+0800][53.319s] GC(105) Eden regions: 0->0(128)
[2020-04-16T22:38:38.101+0800][53.319s] GC(105) Survivor regions: 0->0(0)
[2020-04-16T22:38:38.101+0800][53.319s] GC(105) Old regions: 509->508
[2020-04-16T22:38:38.101+0800][53.319s] GC(105) Archive regions: 2->2
[2020-04-16T22:38:38.101+0800][53.319s] GC(105) Humongous regions: 1->1
[2020-04-16T22:38:38.101+0800][53.319s] GC(105) Metaspace: 39723K(40960K)->39723K(40960K) NonClass: 34974K(35840K)->34974K(35840K) Class: 4748K(5120K)->4748K(5120K)
[2020-04-16T22:38:38.101+0800][53.319s] GC(105) Pause Full (G1 Evacuation Pause) 509M->509M(512M) 1402.238ms
[2020-04-16T22:38:38.102+0800][53.319s] GC(105) User=4.83s Sys=0.02s Real=1.41s
[2020-04-16T22:38:38.107+0800][53.324s] GC(106) Pause Young (Concurrent Start) (G1 Evacuation Pause)
[2020-04-16T22:38:38.107+0800][53.324s] GC(106) Using 4 workers of 4 for evacuation
[2020-04-16T22:38:38.112+0800][53.330s] GC(106) To-space exhausted
[2020-04-16T22:38:38.112+0800][53.330s] GC(106)   Pre Evacuate Collection Set: 0.1ms
[2020-04-16T22:38:38.112+0800][53.330s] GC(106)   Merge Heap Roots: 0.0ms
[2020-04-16T22:38:38.112+0800][53.330s] GC(106)   Evacuate Collection Set: 2.3ms
[2020-04-16T22:38:38.112+0800][53.330s] GC(106)   Post Evacuate Collection Set: 3.1ms
[2020-04-16T22:38:38.112+0800][53.330s] GC(106)   Other: 0.2ms
[2020-04-16T22:38:38.112+0800][53.330s] GC(106) Eden regions: 1->0(128)
[2020-04-16T22:38:38.112+0800][53.330s] GC(106) Survivor regions: 0->0(0)
[2020-04-16T22:38:38.112+0800][53.330s] GC(106) Old regions: 508->509
[2020-04-16T22:38:38.112+0800][53.330s] GC(106) Archive regions: 2->2
[2020-04-16T22:38:38.112+0800][53.330s] GC(106) Humongous regions: 1->1
[2020-04-16T22:38:38.112+0800][53.330s] GC(106) Metaspace: 39723K(40960K)->39723K(40960K) NonClass: 34974K(35840K)->34974K(35840K) Class: 4748K(5120K)->4748K(5120K)
[2020-04-16T22:38:38.112+0800][53.330s] GC(106) Pause Young (Concurrent Start) (G1 Evacuation Pause) 510M->510M(512M) 5.904ms
[2020-04-16T22:38:38.112+0800][53.330s] GC(106) User=0.01s Sys=0.00s Real=0.01s
[2020-04-16T22:38:38.112+0800][53.330s] GC(107) Using 4 workers of 4 for full compaction
[2020-04-16T22:38:38.113+0800][53.330s] GC(107) Pause Full (G1 Evacuation Pause)
[2020-04-16T22:38:38.113+0800][53.330s] GC(108) Concurrent Cycle
[2020-04-16T22:38:38.113+0800][53.330s] GC(108) Concurrent Clear Claimed Marks
[2020-04-16T22:38:38.113+0800][53.330s] GC(108) Concurrent Clear Claimed Marks 0.155ms
[2020-04-16T22:38:38.113+0800][53.330s] GC(108) Concurrent Scan Root Regions
[2020-04-16T22:38:38.113+0800][53.330s] GC(108) Concurrent Scan Root Regions 0.027ms
[2020-04-16T22:38:38.113+0800][53.330s] GC(108) Concurrent Mark (53.330s)
[2020-04-16T22:38:38.113+0800][53.330s] GC(108) Concurrent Mark From Roots
[2020-04-16T22:38:38.113+0800][53.330s] GC(108) Using 4 workers of 4 for marking
[2020-04-16T22:38:38.113+0800][53.331s] GC(107) Phase 1: Mark live objects
[2020-04-16T22:38:38.820+0800][54.037s] GC(107) Phase 1: Mark live objects 706.258ms
[2020-04-16T22:38:38.820+0800][54.037s] GC(107) Phase 2: Prepare for compaction
[2020-04-16T22:38:38.962+0800][54.179s] GC(107) Phase 2: Prepare for compaction 142.206ms
[2020-04-16T22:38:38.962+0800][54.179s] GC(107) Phase 3: Adjust pointers
[2020-04-16T22:38:39.219+0800][54.436s] GC(107) Phase 3: Adjust pointers 256.618ms
[2020-04-16T22:38:39.219+0800][54.436s] GC(107) Phase 4: Compact heap
[2020-04-16T22:38:39.323+0800][54.541s] GC(107) Phase 4: Compact heap 104.666ms
[2020-04-16T22:38:39.327+0800][54.545s] GC(107) Eden regions: 0->0(128)
[2020-04-16T22:38:39.327+0800][54.545s] GC(107) Survivor regions: 0->0(0)
[2020-04-16T22:38:39.327+0800][54.545s] GC(107) Old regions: 509->509
[2020-04-16T22:38:39.327+0800][54.545s] GC(107) Archive regions: 2->2
[2020-04-16T22:38:39.327+0800][54.545s] GC(107) Humongous regions: 1->1
[2020-04-16T22:38:39.327+0800][54.545s] GC(107) Metaspace: 39723K(40960K)->39723K(40960K) NonClass: 34974K(35840K)->34974K(35840K) Class: 4748K(5120K)->4748K(5120K)
[2020-04-16T22:38:39.327+0800][54.545s] GC(107) Pause Full (G1 Evacuation Pause) 510M->510M(512M) 1214.885ms
[2020-04-16T22:38:39.328+0800][54.545s] GC(107) User=4.50s Sys=0.01s Real=1.21s
[2020-04-16T22:38:39.328+0800][54.545s] GC(109) Using 4 workers of 4 for full compaction
[2020-04-16T22:38:39.328+0800][54.545s] GC(109) Pause Full (G1 Evacuation Pause)
[2020-04-16T22:38:39.328+0800][54.545s] GC(109) Phase 1: Mark live objects
[2020-04-16T22:38:40.089+0800][55.307s] GC(109) Phase 1: Mark live objects 761.317ms
[2020-04-16T22:38:40.089+0800][55.307s] GC(109) Phase 2: Prepare for compaction
[2020-04-16T22:38:40.268+0800][55.485s] GC(109) Phase 2: Prepare for compaction 178.528ms
[2020-04-16T22:38:40.268+0800][55.485s] GC(109) Phase 3: Adjust pointers
[2020-04-16T22:38:40.708+0800][55.925s] GC(109) Phase 3: Adjust pointers 440.157ms
[2020-04-16T22:38:40.708+0800][55.925s] GC(109) Phase 4: Compact heap
[2020-04-16T22:38:40.919+0800][56.137s] GC(109) Phase 4: Compact heap 211.113ms
[2020-04-16T22:38:40.924+0800][56.141s] GC(109) Eden regions: 0->0(128)
[2020-04-16T22:38:40.924+0800][56.141s] GC(109) Survivor regions: 0->0(0)
[2020-04-16T22:38:40.924+0800][56.141s] GC(109) Old regions: 509->509
[2020-04-16T22:38:40.924+0800][56.141s] GC(109) Archive regions: 2->2
[2020-04-16T22:38:40.924+0800][56.141s] GC(109) Humongous regions: 1->1
[2020-04-16T22:38:40.924+0800][56.141s] GC(109) Metaspace: 39723K(40960K)->39723K(40960K) NonClass: 34974K(35840K)->34974K(35840K) Class: 4748K(5120K)->4748K(5120K)
[2020-04-16T22:38:40.924+0800][56.141s] GC(109) Pause Full (G1 Evacuation Pause) 510M->510M(512M) 1595.994ms
[2020-04-16T22:38:40.924+0800][56.141s] GC(109) User=4.46s Sys=0.04s Real=1.60s
[2020-04-16T22:38:40.924+0800][56.141s] GC(108) Concurrent Mark From Roots 2811.181ms
[2020-04-16T22:38:40.924+0800][56.142s] GC(110) Pause Young (Normal) (G1 Evacuation Pause)
[2020-04-16T22:38:40.924+0800][56.142s] GC(110) Using 4 workers of 4 for evacuation
[2020-04-16T22:38:40.925+0800][56.142s] GC(110)   Pre Evacuate Collection Set: 0.1ms
[2020-04-16T22:38:40.925+0800][56.142s] GC(110)   Merge Heap Roots: 0.0ms
[2020-04-16T22:38:40.925+0800][56.142s] GC(110)   Evacuate Collection Set: 0.2ms
[2020-04-16T22:38:40.925+0800][56.142s] GC(110)   Post Evacuate Collection Set: 0.3ms
[2020-04-16T22:38:40.925+0800][56.142s] GC(110)   Other: 0.1ms
[2020-04-16T22:38:40.925+0800][56.142s] GC(110) Eden regions: 0->0(128)
[2020-04-16T22:38:40.925+0800][56.142s] GC(110) Survivor regions: 0->0(0)
[2020-04-16T22:38:40.925+0800][56.142s] GC(110) Old regions: 509->509
[2020-04-16T22:38:40.925+0800][56.142s] GC(110) Archive regions: 2->2
[2020-04-16T22:38:40.925+0800][56.142s] GC(110) Humongous regions: 1->1
[2020-04-16T22:38:40.925+0800][56.142s] GC(110) Metaspace: 39723K(40960K)->39723K(40960K) NonClass: 34974K(35840K)->34974K(35840K) Class: 4748K(5120K)->4748K(5120K)
[2020-04-16T22:38:40.925+0800][56.142s] GC(110) Pause Young (Normal) (G1 Evacuation Pause) 510M->510M(512M) 0.795ms
[2020-04-16T22:38:40.925+0800][56.142s] GC(110) User=0.00s Sys=0.00s Real=0.00s
[2020-04-16T22:38:40.925+0800][56.142s] GC(111) Using 4 workers of 4 for full compaction
[2020-04-16T22:38:40.925+0800][56.142s] GC(111) Pause Full (G1 Evacuation Pause)
[2020-04-16T22:38:40.925+0800][56.143s] GC(111) Phase 1: Mark live objects
[2020-04-16T22:38:41.815+0800][57.033s] GC(111) Phase 1: Mark live objects 890.018ms
[2020-04-16T22:38:41.815+0800][57.033s] GC(111) Phase 2: Prepare for compaction
[2020-04-16T22:38:41.960+0800][57.177s] GC(111) Phase 2: Prepare for compaction 144.215ms
[2020-04-16T22:38:41.960+0800][57.177s] GC(111) Phase 3: Adjust pointers
[2020-04-16T22:38:42.211+0800][57.428s] GC(111) Phase 3: Adjust pointers 250.823ms
[2020-04-16T22:38:42.211+0800][57.428s] GC(111) Phase 4: Compact heap
[2020-04-16T22:38:42.314+0800][57.531s] GC(111) Phase 4: Compact heap 103.226ms
[2020-04-16T22:38:42.318+0800][57.535s] GC(111) Eden regions: 0->0(128)
[2020-04-16T22:38:42.318+0800][57.535s] GC(111) Survivor regions: 0->0(0)
[2020-04-16T22:38:42.318+0800][57.535s] GC(111) Old regions: 509->509
[2020-04-16T22:38:42.318+0800][57.535s] GC(111) Archive regions: 2->2
[2020-04-16T22:38:42.318+0800][57.535s] GC(111) Humongous regions: 1->1
[2020-04-16T22:38:42.318+0800][57.536s] GC(111) Metaspace: 39723K(40960K)->39723K(40960K) NonClass: 34974K(35840K)->34974K(35840K) Class: 4748K(5120K)->4748K(5120K)
[2020-04-16T22:38:42.318+0800][57.536s] GC(111) Pause Full (G1 Evacuation Pause) 510M->510M(512M) 1393.075ms
[2020-04-16T22:38:42.318+0800][57.536s] GC(111) User=4.44s Sys=0.02s Real=1.39s
[2020-04-16T22:38:42.318+0800][57.536s] GC(112) Using 4 workers of 4 for full compaction
[2020-04-16T22:38:42.318+0800][57.536s] GC(112) Pause Full (G1 Evacuation Pause)
[2020-04-16T22:38:42.319+0800][57.536s] GC(112) Phase 1: Mark live objects
[2020-04-16T22:38:43.257+0800][58.474s] GC(112) Phase 1: Mark live objects 938.472ms
[2020-04-16T22:38:43.257+0800][58.474s] GC(112) Phase 2: Prepare for compaction
[2020-04-16T22:38:43.467+0800][58.684s] GC(112) Phase 2: Prepare for compaction 209.673ms
[2020-04-16T22:38:43.467+0800][58.684s] GC(112) Phase 3: Adjust pointers
[2020-04-16T22:38:43.749+0800][58.966s] GC(112) Phase 3: Adjust pointers 282.027ms
[2020-04-16T22:38:43.749+0800][58.966s] GC(112) Phase 4: Compact heap
[2020-04-16T22:38:43.853+0800][59.070s] GC(112) Phase 4: Compact heap 103.445ms
[2020-04-16T22:38:43.856+0800][59.074s] GC(112) Eden regions: 0->0(128)
[2020-04-16T22:38:43.856+0800][59.074s] GC(112) Survivor regions: 0->0(0)
[2020-04-16T22:38:43.857+0800][59.074s] GC(112) Old regions: 509->509
[2020-04-16T22:38:43.857+0800][59.074s] GC(112) Archive regions: 2->2
[2020-04-16T22:38:43.857+0800][59.074s] GC(112) Humongous regions: 1->1
[2020-04-16T22:38:43.857+0800][59.074s] GC(112) Metaspace: 39723K(40960K)->39723K(40960K) NonClass: 34974K(35840K)->34974K(35840K) Class: 4748K(5120K)->4748K(5120K)
[2020-04-16T22:38:43.857+0800][59.074s] GC(112) Pause Full (G1 Evacuation Pause) 510M->510M(512M) 1538.300ms
[2020-04-16T22:38:43.857+0800][59.074s] GC(112) User=4.33s Sys=0.03s Real=1.54s
[2020-04-16T22:38:43.857+0800][59.074s] GC(108) Concurrent Mark Abort
[2020-04-16T22:38:43.857+0800][59.074s] GC(108) Concurrent Cycle 5744.407ms
