[2020-04-16T22:41:27.212+0800][0.013s] Heap region size: 1M
[2020-04-16T22:41:27.213+0800][0.013s] Heap address: 0x00000007e0000000, size: 512 MB, Compressed Oops mode: Zero based, Oop shift amount: 3
[2020-04-16T22:41:27.220+0800][0.020s] Using G1
[2020-04-16T22:41:27.220+0800][0.020s] Mark closed archive regions in map: [0x00000007fff00000, 0x00000007fff7aff8]
[2020-04-16T22:41:27.220+0800][0.020s] Mark open archive regions in map: [0x00000007ffe00000, 0x00000007ffe50ff8]
[2020-04-16T22:41:27.239+0800][0.040s] Periodic GC disabled
[2020-04-16T22:41:30.819+0800][3.619s] GC(0) Pause Young (Concurrent Start) (Metadata GC Threshold)
[2020-04-16T22:41:30.819+0800][3.619s] GC(0) Using 4 workers of 4 for evacuation
[2020-04-16T22:41:30.834+0800][3.634s] GC(0)   Pre Evacuate Collection Set: 0.1ms
[2020-04-16T22:41:30.834+0800][3.634s] GC(0)   Merge Heap Roots: 0.0ms
[2020-04-16T22:41:30.834+0800][3.634s] GC(0)   Evacuate Collection Set: 13.7ms
[2020-04-16T22:41:30.834+0800][3.635s] GC(0)   Post Evacuate Collection Set: 1.4ms
[2020-04-16T22:41:30.835+0800][3.635s] GC(0)   Other: 0.6ms
[2020-04-16T22:41:30.835+0800][3.635s] GC(0) Eden regions: 116->0(117)
[2020-04-16T22:41:30.835+0800][3.635s] GC(0) Survivor regions: 0->11(32)
[2020-04-16T22:41:30.835+0800][3.635s] GC(0) Old regions: 0->0
[2020-04-16T22:41:30.835+0800][3.635s] GC(0) Archive regions: 2->2
[2020-04-16T22:41:30.835+0800][3.635s] GC(0) Humongous regions: 0->0
[2020-04-16T22:41:30.835+0800][3.635s] GC(0) Metaspace: 20464K(21248K)->20464K(21248K) NonClass: 18098K(18688K)->18098K(18688K) Class: 2365K(2560K)->2365K(2560K)
[2020-04-16T22:41:30.835+0800][3.635s] GC(0) Pause Young (Concurrent Start) (Metadata GC Threshold) 116M->11M(512M) 16.119ms
[2020-04-16T22:41:30.835+0800][3.635s] GC(0) User=0.05s Sys=0.01s Real=0.02s
[2020-04-16T22:41:30.835+0800][3.635s] GC(1) Concurrent Cycle
[2020-04-16T22:41:30.835+0800][3.635s] GC(1) Concurrent Clear Claimed Marks
[2020-04-16T22:41:30.835+0800][3.635s] GC(1) Concurrent Clear Claimed Marks 0.061ms
[2020-04-16T22:41:30.835+0800][3.635s] GC(1) Concurrent Scan Root Regions
[2020-04-16T22:41:30.839+0800][3.639s] GC(1) Concurrent Scan Root Regions 3.677ms
[2020-04-16T22:41:30.839+0800][3.639s] GC(1) Concurrent Mark (3.639s)
[2020-04-16T22:41:30.839+0800][3.639s] GC(1) Concurrent Mark From Roots
[2020-04-16T22:41:30.839+0800][3.639s] GC(1) Using 4 workers of 4 for marking
[2020-04-16T22:41:30.840+0800][3.640s] GC(1) Concurrent Mark From Roots 1.608ms
[2020-04-16T22:41:30.840+0800][3.640s] GC(1) Concurrent Preclean
[2020-04-16T22:41:30.840+0800][3.640s] GC(1) Concurrent Preclean 0.040ms
[2020-04-16T22:41:30.840+0800][3.640s] GC(1) Concurrent Mark (3.639s, 3.640s) 1.735ms
[2020-04-16T22:41:30.842+0800][3.642s] GC(1) Pause Remark
[2020-04-16T22:41:30.844+0800][3.644s] GC(1) Pause Remark 11M->11M(512M) 1.831ms
[2020-04-16T22:41:30.844+0800][3.644s] GC(1) User=0.01s Sys=0.00s Real=0.00s
[2020-04-16T22:41:30.844+0800][3.644s] GC(1) Concurrent Rebuild Remembered Sets
[2020-04-16T22:41:30.845+0800][3.645s] GC(1) Concurrent Rebuild Remembered Sets 0.790ms
[2020-04-16T22:41:30.845+0800][3.645s] GC(1) Pause Cleanup
[2020-04-16T22:41:30.845+0800][3.645s] GC(1) Pause Cleanup 11M->11M(512M) 0.105ms
[2020-04-16T22:41:30.845+0800][3.645s] GC(1) User=0.00s Sys=0.00s Real=0.00s
[2020-04-16T22:41:30.846+0800][3.646s] GC(1) Concurrent Cleanup for Next Mark
[2020-04-16T22:41:30.851+0800][3.651s] GC(1) Concurrent Cleanup for Next Mark 4.983ms
[2020-04-16T22:41:30.851+0800][3.651s] GC(1) Concurrent Cycle 15.802ms
[2020-04-16T22:41:32.903+0800][5.703s] GC(2) Pause Young (Normal) (G1 Evacuation Pause)
[2020-04-16T22:41:32.903+0800][5.703s] GC(2) Using 4 workers of 4 for evacuation
[2020-04-16T22:41:32.925+0800][5.725s] GC(2)   Pre Evacuate Collection Set: 0.1ms
[2020-04-16T22:41:32.925+0800][5.725s] GC(2)   Merge Heap Roots: 0.1ms
[2020-04-16T22:41:32.925+0800][5.725s] GC(2)   Evacuate Collection Set: 20.6ms
[2020-04-16T22:41:32.925+0800][5.725s] GC(2)   Post Evacuate Collection Set: 1.0ms
[2020-04-16T22:41:32.925+0800][5.725s] GC(2)   Other: 0.2ms
[2020-04-16T22:41:32.925+0800][5.725s] GC(2) Eden regions: 117->0(109)
[2020-04-16T22:41:32.925+0800][5.725s] GC(2) Survivor regions: 11->19(32)
[2020-04-16T22:41:32.925+0800][5.725s] GC(2) Old regions: 0->0
[2020-04-16T22:41:32.925+0800][5.725s] GC(2) Archive regions: 2->2
[2020-04-16T22:41:32.925+0800][5.725s] GC(2) Humongous regions: 1->1
[2020-04-16T22:41:32.925+0800][5.725s] GC(2) Metaspace: 28874K(29952K)->28874K(29952K) NonClass: 25420K(26112K)->25420K(26112K) Class: 3453K(3840K)->3453K(3840K)
[2020-04-16T22:41:32.925+0800][5.725s] GC(2) Pause Young (Normal) (G1 Evacuation Pause) 129M->20M(512M) 22.060ms
[2020-04-16T22:41:32.925+0800][5.725s] GC(2) User=0.07s Sys=0.01s Real=0.02s
[2020-04-16T22:41:33.323+0800][6.123s] GC(3) Pause Young (Normal) (G1 Evacuation Pause)
[2020-04-16T22:41:33.323+0800][6.123s] GC(3) Using 4 workers of 4 for evacuation
[2020-04-16T22:41:33.340+0800][6.140s] GC(3)   Pre Evacuate Collection Set: 0.1ms
[2020-04-16T22:41:33.340+0800][6.140s] GC(3)   Merge Heap Roots: 0.0ms
[2020-04-16T22:41:33.340+0800][6.140s] GC(3)   Evacuate Collection Set: 15.9ms
[2020-04-16T22:41:33.340+0800][6.140s] GC(3)   Post Evacuate Collection Set: 1.2ms
[2020-04-16T22:41:33.340+0800][6.140s] GC(3)   Other: 0.2ms
[2020-04-16T22:41:33.340+0800][6.140s] GC(3) Eden regions: 109->0(109)
[2020-04-16T22:41:33.340+0800][6.140s] GC(3) Survivor regions: 19->19(32)
[2020-04-16T22:41:33.340+0800][6.140s] GC(3) Old regions: 0->0
[2020-04-16T22:41:33.340+0800][6.140s] GC(3) Archive regions: 2->2
[2020-04-16T22:41:33.340+0800][6.140s] GC(3) Humongous regions: 1->1
[2020-04-16T22:41:33.340+0800][6.140s] GC(3) Metaspace: 30345K(31360K)->30345K(31360K) NonClass: 26708K(27392K)->26708K(27392K) Class: 3637K(3968K)->3637K(3968K)
[2020-04-16T22:41:33.340+0800][6.140s] GC(3) Pause Young (Normal) (G1 Evacuation Pause) 129M->20M(512M) 17.609ms
[2020-04-16T22:41:33.340+0800][6.140s] GC(3) User=0.06s Sys=0.00s Real=0.02s
[2020-04-16T22:41:34.239+0800][7.039s] GC(4) Pause Young (Concurrent Start) (Metadata GC Threshold)
[2020-04-16T22:41:34.239+0800][7.039s] GC(4) Using 4 workers of 4 for evacuation
[2020-04-16T22:41:34.254+0800][7.054s] GC(4)   Pre Evacuate Collection Set: 0.1ms
[2020-04-16T22:41:34.254+0800][7.054s] GC(4)   Merge Heap Roots: 0.0ms
[2020-04-16T22:41:34.254+0800][7.054s] GC(4)   Evacuate Collection Set: 13.9ms
[2020-04-16T22:41:34.254+0800][7.054s] GC(4)   Post Evacuate Collection Set: 1.1ms
[2020-04-16T22:41:34.254+0800][7.054s] GC(4)   Other: 0.2ms
[2020-04-16T22:41:34.254+0800][7.054s] GC(4) Eden regions: 106->0(107)
[2020-04-16T22:41:34.254+0800][7.054s] GC(4) Survivor regions: 19->21(32)
[2020-04-16T22:41:34.254+0800][7.054s] GC(4) Old regions: 0->0
[2020-04-16T22:41:34.254+0800][7.054s] GC(4) Archive regions: 2->2
[2020-04-16T22:41:34.254+0800][7.054s] GC(4) Humongous regions: 1->1
[2020-04-16T22:41:34.254+0800][7.054s] GC(4) Metaspace: 34471K(35584K)->34471K(35584K) NonClass: 30303K(30976K)->30303K(30976K) Class: 4167K(4608K)->4167K(4608K)
[2020-04-16T22:41:34.254+0800][7.054s] GC(4) Pause Young (Concurrent Start) (Metadata GC Threshold) 126M->22M(512M) 15.541ms
[2020-04-16T22:41:34.255+0800][7.054s] GC(4) User=0.06s Sys=0.00s Real=0.02s
[2020-04-16T22:41:34.255+0800][7.055s] GC(5) Concurrent Cycle
[2020-04-16T22:41:34.255+0800][7.055s] GC(5) Concurrent Clear Claimed Marks
[2020-04-16T22:41:34.255+0800][7.055s] GC(5) Concurrent Clear Claimed Marks 0.066ms
[2020-04-16T22:41:34.255+0800][7.055s] GC(5) Concurrent Scan Root Regions
[2020-04-16T22:41:34.259+0800][7.059s] GC(5) Concurrent Scan Root Regions 4.506ms
[2020-04-16T22:41:34.259+0800][7.059s] GC(5) Concurrent Mark (7.059s)
[2020-04-16T22:41:34.259+0800][7.059s] GC(5) Concurrent Mark From Roots
[2020-04-16T22:41:34.259+0800][7.059s] GC(5) Using 4 workers of 4 for marking
[2020-04-16T22:41:34.261+0800][7.061s] GC(5) Concurrent Mark From Roots 1.734ms
[2020-04-16T22:41:34.261+0800][7.061s] GC(5) Concurrent Preclean
[2020-04-16T22:41:34.261+0800][7.061s] GC(5) Concurrent Preclean 0.033ms
[2020-04-16T22:41:34.261+0800][7.061s] GC(5) Concurrent Mark (7.059s, 7.061s) 1.841ms
[2020-04-16T22:41:34.262+0800][7.062s] GC(5) Pause Remark
[2020-04-16T22:41:34.265+0800][7.065s] GC(5) Pause Remark 22M->22M(512M) 3.035ms
[2020-04-16T22:41:34.265+0800][7.065s] GC(5) User=0.01s Sys=0.00s Real=0.00s
[2020-04-16T22:41:34.265+0800][7.065s] GC(5) Concurrent Rebuild Remembered Sets
[2020-04-16T22:41:34.266+0800][7.066s] GC(5) Concurrent Rebuild Remembered Sets 0.876ms
[2020-04-16T22:41:34.266+0800][7.066s] GC(5) Pause Cleanup
[2020-04-16T22:41:34.267+0800][7.067s] GC(5) Pause Cleanup 22M->22M(512M) 0.088ms
[2020-04-16T22:41:34.267+0800][7.067s] GC(5) User=0.00s Sys=0.00s Real=0.00s
[2020-04-16T22:41:34.274+0800][7.074s] GC(5) Concurrent Cleanup for Next Mark
[2020-04-16T22:41:34.277+0800][7.077s] GC(5) Concurrent Cleanup for Next Mark 3.536ms
[2020-04-16T22:41:34.277+0800][7.077s] GC(5) Concurrent Cycle 22.916ms
[2020-04-16T22:41:35.711+0800][8.511s] GC(6) Pause Young (Normal) (G1 Evacuation Pause)
[2020-04-16T22:41:35.711+0800][8.511s] GC(6) Using 4 workers of 4 for evacuation
[2020-04-16T22:41:35.738+0800][8.538s] GC(6)   Pre Evacuate Collection Set: 0.1ms
[2020-04-16T22:41:35.738+0800][8.538s] GC(6)   Merge Heap Roots: 0.0ms
[2020-04-16T22:41:35.738+0800][8.538s] GC(6)   Evacuate Collection Set: 25.9ms
[2020-04-16T22:41:35.739+0800][8.538s] GC(6)   Post Evacuate Collection Set: 1.4ms
[2020-04-16T22:41:35.739+0800][8.538s] GC(6)   Other: 0.2ms
[2020-04-16T22:41:35.739+0800][8.538s] GC(6) Eden regions: 107->0(101)
[2020-04-16T22:41:35.739+0800][8.538s] GC(6) Survivor regions: 21->27(32)
[2020-04-16T22:41:35.739+0800][8.538s] GC(6) Old regions: 0->0
[2020-04-16T22:41:35.739+0800][8.538s] GC(6) Archive regions: 2->2
[2020-04-16T22:41:35.739+0800][8.538s] GC(6) Humongous regions: 1->1
[2020-04-16T22:41:35.739+0800][8.539s] GC(6) Metaspace: 38924K(40192K)->38924K(40192K) NonClass: 34197K(35072K)->34197K(35072K) Class: 4726K(5120K)->4726K(5120K)
[2020-04-16T22:41:35.739+0800][8.539s] GC(6) Pause Young (Normal) (G1 Evacuation Pause) 129M->28M(512M) 27.684ms
[2020-04-16T22:41:35.739+0800][8.539s] GC(6) User=0.10s Sys=0.01s Real=0.02s
[2020-04-16T22:41:36.611+0800][9.411s] GC(7) Pause Young (Normal) (G1 Evacuation Pause)
[2020-04-16T22:41:36.611+0800][9.411s] GC(7) Using 4 workers of 4 for evacuation
[2020-04-16T22:41:36.749+0800][9.549s] GC(7)   Pre Evacuate Collection Set: 0.1ms
[2020-04-16T22:41:36.749+0800][9.549s] GC(7)   Merge Heap Roots: 0.0ms
[2020-04-16T22:41:36.749+0800][9.549s] GC(7)   Evacuate Collection Set: 135.9ms
[2020-04-16T22:41:36.749+0800][9.549s] GC(7)   Post Evacuate Collection Set: 1.6ms
[2020-04-16T22:41:36.749+0800][9.549s] GC(7)   Other: 0.2ms
[2020-04-16T22:41:36.749+0800][9.549s] GC(7) Eden regions: 101->0(96)
[2020-04-16T22:41:36.749+0800][9.549s] GC(7) Survivor regions: 27->32(32)
[2020-04-16T22:41:36.749+0800][9.549s] GC(7) Old regions: 0->59
[2020-04-16T22:41:36.749+0800][9.549s] GC(7) Archive regions: 2->2
[2020-04-16T22:41:36.749+0800][9.549s] GC(7) Humongous regions: 1->1
[2020-04-16T22:41:36.749+0800][9.549s] GC(7) Metaspace: 38969K(40192K)->38969K(40192K) NonClass: 34241K(35072K)->34241K(35072K) Class: 4728K(5120K)->4728K(5120K)
[2020-04-16T22:41:36.749+0800][9.549s] GC(7) Pause Young (Normal) (G1 Evacuation Pause) 129M->92M(512M) 137.905ms
[2020-04-16T22:41:36.749+0800][9.549s] GC(7) User=0.45s Sys=0.06s Real=0.13s
[2020-04-16T22:41:37.043+0800][9.842s] GC(8) Pause Young (Normal) (G1 Evacuation Pause)
[2020-04-16T22:41:37.043+0800][9.842s] GC(8) Using 4 workers of 4 for evacuation
[2020-04-16T22:41:37.222+0800][10.022s] GC(8)   Pre Evacuate Collection Set: 0.1ms
[2020-04-16T22:41:37.222+0800][10.022s] GC(8)   Merge Heap Roots: 0.0ms
[2020-04-16T22:41:37.222+0800][10.022s] GC(8)   Evacuate Collection Set: 176.9ms
[2020-04-16T22:41:37.222+0800][10.022s] GC(8)   Post Evacuate Collection Set: 2.1ms
[2020-04-16T22:41:37.222+0800][10.022s] GC(8)   Other: 0.2ms
[2020-04-16T22:41:37.222+0800][10.022s] GC(8) Eden regions: 96->0(96)
[2020-04-16T22:41:37.222+0800][10.022s] GC(8) Survivor regions: 32->32(32)
[2020-04-16T22:41:37.222+0800][10.022s] GC(8) Old regions: 59->145
[2020-04-16T22:41:37.222+0800][10.022s] GC(8) Archive regions: 2->2
[2020-04-16T22:41:37.222+0800][10.022s] GC(8) Humongous regions: 1->1
[2020-04-16T22:41:37.222+0800][10.022s] GC(8) Metaspace: 38969K(40192K)->38969K(40192K) NonClass: 34241K(35072K)->34241K(35072K) Class: 4728K(5120K)->4728K(5120K)
[2020-04-16T22:41:37.222+0800][10.022s] GC(8) Pause Young (Normal) (G1 Evacuation Pause) 188M->178M(512M) 179.586ms
[2020-04-16T22:41:37.222+0800][10.022s] GC(8) User=0.56s Sys=0.06s Real=0.18s
[2020-04-16T22:41:37.834+0800][10.634s] GC(9) Pause Young (Normal) (G1 Evacuation Pause)
[2020-04-16T22:41:37.834+0800][10.634s] GC(9) Using 4 workers of 4 for evacuation
[2020-04-16T22:41:38.115+0800][10.915s] GC(9) MMU target violated: 201.0ms (200.0ms/201.0ms)
[2020-04-16T22:41:38.115+0800][10.915s] GC(9)   Pre Evacuate Collection Set: 0.1ms
[2020-04-16T22:41:38.115+0800][10.915s] GC(9)   Merge Heap Roots: 0.1ms
[2020-04-16T22:41:38.115+0800][10.915s] GC(9)   Evacuate Collection Set: 278.1ms
[2020-04-16T22:41:38.115+0800][10.915s] GC(9)   Post Evacuate Collection Set: 2.8ms
[2020-04-16T22:41:38.115+0800][10.915s] GC(9)   Other: 0.3ms
[2020-04-16T22:41:38.115+0800][10.915s] GC(9) Eden regions: 96->0(96)
[2020-04-16T22:41:38.115+0800][10.915s] GC(9) Survivor regions: 32->32(32)
[2020-04-16T22:41:38.115+0800][10.915s] GC(9) Old regions: 145->226
[2020-04-16T22:41:38.115+0800][10.915s] GC(9) Archive regions: 2->2
[2020-04-16T22:41:38.115+0800][10.915s] GC(9) Humongous regions: 1->1
[2020-04-16T22:41:38.115+0800][10.915s] GC(9) Metaspace: 38969K(40192K)->38969K(40192K) NonClass: 34241K(35072K)->34241K(35072K) Class: 4728K(5120K)->4728K(5120K)
[2020-04-16T22:41:38.115+0800][10.915s] GC(9) Pause Young (Normal) (G1 Evacuation Pause) 274M->259M(512M) 281.399ms
[2020-04-16T22:41:38.115+0800][10.915s] GC(9) User=0.58s Sys=0.05s Real=0.28s
[2020-04-16T22:41:40.997+0800][13.796s] GC(10) Pause Young (Normal) (G1 Evacuation Pause)
[2020-04-16T22:41:40.997+0800][13.796s] GC(10) Using 4 workers of 4 for evacuation
[2020-04-16T22:41:41.126+0800][13.926s] GC(10)   Pre Evacuate Collection Set: 0.1ms
[2020-04-16T22:41:41.126+0800][13.926s] GC(10)   Merge Heap Roots: 0.1ms
[2020-04-16T22:41:41.126+0800][13.926s] GC(10)   Evacuate Collection Set: 128.6ms
[2020-04-16T22:41:41.126+0800][13.926s] GC(10)   Post Evacuate Collection Set: 0.5ms
[2020-04-16T22:41:41.126+0800][13.926s] GC(10)   Other: 0.1ms
[2020-04-16T22:41:41.126+0800][13.926s] GC(10) Eden regions: 96->0(96)
[2020-04-16T22:41:41.126+0800][13.926s] GC(10) Survivor regions: 32->32(32)
[2020-04-16T22:41:41.126+0800][13.926s] GC(10) Old regions: 226->284
[2020-04-16T22:41:41.126+0800][13.926s] GC(10) Archive regions: 2->2
[2020-04-16T22:41:41.126+0800][13.926s] GC(10) Humongous regions: 1->1
[2020-04-16T22:41:41.126+0800][13.926s] GC(10) Metaspace: 39127K(40448K)->39127K(40448K) NonClass: 34388K(35328K)->34388K(35328K) Class: 4738K(5120K)->4738K(5120K)
[2020-04-16T22:41:41.126+0800][13.926s] GC(10) Pause Young (Normal) (G1 Evacuation Pause) 355M->317M(512M) 129.518ms
[2020-04-16T22:41:41.126+0800][13.926s] GC(10) User=0.43s Sys=0.03s Real=0.13s
[2020-04-16T22:41:41.208+0800][14.007s] GC(11) Pause Young (Concurrent Start) (G1 Evacuation Pause)
[2020-04-16T22:41:41.208+0800][14.007s] GC(11) Using 4 workers of 4 for evacuation
[2020-04-16T22:41:41.259+0800][14.059s] GC(11)   Pre Evacuate Collection Set: 0.1ms
[2020-04-16T22:41:41.259+0800][14.059s] GC(11)   Merge Heap Roots: 0.1ms
[2020-04-16T22:41:41.260+0800][14.059s] GC(11)   Evacuate Collection Set: 51.1ms
[2020-04-16T22:41:41.260+0800][14.059s] GC(11)   Post Evacuate Collection Set: 0.4ms
[2020-04-16T22:41:41.260+0800][14.059s] GC(11)   Other: 0.2ms
[2020-04-16T22:41:41.260+0800][14.059s] GC(11) Eden regions: 96->0(99)
[2020-04-16T22:41:41.260+0800][14.059s] GC(11) Survivor regions: 32->29(32)
[2020-04-16T22:41:41.260+0800][14.059s] GC(11) Old regions: 284->291
[2020-04-16T22:41:41.260+0800][14.059s] GC(11) Archive regions: 2->2
[2020-04-16T22:41:41.260+0800][14.059s] GC(11) Humongous regions: 1->1
[2020-04-16T22:41:41.260+0800][14.059s] GC(11) Metaspace: 39193K(40448K)->39193K(40448K) NonClass: 34454K(35328K)->34454K(35328K) Class: 4739K(5120K)->4739K(5120K)
[2020-04-16T22:41:41.260+0800][14.059s] GC(11) Pause Young (Concurrent Start) (G1 Evacuation Pause) 413M->320M(512M) 52.084ms
[2020-04-16T22:41:41.260+0800][14.059s] GC(11) User=0.19s Sys=0.00s Real=0.06s
[2020-04-16T22:41:41.260+0800][14.059s] GC(12) Concurrent Cycle
[2020-04-16T22:41:41.260+0800][14.059s] GC(12) Concurrent Clear Claimed Marks
[2020-04-16T22:41:41.260+0800][14.060s] GC(12) Concurrent Clear Claimed Marks 0.126ms
[2020-04-16T22:41:41.260+0800][14.060s] GC(12) Concurrent Scan Root Regions
[2020-04-16T22:41:41.275+0800][14.075s] GC(12) Concurrent Scan Root Regions 15.543ms
[2020-04-16T22:41:41.275+0800][14.075s] GC(12) Concurrent Mark (14.075s)
[2020-04-16T22:41:41.275+0800][14.075s] GC(12) Concurrent Mark From Roots
[2020-04-16T22:41:41.276+0800][14.075s] GC(12) Using 4 workers of 4 for marking
[2020-04-16T22:41:41.796+0800][14.595s] GC(13) Pause Young (Normal) (G1 Evacuation Pause)
[2020-04-16T22:41:41.796+0800][14.595s] GC(13) Using 4 workers of 4 for evacuation
[2020-04-16T22:41:41.840+0800][14.639s] GC(13)   Pre Evacuate Collection Set: 0.1ms
[2020-04-16T22:41:41.840+0800][14.640s] GC(13)   Merge Heap Roots: 0.1ms
[2020-04-16T22:41:41.840+0800][14.640s] GC(13)   Evacuate Collection Set: 43.3ms
[2020-04-16T22:41:41.840+0800][14.640s] GC(13)   Post Evacuate Collection Set: 0.4ms
[2020-04-16T22:41:41.840+0800][14.640s] GC(13)   Other: 0.2ms
[2020-04-16T22:41:41.840+0800][14.640s] GC(13) Eden regions: 99->0(99)
[2020-04-16T22:41:41.840+0800][14.640s] GC(13) Survivor regions: 29->29(32)
[2020-04-16T22:41:41.840+0800][14.640s] GC(13) Old regions: 291->291
[2020-04-16T22:41:41.840+0800][14.640s] GC(13) Archive regions: 2->2
[2020-04-16T22:41:41.840+0800][14.640s] GC(13) Humongous regions: 1->1
[2020-04-16T22:41:41.840+0800][14.640s] GC(13) Metaspace: 39322K(40448K)->39322K(40448K) NonClass: 34581K(35328K)->34581K(35328K) Class: 4740K(5120K)->4740K(5120K)
[2020-04-16T22:41:41.840+0800][14.640s] GC(13) Pause Young (Normal) (G1 Evacuation Pause) 419M->320M(512M) 44.255ms
[2020-04-16T22:41:41.840+0800][14.640s] GC(13) User=0.15s Sys=0.00s Real=0.05s
[2020-04-16T22:41:41.939+0800][14.739s] GC(14) Pause Young (Normal) (G1 Evacuation Pause)
[2020-04-16T22:41:41.940+0800][14.739s] GC(14) Using 4 workers of 4 for evacuation
[2020-04-16T22:41:41.983+0800][14.782s] GC(14)   Pre Evacuate Collection Set: 0.1ms
[2020-04-16T22:41:41.983+0800][14.783s] GC(14)   Merge Heap Roots: 0.1ms
[2020-04-16T22:41:41.983+0800][14.783s] GC(14)   Evacuate Collection Set: 42.5ms
[2020-04-16T22:41:41.983+0800][14.783s] GC(14)   Post Evacuate Collection Set: 0.4ms
[2020-04-16T22:41:41.983+0800][14.783s] GC(14)   Other: 0.2ms
[2020-04-16T22:41:41.983+0800][14.783s] GC(14) Eden regions: 99->0(99)
[2020-04-16T22:41:41.983+0800][14.783s] GC(14) Survivor regions: 29->29(32)
[2020-04-16T22:41:41.983+0800][14.783s] GC(14) Old regions: 291->291
[2020-04-16T22:41:41.983+0800][14.783s] GC(14) Archive regions: 2->2
[2020-04-16T22:41:41.983+0800][14.783s] GC(14) Humongous regions: 1->1
[2020-04-16T22:41:41.983+0800][14.783s] GC(14) Metaspace: 39322K(40448K)->39322K(40448K) NonClass: 34581K(35328K)->34581K(35328K) Class: 4740K(5120K)->4740K(5120K)
[2020-04-16T22:41:41.983+0800][14.783s] GC(14) Pause Young (Normal) (G1 Evacuation Pause) 419M->320M(512M) 43.419ms
[2020-04-16T22:41:41.983+0800][14.783s] GC(14) User=0.16s Sys=0.00s Real=0.05s
[2020-04-16T22:41:42.060+0800][14.860s] GC(15) Pause Young (Normal) (G1 Evacuation Pause)
[2020-04-16T22:41:42.060+0800][14.860s] GC(15) Using 4 workers of 4 for evacuation
[2020-04-16T22:41:42.102+0800][14.902s] GC(15)   Pre Evacuate Collection Set: 0.1ms
[2020-04-16T22:41:42.102+0800][14.902s] GC(15)   Merge Heap Roots: 0.1ms
[2020-04-16T22:41:42.102+0800][14.902s] GC(15)   Evacuate Collection Set: 40.9ms
[2020-04-16T22:41:42.102+0800][14.902s] GC(15)   Post Evacuate Collection Set: 0.6ms
[2020-04-16T22:41:42.102+0800][14.902s] GC(15)   Other: 0.2ms
[2020-04-16T22:41:42.102+0800][14.902s] GC(15) Eden regions: 99->0(100)
[2020-04-16T22:41:42.102+0800][14.902s] GC(15) Survivor regions: 29->28(32)
[2020-04-16T22:41:42.102+0800][14.902s] GC(15) Old regions: 291->291
[2020-04-16T22:41:42.102+0800][14.902s] GC(15) Archive regions: 2->2
[2020-04-16T22:41:42.102+0800][14.902s] GC(15) Humongous regions: 1->1
[2020-04-16T22:41:42.102+0800][14.902s] GC(15) Metaspace: 39322K(40448K)->39322K(40448K) NonClass: 34581K(35328K)->34581K(35328K) Class: 4740K(5120K)->4740K(5120K)
[2020-04-16T22:41:42.102+0800][14.902s] GC(15) Pause Young (Normal) (G1 Evacuation Pause) 419M->320M(512M) 42.011ms
[2020-04-16T22:41:42.102+0800][14.902s] GC(15) User=0.16s Sys=0.00s Real=0.04s
[2020-04-16T22:41:42.107+0800][14.907s] GC(12) Concurrent Mark From Roots 831.483ms
[2020-04-16T22:41:42.107+0800][14.907s] GC(12) Concurrent Preclean
[2020-04-16T22:41:42.107+0800][14.907s] GC(12) Concurrent Preclean 0.107ms
[2020-04-16T22:41:42.107+0800][14.907s] GC(12) Concurrent Mark (14.075s, 14.907s) 831.664ms
[2020-04-16T22:41:42.107+0800][14.907s] GC(12) Pause Remark
[2020-04-16T22:41:42.114+0800][14.914s] GC(12) Pause Remark 322M->322M(512M) 7.119ms
[2020-04-16T22:41:42.115+0800][14.914s] GC(12) User=0.02s Sys=0.00s Real=0.01s
[2020-04-16T22:41:42.117+0800][14.917s] GC(12) Concurrent Rebuild Remembered Sets
[2020-04-16T22:41:42.190+0800][14.990s] GC(16) Pause Young (Normal) (G1 Evacuation Pause)
[2020-04-16T22:41:42.190+0800][14.990s] GC(16) Using 4 workers of 4 for evacuation
[2020-04-16T22:41:42.232+0800][15.031s] GC(16)   Pre Evacuate Collection Set: 0.1ms
[2020-04-16T22:41:42.232+0800][15.031s] GC(16)   Merge Heap Roots: 0.1ms
[2020-04-16T22:41:42.232+0800][15.031s] GC(16)   Evacuate Collection Set: 40.7ms
[2020-04-16T22:41:42.232+0800][15.031s] GC(16)   Post Evacuate Collection Set: 0.4ms
[2020-04-16T22:41:42.232+0800][15.031s] GC(16)   Other: 0.2ms
[2020-04-16T22:41:42.232+0800][15.031s] GC(16) Eden regions: 100->0(99)
[2020-04-16T22:41:42.232+0800][15.031s] GC(16) Survivor regions: 28->29(32)
[2020-04-16T22:41:42.232+0800][15.031s] GC(16) Old regions: 291->291
[2020-04-16T22:41:42.232+0800][15.031s] GC(16) Archive regions: 2->2
[2020-04-16T22:41:42.232+0800][15.031s] GC(16) Humongous regions: 1->1
[2020-04-16T22:41:42.232+0800][15.031s] GC(16) Metaspace: 39310K(40448K)->39310K(40448K) NonClass: 34574K(35328K)->34574K(35328K) Class: 4736K(5120K)->4736K(5120K)
[2020-04-16T22:41:42.232+0800][15.031s] GC(16) Pause Young (Normal) (G1 Evacuation Pause) 420M->320M(512M) 41.585ms
[2020-04-16T22:41:42.232+0800][15.031s] GC(16) User=0.16s Sys=0.00s Real=0.04s
[2020-04-16T22:41:42.326+0800][15.126s] GC(17) Pause Young (Normal) (G1 Evacuation Pause)
[2020-04-16T22:41:42.326+0800][15.126s] GC(17) Using 4 workers of 4 for evacuation
[2020-04-16T22:41:42.372+0800][15.172s] GC(17)   Pre Evacuate Collection Set: 0.1ms
[2020-04-16T22:41:42.372+0800][15.172s] GC(17)   Merge Heap Roots: 0.1ms
[2020-04-16T22:41:42.372+0800][15.172s] GC(17)   Evacuate Collection Set: 44.7ms
[2020-04-16T22:41:42.372+0800][15.172s] GC(17)   Post Evacuate Collection Set: 0.8ms
[2020-04-16T22:41:42.372+0800][15.172s] GC(17)   Other: 0.2ms
[2020-04-16T22:41:42.372+0800][15.172s] GC(17) Eden regions: 99->0(107)
[2020-04-16T22:41:42.372+0800][15.172s] GC(17) Survivor regions: 29->21(32)
[2020-04-16T22:41:42.372+0800][15.172s] GC(17) Old regions: 291->298
[2020-04-16T22:41:42.372+0800][15.172s] GC(17) Archive regions: 2->2
[2020-04-16T22:41:42.372+0800][15.172s] GC(17) Humongous regions: 1->1
[2020-04-16T22:41:42.372+0800][15.172s] GC(17) Metaspace: 39310K(40448K)->39310K(40448K) NonClass: 34574K(35328K)->34574K(35328K) Class: 4736K(5120K)->4736K(5120K)
[2020-04-16T22:41:42.372+0800][15.172s] GC(17) Pause Young (Normal) (G1 Evacuation Pause) 419M->320M(512M) 46.023ms
[2020-04-16T22:41:42.372+0800][15.172s] GC(17) User=0.15s Sys=0.00s Real=0.05s
[2020-04-16T22:41:42.444+0800][15.244s] GC(18) Pause Young (Normal) (G1 Evacuation Pause)
[2020-04-16T22:41:42.444+0800][15.244s] GC(18) Using 4 workers of 4 for evacuation
[2020-04-16T22:41:42.477+0800][15.277s] GC(18)   Pre Evacuate Collection Set: 0.1ms
[2020-04-16T22:41:42.477+0800][15.277s] GC(18)   Merge Heap Roots: 0.1ms
[2020-04-16T22:41:42.477+0800][15.277s] GC(18)   Evacuate Collection Set: 32.1ms
[2020-04-16T22:41:42.477+0800][15.277s] GC(18)   Post Evacuate Collection Set: 0.5ms
[2020-04-16T22:41:42.477+0800][15.277s] GC(18)   Other: 0.2ms
[2020-04-16T22:41:42.477+0800][15.277s] GC(18) Eden regions: 107->0(107)
[2020-04-16T22:41:42.477+0800][15.277s] GC(18) Survivor regions: 21->21(32)
[2020-04-16T22:41:42.477+0800][15.277s] GC(18) Old regions: 298->299
[2020-04-16T22:41:42.477+0800][15.277s] GC(18) Archive regions: 2->2
[2020-04-16T22:41:42.477+0800][15.277s] GC(18) Humongous regions: 1->1
[2020-04-16T22:41:42.477+0800][15.277s] GC(18) Metaspace: 39310K(40448K)->39310K(40448K) NonClass: 34574K(35328K)->34574K(35328K) Class: 4736K(5120K)->4736K(5120K)
[2020-04-16T22:41:42.477+0800][15.277s] GC(18) Pause Young (Normal) (G1 Evacuation Pause) 427M->321M(512M) 33.037ms
[2020-04-16T22:41:42.477+0800][15.277s] GC(18) User=0.12s Sys=0.00s Real=0.03s
[2020-04-16T22:41:42.538+0800][15.338s] GC(12) Concurrent Rebuild Remembered Sets 421.195ms
[2020-04-16T22:41:42.539+0800][15.338s] GC(12) Pause Cleanup
[2020-04-16T22:41:42.539+0800][15.339s] GC(12) Pause Cleanup 409M->409M(512M) 0.278ms
[2020-04-16T22:41:42.539+0800][15.339s] GC(12) User=0.00s Sys=0.00s Real=0.00s
[2020-04-16T22:41:42.539+0800][15.339s] GC(12) Concurrent Cleanup for Next Mark
[2020-04-16T22:41:42.540+0800][15.340s] GC(12) Concurrent Cleanup for Next Mark 0.837ms
[2020-04-16T22:41:42.540+0800][15.340s] GC(12) Concurrent Cycle 1280.227ms
[2020-04-16T22:41:42.545+0800][15.345s] GC(19) Pause Young (Normal) (G1 Evacuation Pause)
[2020-04-16T22:41:42.545+0800][15.345s] GC(19) Using 4 workers of 4 for evacuation
[2020-04-16T22:41:42.580+0800][15.380s] GC(19)   Pre Evacuate Collection Set: 0.1ms
[2020-04-16T22:41:42.580+0800][15.380s] GC(19)   Merge Heap Roots: 0.0ms
[2020-04-16T22:41:42.580+0800][15.380s] GC(19)   Evacuate Collection Set: 34.6ms
[2020-04-16T22:41:42.580+0800][15.380s] GC(19)   Post Evacuate Collection Set: 0.5ms
[2020-04-16T22:41:42.580+0800][15.380s] GC(19)   Other: 0.1ms
[2020-04-16T22:41:42.580+0800][15.380s] GC(19) Eden regions: 107->0(125)
[2020-04-16T22:41:42.580+0800][15.380s] GC(19) Survivor regions: 21->3(32)
[2020-04-16T22:41:42.580+0800][15.380s] GC(19) Old regions: 299->318
[2020-04-16T22:41:42.580+0800][15.380s] GC(19) Archive regions: 2->2
[2020-04-16T22:41:42.581+0800][15.380s] GC(19) Humongous regions: 1->1
[2020-04-16T22:41:42.581+0800][15.380s] GC(19) Metaspace: 39310K(40448K)->39310K(40448K) NonClass: 34574K(35328K)->34574K(35328K) Class: 4736K(5120K)->4736K(5120K)
[2020-04-16T22:41:42.581+0800][15.380s] GC(19) Pause Young (Normal) (G1 Evacuation Pause) 428M->322M(512M) 35.445ms
[2020-04-16T22:41:42.581+0800][15.380s] GC(19) User=0.12s Sys=0.01s Real=0.04s
[2020-04-16T22:41:42.617+0800][15.417s] GC(20) Pause Young (Concurrent Start) (G1 Evacuation Pause)
[2020-04-16T22:41:42.617+0800][15.417s] GC(20) Using 4 workers of 4 for evacuation
[2020-04-16T22:41:42.620+0800][15.420s] GC(20)   Pre Evacuate Collection Set: 0.1ms
[2020-04-16T22:41:42.620+0800][15.420s] GC(20)   Merge Heap Roots: 0.1ms
[2020-04-16T22:41:42.620+0800][15.420s] GC(20)   Evacuate Collection Set: 1.5ms
[2020-04-16T22:41:42.620+0800][15.420s] GC(20)   Post Evacuate Collection Set: 0.4ms
[2020-04-16T22:41:42.620+0800][15.420s] GC(20)   Other: 0.2ms
[2020-04-16T22:41:42.620+0800][15.420s] GC(20) Eden regions: 125->0(126)
[2020-04-16T22:41:42.620+0800][15.420s] GC(20) Survivor regions: 3->2(32)
[2020-04-16T22:41:42.620+0800][15.420s] GC(20) Old regions: 318->320
[2020-04-16T22:41:42.620+0800][15.420s] GC(20) Archive regions: 2->2
[2020-04-16T22:41:42.620+0800][15.420s] GC(20) Humongous regions: 1->1
[2020-04-16T22:41:42.620+0800][15.420s] GC(20) Metaspace: 39310K(40448K)->39310K(40448K) NonClass: 34574K(35328K)->34574K(35328K) Class: 4736K(5120K)->4736K(5120K)
[2020-04-16T22:41:42.620+0800][15.420s] GC(20) Pause Young (Concurrent Start) (G1 Evacuation Pause) 447M->322M(512M) 2.721ms
[2020-04-16T22:41:42.620+0800][15.420s] GC(20) User=0.01s Sys=0.00s Real=0.01s
[2020-04-16T22:41:42.620+0800][15.420s] GC(21) Concurrent Cycle
[2020-04-16T22:41:42.620+0800][15.420s] GC(21) Concurrent Clear Claimed Marks
[2020-04-16T22:41:42.620+0800][15.420s] GC(21) Concurrent Clear Claimed Marks 0.065ms
[2020-04-16T22:41:42.620+0800][15.420s] GC(21) Concurrent Scan Root Regions
[2020-04-16T22:41:42.622+0800][15.422s] GC(21) Concurrent Scan Root Regions 1.442ms
[2020-04-16T22:41:42.622+0800][15.422s] GC(21) Concurrent Mark (15.422s)
[2020-04-16T22:41:42.622+0800][15.422s] GC(21) Concurrent Mark From Roots
[2020-04-16T22:41:42.622+0800][15.422s] GC(21) Using 4 workers of 4 for marking
[2020-04-16T22:41:42.701+0800][15.501s] GC(22) Pause Young (Normal) (G1 Evacuation Pause)
[2020-04-16T22:41:42.701+0800][15.501s] GC(22) Using 4 workers of 4 for evacuation
[2020-04-16T22:41:42.703+0800][15.503s] GC(22)   Pre Evacuate Collection Set: 0.1ms
[2020-04-16T22:41:42.703+0800][15.503s] GC(22)   Merge Heap Roots: 0.1ms
[2020-04-16T22:41:42.703+0800][15.503s] GC(22)   Evacuate Collection Set: 1.3ms
[2020-04-16T22:41:42.703+0800][15.503s] GC(22)   Post Evacuate Collection Set: 0.3ms
[2020-04-16T22:41:42.703+0800][15.503s] GC(22)   Other: 0.2ms
[2020-04-16T22:41:42.703+0800][15.503s] GC(22) Eden regions: 126->0(128)
[2020-04-16T22:41:42.703+0800][15.503s] GC(22) Survivor regions: 2->0(32)
[2020-04-16T22:41:42.703+0800][15.503s] GC(22) Old regions: 320->321
[2020-04-16T22:41:42.703+0800][15.503s] GC(22) Archive regions: 2->2
[2020-04-16T22:41:42.703+0800][15.503s] GC(22) Humongous regions: 1->1
[2020-04-16T22:41:42.703+0800][15.503s] GC(22) Metaspace: 39310K(40448K)->39310K(40448K) NonClass: 34574K(35328K)->34574K(35328K) Class: 4736K(5120K)->4736K(5120K)
[2020-04-16T22:41:42.703+0800][15.503s] GC(22) Pause Young (Normal) (G1 Evacuation Pause) 448M->322M(512M) 2.049ms
[2020-04-16T22:41:42.703+0800][15.503s] GC(22) User=0.01s Sys=0.00s Real=0.00s
[2020-04-16T22:41:42.799+0800][15.598s] GC(23) Pause Young (Normal) (G1 Evacuation Pause)
[2020-04-16T22:41:42.799+0800][15.598s] GC(23) Using 4 workers of 4 for evacuation
[2020-04-16T22:41:42.799+0800][15.599s] GC(23)   Pre Evacuate Collection Set: 0.1ms
[2020-04-16T22:41:42.799+0800][15.599s] GC(23)   Merge Heap Roots: 0.0ms
[2020-04-16T22:41:42.799+0800][15.599s] GC(23)   Evacuate Collection Set: 0.2ms
[2020-04-16T22:41:42.799+0800][15.599s] GC(23)   Post Evacuate Collection Set: 0.3ms
[2020-04-16T22:41:42.799+0800][15.599s] GC(23)   Other: 0.1ms
[2020-04-16T22:41:42.799+0800][15.599s] GC(23) Eden regions: 128->0(128)
[2020-04-16T22:41:42.799+0800][15.599s] GC(23) Survivor regions: 0->0(32)
[2020-04-16T22:41:42.799+0800][15.599s] GC(23) Old regions: 321->321
[2020-04-16T22:41:42.799+0800][15.599s] GC(23) Archive regions: 2->2
[2020-04-16T22:41:42.799+0800][15.599s] GC(23) Humongous regions: 1->1
[2020-04-16T22:41:42.799+0800][15.599s] GC(23) Metaspace: 39310K(40448K)->39310K(40448K) NonClass: 34574K(35328K)->34574K(35328K) Class: 4736K(5120K)->4736K(5120K)
[2020-04-16T22:41:42.800+0800][15.599s] GC(23) Pause Young (Normal) (G1 Evacuation Pause) 450M->322M(512M) 0.893ms
[2020-04-16T22:41:42.800+0800][15.599s] GC(23) User=0.00s Sys=0.00s Real=0.01s
[2020-04-16T22:41:42.903+0800][15.702s] GC(24) Pause Young (Normal) (G1 Evacuation Pause)
[2020-04-16T22:41:42.903+0800][15.702s] GC(24) Using 4 workers of 4 for evacuation
[2020-04-16T22:41:42.903+0800][15.703s] GC(24)   Pre Evacuate Collection Set: 0.1ms
[2020-04-16T22:41:42.904+0800][15.703s] GC(24)   Merge Heap Roots: 0.0ms
[2020-04-16T22:41:42.904+0800][15.703s] GC(24)   Evacuate Collection Set: 0.2ms
[2020-04-16T22:41:42.904+0800][15.703s] GC(24)   Post Evacuate Collection Set: 0.4ms
[2020-04-16T22:41:42.904+0800][15.703s] GC(24)   Other: 0.2ms
[2020-04-16T22:41:42.904+0800][15.703s] GC(24) Eden regions: 128->0(128)
[2020-04-16T22:41:42.904+0800][15.703s] GC(24) Survivor regions: 0->0(32)
[2020-04-16T22:41:42.904+0800][15.703s] GC(24) Old regions: 321->321
[2020-04-16T22:41:42.904+0800][15.703s] GC(24) Archive regions: 2->2
[2020-04-16T22:41:42.904+0800][15.703s] GC(24) Humongous regions: 1->1
[2020-04-16T22:41:42.904+0800][15.703s] GC(24) Metaspace: 39310K(40448K)->39310K(40448K) NonClass: 34574K(35328K)->34574K(35328K) Class: 4736K(5120K)->4736K(5120K)
[2020-04-16T22:41:42.904+0800][15.703s] GC(24) Pause Young (Normal) (G1 Evacuation Pause) 450M->322M(512M) 0.976ms
[2020-04-16T22:41:42.904+0800][15.703s] GC(24) User=0.00s Sys=0.00s Real=0.00s
[2020-04-16T22:41:42.991+0800][15.791s] GC(25) Pause Young (Normal) (G1 Evacuation Pause)
[2020-04-16T22:41:42.991+0800][15.791s] GC(25) Using 4 workers of 4 for evacuation
[2020-04-16T22:41:42.992+0800][15.792s] GC(25)   Pre Evacuate Collection Set: 0.1ms
[2020-04-16T22:41:42.992+0800][15.792s] GC(25)   Merge Heap Roots: 0.0ms
[2020-04-16T22:41:42.992+0800][15.792s] GC(25)   Evacuate Collection Set: 0.2ms
[2020-04-16T22:41:42.992+0800][15.792s] GC(25)   Post Evacuate Collection Set: 0.3ms
[2020-04-16T22:41:42.992+0800][15.792s] GC(25)   Other: 0.1ms
[2020-04-16T22:41:42.992+0800][15.792s] GC(25) Eden regions: 128->0(128)
[2020-04-16T22:41:42.992+0800][15.792s] GC(25) Survivor regions: 0->0(32)
[2020-04-16T22:41:42.992+0800][15.792s] GC(25) Old regions: 321->321
[2020-04-16T22:41:42.992+0800][15.792s] GC(25) Archive regions: 2->2
[2020-04-16T22:41:42.992+0800][15.792s] GC(25) Humongous regions: 1->1
[2020-04-16T22:41:42.992+0800][15.792s] GC(25) Metaspace: 39310K(40448K)->39310K(40448K) NonClass: 34574K(35328K)->34574K(35328K) Class: 4736K(5120K)->4736K(5120K)
[2020-04-16T22:41:42.992+0800][15.792s] GC(25) Pause Young (Normal) (G1 Evacuation Pause) 450M->322M(512M) 0.851ms
[2020-04-16T22:41:42.992+0800][15.792s] GC(25) User=0.00s Sys=0.00s Real=0.00s
[2020-04-16T22:41:43.088+0800][15.888s] GC(26) Pause Young (Normal) (G1 Evacuation Pause)
[2020-04-16T22:41:43.088+0800][15.888s] GC(26) Using 4 workers of 4 for evacuation
[2020-04-16T22:41:43.089+0800][15.889s] GC(26)   Pre Evacuate Collection Set: 0.1ms
[2020-04-16T22:41:43.089+0800][15.889s] GC(26)   Merge Heap Roots: 0.0ms
[2020-04-16T22:41:43.089+0800][15.889s] GC(26)   Evacuate Collection Set: 0.2ms
[2020-04-16T22:41:43.089+0800][15.889s] GC(26)   Post Evacuate Collection Set: 0.3ms
[2020-04-16T22:41:43.089+0800][15.889s] GC(26)   Other: 0.1ms
[2020-04-16T22:41:43.089+0800][15.889s] GC(26) Eden regions: 128->0(128)
[2020-04-16T22:41:43.089+0800][15.889s] GC(26) Survivor regions: 0->0(32)
[2020-04-16T22:41:43.089+0800][15.889s] GC(26) Old regions: 321->321
[2020-04-16T22:41:43.089+0800][15.889s] GC(26) Archive regions: 2->2
[2020-04-16T22:41:43.089+0800][15.889s] GC(26) Humongous regions: 1->1
[2020-04-16T22:41:43.089+0800][15.889s] GC(26) Metaspace: 39310K(40448K)->39310K(40448K) NonClass: 34574K(35328K)->34574K(35328K) Class: 4736K(5120K)->4736K(5120K)
[2020-04-16T22:41:43.089+0800][15.889s] GC(26) Pause Young (Normal) (G1 Evacuation Pause) 450M->322M(512M) 0.847ms
[2020-04-16T22:41:43.089+0800][15.889s] GC(26) User=0.00s Sys=0.00s Real=0.00s
[2020-04-16T22:41:43.144+0800][15.944s] GC(21) Concurrent Mark From Roots 522.507ms
[2020-04-16T22:41:43.144+0800][15.944s] GC(21) Concurrent Preclean
[2020-04-16T22:41:43.145+0800][15.944s] GC(21) Concurrent Preclean 0.130ms
[2020-04-16T22:41:43.145+0800][15.944s] GC(21) Concurrent Mark (15.422s, 15.944s) 522.732ms
[2020-04-16T22:41:43.145+0800][15.944s] GC(21) Pause Remark
[2020-04-16T22:41:43.149+0800][15.949s] GC(21) Pause Remark 399M->399M(512M) 4.363ms
[2020-04-16T22:41:43.149+0800][15.949s] GC(21) User=0.02s Sys=0.00s Real=0.00s
[2020-04-16T22:41:43.149+0800][15.949s] GC(21) Concurrent Rebuild Remembered Sets
[2020-04-16T22:41:43.187+0800][15.986s] GC(27) Pause Young (Normal) (G1 Evacuation Pause)
[2020-04-16T22:41:43.187+0800][15.986s] GC(27) Using 4 workers of 4 for evacuation
[2020-04-16T22:41:43.187+0800][15.987s] GC(27)   Pre Evacuate Collection Set: 0.1ms
[2020-04-16T22:41:43.187+0800][15.987s] GC(27)   Merge Heap Roots: 0.0ms
[2020-04-16T22:41:43.187+0800][15.987s] GC(27)   Evacuate Collection Set: 0.2ms
[2020-04-16T22:41:43.187+0800][15.987s] GC(27)   Post Evacuate Collection Set: 0.3ms
[2020-04-16T22:41:43.187+0800][15.987s] GC(27)   Other: 0.2ms
[2020-04-16T22:41:43.187+0800][15.987s] GC(27) Eden regions: 128->0(128)
[2020-04-16T22:41:43.187+0800][15.987s] GC(27) Survivor regions: 0->0(32)
[2020-04-16T22:41:43.187+0800][15.987s] GC(27) Old regions: 321->321
[2020-04-16T22:41:43.187+0800][15.987s] GC(27) Archive regions: 2->2
[2020-04-16T22:41:43.187+0800][15.987s] GC(27) Humongous regions: 1->1
[2020-04-16T22:41:43.187+0800][15.987s] GC(27) Metaspace: 39310K(40448K)->39310K(40448K) NonClass: 34574K(35328K)->34574K(35328K) Class: 4736K(5120K)->4736K(5120K)
[2020-04-16T22:41:43.187+0800][15.987s] GC(27) Pause Young (Normal) (G1 Evacuation Pause) 450M->322M(512M) 0.855ms
[2020-04-16T22:41:43.187+0800][15.987s] GC(27) User=0.01s Sys=0.00s Real=0.00s
[2020-04-16T22:41:43.273+0800][16.073s] GC(28) Pause Young (Normal) (G1 Evacuation Pause)
[2020-04-16T22:41:43.274+0800][16.073s] GC(28) Using 4 workers of 4 for evacuation
[2020-04-16T22:41:43.274+0800][16.074s] GC(28)   Pre Evacuate Collection Set: 0.1ms
[2020-04-16T22:41:43.274+0800][16.074s] GC(28)   Merge Heap Roots: 0.1ms
[2020-04-16T22:41:43.274+0800][16.074s] GC(28)   Evacuate Collection Set: 0.3ms
[2020-04-16T22:41:43.274+0800][16.074s] GC(28)   Post Evacuate Collection Set: 0.3ms
[2020-04-16T22:41:43.274+0800][16.074s] GC(28)   Other: 0.2ms
[2020-04-16T22:41:43.274+0800][16.074s] GC(28) Eden regions: 128->0(128)
[2020-04-16T22:41:43.274+0800][16.074s] GC(28) Survivor regions: 0->0(32)
[2020-04-16T22:41:43.274+0800][16.074s] GC(28) Old regions: 321->321
[2020-04-16T22:41:43.274+0800][16.074s] GC(28) Archive regions: 2->2
[2020-04-16T22:41:43.275+0800][16.074s] GC(28) Humongous regions: 1->1
[2020-04-16T22:41:43.275+0800][16.074s] GC(28) Metaspace: 39310K(40448K)->39310K(40448K) NonClass: 34574K(35328K)->34574K(35328K) Class: 4736K(5120K)->4736K(5120K)
[2020-04-16T22:41:43.275+0800][16.074s] GC(28) Pause Young (Normal) (G1 Evacuation Pause) 450M->322M(512M) 1.058ms
[2020-04-16T22:41:43.275+0800][16.074s] GC(28) User=0.00s Sys=0.00s Real=0.00s
[2020-04-16T22:41:43.363+0800][16.163s] GC(29) Pause Young (Normal) (G1 Evacuation Pause)
[2020-04-16T22:41:43.364+0800][16.163s] GC(29) Using 4 workers of 4 for evacuation
[2020-04-16T22:41:43.365+0800][16.164s] GC(29)   Pre Evacuate Collection Set: 0.1ms
[2020-04-16T22:41:43.365+0800][16.164s] GC(29)   Merge Heap Roots: 0.0ms
[2020-04-16T22:41:43.365+0800][16.164s] GC(29)   Evacuate Collection Set: 0.5ms
[2020-04-16T22:41:43.365+0800][16.164s] GC(29)   Post Evacuate Collection Set: 0.4ms
[2020-04-16T22:41:43.365+0800][16.164s] GC(29)   Other: 0.2ms
[2020-04-16T22:41:43.365+0800][16.164s] GC(29) Eden regions: 128->0(128)
[2020-04-16T22:41:43.365+0800][16.164s] GC(29) Survivor regions: 0->0(32)
[2020-04-16T22:41:43.365+0800][16.164s] GC(29) Old regions: 321->321
[2020-04-16T22:41:43.365+0800][16.164s] GC(29) Archive regions: 2->2
[2020-04-16T22:41:43.365+0800][16.164s] GC(29) Humongous regions: 1->1
[2020-04-16T22:41:43.365+0800][16.164s] GC(29) Metaspace: 39310K(40448K)->39310K(40448K) NonClass: 34574K(35328K)->34574K(35328K) Class: 4736K(5120K)->4736K(5120K)
[2020-04-16T22:41:43.365+0800][16.165s] GC(29) Pause Young (Normal) (G1 Evacuation Pause) 450M->322M(512M) 1.351ms
[2020-04-16T22:41:43.365+0800][16.165s] GC(29) User=0.00s Sys=0.00s Real=0.00s
[2020-04-16T22:41:43.435+0800][16.234s] GC(21) Concurrent Rebuild Remembered Sets 285.341ms
[2020-04-16T22:41:43.435+0800][16.234s] GC(21) Pause Cleanup
[2020-04-16T22:41:43.435+0800][16.235s] GC(21) Pause Cleanup 432M->432M(512M) 0.324ms
[2020-04-16T22:41:43.435+0800][16.235s] GC(21) User=0.00s Sys=0.00s Real=0.00s
[2020-04-16T22:41:43.435+0800][16.235s] GC(21) Concurrent Cleanup for Next Mark
[2020-04-16T22:41:43.436+0800][16.236s] GC(21) Concurrent Cleanup for Next Mark 0.769ms
[2020-04-16T22:41:43.436+0800][16.236s] GC(21) Concurrent Cycle 815.760ms
[2020-04-16T22:41:43.441+0800][16.241s] GC(30) Pause Young (Normal) (G1 Evacuation Pause)
[2020-04-16T22:41:43.441+0800][16.241s] GC(30) Using 4 workers of 4 for evacuation
[2020-04-16T22:41:43.442+0800][16.241s] GC(30)   Pre Evacuate Collection Set: 0.0ms
[2020-04-16T22:41:43.442+0800][16.241s] GC(30)   Merge Heap Roots: 0.0ms
[2020-04-16T22:41:43.442+0800][16.241s] GC(30)   Evacuate Collection Set: 0.2ms
[2020-04-16T22:41:43.442+0800][16.241s] GC(30)   Post Evacuate Collection Set: 0.3ms
[2020-04-16T22:41:43.442+0800][16.241s] GC(30)   Other: 0.1ms
[2020-04-16T22:41:43.442+0800][16.241s] GC(30) Eden regions: 128->0(128)
[2020-04-16T22:41:43.442+0800][16.241s] GC(30) Survivor regions: 0->0(32)
[2020-04-16T22:41:43.442+0800][16.241s] GC(30) Old regions: 321->321
[2020-04-16T22:41:43.442+0800][16.241s] GC(30) Archive regions: 2->2
[2020-04-16T22:41:43.442+0800][16.241s] GC(30) Humongous regions: 1->1
[2020-04-16T22:41:43.442+0800][16.241s] GC(30) Metaspace: 39310K(40448K)->39310K(40448K) NonClass: 34574K(35328K)->34574K(35328K) Class: 4736K(5120K)->4736K(5120K)
[2020-04-16T22:41:43.442+0800][16.241s] GC(30) Pause Young (Normal) (G1 Evacuation Pause) 450M->322M(512M) 0.859ms
[2020-04-16T22:41:43.442+0800][16.241s] GC(30) User=0.00s Sys=0.00s Real=0.00s
[2020-04-16T22:41:43.482+0800][16.282s] GC(31) Pause Young (Concurrent Start) (G1 Evacuation Pause)
[2020-04-16T22:41:43.482+0800][16.282s] GC(31) Using 4 workers of 4 for evacuation
[2020-04-16T22:41:43.483+0800][16.283s] GC(31)   Pre Evacuate Collection Set: 0.1ms
[2020-04-16T22:41:43.483+0800][16.283s] GC(31)   Merge Heap Roots: 0.0ms
[2020-04-16T22:41:43.483+0800][16.283s] GC(31)   Evacuate Collection Set: 0.6ms
[2020-04-16T22:41:43.483+0800][16.283s] GC(31)   Post Evacuate Collection Set: 0.3ms
[2020-04-16T22:41:43.483+0800][16.283s] GC(31)   Other: 0.2ms
[2020-04-16T22:41:43.483+0800][16.283s] GC(31) Eden regions: 128->0(128)
[2020-04-16T22:41:43.483+0800][16.283s] GC(31) Survivor regions: 0->0(32)
[2020-04-16T22:41:43.483+0800][16.283s] GC(31) Old regions: 321->321
[2020-04-16T22:41:43.483+0800][16.283s] GC(31) Archive regions: 2->2
[2020-04-16T22:41:43.483+0800][16.283s] GC(31) Humongous regions: 1->1
[2020-04-16T22:41:43.483+0800][16.283s] GC(31) Metaspace: 39310K(40448K)->39310K(40448K) NonClass: 34574K(35328K)->34574K(35328K) Class: 4736K(5120K)->4736K(5120K)
[2020-04-16T22:41:43.483+0800][16.283s] GC(31) Pause Young (Concurrent Start) (G1 Evacuation Pause) 450M->322M(512M) 1.247ms
[2020-04-16T22:41:43.483+0800][16.283s] GC(31) User=0.00s Sys=0.00s Real=0.00s
[2020-04-16T22:41:43.483+0800][16.283s] GC(32) Concurrent Cycle
[2020-04-16T22:41:43.483+0800][16.283s] GC(32) Concurrent Clear Claimed Marks
[2020-04-16T22:41:43.484+0800][16.283s] GC(32) Concurrent Clear Claimed Marks 0.030ms
[2020-04-16T22:41:43.484+0800][16.283s] GC(32) Concurrent Scan Root Regions
[2020-04-16T22:41:43.484+0800][16.283s] GC(32) Concurrent Scan Root Regions 0.008ms
[2020-04-16T22:41:43.484+0800][16.283s] GC(32) Concurrent Mark (16.283s)
[2020-04-16T22:41:43.484+0800][16.283s] GC(32) Concurrent Mark From Roots
[2020-04-16T22:41:43.484+0800][16.283s] GC(32) Using 4 workers of 4 for marking
[2020-04-16T22:41:43.618+0800][16.418s] GC(33) Pause Young (Normal) (G1 Evacuation Pause)
[2020-04-16T22:41:43.618+0800][16.418s] GC(33) Using 4 workers of 4 for evacuation
[2020-04-16T22:41:43.619+0800][16.419s] GC(33)   Pre Evacuate Collection Set: 0.1ms
[2020-04-16T22:41:43.619+0800][16.419s] GC(33)   Merge Heap Roots: 0.0ms
[2020-04-16T22:41:43.619+0800][16.419s] GC(33)   Evacuate Collection Set: 0.5ms
[2020-04-16T22:41:43.619+0800][16.419s] GC(33)   Post Evacuate Collection Set: 0.4ms
[2020-04-16T22:41:43.619+0800][16.419s] GC(33)   Other: 0.2ms
[2020-04-16T22:41:43.619+0800][16.419s] GC(33) Eden regions: 128->0(128)
[2020-04-16T22:41:43.619+0800][16.419s] GC(33) Survivor regions: 0->0(32)
[2020-04-16T22:41:43.619+0800][16.419s] GC(33) Old regions: 321->321
[2020-04-16T22:41:43.619+0800][16.419s] GC(33) Archive regions: 2->2
[2020-04-16T22:41:43.619+0800][16.419s] GC(33) Humongous regions: 1->1
[2020-04-16T22:41:43.619+0800][16.419s] GC(33) Metaspace: 39310K(40448K)->39310K(40448K) NonClass: 34574K(35328K)->34574K(35328K) Class: 4736K(5120K)->4736K(5120K)
[2020-04-16T22:41:43.619+0800][16.419s] GC(33) Pause Young (Normal) (G1 Evacuation Pause) 450M->322M(512M) 1.367ms
[2020-04-16T22:41:43.619+0800][16.419s] GC(33) User=0.00s Sys=0.00s Real=0.00s
[2020-04-16T22:41:43.715+0800][16.515s] GC(34) Pause Young (Normal) (G1 Evacuation Pause)
[2020-04-16T22:41:43.716+0800][16.515s] GC(34) Using 4 workers of 4 for evacuation
[2020-04-16T22:41:43.716+0800][16.516s] GC(34)   Pre Evacuate Collection Set: 0.1ms
[2020-04-16T22:41:43.716+0800][16.516s] GC(34)   Merge Heap Roots: 0.0ms
[2020-04-16T22:41:43.716+0800][16.516s] GC(34)   Evacuate Collection Set: 0.2ms
[2020-04-16T22:41:43.716+0800][16.516s] GC(34)   Post Evacuate Collection Set: 0.3ms
[2020-04-16T22:41:43.716+0800][16.516s] GC(34)   Other: 0.2ms
[2020-04-16T22:41:43.716+0800][16.516s] GC(34) Eden regions: 128->0(128)
[2020-04-16T22:41:43.716+0800][16.516s] GC(34) Survivor regions: 0->0(32)
[2020-04-16T22:41:43.716+0800][16.516s] GC(34) Old regions: 321->321
[2020-04-16T22:41:43.716+0800][16.516s] GC(34) Archive regions: 2->2
[2020-04-16T22:41:43.716+0800][16.516s] GC(34) Humongous regions: 1->1
[2020-04-16T22:41:43.716+0800][16.516s] GC(34) Metaspace: 39310K(40448K)->39310K(40448K) NonClass: 34574K(35328K)->34574K(35328K) Class: 4736K(5120K)->4736K(5120K)
[2020-04-16T22:41:43.716+0800][16.516s] GC(34) Pause Young (Normal) (G1 Evacuation Pause) 450M->322M(512M) 1.007ms
[2020-04-16T22:41:43.716+0800][16.516s] GC(34) User=0.00s Sys=0.00s Real=0.00s
[2020-04-16T22:41:43.807+0800][16.607s] GC(35) Pause Young (Normal) (G1 Evacuation Pause)
[2020-04-16T22:41:43.807+0800][16.607s] GC(35) Using 4 workers of 4 for evacuation
[2020-04-16T22:41:43.808+0800][16.608s] GC(35)   Pre Evacuate Collection Set: 0.0ms
[2020-04-16T22:41:43.808+0800][16.608s] GC(35)   Merge Heap Roots: 0.0ms
[2020-04-16T22:41:43.808+0800][16.608s] GC(35)   Evacuate Collection Set: 0.2ms
[2020-04-16T22:41:43.808+0800][16.608s] GC(35)   Post Evacuate Collection Set: 0.3ms
[2020-04-16T22:41:43.808+0800][16.608s] GC(35)   Other: 0.1ms
[2020-04-16T22:41:43.808+0800][16.608s] GC(35) Eden regions: 128->0(128)
[2020-04-16T22:41:43.808+0800][16.608s] GC(35) Survivor regions: 0->0(32)
[2020-04-16T22:41:43.808+0800][16.608s] GC(35) Old regions: 321->321
[2020-04-16T22:41:43.808+0800][16.608s] GC(35) Archive regions: 2->2
[2020-04-16T22:41:43.808+0800][16.608s] GC(35) Humongous regions: 1->1
[2020-04-16T22:41:43.808+0800][16.608s] GC(35) Metaspace: 39310K(40448K)->39310K(40448K) NonClass: 34574K(35328K)->34574K(35328K) Class: 4736K(5120K)->4736K(5120K)
[2020-04-16T22:41:43.808+0800][16.608s] GC(35) Pause Young (Normal) (G1 Evacuation Pause) 450M->322M(512M) 0.859ms
[2020-04-16T22:41:43.808+0800][16.608s] GC(35) User=0.00s Sys=0.00s Real=0.00s
[2020-04-16T22:41:43.917+0800][16.717s] GC(36) Pause Young (Normal) (G1 Evacuation Pause)
[2020-04-16T22:41:43.920+0800][16.720s] GC(36) Using 4 workers of 4 for evacuation
[2020-04-16T22:41:43.922+0800][16.721s] GC(36)   Pre Evacuate Collection Set: 0.1ms
[2020-04-16T22:41:43.922+0800][16.722s] GC(36)   Merge Heap Roots: 0.1ms
[2020-04-16T22:41:43.922+0800][16.722s] GC(36)   Evacuate Collection Set: 0.9ms
[2020-04-16T22:41:43.922+0800][16.722s] GC(36)   Post Evacuate Collection Set: 0.4ms
[2020-04-16T22:41:43.922+0800][16.722s] GC(36)   Other: 2.9ms
[2020-04-16T22:41:43.923+0800][16.722s] GC(36) Eden regions: 128->0(128)
[2020-04-16T22:41:43.923+0800][16.722s] GC(36) Survivor regions: 0->0(32)
[2020-04-16T22:41:43.923+0800][16.722s] GC(36) Old regions: 321->321
[2020-04-16T22:41:43.923+0800][16.722s] GC(36) Archive regions: 2->2
[2020-04-16T22:41:43.923+0800][16.722s] GC(36) Humongous regions: 1->1
[2020-04-16T22:41:43.923+0800][16.722s] GC(36) Metaspace: 39310K(40448K)->39310K(40448K) NonClass: 34574K(35328K)->34574K(35328K) Class: 4736K(5120K)->4736K(5120K)
[2020-04-16T22:41:43.923+0800][16.722s] GC(36) Pause Young (Normal) (G1 Evacuation Pause) 450M->322M(512M) 5.598ms
[2020-04-16T22:41:43.923+0800][16.723s] GC(36) User=0.00s Sys=0.00s Real=0.01s
[2020-04-16T22:41:44.023+0800][16.823s] GC(32) Concurrent Mark From Roots 539.252ms
[2020-04-16T22:41:44.023+0800][16.823s] GC(32) Concurrent Preclean
[2020-04-16T22:41:44.023+0800][16.823s] GC(32) Concurrent Preclean 0.155ms
[2020-04-16T22:41:44.023+0800][16.823s] GC(32) Concurrent Mark (16.283s, 16.823s) 539.536ms
[2020-04-16T22:41:44.023+0800][16.823s] GC(32) Pause Remark
[2020-04-16T22:41:44.027+0800][16.827s] GC(32) Pause Remark 441M->441M(512M) 3.747ms
[2020-04-16T22:41:44.027+0800][16.827s] GC(32) User=0.02s Sys=0.00s Real=0.00s
[2020-04-16T22:41:44.027+0800][16.827s] GC(32) Concurrent Rebuild Remembered Sets
[2020-04-16T22:41:44.033+0800][16.832s] GC(37) Pause Young (Normal) (G1 Evacuation Pause)
[2020-04-16T22:41:44.033+0800][16.832s] GC(37) Using 4 workers of 4 for evacuation
[2020-04-16T22:41:44.033+0800][16.833s] GC(37)   Pre Evacuate Collection Set: 0.1ms
[2020-04-16T22:41:44.034+0800][16.833s] GC(37)   Merge Heap Roots: 0.0ms
[2020-04-16T22:41:44.034+0800][16.833s] GC(37)   Evacuate Collection Set: 0.2ms
[2020-04-16T22:41:44.034+0800][16.833s] GC(37)   Post Evacuate Collection Set: 0.3ms
[2020-04-16T22:41:44.034+0800][16.833s] GC(37)   Other: 0.2ms
[2020-04-16T22:41:44.034+0800][16.833s] GC(37) Eden regions: 128->0(128)
[2020-04-16T22:41:44.034+0800][16.833s] GC(37) Survivor regions: 0->0(32)
[2020-04-16T22:41:44.034+0800][16.833s] GC(37) Old regions: 321->321
[2020-04-16T22:41:44.034+0800][16.833s] GC(37) Archive regions: 2->2
[2020-04-16T22:41:44.034+0800][16.833s] GC(37) Humongous regions: 1->1
[2020-04-16T22:41:44.034+0800][16.833s] GC(37) Metaspace: 39310K(40448K)->39310K(40448K) NonClass: 34574K(35328K)->34574K(35328K) Class: 4736K(5120K)->4736K(5120K)
[2020-04-16T22:41:44.034+0800][16.833s] GC(37) Pause Young (Normal) (G1 Evacuation Pause) 450M->322M(512M) 0.952ms
[2020-04-16T22:41:44.034+0800][16.833s] GC(37) User=0.00s Sys=0.00s Real=0.00s
[2020-04-16T22:41:44.123+0800][16.923s] GC(38) Pause Young (Normal) (G1 Evacuation Pause)
[2020-04-16T22:41:44.123+0800][16.923s] GC(38) Using 4 workers of 4 for evacuation
[2020-04-16T22:41:44.124+0800][16.923s] GC(38)   Pre Evacuate Collection Set: 0.1ms
[2020-04-16T22:41:44.124+0800][16.923s] GC(38)   Merge Heap Roots: 0.0ms
[2020-04-16T22:41:44.124+0800][16.923s] GC(38)   Evacuate Collection Set: 0.2ms
[2020-04-16T22:41:44.124+0800][16.923s] GC(38)   Post Evacuate Collection Set: 0.3ms
[2020-04-16T22:41:44.124+0800][16.923s] GC(38)   Other: 0.2ms
[2020-04-16T22:41:44.124+0800][16.923s] GC(38) Eden regions: 128->0(128)
[2020-04-16T22:41:44.124+0800][16.924s] GC(38) Survivor regions: 0->0(32)
[2020-04-16T22:41:44.124+0800][16.924s] GC(38) Old regions: 321->321
[2020-04-16T22:41:44.124+0800][16.924s] GC(38) Archive regions: 2->2
[2020-04-16T22:41:44.124+0800][16.924s] GC(38) Humongous regions: 1->1
[2020-04-16T22:41:44.124+0800][16.924s] GC(38) Metaspace: 39310K(40448K)->39310K(40448K) NonClass: 34574K(35328K)->34574K(35328K) Class: 4736K(5120K)->4736K(5120K)
[2020-04-16T22:41:44.124+0800][16.924s] GC(38) Pause Young (Normal) (G1 Evacuation Pause) 450M->322M(512M) 0.981ms
[2020-04-16T22:41:44.124+0800][16.924s] GC(38) User=0.01s Sys=0.00s Real=0.00s
[2020-04-16T22:41:44.292+0800][17.091s] GC(39) Pause Young (Normal) (G1 Evacuation Pause)
[2020-04-16T22:41:44.292+0800][17.092s] GC(39) Using 4 workers of 4 for evacuation
[2020-04-16T22:41:44.293+0800][17.093s] GC(39)   Pre Evacuate Collection Set: 0.0ms
[2020-04-16T22:41:44.293+0800][17.093s] GC(39)   Merge Heap Roots: 0.0ms
[2020-04-16T22:41:44.293+0800][17.093s] GC(39)   Evacuate Collection Set: 0.6ms
[2020-04-16T22:41:44.293+0800][17.093s] GC(39)   Post Evacuate Collection Set: 0.3ms
[2020-04-16T22:41:44.293+0800][17.093s] GC(39)   Other: 0.1ms
[2020-04-16T22:41:44.293+0800][17.093s] GC(39) Eden regions: 128->0(127)
[2020-04-16T22:41:44.293+0800][17.093s] GC(39) Survivor regions: 0->1(32)
[2020-04-16T22:41:44.293+0800][17.093s] GC(39) Old regions: 321->321
[2020-04-16T22:41:44.293+0800][17.093s] GC(39) Archive regions: 2->2
[2020-04-16T22:41:44.293+0800][17.093s] GC(39) Humongous regions: 1->1
[2020-04-16T22:41:44.293+0800][17.093s] GC(39) Metaspace: 39324K(40448K)->39324K(40448K) NonClass: 34587K(35328K)->34587K(35328K) Class: 4736K(5120K)->4736K(5120K)
[2020-04-16T22:41:44.293+0800][17.093s] GC(39) Pause Young (Normal) (G1 Evacuation Pause) 450M->322M(512M) 1.285ms
[2020-04-16T22:41:44.293+0800][17.093s] GC(39) User=0.00s Sys=0.00s Real=0.00s
[2020-04-16T22:41:44.381+0800][17.181s] GC(32) Concurrent Rebuild Remembered Sets 354.230ms
[2020-04-16T22:41:44.382+0800][17.181s] GC(32) Pause Cleanup
[2020-04-16T22:41:44.382+0800][17.182s] GC(32) Pause Cleanup 419M->419M(512M) 0.318ms
[2020-04-16T22:41:44.382+0800][17.182s] GC(32) User=0.00s Sys=0.00s Real=0.00s
[2020-04-16T22:41:44.382+0800][17.182s] GC(32) Concurrent Cleanup for Next Mark
[2020-04-16T22:41:44.383+0800][17.183s] GC(32) Concurrent Cleanup for Next Mark 0.885ms
[2020-04-16T22:41:44.383+0800][17.183s] GC(32) Concurrent Cycle 899.383ms
[2020-04-16T22:41:44.392+0800][17.192s] GC(40) Pause Young (Normal) (G1 Evacuation Pause)
[2020-04-16T22:41:44.392+0800][17.192s] GC(40) Using 4 workers of 4 for evacuation
[2020-04-16T22:41:44.393+0800][17.193s] GC(40)   Pre Evacuate Collection Set: 0.1ms
[2020-04-16T22:41:44.393+0800][17.193s] GC(40)   Merge Heap Roots: 0.0ms
[2020-04-16T22:41:44.393+0800][17.193s] GC(40)   Evacuate Collection Set: 0.5ms
[2020-04-16T22:41:44.393+0800][17.193s] GC(40)   Post Evacuate Collection Set: 0.3ms
[2020-04-16T22:41:44.393+0800][17.193s] GC(40)   Other: 0.2ms
[2020-04-16T22:41:44.393+0800][17.193s] GC(40) Eden regions: 127->0(127)
[2020-04-16T22:41:44.393+0800][17.193s] GC(40) Survivor regions: 1->1(32)
[2020-04-16T22:41:44.393+0800][17.193s] GC(40) Old regions: 321->321
[2020-04-16T22:41:44.393+0800][17.193s] GC(40) Archive regions: 2->2
[2020-04-16T22:41:44.393+0800][17.193s] GC(40) Humongous regions: 1->1
[2020-04-16T22:41:44.393+0800][17.193s] GC(40) Metaspace: 39324K(40448K)->39324K(40448K) NonClass: 34587K(35328K)->34587K(35328K) Class: 4736K(5120K)->4736K(5120K)
[2020-04-16T22:41:44.393+0800][17.193s] GC(40) Pause Young (Normal) (G1 Evacuation Pause) 449M->322M(512M) 1.228ms
[2020-04-16T22:41:44.393+0800][17.193s] GC(40) User=0.00s Sys=0.01s Real=0.00s
[2020-04-16T22:41:44.440+0800][17.239s] GC(41) Pause Young (Concurrent Start) (G1 Evacuation Pause)
[2020-04-16T22:41:44.440+0800][17.239s] GC(41) Using 4 workers of 4 for evacuation
[2020-04-16T22:41:44.441+0800][17.241s] GC(41)   Pre Evacuate Collection Set: 0.1ms
[2020-04-16T22:41:44.441+0800][17.241s] GC(41)   Merge Heap Roots: 0.0ms
[2020-04-16T22:41:44.441+0800][17.241s] GC(41)   Evacuate Collection Set: 0.6ms
[2020-04-16T22:41:44.441+0800][17.241s] GC(41)   Post Evacuate Collection Set: 0.3ms
[2020-04-16T22:41:44.441+0800][17.241s] GC(41)   Other: 0.2ms
[2020-04-16T22:41:44.441+0800][17.241s] GC(41) Eden regions: 127->0(127)
[2020-04-16T22:41:44.441+0800][17.241s] GC(41) Survivor regions: 1->1(32)
[2020-04-16T22:41:44.441+0800][17.241s] GC(41) Old regions: 321->321
[2020-04-16T22:41:44.441+0800][17.241s] GC(41) Archive regions: 2->2
[2020-04-16T22:41:44.441+0800][17.241s] GC(41) Humongous regions: 1->1
[2020-04-16T22:41:44.441+0800][17.241s] GC(41) Metaspace: 39324K(40448K)->39324K(40448K) NonClass: 34587K(35328K)->34587K(35328K) Class: 4736K(5120K)->4736K(5120K)
[2020-04-16T22:41:44.441+0800][17.241s] GC(41) Pause Young (Concurrent Start) (G1 Evacuation Pause) 449M->322M(512M) 1.414ms
[2020-04-16T22:41:44.441+0800][17.241s] GC(41) User=0.01s Sys=0.00s Real=0.00s
[2020-04-16T22:41:44.441+0800][17.241s] GC(42) Concurrent Cycle
[2020-04-16T22:41:44.441+0800][17.241s] GC(42) Concurrent Clear Claimed Marks
[2020-04-16T22:41:44.441+0800][17.241s] GC(42) Concurrent Clear Claimed Marks 0.033ms
[2020-04-16T22:41:44.441+0800][17.241s] GC(42) Concurrent Scan Root Regions
[2020-04-16T22:41:44.442+0800][17.241s] GC(42) Concurrent Scan Root Regions 0.464ms
[2020-04-16T22:41:44.442+0800][17.241s] GC(42) Concurrent Mark (17.241s)
[2020-04-16T22:41:44.442+0800][17.241s] GC(42) Concurrent Mark From Roots
[2020-04-16T22:41:44.442+0800][17.241s] GC(42) Using 4 workers of 4 for marking
[2020-04-16T22:41:44.675+0800][17.475s] GC(43) Pause Young (Normal) (G1 Evacuation Pause)
[2020-04-16T22:41:44.675+0800][17.475s] GC(43) Using 4 workers of 4 for evacuation
[2020-04-16T22:41:44.676+0800][17.476s] GC(43)   Pre Evacuate Collection Set: 0.1ms
[2020-04-16T22:41:44.676+0800][17.476s] GC(43)   Merge Heap Roots: 0.1ms
[2020-04-16T22:41:44.676+0800][17.476s] GC(43)   Evacuate Collection Set: 0.6ms
[2020-04-16T22:41:44.676+0800][17.476s] GC(43)   Post Evacuate Collection Set: 0.3ms
[2020-04-16T22:41:44.676+0800][17.476s] GC(43)   Other: 0.2ms
[2020-04-16T22:41:44.676+0800][17.476s] GC(43) Eden regions: 127->0(127)
[2020-04-16T22:41:44.676+0800][17.476s] GC(43) Survivor regions: 1->1(32)
[2020-04-16T22:41:44.676+0800][17.476s] GC(43) Old regions: 321->321
[2020-04-16T22:41:44.676+0800][17.476s] GC(43) Archive regions: 2->2
[2020-04-16T22:41:44.676+0800][17.476s] GC(43) Humongous regions: 1->1
[2020-04-16T22:41:44.676+0800][17.476s] GC(43) Metaspace: 39324K(40448K)->39324K(40448K) NonClass: 34587K(35328K)->34587K(35328K) Class: 4736K(5120K)->4736K(5120K)
[2020-04-16T22:41:44.677+0800][17.476s] GC(43) Pause Young (Normal) (G1 Evacuation Pause) 449M->322M(512M) 1.338ms
[2020-04-16T22:41:44.677+0800][17.476s] GC(43) User=0.00s Sys=0.00s Real=0.00s
[2020-04-16T22:41:44.773+0800][17.573s] GC(44) Pause Young (Normal) (G1 Evacuation Pause)
[2020-04-16T22:41:44.773+0800][17.573s] GC(44) Using 4 workers of 4 for evacuation
[2020-04-16T22:41:44.774+0800][17.574s] GC(44)   Pre Evacuate Collection Set: 0.0ms
[2020-04-16T22:41:44.774+0800][17.574s] GC(44)   Merge Heap Roots: 0.0ms
[2020-04-16T22:41:44.774+0800][17.574s] GC(44)   Evacuate Collection Set: 0.5ms
[2020-04-16T22:41:44.774+0800][17.574s] GC(44)   Post Evacuate Collection Set: 0.3ms
[2020-04-16T22:41:44.774+0800][17.574s] GC(44)   Other: 0.2ms
[2020-04-16T22:41:44.774+0800][17.574s] GC(44) Eden regions: 127->0(127)
[2020-04-16T22:41:44.774+0800][17.574s] GC(44) Survivor regions: 1->1(32)
[2020-04-16T22:41:44.774+0800][17.574s] GC(44) Old regions: 321->321
[2020-04-16T22:41:44.774+0800][17.574s] GC(44) Archive regions: 2->2
[2020-04-16T22:41:44.774+0800][17.574s] GC(44) Humongous regions: 1->1
[2020-04-16T22:41:44.774+0800][17.574s] GC(44) Metaspace: 39324K(40448K)->39324K(40448K) NonClass: 34587K(35328K)->34587K(35328K) Class: 4736K(5120K)->4736K(5120K)
[2020-04-16T22:41:44.774+0800][17.574s] GC(44) Pause Young (Normal) (G1 Evacuation Pause) 449M->322M(512M) 1.207ms
[2020-04-16T22:41:44.774+0800][17.574s] GC(44) User=0.00s Sys=0.00s Real=0.00s
[2020-04-16T22:41:44.859+0800][17.658s] GC(45) Pause Young (Normal) (G1 Evacuation Pause)
[2020-04-16T22:41:44.859+0800][17.658s] GC(45) Using 4 workers of 4 for evacuation
[2020-04-16T22:41:44.860+0800][17.659s] GC(45)   Pre Evacuate Collection Set: 0.1ms
[2020-04-16T22:41:44.860+0800][17.659s] GC(45)   Merge Heap Roots: 0.0ms
[2020-04-16T22:41:44.860+0800][17.659s] GC(45)   Evacuate Collection Set: 0.4ms
[2020-04-16T22:41:44.860+0800][17.659s] GC(45)   Post Evacuate Collection Set: 0.3ms
[2020-04-16T22:41:44.860+0800][17.659s] GC(45)   Other: 0.1ms
[2020-04-16T22:41:44.860+0800][17.659s] GC(45) Eden regions: 127->0(127)
[2020-04-16T22:41:44.860+0800][17.659s] GC(45) Survivor regions: 1->1(32)
[2020-04-16T22:41:44.860+0800][17.659s] GC(45) Old regions: 321->321
[2020-04-16T22:41:44.860+0800][17.660s] GC(45) Archive regions: 2->2
[2020-04-16T22:41:44.860+0800][17.660s] GC(45) Humongous regions: 1->1
[2020-04-16T22:41:44.860+0800][17.660s] GC(45) Metaspace: 39324K(40448K)->39324K(40448K) NonClass: 34587K(35328K)->34587K(35328K) Class: 4736K(5120K)->4736K(5120K)
[2020-04-16T22:41:44.860+0800][17.660s] GC(45) Pause Young (Normal) (G1 Evacuation Pause) 449M->322M(512M) 1.156ms
[2020-04-16T22:41:44.860+0800][17.660s] GC(45) User=0.00s Sys=0.00s Real=0.01s
[2020-04-16T22:41:44.931+0800][17.731s] GC(42) Concurrent Mark From Roots 489.487ms
[2020-04-16T22:41:44.931+0800][17.731s] GC(42) Concurrent Preclean
[2020-04-16T22:41:44.931+0800][17.731s] GC(42) Concurrent Preclean 0.149ms
[2020-04-16T22:41:44.931+0800][17.731s] GC(42) Concurrent Mark (17.241s, 17.731s) 489.739ms
[2020-04-16T22:41:44.932+0800][17.731s] GC(42) Pause Remark
[2020-04-16T22:41:44.935+0800][17.735s] GC(42) Pause Remark 411M->411M(512M) 3.500ms
[2020-04-16T22:41:44.935+0800][17.735s] GC(42) User=0.01s Sys=0.00s Real=0.00s
[2020-04-16T22:41:44.935+0800][17.735s] GC(42) Concurrent Rebuild Remembered Sets
[2020-04-16T22:41:44.955+0800][17.755s] GC(46) Pause Young (Normal) (G1 Evacuation Pause)
[2020-04-16T22:41:44.955+0800][17.755s] GC(46) Using 4 workers of 4 for evacuation
[2020-04-16T22:41:44.956+0800][17.756s] GC(46)   Pre Evacuate Collection Set: 0.1ms
[2020-04-16T22:41:44.956+0800][17.756s] GC(46)   Merge Heap Roots: 0.0ms
[2020-04-16T22:41:44.956+0800][17.756s] GC(46)   Evacuate Collection Set: 0.5ms
[2020-04-16T22:41:44.956+0800][17.756s] GC(46)   Post Evacuate Collection Set: 0.3ms
[2020-04-16T22:41:44.956+0800][17.756s] GC(46)   Other: 0.2ms
[2020-04-16T22:41:44.956+0800][17.756s] GC(46) Eden regions: 127->0(127)
[2020-04-16T22:41:44.956+0800][17.756s] GC(46) Survivor regions: 1->1(32)
[2020-04-16T22:41:44.956+0800][17.756s] GC(46) Old regions: 321->321
[2020-04-16T22:41:44.956+0800][17.756s] GC(46) Archive regions: 2->2
[2020-04-16T22:41:44.956+0800][17.756s] GC(46) Humongous regions: 1->1
[2020-04-16T22:41:44.956+0800][17.756s] GC(46) Metaspace: 39324K(40448K)->39324K(40448K) NonClass: 34587K(35328K)->34587K(35328K) Class: 4736K(5120K)->4736K(5120K)
[2020-04-16T22:41:44.956+0800][17.756s] GC(46) Pause Young (Normal) (G1 Evacuation Pause) 449M->322M(512M) 1.205ms
[2020-04-16T22:41:44.956+0800][17.756s] GC(46) User=0.00s Sys=0.00s Real=0.00s
[2020-04-16T22:41:45.042+0800][17.842s] GC(47) Pause Young (Normal) (G1 Evacuation Pause)
[2020-04-16T22:41:45.042+0800][17.842s] GC(47) Using 4 workers of 4 for evacuation
[2020-04-16T22:41:45.043+0800][17.843s] GC(47)   Pre Evacuate Collection Set: 0.1ms
[2020-04-16T22:41:45.043+0800][17.843s] GC(47)   Merge Heap Roots: 0.0ms
[2020-04-16T22:41:45.043+0800][17.843s] GC(47)   Evacuate Collection Set: 0.5ms
[2020-04-16T22:41:45.043+0800][17.843s] GC(47)   Post Evacuate Collection Set: 0.3ms
[2020-04-16T22:41:45.043+0800][17.843s] GC(47)   Other: 0.1ms
[2020-04-16T22:41:45.043+0800][17.843s] GC(47) Eden regions: 127->0(127)
[2020-04-16T22:41:45.043+0800][17.843s] GC(47) Survivor regions: 1->1(32)
[2020-04-16T22:41:45.043+0800][17.843s] GC(47) Old regions: 321->321
[2020-04-16T22:41:45.043+0800][17.843s] GC(47) Archive regions: 2->2
[2020-04-16T22:41:45.044+0800][17.843s] GC(47) Humongous regions: 1->1
[2020-04-16T22:41:45.044+0800][17.843s] GC(47) Metaspace: 39324K(40448K)->39324K(40448K) NonClass: 34587K(35328K)->34587K(35328K) Class: 4736K(5120K)->4736K(5120K)
[2020-04-16T22:41:45.044+0800][17.843s] GC(47) Pause Young (Normal) (G1 Evacuation Pause) 449M->322M(512M) 1.146ms
[2020-04-16T22:41:45.044+0800][17.843s] GC(47) User=0.01s Sys=0.00s Real=0.00s
[2020-04-16T22:41:45.131+0800][17.930s] GC(48) Pause Young (Normal) (G1 Evacuation Pause)
[2020-04-16T22:41:45.131+0800][17.930s] GC(48) Using 4 workers of 4 for evacuation
[2020-04-16T22:41:45.132+0800][17.932s] GC(48)   Pre Evacuate Collection Set: 0.1ms
[2020-04-16T22:41:45.132+0800][17.932s] GC(48)   Merge Heap Roots: 0.0ms
[2020-04-16T22:41:45.132+0800][17.932s] GC(48)   Evacuate Collection Set: 0.6ms
[2020-04-16T22:41:45.132+0800][17.932s] GC(48)   Post Evacuate Collection Set: 0.3ms
[2020-04-16T22:41:45.132+0800][17.932s] GC(48)   Other: 0.2ms
[2020-04-16T22:41:45.132+0800][17.932s] GC(48) Eden regions: 127->0(128)
[2020-04-16T22:41:45.132+0800][17.932s] GC(48) Survivor regions: 1->0(32)
[2020-04-16T22:41:45.132+0800][17.932s] GC(48) Old regions: 321->321
[2020-04-16T22:41:45.132+0800][17.932s] GC(48) Archive regions: 2->2
[2020-04-16T22:41:45.132+0800][17.932s] GC(48) Humongous regions: 1->1
[2020-04-16T22:41:45.132+0800][17.932s] GC(48) Metaspace: 39324K(40448K)->39324K(40448K) NonClass: 34587K(35328K)->34587K(35328K) Class: 4736K(5120K)->4736K(5120K)
[2020-04-16T22:41:45.132+0800][17.932s] GC(48) Pause Young (Normal) (G1 Evacuation Pause) 449M->322M(512M) 1.312ms
[2020-04-16T22:41:45.132+0800][17.932s] GC(48) User=0.00s Sys=0.00s Real=0.00s
[2020-04-16T22:41:45.225+0800][18.024s] GC(49) Pause Young (Normal) (G1 Evacuation Pause)
[2020-04-16T22:41:45.225+0800][18.024s] GC(49) Using 4 workers of 4 for evacuation
[2020-04-16T22:41:45.226+0800][18.025s] GC(49)   Pre Evacuate Collection Set: 0.1ms
[2020-04-16T22:41:45.226+0800][18.025s] GC(49)   Merge Heap Roots: 0.1ms
[2020-04-16T22:41:45.226+0800][18.025s] GC(49)   Evacuate Collection Set: 0.3ms
[2020-04-16T22:41:45.226+0800][18.025s] GC(49)   Post Evacuate Collection Set: 0.3ms
[2020-04-16T22:41:45.226+0800][18.025s] GC(49)   Other: 0.1ms
[2020-04-16T22:41:45.226+0800][18.025s] GC(49) Eden regions: 128->0(128)
[2020-04-16T22:41:45.226+0800][18.025s] GC(49) Survivor regions: 0->0(32)
[2020-04-16T22:41:45.226+0800][18.025s] GC(49) Old regions: 321->321
[2020-04-16T22:41:45.226+0800][18.025s] GC(49) Archive regions: 2->2
[2020-04-16T22:41:45.226+0800][18.025s] GC(49) Humongous regions: 1->1
[2020-04-16T22:41:45.226+0800][18.025s] GC(49) Metaspace: 39324K(40448K)->39324K(40448K) NonClass: 34587K(35328K)->34587K(35328K) Class: 4736K(5120K)->4736K(5120K)
[2020-04-16T22:41:45.226+0800][18.025s] GC(49) Pause Young (Normal) (G1 Evacuation Pause) 450M->322M(512M) 1.115ms
[2020-04-16T22:41:45.226+0800][18.025s] GC(49) User=0.00s Sys=0.00s Real=0.00s
[2020-04-16T22:41:45.230+0800][18.030s] GC(42) Concurrent Rebuild Remembered Sets 294.751ms
[2020-04-16T22:41:45.230+0800][18.030s] GC(42) Pause Cleanup
[2020-04-16T22:41:45.230+0800][18.030s] GC(42) Pause Cleanup 331M->331M(512M) 0.316ms
[2020-04-16T22:41:45.231+0800][18.030s] GC(42) User=0.01s Sys=0.00s Real=0.00s
[2020-04-16T22:41:45.231+0800][18.030s] GC(42) Concurrent Cleanup for Next Mark
[2020-04-16T22:41:45.231+0800][18.031s] GC(42) Concurrent Cleanup for Next Mark 0.718ms
[2020-04-16T22:41:45.231+0800][18.031s] GC(42) Concurrent Cycle 790.222ms
[2020-04-16T22:41:45.269+0800][18.069s] GC(50) Pause Young (Normal) (G1 Evacuation Pause)
[2020-04-16T22:41:45.269+0800][18.069s] GC(50) Using 4 workers of 4 for evacuation
[2020-04-16T22:41:45.270+0800][18.069s] GC(50)   Pre Evacuate Collection Set: 0.1ms
[2020-04-16T22:41:45.270+0800][18.069s] GC(50)   Merge Heap Roots: 0.0ms
[2020-04-16T22:41:45.270+0800][18.069s] GC(50)   Evacuate Collection Set: 0.3ms
[2020-04-16T22:41:45.270+0800][18.069s] GC(50)   Post Evacuate Collection Set: 0.3ms
[2020-04-16T22:41:45.270+0800][18.069s] GC(50)   Other: 0.2ms
[2020-04-16T22:41:45.270+0800][18.069s] GC(50) Eden regions: 128->0(128)
[2020-04-16T22:41:45.270+0800][18.070s] GC(50) Survivor regions: 0->0(32)
[2020-04-16T22:41:45.270+0800][18.070s] GC(50) Old regions: 321->321
[2020-04-16T22:41:45.270+0800][18.070s] GC(50) Archive regions: 2->2
[2020-04-16T22:41:45.270+0800][18.070s] GC(50) Humongous regions: 1->1
[2020-04-16T22:41:45.270+0800][18.070s] GC(50) Metaspace: 39324K(40448K)->39324K(40448K) NonClass: 34587K(35328K)->34587K(35328K) Class: 4736K(5120K)->4736K(5120K)
[2020-04-16T22:41:45.270+0800][18.070s] GC(50) Pause Young (Normal) (G1 Evacuation Pause) 450M->322M(512M) 1.057ms
[2020-04-16T22:41:45.270+0800][18.070s] GC(50) User=0.00s Sys=0.00s Real=0.01s
[2020-04-16T22:41:45.306+0800][18.105s] GC(51) Pause Young (Concurrent Start) (G1 Evacuation Pause)
[2020-04-16T22:41:45.306+0800][18.105s] GC(51) Using 4 workers of 4 for evacuation
[2020-04-16T22:41:45.307+0800][18.106s] GC(51)   Pre Evacuate Collection Set: 0.1ms
[2020-04-16T22:41:45.307+0800][18.106s] GC(51)   Merge Heap Roots: 0.0ms
[2020-04-16T22:41:45.307+0800][18.106s] GC(51)   Evacuate Collection Set: 0.6ms
[2020-04-16T22:41:45.307+0800][18.106s] GC(51)   Post Evacuate Collection Set: 0.3ms
[2020-04-16T22:41:45.307+0800][18.106s] GC(51)   Other: 0.1ms
[2020-04-16T22:41:45.307+0800][18.106s] GC(51) Eden regions: 128->0(128)
[2020-04-16T22:41:45.307+0800][18.106s] GC(51) Survivor regions: 0->0(32)
[2020-04-16T22:41:45.307+0800][18.106s] GC(51) Old regions: 321->321
[2020-04-16T22:41:45.307+0800][18.106s] GC(51) Archive regions: 2->2
[2020-04-16T22:41:45.307+0800][18.106s] GC(51) Humongous regions: 1->1
[2020-04-16T22:41:45.307+0800][18.106s] GC(51) Metaspace: 39324K(40448K)->39324K(40448K) NonClass: 34587K(35328K)->34587K(35328K) Class: 4736K(5120K)->4736K(5120K)
[2020-04-16T22:41:45.307+0800][18.106s] GC(51) Pause Young (Concurrent Start) (G1 Evacuation Pause) 450M->322M(512M) 1.257ms
[2020-04-16T22:41:45.307+0800][18.106s] GC(51) User=0.00s Sys=0.00s Real=0.00s
[2020-04-16T22:41:45.307+0800][18.106s] GC(52) Concurrent Cycle
[2020-04-16T22:41:45.307+0800][18.107s] GC(52) Concurrent Clear Claimed Marks
[2020-04-16T22:41:45.307+0800][18.107s] GC(52) Concurrent Clear Claimed Marks 0.027ms
[2020-04-16T22:41:45.307+0800][18.107s] GC(52) Concurrent Scan Root Regions
[2020-04-16T22:41:45.307+0800][18.107s] GC(52) Concurrent Scan Root Regions 0.008ms
[2020-04-16T22:41:45.307+0800][18.107s] GC(52) Concurrent Mark (18.107s)
[2020-04-16T22:41:45.307+0800][18.107s] GC(52) Concurrent Mark From Roots
[2020-04-16T22:41:45.307+0800][18.107s] GC(52) Using 4 workers of 4 for marking
[2020-04-16T22:41:45.447+0800][18.246s] GC(53) Pause Young (Normal) (G1 Evacuation Pause)
[2020-04-16T22:41:45.447+0800][18.246s] GC(53) Using 4 workers of 4 for evacuation
[2020-04-16T22:41:45.448+0800][18.247s] GC(53)   Pre Evacuate Collection Set: 0.1ms
[2020-04-16T22:41:45.448+0800][18.247s] GC(53)   Merge Heap Roots: 0.0ms
[2020-04-16T22:41:45.448+0800][18.247s] GC(53)   Evacuate Collection Set: 0.3ms
[2020-04-16T22:41:45.448+0800][18.247s] GC(53)   Post Evacuate Collection Set: 0.3ms
[2020-04-16T22:41:45.448+0800][18.247s] GC(53)   Other: 0.1ms
[2020-04-16T22:41:45.448+0800][18.247s] GC(53) Eden regions: 128->0(128)
[2020-04-16T22:41:45.448+0800][18.247s] GC(53) Survivor regions: 0->0(32)
[2020-04-16T22:41:45.448+0800][18.247s] GC(53) Old regions: 321->321
[2020-04-16T22:41:45.448+0800][18.247s] GC(53) Archive regions: 2->2
[2020-04-16T22:41:45.448+0800][18.247s] GC(53) Humongous regions: 1->1
[2020-04-16T22:41:45.448+0800][18.247s] GC(53) Metaspace: 39324K(40448K)->39324K(40448K) NonClass: 34587K(35328K)->34587K(35328K) Class: 4736K(5120K)->4736K(5120K)
[2020-04-16T22:41:45.448+0800][18.247s] GC(53) Pause Young (Normal) (G1 Evacuation Pause) 450M->322M(512M) 1.009ms
[2020-04-16T22:41:45.448+0800][18.247s] GC(53) User=0.01s Sys=0.00s Real=0.00s
[2020-04-16T22:41:45.544+0800][18.343s] GC(54) Pause Young (Normal) (G1 Evacuation Pause)
[2020-04-16T22:41:45.544+0800][18.343s] GC(54) Using 4 workers of 4 for evacuation
[2020-04-16T22:41:45.544+0800][18.344s] GC(54)   Pre Evacuate Collection Set: 0.1ms
[2020-04-16T22:41:45.545+0800][18.344s] GC(54)   Merge Heap Roots: 0.0ms
[2020-04-16T22:41:45.545+0800][18.344s] GC(54)   Evacuate Collection Set: 0.2ms
[2020-04-16T22:41:45.545+0800][18.344s] GC(54)   Post Evacuate Collection Set: 0.4ms
[2020-04-16T22:41:45.545+0800][18.344s] GC(54)   Other: 0.2ms
[2020-04-16T22:41:45.545+0800][18.344s] GC(54) Eden regions: 128->0(128)
[2020-04-16T22:41:45.545+0800][18.344s] GC(54) Survivor regions: 0->0(32)
[2020-04-16T22:41:45.545+0800][18.344s] GC(54) Old regions: 321->321
[2020-04-16T22:41:45.545+0800][18.344s] GC(54) Archive regions: 2->2
[2020-04-16T22:41:45.545+0800][18.344s] GC(54) Humongous regions: 1->1
[2020-04-16T22:41:45.545+0800][18.344s] GC(54) Metaspace: 39324K(40448K)->39324K(40448K) NonClass: 34587K(35328K)->34587K(35328K) Class: 4736K(5120K)->4736K(5120K)
[2020-04-16T22:41:45.545+0800][18.344s] GC(54) Pause Young (Normal) (G1 Evacuation Pause) 450M->322M(512M) 1.005ms
[2020-04-16T22:41:45.545+0800][18.344s] GC(54) User=0.00s Sys=0.00s Real=0.00s
[2020-04-16T22:41:45.646+0800][18.446s] GC(55) Pause Young (Normal) (G1 Evacuation Pause)
[2020-04-16T22:41:45.646+0800][18.446s] GC(55) Using 4 workers of 4 for evacuation
[2020-04-16T22:41:45.647+0800][18.446s] GC(55)   Pre Evacuate Collection Set: 0.1ms
[2020-04-16T22:41:45.647+0800][18.446s] GC(55)   Merge Heap Roots: 0.0ms
[2020-04-16T22:41:45.647+0800][18.446s] GC(55)   Evacuate Collection Set: 0.2ms
[2020-04-16T22:41:45.647+0800][18.446s] GC(55)   Post Evacuate Collection Set: 0.3ms
[2020-04-16T22:41:45.647+0800][18.446s] GC(55)   Other: 0.2ms
[2020-04-16T22:41:45.647+0800][18.446s] GC(55) Eden regions: 128->0(128)
[2020-04-16T22:41:45.647+0800][18.446s] GC(55) Survivor regions: 0->0(32)
[2020-04-16T22:41:45.647+0800][18.446s] GC(55) Old regions: 321->321
[2020-04-16T22:41:45.647+0800][18.446s] GC(55) Archive regions: 2->2
[2020-04-16T22:41:45.647+0800][18.446s] GC(55) Humongous regions: 1->1
[2020-04-16T22:41:45.647+0800][18.446s] GC(55) Metaspace: 39324K(40448K)->39324K(40448K) NonClass: 34587K(35328K)->34587K(35328K) Class: 4736K(5120K)->4736K(5120K)
[2020-04-16T22:41:45.647+0800][18.446s] GC(55) Pause Young (Normal) (G1 Evacuation Pause) 450M->322M(512M) 0.870ms
[2020-04-16T22:41:45.647+0800][18.446s] GC(55) User=0.00s Sys=0.00s Real=0.00s
[2020-04-16T22:41:45.743+0800][18.543s] GC(56) Pause Young (Normal) (G1 Evacuation Pause)
[2020-04-16T22:41:45.743+0800][18.543s] GC(56) Using 4 workers of 4 for evacuation
[2020-04-16T22:41:45.744+0800][18.544s] GC(56)   Pre Evacuate Collection Set: 0.1ms
[2020-04-16T22:41:45.744+0800][18.544s] GC(56)   Merge Heap Roots: 0.1ms
[2020-04-16T22:41:45.744+0800][18.544s] GC(56)   Evacuate Collection Set: 0.2ms
[2020-04-16T22:41:45.744+0800][18.544s] GC(56)   Post Evacuate Collection Set: 0.4ms
[2020-04-16T22:41:45.744+0800][18.544s] GC(56)   Other: 0.1ms
[2020-04-16T22:41:45.744+0800][18.544s] GC(56) Eden regions: 128->0(128)
[2020-04-16T22:41:45.744+0800][18.544s] GC(56) Survivor regions: 0->0(32)
[2020-04-16T22:41:45.744+0800][18.544s] GC(56) Old regions: 321->321
[2020-04-16T22:41:45.744+0800][18.544s] GC(56) Archive regions: 2->2
[2020-04-16T22:41:45.744+0800][18.544s] GC(56) Humongous regions: 1->1
[2020-04-16T22:41:45.744+0800][18.544s] GC(56) Metaspace: 39324K(40448K)->39324K(40448K) NonClass: 34587K(35328K)->34587K(35328K) Class: 4736K(5120K)->4736K(5120K)
[2020-04-16T22:41:45.744+0800][18.544s] GC(56) Pause Young (Normal) (G1 Evacuation Pause) 450M->322M(512M) 1.013ms
[2020-04-16T22:41:45.744+0800][18.544s] GC(56) User=0.00s Sys=0.00s Real=0.00s
[2020-04-16T22:41:45.824+0800][18.624s] GC(52) Concurrent Mark From Roots 517.331ms
[2020-04-16T22:41:45.824+0800][18.624s] GC(52) Concurrent Preclean
[2020-04-16T22:41:45.824+0800][18.624s] GC(52) Concurrent Preclean 0.112ms
[2020-04-16T22:41:45.824+0800][18.624s] GC(52) Concurrent Mark (18.107s, 18.624s) 517.514ms
[2020-04-16T22:41:45.825+0800][18.624s] GC(52) Pause Remark
[2020-04-16T22:41:45.828+0800][18.628s] GC(52) Pause Remark 429M->429M(512M) 3.453ms
[2020-04-16T22:41:45.828+0800][18.628s] GC(52) User=0.02s Sys=0.00s Real=0.00s
[2020-04-16T22:41:45.828+0800][18.628s] GC(52) Concurrent Rebuild Remembered Sets
[2020-04-16T22:41:45.844+0800][18.644s] GC(57) Pause Young (Normal) (G1 Evacuation Pause)
[2020-04-16T22:41:45.844+0800][18.644s] GC(57) Using 4 workers of 4 for evacuation
[2020-04-16T22:41:45.845+0800][18.645s] GC(57)   Pre Evacuate Collection Set: 0.1ms
[2020-04-16T22:41:45.845+0800][18.645s] GC(57)   Merge Heap Roots: 0.0ms
[2020-04-16T22:41:45.845+0800][18.645s] GC(57)   Evacuate Collection Set: 0.2ms
[2020-04-16T22:41:45.845+0800][18.645s] GC(57)   Post Evacuate Collection Set: 0.4ms
[2020-04-16T22:41:45.845+0800][18.645s] GC(57)   Other: 0.1ms
[2020-04-16T22:41:45.845+0800][18.645s] GC(57) Eden regions: 128->0(128)
[2020-04-16T22:41:45.845+0800][18.645s] GC(57) Survivor regions: 0->0(32)
[2020-04-16T22:41:45.845+0800][18.645s] GC(57) Old regions: 321->321
[2020-04-16T22:41:45.845+0800][18.645s] GC(57) Archive regions: 2->2
[2020-04-16T22:41:45.845+0800][18.645s] GC(57) Humongous regions: 1->1
[2020-04-16T22:41:45.845+0800][18.645s] GC(57) Metaspace: 39324K(40448K)->39324K(40448K) NonClass: 34587K(35328K)->34587K(35328K) Class: 4736K(5120K)->4736K(5120K)
[2020-04-16T22:41:45.845+0800][18.645s] GC(57) Pause Young (Normal) (G1 Evacuation Pause) 450M->322M(512M) 0.994ms
[2020-04-16T22:41:45.845+0800][18.645s] GC(57) User=0.00s Sys=0.00s Real=0.00s
[2020-04-16T22:41:45.936+0800][18.736s] GC(58) Pause Young (Normal) (G1 Evacuation Pause)
[2020-04-16T22:41:45.936+0800][18.736s] GC(58) Using 4 workers of 4 for evacuation
[2020-04-16T22:41:45.937+0800][18.736s] GC(58)   Pre Evacuate Collection Set: 0.1ms
[2020-04-16T22:41:45.937+0800][18.736s] GC(58)   Merge Heap Roots: 0.0ms
[2020-04-16T22:41:45.937+0800][18.736s] GC(58)   Evacuate Collection Set: 0.2ms
[2020-04-16T22:41:45.937+0800][18.736s] GC(58)   Post Evacuate Collection Set: 0.3ms
[2020-04-16T22:41:45.937+0800][18.736s] GC(58)   Other: 0.1ms
[2020-04-16T22:41:45.937+0800][18.736s] GC(58) Eden regions: 128->0(128)
[2020-04-16T22:41:45.937+0800][18.736s] GC(58) Survivor regions: 0->0(32)
[2020-04-16T22:41:45.937+0800][18.736s] GC(58) Old regions: 321->321
[2020-04-16T22:41:45.937+0800][18.737s] GC(58) Archive regions: 2->2
[2020-04-16T22:41:45.937+0800][18.737s] GC(58) Humongous regions: 1->1
[2020-04-16T22:41:45.937+0800][18.737s] GC(58) Metaspace: 39324K(40448K)->39324K(40448K) NonClass: 34587K(35328K)->34587K(35328K) Class: 4736K(5120K)->4736K(5120K)
[2020-04-16T22:41:45.937+0800][18.737s] GC(58) Pause Young (Normal) (G1 Evacuation Pause) 450M->322M(512M) 0.945ms
[2020-04-16T22:41:45.937+0800][18.737s] GC(58) User=0.00s Sys=0.00s Real=0.00s
[2020-04-16T22:41:46.028+0800][18.827s] GC(59) Pause Young (Normal) (G1 Evacuation Pause)
[2020-04-16T22:41:46.028+0800][18.827s] GC(59) Using 4 workers of 4 for evacuation
[2020-04-16T22:41:46.028+0800][18.828s] GC(59)   Pre Evacuate Collection Set: 0.1ms
[2020-04-16T22:41:46.028+0800][18.828s] GC(59)   Merge Heap Roots: 0.0ms
[2020-04-16T22:41:46.028+0800][18.828s] GC(59)   Evacuate Collection Set: 0.2ms
[2020-04-16T22:41:46.028+0800][18.828s] GC(59)   Post Evacuate Collection Set: 0.3ms
[2020-04-16T22:41:46.028+0800][18.828s] GC(59)   Other: 0.1ms
[2020-04-16T22:41:46.028+0800][18.828s] GC(59) Eden regions: 128->0(128)
[2020-04-16T22:41:46.028+0800][18.828s] GC(59) Survivor regions: 0->0(32)
[2020-04-16T22:41:46.028+0800][18.828s] GC(59) Old regions: 321->321
[2020-04-16T22:41:46.028+0800][18.828s] GC(59) Archive regions: 2->2
[2020-04-16T22:41:46.028+0800][18.828s] GC(59) Humongous regions: 1->1
[2020-04-16T22:41:46.028+0800][18.828s] GC(59) Metaspace: 39324K(40448K)->39324K(40448K) NonClass: 34587K(35328K)->34587K(35328K) Class: 4736K(5120K)->4736K(5120K)
[2020-04-16T22:41:46.028+0800][18.828s] GC(59) Pause Young (Normal) (G1 Evacuation Pause) 450M->322M(512M) 0.906ms
[2020-04-16T22:41:46.028+0800][18.828s] GC(59) User=0.00s Sys=0.00s Real=0.00s
[2020-04-16T22:41:46.111+0800][18.911s] GC(60) Pause Young (Normal) (G1 Evacuation Pause)
[2020-04-16T22:41:46.112+0800][18.911s] GC(60) Using 4 workers of 4 for evacuation
[2020-04-16T22:41:46.112+0800][18.912s] GC(60)   Pre Evacuate Collection Set: 0.1ms
[2020-04-16T22:41:46.112+0800][18.912s] GC(60)   Merge Heap Roots: 0.0ms
[2020-04-16T22:41:46.112+0800][18.912s] GC(60)   Evacuate Collection Set: 0.2ms
[2020-04-16T22:41:46.112+0800][18.912s] GC(60)   Post Evacuate Collection Set: 0.4ms
[2020-04-16T22:41:46.113+0800][18.912s] GC(60)   Other: 0.2ms
[2020-04-16T22:41:46.113+0800][18.912s] GC(60) Eden regions: 128->0(128)
[2020-04-16T22:41:46.113+0800][18.912s] GC(60) Survivor regions: 0->0(32)
[2020-04-16T22:41:46.113+0800][18.912s] GC(60) Old regions: 321->321
[2020-04-16T22:41:46.113+0800][18.912s] GC(60) Archive regions: 2->2
[2020-04-16T22:41:46.113+0800][18.912s] GC(60) Humongous regions: 1->1
[2020-04-16T22:41:46.113+0800][18.912s] GC(60) Metaspace: 39324K(40448K)->39324K(40448K) NonClass: 34587K(35328K)->34587K(35328K) Class: 4736K(5120K)->4736K(5120K)
[2020-04-16T22:41:46.113+0800][18.912s] GC(60) Pause Young (Normal) (G1 Evacuation Pause) 450M->322M(512M) 1.173ms
[2020-04-16T22:41:46.113+0800][18.912s] GC(60) User=0.00s Sys=0.00s Real=0.00s
[2020-04-16T22:41:46.122+0800][18.922s] GC(52) Concurrent Rebuild Remembered Sets 294.217ms
[2020-04-16T22:41:46.123+0800][18.922s] GC(52) Pause Cleanup
[2020-04-16T22:41:46.123+0800][18.923s] GC(52) Pause Cleanup 328M->328M(512M) 0.381ms
[2020-04-16T22:41:46.123+0800][18.923s] GC(52) User=0.00s Sys=0.00s Real=0.00s
[2020-04-16T22:41:46.124+0800][18.923s] GC(52) Concurrent Cleanup for Next Mark
[2020-04-16T22:41:46.125+0800][18.924s] GC(52) Concurrent Cleanup for Next Mark 0.797ms
[2020-04-16T22:41:46.125+0800][18.924s] GC(52) Concurrent Cycle 817.675ms
[2020-04-16T22:41:46.161+0800][18.960s] GC(61) Pause Young (Normal) (G1 Evacuation Pause)
[2020-04-16T22:41:46.161+0800][18.960s] GC(61) Using 4 workers of 4 for evacuation
[2020-04-16T22:41:46.162+0800][18.961s] GC(61)   Pre Evacuate Collection Set: 0.1ms
[2020-04-16T22:41:46.162+0800][18.961s] GC(61)   Merge Heap Roots: 0.0ms
[2020-04-16T22:41:46.162+0800][18.961s] GC(61)   Evacuate Collection Set: 0.2ms
[2020-04-16T22:41:46.162+0800][18.961s] GC(61)   Post Evacuate Collection Set: 0.5ms
[2020-04-16T22:41:46.162+0800][18.962s] GC(61)   Other: 0.2ms
[2020-04-16T22:41:46.162+0800][18.962s] GC(61) Eden regions: 128->0(128)
[2020-04-16T22:41:46.162+0800][18.962s] GC(61) Survivor regions: 0->0(32)
[2020-04-16T22:41:46.162+0800][18.962s] GC(61) Old regions: 321->321
[2020-04-16T22:41:46.162+0800][18.962s] GC(61) Archive regions: 2->2
[2020-04-16T22:41:46.162+0800][18.962s] GC(61) Humongous regions: 1->1
[2020-04-16T22:41:46.162+0800][18.962s] GC(61) Metaspace: 39324K(40448K)->39324K(40448K) NonClass: 34587K(35328K)->34587K(35328K) Class: 4736K(5120K)->4736K(5120K)
[2020-04-16T22:41:46.162+0800][18.962s] GC(61) Pause Young (Normal) (G1 Evacuation Pause) 450M->322M(512M) 1.263ms
[2020-04-16T22:41:46.162+0800][18.962s] GC(61) User=0.00s Sys=0.00s Real=0.00s
[2020-04-16T22:41:46.203+0800][19.003s] GC(62) Pause Young (Concurrent Start) (G1 Evacuation Pause)
[2020-04-16T22:41:46.203+0800][19.003s] GC(62) Using 4 workers of 4 for evacuation
[2020-04-16T22:41:46.204+0800][19.004s] GC(62)   Pre Evacuate Collection Set: 0.1ms
[2020-04-16T22:41:46.204+0800][19.004s] GC(62)   Merge Heap Roots: 0.0ms
[2020-04-16T22:41:46.204+0800][19.004s] GC(62)   Evacuate Collection Set: 0.5ms
[2020-04-16T22:41:46.204+0800][19.004s] GC(62)   Post Evacuate Collection Set: 0.3ms
[2020-04-16T22:41:46.204+0800][19.004s] GC(62)   Other: 0.1ms
[2020-04-16T22:41:46.204+0800][19.004s] GC(62) Eden regions: 128->0(128)
[2020-04-16T22:41:46.204+0800][19.004s] GC(62) Survivor regions: 0->0(32)
[2020-04-16T22:41:46.204+0800][19.004s] GC(62) Old regions: 321->321
[2020-04-16T22:41:46.204+0800][19.004s] GC(62) Archive regions: 2->2
[2020-04-16T22:41:46.204+0800][19.004s] GC(62) Humongous regions: 1->1
[2020-04-16T22:41:46.204+0800][19.004s] GC(62) Metaspace: 39324K(40448K)->39324K(40448K) NonClass: 34587K(35328K)->34587K(35328K) Class: 4736K(5120K)->4736K(5120K)
[2020-04-16T22:41:46.204+0800][19.004s] GC(62) Pause Young (Concurrent Start) (G1 Evacuation Pause) 450M->322M(512M) 1.178ms
[2020-04-16T22:41:46.204+0800][19.004s] GC(62) User=0.00s Sys=0.00s Real=0.00s
[2020-04-16T22:41:46.204+0800][19.004s] GC(63) Concurrent Cycle
[2020-04-16T22:41:46.204+0800][19.004s] GC(63) Concurrent Clear Claimed Marks
[2020-04-16T22:41:46.205+0800][19.004s] GC(63) Concurrent Clear Claimed Marks 0.030ms
[2020-04-16T22:41:46.205+0800][19.004s] GC(63) Concurrent Scan Root Regions
[2020-04-16T22:41:46.205+0800][19.004s] GC(63) Concurrent Scan Root Regions 0.007ms
[2020-04-16T22:41:46.205+0800][19.004s] GC(63) Concurrent Mark (19.004s)
[2020-04-16T22:41:46.205+0800][19.004s] GC(63) Concurrent Mark From Roots
[2020-04-16T22:41:46.205+0800][19.004s] GC(63) Using 4 workers of 4 for marking
[2020-04-16T22:41:46.347+0800][19.146s] GC(64) Pause Young (Normal) (G1 Evacuation Pause)
[2020-04-16T22:41:46.347+0800][19.147s] GC(64) Using 4 workers of 4 for evacuation
[2020-04-16T22:41:46.348+0800][19.147s] GC(64)   Pre Evacuate Collection Set: 0.1ms
[2020-04-16T22:41:46.348+0800][19.147s] GC(64)   Merge Heap Roots: 0.0ms
[2020-04-16T22:41:46.348+0800][19.147s] GC(64)   Evacuate Collection Set: 0.4ms
[2020-04-16T22:41:46.348+0800][19.147s] GC(64)   Post Evacuate Collection Set: 0.3ms
[2020-04-16T22:41:46.348+0800][19.148s] GC(64)   Other: 0.1ms
[2020-04-16T22:41:46.348+0800][19.148s] GC(64) Eden regions: 128->0(128)
[2020-04-16T22:41:46.348+0800][19.148s] GC(64) Survivor regions: 0->0(32)
[2020-04-16T22:41:46.348+0800][19.148s] GC(64) Old regions: 321->321
[2020-04-16T22:41:46.348+0800][19.148s] GC(64) Archive regions: 2->2
[2020-04-16T22:41:46.348+0800][19.148s] GC(64) Humongous regions: 1->1
[2020-04-16T22:41:46.348+0800][19.148s] GC(64) Metaspace: 39324K(40448K)->39324K(40448K) NonClass: 34587K(35328K)->34587K(35328K) Class: 4736K(5120K)->4736K(5120K)
[2020-04-16T22:41:46.348+0800][19.148s] GC(64) Pause Young (Normal) (G1 Evacuation Pause) 450M->322M(512M) 1.135ms
[2020-04-16T22:41:46.348+0800][19.148s] GC(64) User=0.01s Sys=0.00s Real=0.00s
[2020-04-16T22:41:46.521+0800][19.321s] GC(65) Pause Young (Normal) (G1 Evacuation Pause)
[2020-04-16T22:41:46.521+0800][19.321s] GC(65) Using 4 workers of 4 for evacuation
[2020-04-16T22:41:46.523+0800][19.322s] GC(65)   Pre Evacuate Collection Set: 0.0ms
[2020-04-16T22:41:46.523+0800][19.322s] GC(65)   Merge Heap Roots: 0.0ms
[2020-04-16T22:41:46.523+0800][19.322s] GC(65)   Evacuate Collection Set: 0.8ms
[2020-04-16T22:41:46.523+0800][19.322s] GC(65)   Post Evacuate Collection Set: 0.3ms
[2020-04-16T22:41:46.523+0800][19.322s] GC(65)   Other: 0.2ms
[2020-04-16T22:41:46.523+0800][19.322s] GC(65) Eden regions: 128->0(127)
[2020-04-16T22:41:46.523+0800][19.322s] GC(65) Survivor regions: 0->1(32)
[2020-04-16T22:41:46.523+0800][19.322s] GC(65) Old regions: 321->321
[2020-04-16T22:41:46.523+0800][19.322s] GC(65) Archive regions: 2->2
[2020-04-16T22:41:46.523+0800][19.322s] GC(65) Humongous regions: 1->1
[2020-04-16T22:41:46.523+0800][19.322s] GC(65) Metaspace: 39363K(40448K)->39363K(40448K) NonClass: 34622K(35328K)->34622K(35328K) Class: 4740K(5120K)->4740K(5120K)
[2020-04-16T22:41:46.523+0800][19.322s] GC(65) Pause Young (Normal) (G1 Evacuation Pause) 450M->322M(512M) 1.576ms
[2020-04-16T22:41:46.523+0800][19.322s] GC(65) User=0.01s Sys=0.00s Real=0.00s
[2020-04-16T22:41:46.663+0800][19.463s] GC(66) Pause Young (Normal) (G1 Evacuation Pause)
[2020-04-16T22:41:46.663+0800][19.463s] GC(66) Using 4 workers of 4 for evacuation
[2020-04-16T22:41:46.664+0800][19.464s] GC(66)   Pre Evacuate Collection Set: 0.1ms
[2020-04-16T22:41:46.664+0800][19.464s] GC(66)   Merge Heap Roots: 0.0ms
[2020-04-16T22:41:46.664+0800][19.464s] GC(66)   Evacuate Collection Set: 0.8ms
[2020-04-16T22:41:46.665+0800][19.464s] GC(66)   Post Evacuate Collection Set: 0.4ms
[2020-04-16T22:41:46.665+0800][19.464s] GC(66)   Other: 0.2ms
[2020-04-16T22:41:46.665+0800][19.464s] GC(66) Eden regions: 127->0(127)
[2020-04-16T22:41:46.665+0800][19.464s] GC(66) Survivor regions: 1->1(32)
[2020-04-16T22:41:46.665+0800][19.464s] GC(66) Old regions: 321->321
[2020-04-16T22:41:46.665+0800][19.464s] GC(66) Archive regions: 2->2
[2020-04-16T22:41:46.665+0800][19.464s] GC(66) Humongous regions: 1->1
[2020-04-16T22:41:46.665+0800][19.464s] GC(66) Metaspace: 39363K(40448K)->39363K(40448K) NonClass: 34622K(35328K)->34622K(35328K) Class: 4740K(5120K)->4740K(5120K)
[2020-04-16T22:41:46.665+0800][19.464s] GC(66) Pause Young (Normal) (G1 Evacuation Pause) 449M->322M(512M) 1.698ms
[2020-04-16T22:41:46.665+0800][19.464s] GC(66) User=0.01s Sys=0.00s Real=0.00s
[2020-04-16T22:41:46.785+0800][19.584s] GC(67) Pause Young (Normal) (G1 Evacuation Pause)
[2020-04-16T22:41:46.785+0800][19.584s] GC(67) Using 4 workers of 4 for evacuation
[2020-04-16T22:41:46.786+0800][19.585s] GC(67)   Pre Evacuate Collection Set: 0.0ms
[2020-04-16T22:41:46.786+0800][19.585s] GC(67)   Merge Heap Roots: 0.1ms
[2020-04-16T22:41:46.786+0800][19.585s] GC(67)   Evacuate Collection Set: 0.5ms
[2020-04-16T22:41:46.786+0800][19.585s] GC(67)   Post Evacuate Collection Set: 0.4ms
[2020-04-16T22:41:46.786+0800][19.585s] GC(67)   Other: 0.2ms
[2020-04-16T22:41:46.786+0800][19.585s] GC(67) Eden regions: 127->0(127)
[2020-04-16T22:41:46.786+0800][19.585s] GC(67) Survivor regions: 1->1(32)
[2020-04-16T22:41:46.786+0800][19.585s] GC(67) Old regions: 321->321
[2020-04-16T22:41:46.786+0800][19.585s] GC(67) Archive regions: 2->2
[2020-04-16T22:41:46.786+0800][19.585s] GC(67) Humongous regions: 1->1
[2020-04-16T22:41:46.786+0800][19.585s] GC(67) Metaspace: 39363K(40448K)->39363K(40448K) NonClass: 34622K(35328K)->34622K(35328K) Class: 4740K(5120K)->4740K(5120K)
[2020-04-16T22:41:46.786+0800][19.585s] GC(67) Pause Young (Normal) (G1 Evacuation Pause) 449M->322M(512M) 1.301ms
[2020-04-16T22:41:46.786+0800][19.585s] GC(67) User=0.00s Sys=0.00s Real=0.00s
[2020-04-16T22:41:46.828+0800][19.628s] GC(63) Concurrent Mark From Roots 623.846ms
[2020-04-16T22:41:46.828+0800][19.628s] GC(63) Concurrent Preclean
[2020-04-16T22:41:46.829+0800][19.628s] GC(63) Concurrent Preclean 0.161ms
[2020-04-16T22:41:46.829+0800][19.628s] GC(63) Concurrent Mark (19.004s, 19.628s) 624.101ms
[2020-04-16T22:41:46.829+0800][19.628s] GC(63) Pause Remark
[2020-04-16T22:41:46.832+0800][19.632s] GC(63) Pause Remark 370M->370M(512M) 3.594ms
[2020-04-16T22:41:46.832+0800][19.632s] GC(63) User=0.01s Sys=0.00s Real=0.01s
[2020-04-16T22:41:46.833+0800][19.632s] GC(63) Concurrent Rebuild Remembered Sets
[2020-04-16T22:41:46.906+0800][19.706s] GC(68) Pause Young (Normal) (G1 Evacuation Pause)
[2020-04-16T22:41:46.906+0800][19.706s] GC(68) Using 4 workers of 4 for evacuation
[2020-04-16T22:41:46.907+0800][19.707s] GC(68)   Pre Evacuate Collection Set: 0.1ms
[2020-04-16T22:41:46.907+0800][19.707s] GC(68)   Merge Heap Roots: 0.0ms
[2020-04-16T22:41:46.907+0800][19.707s] GC(68)   Evacuate Collection Set: 0.5ms
[2020-04-16T22:41:46.907+0800][19.707s] GC(68)   Post Evacuate Collection Set: 0.4ms
[2020-04-16T22:41:46.907+0800][19.707s] GC(68)   Other: 0.1ms
[2020-04-16T22:41:46.907+0800][19.707s] GC(68) Eden regions: 127->0(127)
[2020-04-16T22:41:46.907+0800][19.707s] GC(68) Survivor regions: 1->1(32)
[2020-04-16T22:41:46.907+0800][19.707s] GC(68) Old regions: 321->321
[2020-04-16T22:41:46.907+0800][19.707s] GC(68) Archive regions: 2->2
[2020-04-16T22:41:46.907+0800][19.707s] GC(68) Humongous regions: 1->1
[2020-04-16T22:41:46.907+0800][19.707s] GC(68) Metaspace: 39363K(40448K)->39363K(40448K) NonClass: 34622K(35328K)->34622K(35328K) Class: 4740K(5120K)->4740K(5120K)
[2020-04-16T22:41:46.907+0800][19.707s] GC(68) Pause Young (Normal) (G1 Evacuation Pause) 449M->322M(512M) 1.261ms
[2020-04-16T22:41:46.907+0800][19.707s] GC(68) User=0.01s Sys=0.00s Real=0.00s
[2020-04-16T22:41:47.025+0800][19.825s] GC(69) Pause Young (Normal) (G1 Evacuation Pause)
[2020-04-16T22:41:47.025+0800][19.825s] GC(69) Using 4 workers of 4 for evacuation
[2020-04-16T22:41:47.026+0800][19.826s] GC(69)   Pre Evacuate Collection Set: 0.0ms
[2020-04-16T22:41:47.026+0800][19.826s] GC(69)   Merge Heap Roots: 0.0ms
[2020-04-16T22:41:47.026+0800][19.826s] GC(69)   Evacuate Collection Set: 0.4ms
[2020-04-16T22:41:47.026+0800][19.826s] GC(69)   Post Evacuate Collection Set: 0.3ms
[2020-04-16T22:41:47.026+0800][19.826s] GC(69)   Other: 0.2ms
[2020-04-16T22:41:47.026+0800][19.826s] GC(69) Eden regions: 127->0(127)
[2020-04-16T22:41:47.026+0800][19.826s] GC(69) Survivor regions: 1->1(32)
[2020-04-16T22:41:47.026+0800][19.826s] GC(69) Old regions: 321->321
[2020-04-16T22:41:47.026+0800][19.826s] GC(69) Archive regions: 2->2
[2020-04-16T22:41:47.026+0800][19.826s] GC(69) Humongous regions: 1->1
[2020-04-16T22:41:47.026+0800][19.826s] GC(69) Metaspace: 39363K(40448K)->39363K(40448K) NonClass: 34622K(35328K)->34622K(35328K) Class: 4740K(5120K)->4740K(5120K)
[2020-04-16T22:41:47.027+0800][19.826s] GC(69) Pause Young (Normal) (G1 Evacuation Pause) 449M->322M(512M) 1.086ms
[2020-04-16T22:41:47.027+0800][19.826s] GC(69) User=0.00s Sys=0.00s Real=0.00s
[2020-04-16T22:41:47.108+0800][19.907s] GC(70) Pause Young (Normal) (G1 Evacuation Pause)
[2020-04-16T22:41:47.108+0800][19.907s] GC(70) Using 4 workers of 4 for evacuation
[2020-04-16T22:41:47.109+0800][19.909s] GC(70)   Pre Evacuate Collection Set: 0.0ms
[2020-04-16T22:41:47.109+0800][19.909s] GC(70)   Merge Heap Roots: 0.0ms
[2020-04-16T22:41:47.109+0800][19.909s] GC(70)   Evacuate Collection Set: 0.6ms
[2020-04-16T22:41:47.109+0800][19.909s] GC(70)   Post Evacuate Collection Set: 0.4ms
[2020-04-16T22:41:47.109+0800][19.909s] GC(70)   Other: 0.2ms
[2020-04-16T22:41:47.109+0800][19.909s] GC(70) Eden regions: 127->0(127)
[2020-04-16T22:41:47.109+0800][19.909s] GC(70) Survivor regions: 1->1(32)
[2020-04-16T22:41:47.109+0800][19.909s] GC(70) Old regions: 321->321
[2020-04-16T22:41:47.109+0800][19.909s] GC(70) Archive regions: 2->2
[2020-04-16T22:41:47.109+0800][19.909s] GC(70) Humongous regions: 1->1
[2020-04-16T22:41:47.109+0800][19.909s] GC(70) Metaspace: 39363K(40448K)->39363K(40448K) NonClass: 34622K(35328K)->34622K(35328K) Class: 4740K(5120K)->4740K(5120K)
[2020-04-16T22:41:47.109+0800][19.909s] GC(70) Pause Young (Normal) (G1 Evacuation Pause) 449M->322M(512M) 1.292ms
[2020-04-16T22:41:47.109+0800][19.909s] GC(70) User=0.01s Sys=0.00s Real=0.00s
[2020-04-16T22:41:47.214+0800][20.013s] GC(63) Concurrent Rebuild Remembered Sets 381.188ms
[2020-04-16T22:41:47.214+0800][20.014s] GC(63) Pause Cleanup
[2020-04-16T22:41:47.214+0800][20.014s] GC(63) Pause Cleanup 415M->415M(512M) 0.344ms
[2020-04-16T22:41:47.214+0800][20.014s] GC(63) User=0.00s Sys=0.00s Real=0.00s
[2020-04-16T22:41:47.214+0800][20.014s] GC(63) Concurrent Cleanup for Next Mark
[2020-04-16T22:41:47.215+0800][20.015s] GC(63) Concurrent Cleanup for Next Mark 0.906ms
[2020-04-16T22:41:47.215+0800][20.015s] GC(63) Concurrent Cycle 1010.852ms
[2020-04-16T22:41:47.227+0800][20.027s] GC(71) Pause Young (Normal) (G1 Evacuation Pause)
[2020-04-16T22:41:47.227+0800][20.027s] GC(71) Using 4 workers of 4 for evacuation
[2020-04-16T22:41:47.228+0800][20.028s] GC(71)   Pre Evacuate Collection Set: 0.1ms
[2020-04-16T22:41:47.228+0800][20.028s] GC(71)   Merge Heap Roots: 0.0ms
[2020-04-16T22:41:47.228+0800][20.028s] GC(71)   Evacuate Collection Set: 0.4ms
[2020-04-16T22:41:47.228+0800][20.028s] GC(71)   Post Evacuate Collection Set: 0.3ms
[2020-04-16T22:41:47.228+0800][20.028s] GC(71)   Other: 0.1ms
[2020-04-16T22:41:47.228+0800][20.028s] GC(71) Eden regions: 127->0(127)
[2020-04-16T22:41:47.228+0800][20.028s] GC(71) Survivor regions: 1->1(32)
[2020-04-16T22:41:47.228+0800][20.028s] GC(71) Old regions: 321->321
[2020-04-16T22:41:47.228+0800][20.028s] GC(71) Archive regions: 2->2
[2020-04-16T22:41:47.228+0800][20.028s] GC(71) Humongous regions: 1->1
[2020-04-16T22:41:47.228+0800][20.028s] GC(71) Metaspace: 39363K(40448K)->39363K(40448K) NonClass: 34622K(35328K)->34622K(35328K) Class: 4740K(5120K)->4740K(5120K)
[2020-04-16T22:41:47.228+0800][20.028s] GC(71) Pause Young (Normal) (G1 Evacuation Pause) 449M->322M(512M) 1.132ms
[2020-04-16T22:41:47.228+0800][20.028s] GC(71) User=0.00s Sys=0.00s Real=0.00s
[2020-04-16T22:41:47.263+0800][20.063s] GC(72) Pause Young (Concurrent Start) (G1 Evacuation Pause)
[2020-04-16T22:41:47.263+0800][20.063s] GC(72) Using 4 workers of 4 for evacuation
[2020-04-16T22:41:47.265+0800][20.064s] GC(72)   Pre Evacuate Collection Set: 0.1ms
[2020-04-16T22:41:47.265+0800][20.064s] GC(72)   Merge Heap Roots: 0.0ms
[2020-04-16T22:41:47.265+0800][20.064s] GC(72)   Evacuate Collection Set: 0.7ms
[2020-04-16T22:41:47.265+0800][20.064s] GC(72)   Post Evacuate Collection Set: 0.4ms
[2020-04-16T22:41:47.265+0800][20.064s] GC(72)   Other: 0.2ms
[2020-04-16T22:41:47.265+0800][20.064s] GC(72) Eden regions: 127->0(127)
[2020-04-16T22:41:47.265+0800][20.064s] GC(72) Survivor regions: 1->1(32)
[2020-04-16T22:41:47.265+0800][20.064s] GC(72) Old regions: 321->321
[2020-04-16T22:41:47.265+0800][20.064s] GC(72) Archive regions: 2->2
[2020-04-16T22:41:47.265+0800][20.064s] GC(72) Humongous regions: 1->1
[2020-04-16T22:41:47.265+0800][20.064s] GC(72) Metaspace: 39363K(40448K)->39363K(40448K) NonClass: 34622K(35328K)->34622K(35328K) Class: 4740K(5120K)->4740K(5120K)
[2020-04-16T22:41:47.265+0800][20.064s] GC(72) Pause Young (Concurrent Start) (G1 Evacuation Pause) 449M->322M(512M) 1.479ms
[2020-04-16T22:41:47.265+0800][20.064s] GC(72) User=0.00s Sys=0.00s Real=0.00s
[2020-04-16T22:41:47.265+0800][20.065s] GC(73) Concurrent Cycle
[2020-04-16T22:41:47.265+0800][20.065s] GC(73) Concurrent Clear Claimed Marks
[2020-04-16T22:41:47.265+0800][20.065s] GC(73) Concurrent Clear Claimed Marks 0.065ms
[2020-04-16T22:41:47.265+0800][20.065s] GC(73) Concurrent Scan Root Regions
[2020-04-16T22:41:47.266+0800][20.065s] GC(73) Concurrent Scan Root Regions 0.732ms
[2020-04-16T22:41:47.266+0800][20.065s] GC(73) Concurrent Mark (20.065s)
[2020-04-16T22:41:47.266+0800][20.065s] GC(73) Concurrent Mark From Roots
[2020-04-16T22:41:47.266+0800][20.065s] GC(73) Using 4 workers of 4 for marking
[2020-04-16T22:41:47.437+0800][20.237s] GC(74) Pause Young (Normal) (G1 Evacuation Pause)
[2020-04-16T22:41:47.437+0800][20.237s] GC(74) Using 4 workers of 4 for evacuation
[2020-04-16T22:41:47.439+0800][20.238s] GC(74)   Pre Evacuate Collection Set: 0.1ms
[2020-04-16T22:41:47.439+0800][20.238s] GC(74)   Merge Heap Roots: 0.1ms
[2020-04-16T22:41:47.439+0800][20.238s] GC(74)   Evacuate Collection Set: 0.7ms
[2020-04-16T22:41:47.439+0800][20.238s] GC(74)   Post Evacuate Collection Set: 0.4ms
[2020-04-16T22:41:47.439+0800][20.238s] GC(74)   Other: 0.2ms
[2020-04-16T22:41:47.439+0800][20.238s] GC(74) Eden regions: 127->0(128)
[2020-04-16T22:41:47.439+0800][20.238s] GC(74) Survivor regions: 1->0(32)
[2020-04-16T22:41:47.439+0800][20.238s] GC(74) Old regions: 321->321
[2020-04-16T22:41:47.439+0800][20.238s] GC(74) Archive regions: 2->2
[2020-04-16T22:41:47.439+0800][20.238s] GC(74) Humongous regions: 1->1
[2020-04-16T22:41:47.439+0800][20.238s] GC(74) Metaspace: 39363K(40448K)->39363K(40448K) NonClass: 34622K(35328K)->34622K(35328K) Class: 4740K(5120K)->4740K(5120K)
[2020-04-16T22:41:47.439+0800][20.238s] GC(74) Pause Young (Normal) (G1 Evacuation Pause) 449M->322M(512M) 1.474ms
[2020-04-16T22:41:47.439+0800][20.238s] GC(74) User=0.00s Sys=0.00s Real=0.00s
[2020-04-16T22:41:47.540+0800][20.339s] GC(75) Pause Young (Normal) (G1 Evacuation Pause)
[2020-04-16T22:41:47.540+0800][20.339s] GC(75) Using 4 workers of 4 for evacuation
[2020-04-16T22:41:47.540+0800][20.340s] GC(75)   Pre Evacuate Collection Set: 0.1ms
[2020-04-16T22:41:47.540+0800][20.340s] GC(75)   Merge Heap Roots: 0.0ms
[2020-04-16T22:41:47.540+0800][20.340s] GC(75)   Evacuate Collection Set: 0.2ms
[2020-04-16T22:41:47.540+0800][20.340s] GC(75)   Post Evacuate Collection Set: 0.3ms
[2020-04-16T22:41:47.540+0800][20.340s] GC(75)   Other: 0.1ms
[2020-04-16T22:41:47.540+0800][20.340s] GC(75) Eden regions: 128->0(128)
[2020-04-16T22:41:47.540+0800][20.340s] GC(75) Survivor regions: 0->0(32)
[2020-04-16T22:41:47.540+0800][20.340s] GC(75) Old regions: 321->321
[2020-04-16T22:41:47.540+0800][20.340s] GC(75) Archive regions: 2->2
[2020-04-16T22:41:47.540+0800][20.340s] GC(75) Humongous regions: 1->1
[2020-04-16T22:41:47.541+0800][20.340s] GC(75) Metaspace: 39363K(40448K)->39363K(40448K) NonClass: 34622K(35328K)->34622K(35328K) Class: 4740K(5120K)->4740K(5120K)
[2020-04-16T22:41:47.541+0800][20.340s] GC(75) Pause Young (Normal) (G1 Evacuation Pause) 450M->322M(512M) 0.870ms
[2020-04-16T22:41:47.541+0800][20.340s] GC(75) User=0.01s Sys=0.00s Real=0.00s
[2020-04-16T22:41:47.641+0800][20.440s] GC(76) Pause Young (Normal) (G1 Evacuation Pause)
[2020-04-16T22:41:47.641+0800][20.440s] GC(76) Using 4 workers of 4 for evacuation
[2020-04-16T22:41:47.641+0800][20.441s] GC(76)   Pre Evacuate Collection Set: 0.1ms
[2020-04-16T22:41:47.641+0800][20.441s] GC(76)   Merge Heap Roots: 0.0ms
[2020-04-16T22:41:47.641+0800][20.441s] GC(76)   Evacuate Collection Set: 0.2ms
[2020-04-16T22:41:47.641+0800][20.441s] GC(76)   Post Evacuate Collection Set: 0.3ms
[2020-04-16T22:41:47.641+0800][20.441s] GC(76)   Other: 0.1ms
[2020-04-16T22:41:47.641+0800][20.441s] GC(76) Eden regions: 128->0(128)
[2020-04-16T22:41:47.642+0800][20.441s] GC(76) Survivor regions: 0->0(32)
[2020-04-16T22:41:47.642+0800][20.441s] GC(76) Old regions: 321->321
[2020-04-16T22:41:47.642+0800][20.441s] GC(76) Archive regions: 2->2
[2020-04-16T22:41:47.642+0800][20.441s] GC(76) Humongous regions: 1->1
[2020-04-16T22:41:47.642+0800][20.441s] GC(76) Metaspace: 39363K(40448K)->39363K(40448K) NonClass: 34622K(35328K)->34622K(35328K) Class: 4740K(5120K)->4740K(5120K)
[2020-04-16T22:41:47.642+0800][20.441s] GC(76) Pause Young (Normal) (G1 Evacuation Pause) 450M->322M(512M) 0.899ms
[2020-04-16T22:41:47.642+0800][20.441s] GC(76) User=0.00s Sys=0.00s Real=0.00s
[2020-04-16T22:41:47.741+0800][20.541s] GC(77) Pause Young (Normal) (G1 Evacuation Pause)
[2020-04-16T22:41:47.741+0800][20.541s] GC(77) Using 4 workers of 4 for evacuation
[2020-04-16T22:41:47.742+0800][20.542s] GC(77)   Pre Evacuate Collection Set: 0.1ms
[2020-04-16T22:41:47.742+0800][20.542s] GC(77)   Merge Heap Roots: 0.0ms
[2020-04-16T22:41:47.742+0800][20.542s] GC(77)   Evacuate Collection Set: 0.2ms
[2020-04-16T22:41:47.742+0800][20.542s] GC(77)   Post Evacuate Collection Set: 0.3ms
[2020-04-16T22:41:47.742+0800][20.542s] GC(77)   Other: 0.1ms
[2020-04-16T22:41:47.742+0800][20.542s] GC(77) Eden regions: 128->0(128)
[2020-04-16T22:41:47.742+0800][20.542s] GC(77) Survivor regions: 0->0(32)
[2020-04-16T22:41:47.742+0800][20.542s] GC(77) Old regions: 321->321
[2020-04-16T22:41:47.742+0800][20.542s] GC(77) Archive regions: 2->2
[2020-04-16T22:41:47.742+0800][20.542s] GC(77) Humongous regions: 1->1
[2020-04-16T22:41:47.742+0800][20.542s] GC(77) Metaspace: 39363K(40448K)->39363K(40448K) NonClass: 34622K(35328K)->34622K(35328K) Class: 4740K(5120K)->4740K(5120K)
[2020-04-16T22:41:47.742+0800][20.542s] GC(77) Pause Young (Normal) (G1 Evacuation Pause) 450M->322M(512M) 0.900ms
[2020-04-16T22:41:47.742+0800][20.542s] GC(77) User=0.00s Sys=0.00s Real=0.00s
[2020-04-16T22:41:47.773+0800][20.573s] GC(73) Concurrent Mark From Roots 507.256ms
[2020-04-16T22:41:47.773+0800][20.573s] GC(73) Concurrent Preclean
[2020-04-16T22:41:47.773+0800][20.573s] GC(73) Concurrent Preclean 0.183ms
[2020-04-16T22:41:47.773+0800][20.573s] GC(73) Concurrent Mark (20.065s, 20.573s) 507.534ms
[2020-04-16T22:41:47.774+0800][20.573s] GC(73) Pause Remark
[2020-04-16T22:41:47.777+0800][20.577s] GC(73) Pause Remark 359M->359M(512M) 3.644ms
[2020-04-16T22:41:47.777+0800][20.577s] GC(73) User=0.01s Sys=0.00s Real=0.00s
[2020-04-16T22:41:47.777+0800][20.577s] GC(73) Concurrent Rebuild Remembered Sets
[2020-04-16T22:41:47.838+0800][20.638s] GC(78) Pause Young (Normal) (G1 Evacuation Pause)
[2020-04-16T22:41:47.838+0800][20.638s] GC(78) Using 4 workers of 4 for evacuation
[2020-04-16T22:41:47.839+0800][20.639s] GC(78)   Pre Evacuate Collection Set: 0.1ms
[2020-04-16T22:41:47.839+0800][20.639s] GC(78)   Merge Heap Roots: 0.0ms
[2020-04-16T22:41:47.839+0800][20.639s] GC(78)   Evacuate Collection Set: 0.2ms
[2020-04-16T22:41:47.839+0800][20.639s] GC(78)   Post Evacuate Collection Set: 0.3ms
[2020-04-16T22:41:47.839+0800][20.639s] GC(78)   Other: 0.2ms
[2020-04-16T22:41:47.839+0800][20.639s] GC(78) Eden regions: 128->0(128)
[2020-04-16T22:41:47.839+0800][20.639s] GC(78) Survivor regions: 0->0(32)
[2020-04-16T22:41:47.839+0800][20.639s] GC(78) Old regions: 321->321
[2020-04-16T22:41:47.839+0800][20.639s] GC(78) Archive regions: 2->2
[2020-04-16T22:41:47.839+0800][20.639s] GC(78) Humongous regions: 1->1
[2020-04-16T22:41:47.839+0800][20.639s] GC(78) Metaspace: 39363K(40448K)->39363K(40448K) NonClass: 34622K(35328K)->34622K(35328K) Class: 4740K(5120K)->4740K(5120K)
[2020-04-16T22:41:47.839+0800][20.639s] GC(78) Pause Young (Normal) (G1 Evacuation Pause) 450M->322M(512M) 0.852ms
[2020-04-16T22:41:47.839+0800][20.639s] GC(78) User=0.00s Sys=0.00s Real=0.00s
[2020-04-16T22:41:47.932+0800][20.732s] GC(79) Pause Young (Normal) (G1 Evacuation Pause)
[2020-04-16T22:41:47.932+0800][20.732s] GC(79) Using 4 workers of 4 for evacuation
[2020-04-16T22:41:47.933+0800][20.733s] GC(79)   Pre Evacuate Collection Set: 0.1ms
[2020-04-16T22:41:47.933+0800][20.733s] GC(79)   Merge Heap Roots: 0.0ms
[2020-04-16T22:41:47.933+0800][20.733s] GC(79)   Evacuate Collection Set: 0.2ms
[2020-04-16T22:41:47.933+0800][20.733s] GC(79)   Post Evacuate Collection Set: 0.3ms
[2020-04-16T22:41:47.933+0800][20.733s] GC(79)   Other: 0.2ms
[2020-04-16T22:41:47.933+0800][20.733s] GC(79) Eden regions: 128->0(128)
[2020-04-16T22:41:47.933+0800][20.733s] GC(79) Survivor regions: 0->0(32)
[2020-04-16T22:41:47.933+0800][20.733s] GC(79) Old regions: 321->321
[2020-04-16T22:41:47.933+0800][20.733s] GC(79) Archive regions: 2->2
[2020-04-16T22:41:47.933+0800][20.733s] GC(79) Humongous regions: 1->1
[2020-04-16T22:41:47.933+0800][20.733s] GC(79) Metaspace: 39363K(40448K)->39363K(40448K) NonClass: 34622K(35328K)->34622K(35328K) Class: 4740K(5120K)->4740K(5120K)
[2020-04-16T22:41:47.933+0800][20.733s] GC(79) Pause Young (Normal) (G1 Evacuation Pause) 450M->322M(512M) 0.884ms
[2020-04-16T22:41:47.933+0800][20.733s] GC(79) User=0.01s Sys=0.00s Real=0.00s
[2020-04-16T22:41:48.025+0800][20.824s] GC(80) Pause Young (Normal) (G1 Evacuation Pause)
[2020-04-16T22:41:48.025+0800][20.824s] GC(80) Using 4 workers of 4 for evacuation
[2020-04-16T22:41:48.025+0800][20.825s] GC(80)   Pre Evacuate Collection Set: 0.1ms
[2020-04-16T22:41:48.025+0800][20.825s] GC(80)   Merge Heap Roots: 0.1ms
[2020-04-16T22:41:48.025+0800][20.825s] GC(80)   Evacuate Collection Set: 0.2ms
[2020-04-16T22:41:48.025+0800][20.825s] GC(80)   Post Evacuate Collection Set: 0.3ms
[2020-04-16T22:41:48.026+0800][20.825s] GC(80)   Other: 0.2ms
[2020-04-16T22:41:48.026+0800][20.825s] GC(80) Eden regions: 128->0(128)
[2020-04-16T22:41:48.026+0800][20.825s] GC(80) Survivor regions: 0->0(32)
[2020-04-16T22:41:48.026+0800][20.825s] GC(80) Old regions: 321->321
[2020-04-16T22:41:48.026+0800][20.825s] GC(80) Archive regions: 2->2
[2020-04-16T22:41:48.026+0800][20.825s] GC(80) Humongous regions: 1->1
[2020-04-16T22:41:48.026+0800][20.825s] GC(80) Metaspace: 39363K(40448K)->39363K(40448K) NonClass: 34622K(35328K)->34622K(35328K) Class: 4740K(5120K)->4740K(5120K)
[2020-04-16T22:41:48.026+0800][20.825s] GC(80) Pause Young (Normal) (G1 Evacuation Pause) 450M->322M(512M) 0.976ms
[2020-04-16T22:41:48.026+0800][20.825s] GC(80) User=0.00s Sys=0.00s Real=0.00s
[2020-04-16T22:41:48.073+0800][20.872s] GC(73) Concurrent Rebuild Remembered Sets 295.612ms
[2020-04-16T22:41:48.073+0800][20.873s] GC(73) Pause Cleanup
[2020-04-16T22:41:48.073+0800][20.873s] GC(73) Pause Cleanup 403M->403M(512M) 0.360ms
[2020-04-16T22:41:48.074+0800][20.873s] GC(73) User=0.00s Sys=0.00s Real=0.00s
[2020-04-16T22:41:48.074+0800][20.873s] GC(73) Concurrent Cleanup for Next Mark
[2020-04-16T22:41:48.075+0800][20.874s] GC(73) Concurrent Cleanup for Next Mark 1.070ms
[2020-04-16T22:41:48.075+0800][20.874s] GC(73) Concurrent Cycle 809.730ms
[2020-04-16T22:41:48.088+0800][20.888s] GC(81) Pause Young (Normal) (G1 Evacuation Pause)
[2020-04-16T22:41:48.088+0800][20.888s] GC(81) Using 4 workers of 4 for evacuation
[2020-04-16T22:41:48.089+0800][20.889s] GC(81)   Pre Evacuate Collection Set: 0.1ms
[2020-04-16T22:41:48.089+0800][20.889s] GC(81)   Merge Heap Roots: 0.0ms
[2020-04-16T22:41:48.089+0800][20.889s] GC(81)   Evacuate Collection Set: 0.2ms
[2020-04-16T22:41:48.089+0800][20.889s] GC(81)   Post Evacuate Collection Set: 0.3ms
[2020-04-16T22:41:48.089+0800][20.889s] GC(81)   Other: 0.1ms
[2020-04-16T22:41:48.089+0800][20.889s] GC(81) Eden regions: 128->0(128)
[2020-04-16T22:41:48.089+0800][20.889s] GC(81) Survivor regions: 0->0(32)
[2020-04-16T22:41:48.089+0800][20.889s] GC(81) Old regions: 321->321
[2020-04-16T22:41:48.089+0800][20.889s] GC(81) Archive regions: 2->2
[2020-04-16T22:41:48.089+0800][20.889s] GC(81) Humongous regions: 1->1
[2020-04-16T22:41:48.089+0800][20.889s] GC(81) Metaspace: 39363K(40448K)->39363K(40448K) NonClass: 34622K(35328K)->34622K(35328K) Class: 4740K(5120K)->4740K(5120K)
[2020-04-16T22:41:48.089+0800][20.889s] GC(81) Pause Young (Normal) (G1 Evacuation Pause) 450M->322M(512M) 0.812ms
[2020-04-16T22:41:48.089+0800][20.889s] GC(81) User=0.00s Sys=0.00s Real=0.00s
[2020-04-16T22:41:48.134+0800][20.934s] GC(82) Pause Young (Concurrent Start) (G1 Evacuation Pause)
[2020-04-16T22:41:48.134+0800][20.934s] GC(82) Using 4 workers of 4 for evacuation
[2020-04-16T22:41:48.136+0800][20.935s] GC(82)   Pre Evacuate Collection Set: 0.1ms
[2020-04-16T22:41:48.136+0800][20.935s] GC(82)   Merge Heap Roots: 0.1ms
[2020-04-16T22:41:48.136+0800][20.935s] GC(82)   Evacuate Collection Set: 0.6ms
[2020-04-16T22:41:48.136+0800][20.935s] GC(82)   Post Evacuate Collection Set: 0.3ms
[2020-04-16T22:41:48.136+0800][20.935s] GC(82)   Other: 0.2ms
[2020-04-16T22:41:48.136+0800][20.935s] GC(82) Eden regions: 128->0(128)
[2020-04-16T22:41:48.136+0800][20.935s] GC(82) Survivor regions: 0->0(32)
[2020-04-16T22:41:48.136+0800][20.935s] GC(82) Old regions: 321->321
[2020-04-16T22:41:48.136+0800][20.935s] GC(82) Archive regions: 2->2
[2020-04-16T22:41:48.136+0800][20.935s] GC(82) Humongous regions: 1->1
[2020-04-16T22:41:48.136+0800][20.935s] GC(82) Metaspace: 39363K(40448K)->39363K(40448K) NonClass: 34622K(35328K)->34622K(35328K) Class: 4740K(5120K)->4740K(5120K)
[2020-04-16T22:41:48.136+0800][20.935s] GC(82) Pause Young (Concurrent Start) (G1 Evacuation Pause) 450M->322M(512M) 1.334ms
[2020-04-16T22:41:48.136+0800][20.935s] GC(82) User=0.00s Sys=0.00s Real=0.00s
[2020-04-16T22:41:48.136+0800][20.935s] GC(83) Concurrent Cycle
[2020-04-16T22:41:48.136+0800][20.935s] GC(83) Concurrent Clear Claimed Marks
[2020-04-16T22:41:48.136+0800][20.935s] GC(83) Concurrent Clear Claimed Marks 0.035ms
[2020-04-16T22:41:48.136+0800][20.935s] GC(83) Concurrent Scan Root Regions
[2020-04-16T22:41:48.136+0800][20.935s] GC(83) Concurrent Scan Root Regions 0.007ms
[2020-04-16T22:41:48.136+0800][20.935s] GC(83) Concurrent Mark (20.935s)
[2020-04-16T22:41:48.136+0800][20.935s] GC(83) Concurrent Mark From Roots
[2020-04-16T22:41:48.136+0800][20.935s] GC(83) Using 4 workers of 4 for marking
[2020-04-16T22:41:48.376+0800][21.176s] GC(84) Pause Young (Normal) (G1 Evacuation Pause)
[2020-04-16T22:41:48.376+0800][21.176s] GC(84) Using 4 workers of 4 for evacuation
[2020-04-16T22:41:48.377+0800][21.177s] GC(84)   Pre Evacuate Collection Set: 0.1ms
[2020-04-16T22:41:48.377+0800][21.177s] GC(84)   Merge Heap Roots: 0.0ms
[2020-04-16T22:41:48.377+0800][21.177s] GC(84)   Evacuate Collection Set: 0.4ms
[2020-04-16T22:41:48.377+0800][21.177s] GC(84)   Post Evacuate Collection Set: 0.3ms
[2020-04-16T22:41:48.377+0800][21.177s] GC(84)   Other: 0.2ms
[2020-04-16T22:41:48.377+0800][21.177s] GC(84) Eden regions: 128->0(128)
[2020-04-16T22:41:48.377+0800][21.177s] GC(84) Survivor regions: 0->0(32)
[2020-04-16T22:41:48.377+0800][21.177s] GC(84) Old regions: 321->321
[2020-04-16T22:41:48.377+0800][21.177s] GC(84) Archive regions: 2->2
[2020-04-16T22:41:48.377+0800][21.177s] GC(84) Humongous regions: 1->1
[2020-04-16T22:41:48.377+0800][21.177s] GC(84) Metaspace: 39363K(40448K)->39363K(40448K) NonClass: 34622K(35328K)->34622K(35328K) Class: 4740K(5120K)->4740K(5120K)
[2020-04-16T22:41:48.377+0800][21.177s] GC(84) Pause Young (Normal) (G1 Evacuation Pause) 450M->322M(512M) 1.098ms
[2020-04-16T22:41:48.377+0800][21.177s] GC(84) User=0.00s Sys=0.00s Real=0.00s
[2020-04-16T22:41:48.469+0800][21.269s] GC(85) Pause Young (Normal) (G1 Evacuation Pause)
[2020-04-16T22:41:48.470+0800][21.269s] GC(85) Using 4 workers of 4 for evacuation
[2020-04-16T22:41:48.470+0800][21.270s] GC(85)   Pre Evacuate Collection Set: 0.1ms
[2020-04-16T22:41:48.470+0800][21.270s] GC(85)   Merge Heap Roots: 0.0ms
[2020-04-16T22:41:48.470+0800][21.270s] GC(85)   Evacuate Collection Set: 0.2ms
[2020-04-16T22:41:48.470+0800][21.270s] GC(85)   Post Evacuate Collection Set: 0.3ms
[2020-04-16T22:41:48.470+0800][21.270s] GC(85)   Other: 0.2ms
[2020-04-16T22:41:48.470+0800][21.270s] GC(85) Eden regions: 128->0(128)
[2020-04-16T22:41:48.470+0800][21.270s] GC(85) Survivor regions: 0->0(32)
[2020-04-16T22:41:48.470+0800][21.270s] GC(85) Old regions: 321->321
[2020-04-16T22:41:48.470+0800][21.270s] GC(85) Archive regions: 2->2
[2020-04-16T22:41:48.470+0800][21.270s] GC(85) Humongous regions: 1->1
[2020-04-16T22:41:48.471+0800][21.270s] GC(85) Metaspace: 39363K(40448K)->39363K(40448K) NonClass: 34622K(35328K)->34622K(35328K) Class: 4740K(5120K)->4740K(5120K)
[2020-04-16T22:41:48.471+0800][21.270s] GC(85) Pause Young (Normal) (G1 Evacuation Pause) 450M->322M(512M) 1.070ms
[2020-04-16T22:41:48.471+0800][21.270s] GC(85) User=0.00s Sys=0.00s Real=0.01s
[2020-04-16T22:41:48.583+0800][21.382s] GC(86) Pause Young (Normal) (G1 Evacuation Pause)
[2020-04-16T22:41:48.583+0800][21.382s] GC(86) Using 4 workers of 4 for evacuation
[2020-04-16T22:41:48.584+0800][21.383s] GC(86)   Pre Evacuate Collection Set: 0.1ms
[2020-04-16T22:41:48.584+0800][21.383s] GC(86)   Merge Heap Roots: 0.1ms
[2020-04-16T22:41:48.584+0800][21.383s] GC(86)   Evacuate Collection Set: 0.3ms
[2020-04-16T22:41:48.584+0800][21.383s] GC(86)   Post Evacuate Collection Set: 0.4ms
[2020-04-16T22:41:48.584+0800][21.383s] GC(86)   Other: 0.1ms
[2020-04-16T22:41:48.584+0800][21.383s] GC(86) Eden regions: 128->0(128)
[2020-04-16T22:41:48.584+0800][21.383s] GC(86) Survivor regions: 0->0(32)
[2020-04-16T22:41:48.584+0800][21.383s] GC(86) Old regions: 321->321
[2020-04-16T22:41:48.584+0800][21.383s] GC(86) Archive regions: 2->2
[2020-04-16T22:41:48.584+0800][21.383s] GC(86) Humongous regions: 1->1
[2020-04-16T22:41:48.584+0800][21.383s] GC(86) Metaspace: 39363K(40448K)->39363K(40448K) NonClass: 34622K(35328K)->34622K(35328K) Class: 4740K(5120K)->4740K(5120K)
[2020-04-16T22:41:48.584+0800][21.383s] GC(86) Pause Young (Normal) (G1 Evacuation Pause) 450M->322M(512M) 1.012ms
[2020-04-16T22:41:48.584+0800][21.383s] GC(86) User=0.00s Sys=0.00s Real=0.00s
[2020-04-16T22:41:48.634+0800][21.433s] GC(83) Concurrent Mark From Roots 497.641ms
[2020-04-16T22:41:48.634+0800][21.433s] GC(83) Concurrent Preclean
[2020-04-16T22:41:48.634+0800][21.433s] GC(83) Concurrent Preclean 0.127ms
[2020-04-16T22:41:48.634+0800][21.433s] GC(83) Concurrent Mark (20.935s, 21.433s) 497.859ms
[2020-04-16T22:41:48.634+0800][21.433s] GC(83) Pause Remark
[2020-04-16T22:41:48.637+0800][21.437s] GC(83) Pause Remark 389M->389M(512M) 3.551ms
[2020-04-16T22:41:48.638+0800][21.437s] GC(83) User=0.02s Sys=0.00s Real=0.00s
[2020-04-16T22:41:48.638+0800][21.437s] GC(83) Concurrent Rebuild Remembered Sets
[2020-04-16T22:41:48.681+0800][21.481s] GC(87) Pause Young (Normal) (G1 Evacuation Pause)
[2020-04-16T22:41:48.681+0800][21.481s] GC(87) Using 4 workers of 4 for evacuation
[2020-04-16T22:41:48.682+0800][21.481s] GC(87)   Pre Evacuate Collection Set: 0.1ms
[2020-04-16T22:41:48.682+0800][21.481s] GC(87)   Merge Heap Roots: 0.0ms
[2020-04-16T22:41:48.682+0800][21.482s] GC(87)   Evacuate Collection Set: 0.2ms
[2020-04-16T22:41:48.682+0800][21.482s] GC(87)   Post Evacuate Collection Set: 0.3ms
[2020-04-16T22:41:48.682+0800][21.482s] GC(87)   Other: 0.2ms
[2020-04-16T22:41:48.682+0800][21.482s] GC(87) Eden regions: 128->0(128)
[2020-04-16T22:41:48.682+0800][21.482s] GC(87) Survivor regions: 0->0(32)
[2020-04-16T22:41:48.682+0800][21.482s] GC(87) Old regions: 321->321
[2020-04-16T22:41:48.682+0800][21.482s] GC(87) Archive regions: 2->2
[2020-04-16T22:41:48.682+0800][21.482s] GC(87) Humongous regions: 1->1
[2020-04-16T22:41:48.682+0800][21.482s] GC(87) Metaspace: 39363K(40448K)->39363K(40448K) NonClass: 34622K(35328K)->34622K(35328K) Class: 4740K(5120K)->4740K(5120K)
[2020-04-16T22:41:48.682+0800][21.482s] GC(87) Pause Young (Normal) (G1 Evacuation Pause) 450M->322M(512M) 0.866ms
[2020-04-16T22:41:48.682+0800][21.482s] GC(87) User=0.00s Sys=0.00s Real=0.00s
[2020-04-16T22:41:48.809+0800][21.608s] GC(88) Pause Young (Normal) (G1 Evacuation Pause)
[2020-04-16T22:41:48.809+0800][21.608s] GC(88) Using 4 workers of 4 for evacuation
[2020-04-16T22:41:48.809+0800][21.609s] GC(88)   Pre Evacuate Collection Set: 0.1ms
[2020-04-16T22:41:48.809+0800][21.609s] GC(88)   Merge Heap Roots: 0.0ms
[2020-04-16T22:41:48.809+0800][21.609s] GC(88)   Evacuate Collection Set: 0.2ms
[2020-04-16T22:41:48.809+0800][21.609s] GC(88)   Post Evacuate Collection Set: 0.3ms
[2020-04-16T22:41:48.809+0800][21.609s] GC(88)   Other: 0.1ms
[2020-04-16T22:41:48.809+0800][21.609s] GC(88) Eden regions: 128->0(128)
[2020-04-16T22:41:48.809+0800][21.609s] GC(88) Survivor regions: 0->0(32)
[2020-04-16T22:41:48.810+0800][21.609s] GC(88) Old regions: 321->321
[2020-04-16T22:41:48.810+0800][21.609s] GC(88) Archive regions: 2->2
[2020-04-16T22:41:48.810+0800][21.609s] GC(88) Humongous regions: 1->1
[2020-04-16T22:41:48.810+0800][21.609s] GC(88) Metaspace: 39363K(40448K)->39363K(40448K) NonClass: 34622K(35328K)->34622K(35328K) Class: 4740K(5120K)->4740K(5120K)
[2020-04-16T22:41:48.810+0800][21.609s] GC(88) Pause Young (Normal) (G1 Evacuation Pause) 450M->322M(512M) 0.865ms
[2020-04-16T22:41:48.810+0800][21.609s] GC(88) User=0.00s Sys=0.00s Real=0.01s
[2020-04-16T22:41:48.933+0800][21.732s] GC(83) Concurrent Rebuild Remembered Sets 295.320ms
[2020-04-16T22:41:48.933+0800][21.733s] GC(83) Pause Cleanup
[2020-04-16T22:41:48.934+0800][21.733s] GC(83) Pause Cleanup 423M->423M(512M) 0.435ms
[2020-04-16T22:41:48.934+0800][21.733s] GC(83) User=0.00s Sys=0.00s Real=0.00s
[2020-04-16T22:41:48.934+0800][21.733s] GC(83) Concurrent Cleanup for Next Mark
[2020-04-16T22:41:48.935+0800][21.734s] GC(83) Concurrent Cleanup for Next Mark 0.923ms
[2020-04-16T22:41:48.935+0800][21.734s] GC(83) Concurrent Cycle 798.883ms
[2020-04-16T22:41:49.431+0800][22.230s] GC(89) Pause Young (Normal) (G1 Evacuation Pause)
[2020-04-16T22:41:49.431+0800][22.230s] GC(89) Using 4 workers of 4 for evacuation
[2020-04-16T22:41:49.433+0800][22.233s] GC(89)   Pre Evacuate Collection Set: 0.1ms
[2020-04-16T22:41:49.434+0800][22.233s] GC(89)   Merge Heap Roots: 0.0ms
[2020-04-16T22:41:49.434+0800][22.233s] GC(89)   Evacuate Collection Set: 2.1ms
[2020-04-16T22:41:49.434+0800][22.233s] GC(89)   Post Evacuate Collection Set: 0.4ms
[2020-04-16T22:41:49.434+0800][22.233s] GC(89)   Other: 0.2ms
[2020-04-16T22:41:49.434+0800][22.233s] GC(89) Eden regions: 128->0(126)
[2020-04-16T22:41:49.434+0800][22.233s] GC(89) Survivor regions: 0->2(32)
[2020-04-16T22:41:49.434+0800][22.233s] GC(89) Old regions: 321->321
[2020-04-16T22:41:49.434+0800][22.233s] GC(89) Archive regions: 2->2
[2020-04-16T22:41:49.434+0800][22.233s] GC(89) Humongous regions: 1->1
[2020-04-16T22:41:49.434+0800][22.233s] GC(89) Metaspace: 39413K(40704K)->39413K(40704K) NonClass: 34669K(35584K)->34669K(35584K) Class: 4744K(5120K)->4744K(5120K)
[2020-04-16T22:41:49.434+0800][22.233s] GC(89) Pause Young (Normal) (G1 Evacuation Pause) 450M->323M(512M) 2.937ms
[2020-04-16T22:41:49.434+0800][22.233s] GC(89) User=0.01s Sys=0.00s Real=0.00s
[2020-04-16T22:41:50.895+0800][23.694s] GC(90) Pause Young (Concurrent Start) (G1 Evacuation Pause)
[2020-04-16T22:41:50.895+0800][23.695s] GC(90) Using 4 workers of 4 for evacuation
[2020-04-16T22:41:50.973+0800][23.772s] GC(90)   Pre Evacuate Collection Set: 0.2ms
[2020-04-16T22:41:50.973+0800][23.772s] GC(90)   Merge Heap Roots: 0.1ms
[2020-04-16T22:41:50.973+0800][23.772s] GC(90)   Evacuate Collection Set: 76.6ms
[2020-04-16T22:41:50.973+0800][23.772s] GC(90)   Post Evacuate Collection Set: 0.6ms
[2020-04-16T22:41:50.973+0800][23.772s] GC(90)   Other: 0.6ms
[2020-04-16T22:41:50.973+0800][23.772s] GC(90) Eden regions: 126->0(96)
[2020-04-16T22:41:50.973+0800][23.772s] GC(90) Survivor regions: 2->32(32)
[2020-04-16T22:41:50.973+0800][23.772s] GC(90) Old regions: 321->336
[2020-04-16T22:41:50.973+0800][23.772s] GC(90) Archive regions: 2->2
[2020-04-16T22:41:50.973+0800][23.772s] GC(90) Humongous regions: 1->1
[2020-04-16T22:41:50.973+0800][23.772s] GC(90) Metaspace: 39557K(40704K)->39557K(40704K) NonClass: 34800K(35584K)->34800K(35584K) Class: 4757K(5120K)->4757K(5120K)
[2020-04-16T22:41:50.973+0800][23.772s] GC(90) Pause Young (Concurrent Start) (G1 Evacuation Pause) 449M->368M(512M) 78.302ms
[2020-04-16T22:41:50.973+0800][23.773s] GC(90) User=0.25s Sys=0.02s Real=0.08s
[2020-04-16T22:41:50.973+0800][23.773s] GC(91) Concurrent Cycle
[2020-04-16T22:41:50.973+0800][23.773s] GC(91) Concurrent Clear Claimed Marks
[2020-04-16T22:41:50.973+0800][23.773s] GC(91) Concurrent Clear Claimed Marks 0.102ms
[2020-04-16T22:41:50.973+0800][23.773s] GC(91) Concurrent Scan Root Regions
[2020-04-16T22:41:51.004+0800][23.803s] GC(91) Concurrent Scan Root Regions 30.396ms
[2020-04-16T22:41:51.004+0800][23.803s] GC(91) Concurrent Mark (23.803s)
[2020-04-16T22:41:51.004+0800][23.803s] GC(91) Concurrent Mark From Roots
[2020-04-16T22:41:51.004+0800][23.803s] GC(91) Using 4 workers of 4 for marking
[2020-04-16T22:41:51.620+0800][24.419s] GC(91) Concurrent Mark From Roots 615.885ms
[2020-04-16T22:41:51.620+0800][24.419s] GC(91) Concurrent Preclean
[2020-04-16T22:41:51.620+0800][24.419s] GC(91) Concurrent Preclean 0.207ms
[2020-04-16T22:41:51.620+0800][24.419s] GC(91) Concurrent Mark (23.803s, 24.419s) 616.214ms
[2020-04-16T22:41:51.620+0800][24.420s] GC(91) Pause Remark
[2020-04-16T22:41:51.624+0800][24.424s] GC(91) Pause Remark 462M->462M(512M) 4.099ms
[2020-04-16T22:41:51.624+0800][24.424s] GC(91) User=0.02s Sys=0.00s Real=0.00s
[2020-04-16T22:41:51.624+0800][24.424s] GC(91) Concurrent Rebuild Remembered Sets
[2020-04-16T22:41:51.645+0800][24.445s] GC(92) Pause Young (Normal) (G1 Evacuation Pause)
[2020-04-16T22:41:51.645+0800][24.445s] GC(92) Using 4 workers of 4 for evacuation
[2020-04-16T22:41:51.967+0800][24.766s] GC(92) MMU target violated: 201.0ms (200.0ms/201.0ms)
[2020-04-16T22:41:51.967+0800][24.766s] GC(92) To-space exhausted
[2020-04-16T22:41:51.967+0800][24.767s] GC(92)   Pre Evacuate Collection Set: 0.1ms
[2020-04-16T22:41:51.967+0800][24.767s] GC(92)   Merge Heap Roots: 0.1ms
[2020-04-16T22:41:51.967+0800][24.767s] GC(92)   Evacuate Collection Set: 207.1ms
[2020-04-16T22:41:51.967+0800][24.767s] GC(92)   Post Evacuate Collection Set: 114.3ms
[2020-04-16T22:41:51.967+0800][24.767s] GC(92)   Other: 0.3ms
[2020-04-16T22:41:51.967+0800][24.767s] GC(92) Eden regions: 96->0(105)
[2020-04-16T22:41:51.967+0800][24.767s] GC(92) Survivor regions: 32->23(32)
[2020-04-16T22:41:51.967+0800][24.767s] GC(92) Old regions: 336->455
[2020-04-16T22:41:51.967+0800][24.767s] GC(92) Archive regions: 2->2
[2020-04-16T22:41:51.967+0800][24.767s] GC(92) Humongous regions: 1->1
[2020-04-16T22:41:51.967+0800][24.767s] GC(92) Metaspace: 39592K(40704K)->39592K(40704K) NonClass: 34832K(35584K)->34832K(35584K) Class: 4760K(5120K)->4760K(5120K)
[2020-04-16T22:41:51.967+0800][24.767s] GC(92) Pause Young (Normal) (G1 Evacuation Pause) 464M->479M(512M) 322.122ms
[2020-04-16T22:41:51.967+0800][24.767s] GC(92) User=1.06s Sys=0.03s Real=0.32s
[2020-04-16T22:41:52.310+0800][25.110s] GC(91) Concurrent Rebuild Remembered Sets 685.709ms
[2020-04-16T22:41:52.310+0800][25.110s] GC(91) Pause Cleanup
[2020-04-16T22:41:52.311+0800][25.110s] GC(91) Pause Cleanup 507M->507M(512M) 0.429ms
[2020-04-16T22:41:52.311+0800][25.110s] GC(91) User=0.00s Sys=0.00s Real=0.00s
[2020-04-16T22:41:52.311+0800][25.110s] GC(91) Concurrent Cleanup for Next Mark
[2020-04-16T22:41:52.312+0800][25.112s] GC(91) Concurrent Cleanup for Next Mark 1.164ms
[2020-04-16T22:41:52.312+0800][25.112s] GC(91) Concurrent Cycle 1338.981ms
[2020-04-16T22:41:52.336+0800][25.136s] GC(93) Pause Young (Normal) (G1 Evacuation Pause)
[2020-04-16T22:41:52.336+0800][25.136s] GC(93) Using 4 workers of 4 for evacuation
[2020-04-16T22:41:52.503+0800][25.302s] GC(93) To-space exhausted
[2020-04-16T22:41:52.503+0800][25.302s] GC(93)   Pre Evacuate Collection Set: 0.1ms
[2020-04-16T22:41:52.503+0800][25.302s] GC(93)   Merge Heap Roots: 0.1ms
[2020-04-16T22:41:52.503+0800][25.302s] GC(93)   Evacuate Collection Set: 91.9ms
[2020-04-16T22:41:52.503+0800][25.302s] GC(93)   Post Evacuate Collection Set: 74.5ms
[2020-04-16T22:41:52.503+0800][25.302s] GC(93)   Other: 0.2ms
[2020-04-16T22:41:52.503+0800][25.302s] GC(93) Eden regions: 31->0(128)
[2020-04-16T22:41:52.503+0800][25.303s] GC(93) Survivor regions: 23->0(0)
[2020-04-16T22:41:52.503+0800][25.303s] GC(93) Old regions: 455->509
[2020-04-16T22:41:52.503+0800][25.303s] GC(93) Archive regions: 2->2
[2020-04-16T22:41:52.503+0800][25.303s] GC(93) Humongous regions: 1->1
[2020-04-16T22:41:52.503+0800][25.303s] GC(93) Metaspace: 39592K(40704K)->39592K(40704K) NonClass: 34832K(35584K)->34832K(35584K) Class: 4760K(5120K)->4760K(5120K)
[2020-04-16T22:41:52.503+0800][25.303s] GC(93) Pause Young (Normal) (G1 Evacuation Pause) 510M->510M(512M) 166.970ms
[2020-04-16T22:41:52.503+0800][25.303s] GC(93) User=0.54s Sys=0.01s Real=0.17s
[2020-04-16T22:41:52.503+0800][25.303s] GC(94) Using 4 workers of 4 for full compaction
[2020-04-16T22:41:52.503+0800][25.303s] GC(94) Pause Full (G1 Evacuation Pause)
[2020-04-16T22:41:52.504+0800][25.303s] GC(94) Phase 1: Mark live objects
[2020-04-16T22:41:53.201+0800][26.000s] GC(94) Phase 1: Mark live objects 696.880ms
[2020-04-16T22:41:53.201+0800][26.000s] GC(94) Phase 2: Prepare for compaction
[2020-04-16T22:41:53.328+0800][26.128s] GC(94) Phase 2: Prepare for compaction 127.866ms
[2020-04-16T22:41:53.329+0800][26.128s] GC(94) Phase 3: Adjust pointers
[2020-04-16T22:41:53.554+0800][26.354s] GC(94) Phase 3: Adjust pointers 225.645ms
[2020-04-16T22:41:53.554+0800][26.354s] GC(94) Phase 4: Compact heap
[2020-04-16T22:41:53.690+0800][26.489s] GC(94) Phase 4: Compact heap 135.686ms
[2020-04-16T22:41:53.694+0800][26.494s] GC(94) Eden regions: 0->0(128)
[2020-04-16T22:41:53.694+0800][26.494s] GC(94) Survivor regions: 0->0(0)
[2020-04-16T22:41:53.694+0800][26.494s] GC(94) Old regions: 509->468
[2020-04-16T22:41:53.694+0800][26.494s] GC(94) Archive regions: 2->2
[2020-04-16T22:41:53.694+0800][26.494s] GC(94) Humongous regions: 1->1
[2020-04-16T22:41:53.695+0800][26.494s] GC(94) Metaspace: 39592K(40704K)->39478K(40704K) NonClass: 34832K(35584K)->34745K(35584K) Class: 4760K(5120K)->4733K(5120K)
[2020-04-16T22:41:53.695+0800][26.494s] GC(94) Pause Full (G1 Evacuation Pause) 510M->468M(512M) 1191.109ms
[2020-04-16T22:41:53.695+0800][26.494s] GC(94) User=3.80s Sys=0.03s Real=1.19s
[2020-04-16T22:41:53.977+0800][26.776s] GC(95) Pause Young (Concurrent Start) (G1 Evacuation Pause)
[2020-04-16T22:41:53.977+0800][26.777s] GC(95) Using 4 workers of 4 for evacuation
[2020-04-16T22:41:54.094+0800][26.893s] GC(95) To-space exhausted
[2020-04-16T22:41:54.094+0800][26.893s] GC(95)   Pre Evacuate Collection Set: 0.1ms
[2020-04-16T22:41:54.094+0800][26.893s] GC(95)   Merge Heap Roots: 0.0ms
[2020-04-16T22:41:54.094+0800][26.893s] GC(95)   Evacuate Collection Set: 59.6ms
[2020-04-16T22:41:54.094+0800][26.893s] GC(95)   Post Evacuate Collection Set: 57.0ms
[2020-04-16T22:41:54.094+0800][26.893s] GC(95)   Other: 0.2ms
[2020-04-16T22:41:54.094+0800][26.894s] GC(95) Eden regions: 41->0(128)
[2020-04-16T22:41:54.094+0800][26.894s] GC(95) Survivor regions: 0->0(0)
[2020-04-16T22:41:54.094+0800][26.894s] GC(95) Old regions: 468->509
[2020-04-16T22:41:54.094+0800][26.894s] GC(95) Archive regions: 2->2
[2020-04-16T22:41:54.094+0800][26.894s] GC(95) Humongous regions: 1->1
[2020-04-16T22:41:54.094+0800][26.894s] GC(95) Metaspace: 39478K(40704K)->39478K(40704K) NonClass: 34745K(35584K)->34745K(35584K) Class: 4733K(5120K)->4733K(5120K)
[2020-04-16T22:41:54.094+0800][26.894s] GC(95) Pause Young (Concurrent Start) (G1 Evacuation Pause) 509M->509M(512M) 117.093ms
[2020-04-16T22:41:54.094+0800][26.894s] GC(95) User=0.45s Sys=0.00s Real=0.12s
[2020-04-16T22:41:54.094+0800][26.894s] GC(96) Using 4 workers of 4 for full compaction
[2020-04-16T22:41:54.094+0800][26.894s] GC(96) Pause Full (G1 Evacuation Pause)
[2020-04-16T22:41:54.094+0800][26.894s] GC(97) Concurrent Cycle
[2020-04-16T22:41:54.094+0800][26.894s] GC(97) Concurrent Clear Claimed Marks
[2020-04-16T22:41:54.095+0800][26.894s] GC(97) Concurrent Clear Claimed Marks 0.166ms
[2020-04-16T22:41:54.095+0800][26.894s] GC(97) Concurrent Scan Root Regions
[2020-04-16T22:41:54.095+0800][26.894s] GC(97) Concurrent Scan Root Regions 0.031ms
[2020-04-16T22:41:54.095+0800][26.894s] GC(97) Concurrent Mark (26.894s)
[2020-04-16T22:41:54.095+0800][26.894s] GC(97) Concurrent Mark From Roots
[2020-04-16T22:41:54.095+0800][26.894s] GC(97) Using 4 workers of 4 for marking
[2020-04-16T22:41:54.095+0800][26.894s] GC(96) Phase 1: Mark live objects
[2020-04-16T22:41:54.696+0800][27.495s] GC(96) Phase 1: Mark live objects 601.027ms
[2020-04-16T22:41:54.696+0800][27.496s] GC(96) Phase 2: Prepare for compaction
[2020-04-16T22:41:54.827+0800][27.626s] GC(96) Phase 2: Prepare for compaction 130.890ms
[2020-04-16T22:41:54.827+0800][27.627s] GC(96) Phase 3: Adjust pointers
[2020-04-16T22:41:55.085+0800][27.885s] GC(96) Phase 3: Adjust pointers 258.139ms
[2020-04-16T22:41:55.085+0800][27.885s] GC(96) Phase 4: Compact heap
[2020-04-16T22:41:55.230+0800][28.030s] GC(96) Phase 4: Compact heap 144.867ms
[2020-04-16T22:41:55.234+0800][28.033s] GC(96) Eden regions: 0->0(128)
[2020-04-16T22:41:55.234+0800][28.033s] GC(96) Survivor regions: 0->0(0)
[2020-04-16T22:41:55.234+0800][28.033s] GC(96) Old regions: 509->504
[2020-04-16T22:41:55.234+0800][28.033s] GC(96) Archive regions: 2->2
[2020-04-16T22:41:55.234+0800][28.033s] GC(96) Humongous regions: 1->1
[2020-04-16T22:41:55.234+0800][28.033s] GC(96) Metaspace: 39478K(40704K)->39478K(40704K) NonClass: 34745K(35584K)->34745K(35584K) Class: 4733K(5120K)->4733K(5120K)
[2020-04-16T22:41:55.234+0800][28.033s] GC(96) Pause Full (G1 Evacuation Pause) 509M->502M(512M) 1139.644ms
[2020-04-16T22:41:55.234+0800][28.033s] GC(96) User=3.98s Sys=0.01s Real=1.14s
[2020-04-16T22:41:55.234+0800][28.034s] GC(97) Concurrent Mark From Roots 1139.501ms
[2020-04-16T22:41:55.234+0800][28.034s] GC(97) Concurrent Mark Abort
[2020-04-16T22:41:55.234+0800][28.034s] GC(97) Concurrent Cycle 1139.888ms
[2020-04-16T22:41:55.259+0800][28.059s] GC(98) Pause Young (Normal) (G1 Evacuation Pause)
[2020-04-16T22:41:55.259+0800][28.059s] GC(98) Using 4 workers of 4 for evacuation
[2020-04-16T22:41:55.274+0800][28.073s] GC(98) To-space exhausted
[2020-04-16T22:41:55.274+0800][28.073s] GC(98)   Pre Evacuate Collection Set: 0.1ms
[2020-04-16T22:41:55.274+0800][28.073s] GC(98)   Merge Heap Roots: 0.0ms
[2020-04-16T22:41:55.274+0800][28.073s] GC(98)   Evacuate Collection Set: 7.2ms
[2020-04-16T22:41:55.274+0800][28.073s] GC(98)   Post Evacuate Collection Set: 6.9ms
[2020-04-16T22:41:55.274+0800][28.073s] GC(98)   Other: 0.3ms
[2020-04-16T22:41:55.274+0800][28.073s] GC(98) Eden regions: 5->0(128)
[2020-04-16T22:41:55.274+0800][28.073s] GC(98) Survivor regions: 0->0(0)
[2020-04-16T22:41:55.274+0800][28.073s] GC(98) Old regions: 504->509
[2020-04-16T22:41:55.274+0800][28.073s] GC(98) Archive regions: 2->2
[2020-04-16T22:41:55.274+0800][28.073s] GC(98) Humongous regions: 1->1
[2020-04-16T22:41:55.274+0800][28.073s] GC(98) Metaspace: 39478K(40704K)->39478K(40704K) NonClass: 34745K(35584K)->34745K(35584K) Class: 4733K(5120K)->4733K(5120K)
[2020-04-16T22:41:55.274+0800][28.073s] GC(98) Pause Young (Normal) (G1 Evacuation Pause) 507M->507M(512M) 14.780ms
[2020-04-16T22:41:55.274+0800][28.073s] GC(98) User=0.04s Sys=0.01s Real=0.02s
[2020-04-16T22:41:55.274+0800][28.073s] GC(99) Using 4 workers of 4 for full compaction
[2020-04-16T22:41:55.274+0800][28.073s] GC(99) Pause Full (G1 Evacuation Pause)
[2020-04-16T22:41:55.274+0800][28.074s] GC(99) Phase 1: Mark live objects
[2020-04-16T22:41:55.958+0800][28.758s] GC(99) Phase 1: Mark live objects 683.799ms
[2020-04-16T22:41:55.958+0800][28.758s] GC(99) Phase 2: Prepare for compaction
[2020-04-16T22:41:56.099+0800][28.898s] GC(99) Phase 2: Prepare for compaction 140.366ms
[2020-04-16T22:41:56.099+0800][28.898s] GC(99) Phase 3: Adjust pointers
[2020-04-16T22:41:56.366+0800][29.165s] GC(99) Phase 3: Adjust pointers 266.885ms
[2020-04-16T22:41:56.366+0800][29.165s] GC(99) Phase 4: Compact heap
[2020-04-16T22:41:56.479+0800][29.279s] GC(99) Phase 4: Compact heap 113.494ms
[2020-04-16T22:41:56.483+0800][29.282s] GC(99) Eden regions: 0->0(128)
[2020-04-16T22:41:56.483+0800][29.282s] GC(99) Survivor regions: 0->0(0)
[2020-04-16T22:41:56.483+0800][29.282s] GC(99) Old regions: 509->507
[2020-04-16T22:41:56.483+0800][29.282s] GC(99) Archive regions: 2->2
[2020-04-16T22:41:56.483+0800][29.282s] GC(99) Humongous regions: 1->1
[2020-04-16T22:41:56.483+0800][29.282s] GC(99) Metaspace: 39478K(40704K)->39478K(40704K) NonClass: 34745K(35584K)->34745K(35584K) Class: 4733K(5120K)->4733K(5120K)
[2020-04-16T22:41:56.483+0800][29.282s] GC(99) Pause Full (G1 Evacuation Pause) 507M->507M(512M) 1208.913ms
[2020-04-16T22:41:56.483+0800][29.282s] GC(99) User=3.95s Sys=0.02s Real=1.21s
[2020-04-16T22:41:56.505+0800][29.304s] GC(100) Pause Young (Concurrent Start) (G1 Evacuation Pause)
[2020-04-16T22:41:56.505+0800][29.304s] GC(100) Using 4 workers of 4 for evacuation
[2020-04-16T22:41:56.510+0800][29.309s] GC(100) To-space exhausted
[2020-04-16T22:41:56.510+0800][29.309s] GC(100)   Pre Evacuate Collection Set: 0.1ms
[2020-04-16T22:41:56.510+0800][29.309s] GC(100)   Merge Heap Roots: 0.0ms
[2020-04-16T22:41:56.510+0800][29.309s] GC(100)   Evacuate Collection Set: 2.4ms
[2020-04-16T22:41:56.510+0800][29.309s] GC(100)   Post Evacuate Collection Set: 2.6ms
[2020-04-16T22:41:56.510+0800][29.309s] GC(100)   Other: 0.2ms
[2020-04-16T22:41:56.510+0800][29.309s] GC(100) Eden regions: 2->0(128)
[2020-04-16T22:41:56.510+0800][29.309s] GC(100) Survivor regions: 0->0(0)
[2020-04-16T22:41:56.510+0800][29.309s] GC(100) Old regions: 507->509
[2020-04-16T22:41:56.510+0800][29.309s] GC(100) Archive regions: 2->2
[2020-04-16T22:41:56.510+0800][29.309s] GC(100) Humongous regions: 1->1
[2020-04-16T22:41:56.510+0800][29.309s] GC(100) Metaspace: 39478K(40704K)->39478K(40704K) NonClass: 34745K(35584K)->34745K(35584K) Class: 4733K(5120K)->4733K(5120K)
[2020-04-16T22:41:56.510+0800][29.309s] GC(100) Pause Young (Concurrent Start) (G1 Evacuation Pause) 509M->509M(512M) 5.457ms
[2020-04-16T22:41:56.510+0800][29.309s] GC(100) User=0.01s Sys=0.00s Real=0.01s
[2020-04-16T22:41:56.510+0800][29.309s] GC(101) Using 4 workers of 4 for full compaction
[2020-04-16T22:41:56.510+0800][29.309s] GC(101) Pause Full (G1 Evacuation Pause)
[2020-04-16T22:41:56.510+0800][29.310s] GC(102) Concurrent Cycle
[2020-04-16T22:41:56.510+0800][29.310s] GC(102) Concurrent Clear Claimed Marks
[2020-04-16T22:41:56.510+0800][29.310s] GC(102) Concurrent Clear Claimed Marks 0.228ms
[2020-04-16T22:41:56.511+0800][29.310s] GC(102) Concurrent Scan Root Regions
[2020-04-16T22:41:56.511+0800][29.310s] GC(102) Concurrent Scan Root Regions 0.035ms
[2020-04-16T22:41:56.511+0800][29.310s] GC(102) Concurrent Mark (29.310s)
[2020-04-16T22:41:56.511+0800][29.310s] GC(102) Concurrent Mark From Roots
[2020-04-16T22:41:56.511+0800][29.310s] GC(102) Using 4 workers of 4 for marking
[2020-04-16T22:41:56.511+0800][29.311s] GC(101) Phase 1: Mark live objects
[2020-04-16T22:41:57.155+0800][29.955s] GC(101) Phase 1: Mark live objects 643.833ms
[2020-04-16T22:41:57.155+0800][29.955s] GC(101) Phase 2: Prepare for compaction
[2020-04-16T22:41:57.299+0800][30.099s] GC(101) Phase 2: Prepare for compaction 144.019ms
[2020-04-16T22:41:57.299+0800][30.099s] GC(101) Phase 3: Adjust pointers
[2020-04-16T22:41:57.666+0800][30.465s] GC(101) Phase 3: Adjust pointers 366.154ms
[2020-04-16T22:41:57.666+0800][30.465s] GC(101) Phase 4: Compact heap
[2020-04-16T22:41:57.787+0800][30.586s] GC(101) Phase 4: Compact heap 121.515ms
[2020-04-16T22:41:57.791+0800][30.590s] GC(101) Eden regions: 0->0(128)
[2020-04-16T22:41:57.791+0800][30.591s] GC(101) Survivor regions: 0->0(0)
[2020-04-16T22:41:57.791+0800][30.591s] GC(101) Old regions: 509->508
[2020-04-16T22:41:57.791+0800][30.591s] GC(101) Archive regions: 2->2
[2020-04-16T22:41:57.791+0800][30.591s] GC(101) Humongous regions: 1->1
[2020-04-16T22:41:57.791+0800][30.591s] GC(101) Metaspace: 39478K(40704K)->39478K(40704K) NonClass: 34745K(35584K)->34745K(35584K) Class: 4733K(5120K)->4733K(5120K)
[2020-04-16T22:41:57.791+0800][30.591s] GC(101) Pause Full (G1 Evacuation Pause) 509M->508M(512M) 1281.102ms
[2020-04-16T22:41:57.791+0800][30.591s] GC(101) User=3.98s Sys=0.02s Real=1.28s
[2020-04-16T22:41:57.792+0800][30.591s] GC(102) Concurrent Mark From Roots 1280.916ms
[2020-04-16T22:41:57.792+0800][30.591s] GC(102) Concurrent Mark Abort
[2020-04-16T22:41:57.792+0800][30.591s] GC(102) Concurrent Cycle 1281.380ms
[2020-04-16T22:41:57.793+0800][30.592s] GC(103) Pause Young (Normal) (G1 Evacuation Pause)
[2020-04-16T22:41:57.793+0800][30.592s] GC(103) Using 4 workers of 4 for evacuation
[2020-04-16T22:41:57.794+0800][30.593s] GC(103) To-space exhausted
[2020-04-16T22:41:57.794+0800][30.593s] GC(103)   Pre Evacuate Collection Set: 0.1ms
[2020-04-16T22:41:57.794+0800][30.593s] GC(103)   Merge Heap Roots: 0.0ms
[2020-04-16T22:41:57.794+0800][30.593s] GC(103)   Evacuate Collection Set: 0.4ms
[2020-04-16T22:41:57.794+0800][30.593s] GC(103)   Post Evacuate Collection Set: 0.4ms
[2020-04-16T22:41:57.794+0800][30.593s] GC(103)   Other: 0.2ms
[2020-04-16T22:41:57.794+0800][30.593s] GC(103) Eden regions: 1->0(128)
[2020-04-16T22:41:57.794+0800][30.593s] GC(103) Survivor regions: 0->0(0)
[2020-04-16T22:41:57.794+0800][30.593s] GC(103) Old regions: 508->509
[2020-04-16T22:41:57.794+0800][30.593s] GC(103) Archive regions: 2->2
[2020-04-16T22:41:57.794+0800][30.593s] GC(103) Humongous regions: 1->1
[2020-04-16T22:41:57.794+0800][30.593s] GC(103) Metaspace: 39479K(40704K)->39479K(40704K) NonClass: 34745K(35584K)->34745K(35584K) Class: 4733K(5120K)->4733K(5120K)
[2020-04-16T22:41:57.794+0800][30.593s] GC(103) Pause Young (Normal) (G1 Evacuation Pause) 509M->509M(512M) 1.202ms
[2020-04-16T22:41:57.794+0800][30.593s] GC(103) User=0.01s Sys=0.00s Real=0.00s
[2020-04-16T22:41:57.794+0800][30.593s] GC(104) Using 4 workers of 4 for full compaction
[2020-04-16T22:41:57.794+0800][30.593s] GC(104) Pause Full (G1 Evacuation Pause)
[2020-04-16T22:41:57.794+0800][30.593s] GC(104) Phase 1: Mark live objects
[2020-04-16T22:41:58.430+0800][31.230s] GC(104) Phase 1: Mark live objects 636.101ms
[2020-04-16T22:41:58.430+0800][31.230s] GC(104) Phase 2: Prepare for compaction
[2020-04-16T22:41:58.560+0800][31.359s] GC(104) Phase 2: Prepare for compaction 129.811ms
[2020-04-16T22:41:58.560+0800][31.359s] GC(104) Phase 3: Adjust pointers
[2020-04-16T22:41:58.818+0800][31.617s] GC(104) Phase 3: Adjust pointers 257.936ms
[2020-04-16T22:41:58.818+0800][31.617s] GC(104) Phase 4: Compact heap
[2020-04-16T22:41:58.954+0800][31.753s] GC(104) Phase 4: Compact heap 135.282ms
[2020-04-16T22:41:58.958+0800][31.757s] GC(104) Eden regions: 0->0(128)
[2020-04-16T22:41:58.958+0800][31.757s] GC(104) Survivor regions: 0->0(0)
[2020-04-16T22:41:58.958+0800][31.757s] GC(104) Old regions: 509->507
[2020-04-16T22:41:58.958+0800][31.757s] GC(104) Archive regions: 2->2
[2020-04-16T22:41:58.958+0800][31.757s] GC(104) Humongous regions: 1->1
[2020-04-16T22:41:58.958+0800][31.757s] GC(104) Metaspace: 39479K(40704K)->39479K(40704K) NonClass: 34745K(35584K)->34745K(35584K) Class: 4733K(5120K)->4733K(5120K)
[2020-04-16T22:41:58.958+0800][31.757s] GC(104) Pause Full (G1 Evacuation Pause) 509M->508M(512M) 1163.775ms
[2020-04-16T22:41:58.958+0800][31.757s] GC(104) User=4.02s Sys=0.02s Real=1.16s
[2020-04-16T22:41:58.978+0800][31.777s] GC(105) Pause Young (Concurrent Start) (G1 Evacuation Pause)
[2020-04-16T22:41:58.978+0800][31.777s] GC(105) Using 4 workers of 4 for evacuation
[2020-04-16T22:41:58.983+0800][31.782s] GC(105) To-space exhausted
[2020-04-16T22:41:58.983+0800][31.782s] GC(105)   Pre Evacuate Collection Set: 0.1ms
[2020-04-16T22:41:58.983+0800][31.782s] GC(105)   Merge Heap Roots: 0.0ms
[2020-04-16T22:41:58.983+0800][31.782s] GC(105)   Evacuate Collection Set: 2.6ms
[2020-04-16T22:41:58.983+0800][31.782s] GC(105)   Post Evacuate Collection Set: 2.3ms
[2020-04-16T22:41:58.983+0800][31.782s] GC(105)   Other: 0.2ms
[2020-04-16T22:41:58.983+0800][31.782s] GC(105) Eden regions: 2->0(128)
[2020-04-16T22:41:58.983+0800][31.782s] GC(105) Survivor regions: 0->0(0)
[2020-04-16T22:41:58.983+0800][31.782s] GC(105) Old regions: 507->509
[2020-04-16T22:41:58.983+0800][31.782s] GC(105) Archive regions: 2->2
[2020-04-16T22:41:58.983+0800][31.782s] GC(105) Humongous regions: 1->1
[2020-04-16T22:41:58.983+0800][31.782s] GC(105) Metaspace: 39509K(40960K)->39509K(40960K) NonClass: 34773K(35840K)->34773K(35840K) Class: 4735K(5120K)->4735K(5120K)
[2020-04-16T22:41:58.983+0800][31.782s] GC(105) Pause Young (Concurrent Start) (G1 Evacuation Pause) 510M->510M(512M) 5.358ms
[2020-04-16T22:41:58.983+0800][31.782s] GC(105) User=0.01s Sys=0.00s Real=0.01s
[2020-04-16T22:41:58.983+0800][31.782s] GC(106) Using 4 workers of 4 for full compaction
[2020-04-16T22:41:58.983+0800][31.782s] GC(106) Pause Full (G1 Evacuation Pause)
[2020-04-16T22:41:58.983+0800][31.782s] GC(107) Concurrent Cycle
[2020-04-16T22:41:58.983+0800][31.782s] GC(107) Concurrent Clear Claimed Marks
[2020-04-16T22:41:58.983+0800][31.783s] GC(107) Concurrent Clear Claimed Marks 0.200ms
[2020-04-16T22:41:58.983+0800][31.783s] GC(107) Concurrent Scan Root Regions
[2020-04-16T22:41:58.983+0800][31.783s] GC(107) Concurrent Scan Root Regions 0.020ms
[2020-04-16T22:41:58.983+0800][31.783s] GC(107) Concurrent Mark (31.783s)
[2020-04-16T22:41:58.983+0800][31.783s] GC(107) Concurrent Mark From Roots
[2020-04-16T22:41:58.983+0800][31.783s] GC(107) Using 4 workers of 4 for marking
[2020-04-16T22:41:58.984+0800][31.784s] GC(106) Phase 1: Mark live objects
[2020-04-16T22:41:59.709+0800][32.508s] GC(106) Phase 1: Mark live objects 724.492ms
[2020-04-16T22:41:59.709+0800][32.508s] GC(106) Phase 2: Prepare for compaction
[2020-04-16T22:41:59.856+0800][32.655s] GC(106) Phase 2: Prepare for compaction 146.789ms
[2020-04-16T22:41:59.856+0800][32.655s] GC(106) Phase 3: Adjust pointers
[2020-04-16T22:42:00.095+0800][32.894s] GC(106) Phase 3: Adjust pointers 239.303ms
[2020-04-16T22:42:00.095+0800][32.894s] GC(106) Phase 4: Compact heap
[2020-04-16T22:42:00.219+0800][33.018s] GC(106) Phase 4: Compact heap 123.425ms
[2020-04-16T22:42:00.225+0800][33.025s] GC(106) Eden regions: 0->0(128)
[2020-04-16T22:42:00.225+0800][33.025s] GC(106) Survivor regions: 0->0(0)
[2020-04-16T22:42:00.225+0800][33.025s] GC(106) Old regions: 509->508
[2020-04-16T22:42:00.225+0800][33.025s] GC(106) Archive regions: 2->2
[2020-04-16T22:42:00.225+0800][33.025s] GC(106) Humongous regions: 1->1
[2020-04-16T22:42:00.225+0800][33.025s] GC(106) Metaspace: 39509K(40960K)->39509K(40960K) NonClass: 34773K(35840K)->34773K(35840K) Class: 4735K(5120K)->4735K(5120K)
[2020-04-16T22:42:00.225+0800][33.025s] GC(106) Pause Full (G1 Evacuation Pause) 510M->509M(512M) 1242.370ms
[2020-04-16T22:42:00.226+0800][33.025s] GC(106) User=4.10s Sys=0.02s Real=1.24s
[2020-04-16T22:42:00.227+0800][33.026s] GC(107) Concurrent Mark From Roots 1243.474ms
[2020-04-16T22:42:00.227+0800][33.026s] GC(107) Concurrent Mark Abort
[2020-04-16T22:42:00.227+0800][33.026s] GC(107) Concurrent Cycle 1243.886ms
[2020-04-16T22:42:00.227+0800][33.027s] GC(108) Pause Young (Normal) (G1 Evacuation Pause)
[2020-04-16T22:42:00.227+0800][33.027s] GC(108) Using 4 workers of 4 for evacuation
[2020-04-16T22:42:00.229+0800][33.028s] GC(108) To-space exhausted
[2020-04-16T22:42:00.229+0800][33.028s] GC(108)   Pre Evacuate Collection Set: 0.1ms
[2020-04-16T22:42:00.229+0800][33.028s] GC(108)   Merge Heap Roots: 0.0ms
[2020-04-16T22:42:00.229+0800][33.028s] GC(108)   Evacuate Collection Set: 0.5ms
[2020-04-16T22:42:00.229+0800][33.028s] GC(108)   Post Evacuate Collection Set: 0.7ms
[2020-04-16T22:42:00.229+0800][33.028s] GC(108)   Other: 0.1ms
[2020-04-16T22:42:00.229+0800][33.028s] GC(108) Eden regions: 1->0(128)
[2020-04-16T22:42:00.229+0800][33.028s] GC(108) Survivor regions: 0->0(0)
[2020-04-16T22:42:00.229+0800][33.028s] GC(108) Old regions: 508->509
[2020-04-16T22:42:00.229+0800][33.028s] GC(108) Archive regions: 2->2
[2020-04-16T22:42:00.229+0800][33.028s] GC(108) Humongous regions: 1->1
[2020-04-16T22:42:00.229+0800][33.028s] GC(108) Metaspace: 39509K(40960K)->39509K(40960K) NonClass: 34773K(35840K)->34773K(35840K) Class: 4735K(5120K)->4735K(5120K)
[2020-04-16T22:42:00.229+0800][33.028s] GC(108) Pause Young (Normal) (G1 Evacuation Pause) 510M->510M(512M) 1.519ms
[2020-04-16T22:42:00.229+0800][33.028s] GC(108) User=0.01s Sys=0.00s Real=0.00s
[2020-04-16T22:42:00.229+0800][33.028s] GC(109) Using 4 workers of 4 for full compaction
[2020-04-16T22:42:00.229+0800][33.028s] GC(109) Pause Full (G1 Evacuation Pause)
[2020-04-16T22:42:00.229+0800][33.028s] GC(109) Phase 1: Mark live objects
[2020-04-16T22:42:00.843+0800][33.642s] GC(109) Phase 1: Mark live objects 613.877ms
[2020-04-16T22:42:00.843+0800][33.642s] GC(109) Phase 2: Prepare for compaction
[2020-04-16T22:42:00.980+0800][33.779s] GC(109) Phase 2: Prepare for compaction 136.586ms
[2020-04-16T22:42:00.980+0800][33.779s] GC(109) Phase 3: Adjust pointers
[2020-04-16T22:42:01.205+0800][34.005s] GC(109) Phase 3: Adjust pointers 225.622ms
[2020-04-16T22:42:01.206+0800][34.005s] GC(109) Phase 4: Compact heap
[2020-04-16T22:42:01.303+0800][34.102s] GC(109) Phase 4: Compact heap 97.451ms
[2020-04-16T22:42:01.307+0800][34.106s] GC(109) Eden regions: 0->0(128)
[2020-04-16T22:42:01.307+0800][34.106s] GC(109) Survivor regions: 0->0(0)
[2020-04-16T22:42:01.307+0800][34.106s] GC(109) Old regions: 509->508
[2020-04-16T22:42:01.307+0800][34.106s] GC(109) Archive regions: 2->2
[2020-04-16T22:42:01.307+0800][34.106s] GC(109) Humongous regions: 1->1
[2020-04-16T22:42:01.307+0800][34.106s] GC(109) Metaspace: 39509K(40960K)->39509K(40960K) NonClass: 34773K(35840K)->34773K(35840K) Class: 4735K(5120K)->4735K(5120K)
[2020-04-16T22:42:01.307+0800][34.106s] GC(109) Pause Full (G1 Evacuation Pause) 510M->509M(512M) 1078.131ms
[2020-04-16T22:42:01.307+0800][34.106s] GC(109) User=3.96s Sys=0.01s Real=1.08s
[2020-04-16T22:42:01.308+0800][34.107s] GC(110) Pause Young (Concurrent Start) (G1 Evacuation Pause)
[2020-04-16T22:42:01.308+0800][34.107s] GC(110) Using 4 workers of 4 for evacuation
[2020-04-16T22:42:01.309+0800][34.108s] GC(110) To-space exhausted
[2020-04-16T22:42:01.309+0800][34.108s] GC(110)   Pre Evacuate Collection Set: 0.1ms
[2020-04-16T22:42:01.309+0800][34.108s] GC(110)   Merge Heap Roots: 0.0ms
[2020-04-16T22:42:01.309+0800][34.108s] GC(110)   Evacuate Collection Set: 0.8ms
[2020-04-16T22:42:01.309+0800][34.108s] GC(110)   Post Evacuate Collection Set: 0.3ms
[2020-04-16T22:42:01.309+0800][34.108s] GC(110)   Other: 0.1ms
[2020-04-16T22:42:01.309+0800][34.108s] GC(110) Eden regions: 1->0(128)
[2020-04-16T22:42:01.309+0800][34.108s] GC(110) Survivor regions: 0->0(0)
[2020-04-16T22:42:01.309+0800][34.108s] GC(110) Old regions: 508->509
[2020-04-16T22:42:01.309+0800][34.108s] GC(110) Archive regions: 2->2
[2020-04-16T22:42:01.309+0800][34.108s] GC(110) Humongous regions: 1->1
[2020-04-16T22:42:01.309+0800][34.108s] GC(110) Metaspace: 39509K(40960K)->39509K(40960K) NonClass: 34773K(35840K)->34773K(35840K) Class: 4735K(5120K)->4735K(5120K)
[2020-04-16T22:42:01.309+0800][34.108s] GC(110) Pause Young (Concurrent Start) (G1 Evacuation Pause) 510M->510M(512M) 1.434ms
[2020-04-16T22:42:01.309+0800][34.108s] GC(110) User=0.01s Sys=0.00s Real=0.00s
[2020-04-16T22:42:01.309+0800][34.108s] GC(111) Using 4 workers of 4 for full compaction
[2020-04-16T22:42:01.309+0800][34.108s] GC(111) Pause Full (G1 Evacuation Pause)
[2020-04-16T22:42:01.309+0800][34.108s] GC(112) Concurrent Cycle
[2020-04-16T22:42:01.309+0800][34.108s] GC(112) Concurrent Clear Claimed Marks
[2020-04-16T22:42:01.309+0800][34.108s] GC(112) Concurrent Clear Claimed Marks 0.092ms
[2020-04-16T22:42:01.309+0800][34.108s] GC(112) Concurrent Scan Root Regions
[2020-04-16T22:42:01.309+0800][34.109s] GC(112) Concurrent Scan Root Regions 0.024ms
[2020-04-16T22:42:01.309+0800][34.109s] GC(112) Concurrent Mark (34.109s)
[2020-04-16T22:42:01.309+0800][34.109s] GC(112) Concurrent Mark From Roots
[2020-04-16T22:42:01.309+0800][34.109s] GC(112) Using 4 workers of 4 for marking
[2020-04-16T22:42:01.310+0800][34.109s] GC(111) Phase 1: Mark live objects
[2020-04-16T22:42:02.037+0800][34.836s] GC(111) Phase 1: Mark live objects 726.721ms
[2020-04-16T22:42:02.037+0800][34.836s] GC(111) Phase 2: Prepare for compaction
[2020-04-16T22:42:02.229+0800][35.028s] GC(111) Phase 2: Prepare for compaction 192.079ms
[2020-04-16T22:42:02.229+0800][35.028s] GC(111) Phase 3: Adjust pointers
[2020-04-16T22:42:02.509+0800][35.308s] GC(111) Phase 3: Adjust pointers 280.252ms
[2020-04-16T22:42:02.509+0800][35.308s] GC(111) Phase 4: Compact heap
[2020-04-16T22:42:02.631+0800][35.430s] GC(111) Phase 4: Compact heap 122.029ms
[2020-04-16T22:42:02.635+0800][35.434s] GC(111) Eden regions: 0->0(128)
[2020-04-16T22:42:02.635+0800][35.434s] GC(111) Survivor regions: 0->0(0)
[2020-04-16T22:42:02.635+0800][35.434s] GC(111) Old regions: 509->508
[2020-04-16T22:42:02.635+0800][35.434s] GC(111) Archive regions: 2->2
[2020-04-16T22:42:02.635+0800][35.434s] GC(111) Humongous regions: 1->1
[2020-04-16T22:42:02.635+0800][35.434s] GC(111) Metaspace: 39509K(40960K)->39509K(40960K) NonClass: 34773K(35840K)->34773K(35840K) Class: 4735K(5120K)->4735K(5120K)
[2020-04-16T22:42:02.635+0800][35.434s] GC(111) Pause Full (G1 Evacuation Pause) 510M->509M(512M) 1325.714ms
[2020-04-16T22:42:02.635+0800][35.434s] GC(111) User=3.99s Sys=0.02s Real=1.33s
[2020-04-16T22:42:02.635+0800][35.434s] GC(112) Concurrent Mark From Roots 1325.701ms
[2020-04-16T22:42:02.635+0800][35.434s] GC(112) Concurrent Mark Abort
[2020-04-16T22:42:02.635+0800][35.434s] GC(112) Concurrent Cycle 1326.082ms
[2020-04-16T22:42:02.636+0800][35.435s] GC(113) Pause Young (Normal) (G1 Evacuation Pause)
[2020-04-16T22:42:02.636+0800][35.435s] GC(113) Using 4 workers of 4 for evacuation
[2020-04-16T22:42:02.636+0800][35.436s] GC(113) To-space exhausted
[2020-04-16T22:42:02.636+0800][35.436s] GC(113)   Pre Evacuate Collection Set: 0.1ms
[2020-04-16T22:42:02.636+0800][35.436s] GC(113)   Merge Heap Roots: 0.0ms
[2020-04-16T22:42:02.636+0800][35.436s] GC(113)   Evacuate Collection Set: 0.3ms
[2020-04-16T22:42:02.636+0800][35.436s] GC(113)   Post Evacuate Collection Set: 0.3ms
[2020-04-16T22:42:02.637+0800][35.436s] GC(113)   Other: 0.1ms
[2020-04-16T22:42:02.637+0800][35.436s] GC(113) Eden regions: 1->0(128)
[2020-04-16T22:42:02.637+0800][35.436s] GC(113) Survivor regions: 0->0(0)
[2020-04-16T22:42:02.637+0800][35.436s] GC(113) Old regions: 508->509
[2020-04-16T22:42:02.637+0800][35.436s] GC(113) Archive regions: 2->2
[2020-04-16T22:42:02.637+0800][35.436s] GC(113) Humongous regions: 1->1
[2020-04-16T22:42:02.637+0800][35.436s] GC(113) Metaspace: 39509K(40960K)->39509K(40960K) NonClass: 34773K(35840K)->34773K(35840K) Class: 4735K(5120K)->4735K(5120K)
[2020-04-16T22:42:02.637+0800][35.436s] GC(113) Pause Young (Normal) (G1 Evacuation Pause) 510M->510M(512M) 0.918ms
[2020-04-16T22:42:02.637+0800][35.436s] GC(113) User=0.00s Sys=0.00s Real=0.00s
[2020-04-16T22:42:02.637+0800][35.436s] GC(114) Using 4 workers of 4 for full compaction
[2020-04-16T22:42:02.637+0800][35.436s] GC(114) Pause Full (G1 Evacuation Pause)
[2020-04-16T22:42:02.637+0800][35.436s] GC(114) Phase 1: Mark live objects
[2020-04-16T22:42:03.263+0800][36.062s] GC(114) Phase 1: Mark live objects 625.663ms
[2020-04-16T22:42:03.263+0800][36.062s] GC(114) Phase 2: Prepare for compaction
[2020-04-16T22:42:03.404+0800][36.203s] GC(114) Phase 2: Prepare for compaction 141.440ms
[2020-04-16T22:42:03.404+0800][36.203s] GC(114) Phase 3: Adjust pointers
[2020-04-16T22:42:03.641+0800][36.441s] GC(114) Phase 3: Adjust pointers 237.147ms
[2020-04-16T22:42:03.641+0800][36.441s] GC(114) Phase 4: Compact heap
[2020-04-16T22:42:03.746+0800][36.545s] GC(114) Phase 4: Compact heap 104.416ms
[2020-04-16T22:42:03.749+0800][36.548s] GC(114) Eden regions: 0->0(128)
[2020-04-16T22:42:03.749+0800][36.548s] GC(114) Survivor regions: 0->0(0)
[2020-04-16T22:42:03.749+0800][36.548s] GC(114) Old regions: 509->508
[2020-04-16T22:42:03.749+0800][36.548s] GC(114) Archive regions: 2->2
[2020-04-16T22:42:03.749+0800][36.548s] GC(114) Humongous regions: 1->1
[2020-04-16T22:42:03.749+0800][36.548s] GC(114) Metaspace: 39509K(40960K)->39509K(40960K) NonClass: 34773K(35840K)->34773K(35840K) Class: 4735K(5120K)->4735K(5120K)
[2020-04-16T22:42:03.749+0800][36.549s] GC(114) Pause Full (G1 Evacuation Pause) 510M->509M(512M) 1112.723ms
[2020-04-16T22:42:03.750+0800][36.549s] GC(114) User=4.00s Sys=0.02s Real=1.12s
[2020-04-16T22:42:03.750+0800][36.549s] GC(115) Pause Young (Concurrent Start) (G1 Evacuation Pause)
[2020-04-16T22:42:03.750+0800][36.549s] GC(115) Using 4 workers of 4 for evacuation
[2020-04-16T22:42:03.751+0800][36.550s] GC(115) To-space exhausted
[2020-04-16T22:42:03.751+0800][36.551s] GC(115)   Pre Evacuate Collection Set: 0.1ms
[2020-04-16T22:42:03.751+0800][36.551s] GC(115)   Merge Heap Roots: 0.0ms
[2020-04-16T22:42:03.751+0800][36.551s] GC(115)   Evacuate Collection Set: 0.7ms
[2020-04-16T22:42:03.751+0800][36.551s] GC(115)   Post Evacuate Collection Set: 0.3ms
[2020-04-16T22:42:03.751+0800][36.551s] GC(115)   Other: 0.2ms
[2020-04-16T22:42:03.751+0800][36.551s] GC(115) Eden regions: 1->0(128)
[2020-04-16T22:42:03.751+0800][36.551s] GC(115) Survivor regions: 0->0(0)
[2020-04-16T22:42:03.751+0800][36.551s] GC(115) Old regions: 508->509
[2020-04-16T22:42:03.752+0800][36.551s] GC(115) Archive regions: 2->2
[2020-04-16T22:42:03.752+0800][36.551s] GC(115) Humongous regions: 1->1
[2020-04-16T22:42:03.752+0800][36.551s] GC(115) Metaspace: 39509K(40960K)->39509K(40960K) NonClass: 34773K(35840K)->34773K(35840K) Class: 4735K(5120K)->4735K(5120K)
[2020-04-16T22:42:03.752+0800][36.551s] GC(115) Pause Young (Concurrent Start) (G1 Evacuation Pause) 510M->510M(512M) 1.471ms
[2020-04-16T22:42:03.752+0800][36.551s] GC(115) User=0.00s Sys=0.00s Real=0.00s
[2020-04-16T22:42:03.752+0800][36.551s] GC(117) Concurrent Cycle
[2020-04-16T22:42:03.752+0800][36.551s] GC(116) Using 4 workers of 4 for full compaction
[2020-04-16T22:42:03.752+0800][36.551s] GC(117) Concurrent Clear Claimed Marks
[2020-04-16T22:42:03.752+0800][36.551s] GC(116) Pause Full (G1 Evacuation Pause)
[2020-04-16T22:42:03.752+0800][36.551s] GC(117) Concurrent Clear Claimed Marks 0.056ms
[2020-04-16T22:42:03.752+0800][36.551s] GC(117) Concurrent Scan Root Regions
[2020-04-16T22:42:03.752+0800][36.551s] GC(117) Concurrent Scan Root Regions 0.018ms
[2020-04-16T22:42:03.752+0800][36.551s] GC(117) Concurrent Mark (36.551s)
[2020-04-16T22:42:03.752+0800][36.551s] GC(117) Concurrent Mark From Roots
[2020-04-16T22:42:03.752+0800][36.551s] GC(117) Using 4 workers of 4 for marking
[2020-04-16T22:42:03.753+0800][36.552s] GC(116) Phase 1: Mark live objects
[2020-04-16T22:42:04.394+0800][37.193s] GC(116) Phase 1: Mark live objects 641.141ms
[2020-04-16T22:42:04.394+0800][37.193s] GC(116) Phase 2: Prepare for compaction
[2020-04-16T22:42:04.554+0800][37.353s] GC(116) Phase 2: Prepare for compaction 160.370ms
[2020-04-16T22:42:04.554+0800][37.353s] GC(116) Phase 3: Adjust pointers
[2020-04-16T22:42:04.788+0800][37.587s] GC(116) Phase 3: Adjust pointers 233.240ms
[2020-04-16T22:42:04.788+0800][37.587s] GC(116) Phase 4: Compact heap
[2020-04-16T22:42:04.887+0800][37.686s] GC(116) Phase 4: Compact heap 99.678ms
[2020-04-16T22:42:04.892+0800][37.691s] GC(116) Eden regions: 0->0(128)
[2020-04-16T22:42:04.892+0800][37.691s] GC(116) Survivor regions: 0->0(0)
[2020-04-16T22:42:04.892+0800][37.691s] GC(116) Old regions: 509->508
[2020-04-16T22:42:04.892+0800][37.691s] GC(116) Archive regions: 2->2
[2020-04-16T22:42:04.892+0800][37.691s] GC(116) Humongous regions: 1->1
[2020-04-16T22:42:04.892+0800][37.691s] GC(116) Metaspace: 39509K(40960K)->39509K(40960K) NonClass: 34773K(35840K)->34773K(35840K) Class: 4735K(5120K)->4735K(5120K)
[2020-04-16T22:42:04.892+0800][37.691s] GC(116) Pause Full (G1 Evacuation Pause) 510M->509M(512M) 1140.161ms
[2020-04-16T22:42:04.892+0800][37.691s] GC(116) User=3.93s Sys=0.01s Real=1.14s
[2020-04-16T22:42:04.892+0800][37.691s] GC(117) Concurrent Mark From Roots 1140.533ms
[2020-04-16T22:42:04.892+0800][37.691s] GC(117) Concurrent Mark Abort
[2020-04-16T22:42:04.892+0800][37.691s] GC(117) Concurrent Cycle 1140.763ms
[2020-04-16T22:42:04.893+0800][37.692s] GC(118) Pause Young (Normal) (G1 Evacuation Pause)
[2020-04-16T22:42:04.893+0800][37.692s] GC(118) Using 4 workers of 4 for evacuation
[2020-04-16T22:42:04.894+0800][37.694s] GC(118) To-space exhausted
[2020-04-16T22:42:04.894+0800][37.694s] GC(118)   Pre Evacuate Collection Set: 0.1ms
[2020-04-16T22:42:04.895+0800][37.694s] GC(118)   Merge Heap Roots: 0.0ms
[2020-04-16T22:42:04.895+0800][37.694s] GC(118)   Evacuate Collection Set: 0.6ms
[2020-04-16T22:42:04.895+0800][37.694s] GC(118)   Post Evacuate Collection Set: 0.6ms
[2020-04-16T22:42:04.895+0800][37.694s] GC(118)   Other: 0.2ms
[2020-04-16T22:42:04.895+0800][37.694s] GC(118) Eden regions: 1->0(128)
[2020-04-16T22:42:04.895+0800][37.694s] GC(118) Survivor regions: 0->0(0)
[2020-04-16T22:42:04.895+0800][37.694s] GC(118) Old regions: 508->509
[2020-04-16T22:42:04.895+0800][37.694s] GC(118) Archive regions: 2->2
[2020-04-16T22:42:04.895+0800][37.694s] GC(118) Humongous regions: 1->1
[2020-04-16T22:42:04.895+0800][37.694s] GC(118) Metaspace: 39511K(40960K)->39511K(40960K) NonClass: 34775K(35840K)->34775K(35840K) Class: 4735K(5120K)->4735K(5120K)
[2020-04-16T22:42:04.895+0800][37.694s] GC(118) Pause Young (Normal) (G1 Evacuation Pause) 510M->510M(512M) 1.604ms
[2020-04-16T22:42:04.895+0800][37.694s] GC(118) User=0.01s Sys=0.00s Real=0.00s
[2020-04-16T22:42:04.895+0800][37.694s] GC(119) Using 4 workers of 4 for full compaction
[2020-04-16T22:42:04.895+0800][37.694s] GC(119) Pause Full (G1 Evacuation Pause)
[2020-04-16T22:42:04.895+0800][37.694s] GC(119) Phase 1: Mark live objects
[2020-04-16T22:42:05.635+0800][38.434s] GC(119) Phase 1: Mark live objects 739.952ms
[2020-04-16T22:42:05.635+0800][38.435s] GC(119) Phase 2: Prepare for compaction
[2020-04-16T22:42:05.780+0800][38.579s] GC(119) Phase 2: Prepare for compaction 144.455ms
[2020-04-16T22:42:05.780+0800][38.579s] GC(119) Phase 3: Adjust pointers
[2020-04-16T22:42:06.071+0800][38.870s] GC(119) Phase 3: Adjust pointers 290.995ms
[2020-04-16T22:42:06.071+0800][38.870s] GC(119) Phase 4: Compact heap
[2020-04-16T22:42:06.180+0800][38.979s] GC(119) Phase 4: Compact heap 108.851ms
[2020-04-16T22:42:06.184+0800][38.983s] GC(119) Eden regions: 0->0(128)
[2020-04-16T22:42:06.184+0800][38.983s] GC(119) Survivor regions: 0->0(0)
[2020-04-16T22:42:06.184+0800][38.983s] GC(119) Old regions: 509->508
[2020-04-16T22:42:06.184+0800][38.983s] GC(119) Archive regions: 2->2
[2020-04-16T22:42:06.184+0800][38.983s] GC(119) Humongous regions: 1->1
[2020-04-16T22:42:06.184+0800][38.983s] GC(119) Metaspace: 39511K(40960K)->39511K(40960K) NonClass: 34775K(35840K)->34775K(35840K) Class: 4735K(5120K)->4735K(5120K)
[2020-04-16T22:42:06.184+0800][38.983s] GC(119) Pause Full (G1 Evacuation Pause) 510M->509M(512M) 1288.771ms
[2020-04-16T22:42:06.184+0800][38.983s] GC(119) User=4.05s Sys=0.02s Real=1.29s
[2020-04-16T22:42:06.186+0800][38.985s] GC(120) Pause Young (Concurrent Start) (G1 Evacuation Pause)
[2020-04-16T22:42:06.186+0800][38.985s] GC(120) Using 4 workers of 4 for evacuation
[2020-04-16T22:42:06.190+0800][38.989s] GC(120) To-space exhausted
[2020-04-16T22:42:06.190+0800][38.989s] GC(120)   Pre Evacuate Collection Set: 0.1ms
[2020-04-16T22:42:06.190+0800][38.989s] GC(120)   Merge Heap Roots: 0.0ms
[2020-04-16T22:42:06.190+0800][38.989s] GC(120)   Evacuate Collection Set: 2.9ms
[2020-04-16T22:42:06.190+0800][38.989s] GC(120)   Post Evacuate Collection Set: 0.8ms
[2020-04-16T22:42:06.190+0800][38.989s] GC(120)   Other: 0.2ms
[2020-04-16T22:42:06.190+0800][38.989s] GC(120) Eden regions: 1->0(128)
[2020-04-16T22:42:06.190+0800][38.989s] GC(120) Survivor regions: 0->0(0)
[2020-04-16T22:42:06.190+0800][38.989s] GC(120) Old regions: 508->509
[2020-04-16T22:42:06.190+0800][38.989s] GC(120) Archive regions: 2->2
[2020-04-16T22:42:06.190+0800][38.989s] GC(120) Humongous regions: 1->1
[2020-04-16T22:42:06.190+0800][38.989s] GC(120) Metaspace: 39516K(40960K)->39516K(40960K) NonClass: 34779K(35840K)->34779K(35840K) Class: 4737K(5120K)->4737K(5120K)
[2020-04-16T22:42:06.190+0800][38.989s] GC(120) Pause Young (Concurrent Start) (G1 Evacuation Pause) 510M->510M(512M) 4.209ms
[2020-04-16T22:42:06.190+0800][38.989s] GC(120) User=0.01s Sys=0.00s Real=0.01s
[2020-04-16T22:42:06.190+0800][38.989s] GC(122) Concurrent Cycle
[2020-04-16T22:42:06.190+0800][38.989s] GC(121) Using 4 workers of 4 for full compaction
[2020-04-16T22:42:06.190+0800][38.989s] GC(122) Concurrent Clear Claimed Marks
[2020-04-16T22:42:06.190+0800][38.989s] GC(121) Pause Full (G1 Evacuation Pause)
[2020-04-16T22:42:06.190+0800][38.989s] GC(122) Concurrent Clear Claimed Marks 0.097ms
[2020-04-16T22:42:06.190+0800][38.989s] GC(122) Concurrent Scan Root Regions
[2020-04-16T22:42:06.190+0800][38.989s] GC(122) Concurrent Scan Root Regions 0.023ms
[2020-04-16T22:42:06.190+0800][38.989s] GC(122) Concurrent Mark (38.989s)
[2020-04-16T22:42:06.190+0800][38.989s] GC(122) Concurrent Mark From Roots
[2020-04-16T22:42:06.190+0800][38.989s] GC(122) Using 4 workers of 4 for marking
[2020-04-16T22:42:06.191+0800][38.990s] GC(121) Phase 1: Mark live objects
[2020-04-16T22:42:06.833+0800][39.632s] GC(121) Phase 1: Mark live objects 641.689ms
[2020-04-16T22:42:06.833+0800][39.632s] GC(121) Phase 2: Prepare for compaction
[2020-04-16T22:42:06.968+0800][39.767s] GC(121) Phase 2: Prepare for compaction 135.188ms
[2020-04-16T22:42:06.968+0800][39.767s] GC(121) Phase 3: Adjust pointers
[2020-04-16T22:42:07.204+0800][40.003s] GC(121) Phase 3: Adjust pointers 235.651ms
[2020-04-16T22:42:07.204+0800][40.003s] GC(121) Phase 4: Compact heap
[2020-04-16T22:42:07.294+0800][40.093s] GC(121) Phase 4: Compact heap 90.393ms
[2020-04-16T22:42:07.298+0800][40.097s] GC(121) Eden regions: 0->0(128)
[2020-04-16T22:42:07.298+0800][40.097s] GC(121) Survivor regions: 0->0(0)
[2020-04-16T22:42:07.298+0800][40.097s] GC(121) Old regions: 509->508
[2020-04-16T22:42:07.298+0800][40.097s] GC(121) Archive regions: 2->2
[2020-04-16T22:42:07.298+0800][40.097s] GC(121) Humongous regions: 1->1
[2020-04-16T22:42:07.298+0800][40.097s] GC(121) Metaspace: 39516K(40960K)->39516K(40960K) NonClass: 34779K(35840K)->34779K(35840K) Class: 4737K(5120K)->4737K(5120K)
[2020-04-16T22:42:07.298+0800][40.097s] GC(121) Pause Full (G1 Evacuation Pause) 510M->509M(512M) 1108.273ms
[2020-04-16T22:42:07.298+0800][40.097s] GC(121) User=4.00s Sys=0.02s Real=1.10s
[2020-04-16T22:42:07.299+0800][40.098s] GC(122) Concurrent Mark From Roots 1108.787ms
[2020-04-16T22:42:07.299+0800][40.098s] GC(122) Concurrent Mark Abort
[2020-04-16T22:42:07.299+0800][40.098s] GC(122) Concurrent Cycle 1109.063ms
[2020-04-16T22:42:07.300+0800][40.099s] GC(123) Pause Young (Normal) (G1 Evacuation Pause)
[2020-04-16T22:42:07.300+0800][40.099s] GC(123) Using 4 workers of 4 for evacuation
[2020-04-16T22:42:07.302+0800][40.101s] GC(123) To-space exhausted
[2020-04-16T22:42:07.302+0800][40.101s] GC(123)   Pre Evacuate Collection Set: 0.1ms
[2020-04-16T22:42:07.302+0800][40.101s] GC(123)   Merge Heap Roots: 0.0ms
[2020-04-16T22:42:07.302+0800][40.101s] GC(123)   Evacuate Collection Set: 0.8ms
[2020-04-16T22:42:07.302+0800][40.101s] GC(123)   Post Evacuate Collection Set: 1.4ms
[2020-04-16T22:42:07.302+0800][40.101s] GC(123)   Other: 0.2ms
[2020-04-16T22:42:07.302+0800][40.101s] GC(123) Eden regions: 1->0(128)
[2020-04-16T22:42:07.302+0800][40.101s] GC(123) Survivor regions: 0->0(0)
[2020-04-16T22:42:07.302+0800][40.101s] GC(123) Old regions: 508->509
[2020-04-16T22:42:07.302+0800][40.101s] GC(123) Archive regions: 2->2
[2020-04-16T22:42:07.302+0800][40.101s] GC(123) Humongous regions: 1->1
[2020-04-16T22:42:07.302+0800][40.101s] GC(123) Metaspace: 39517K(40960K)->39517K(40960K) NonClass: 34779K(35840K)->34779K(35840K) Class: 4737K(5120K)->4737K(5120K)
[2020-04-16T22:42:07.302+0800][40.101s] GC(123) Pause Young (Normal) (G1 Evacuation Pause) 510M->510M(512M) 2.603ms
[2020-04-16T22:42:07.302+0800][40.101s] GC(123) User=0.01s Sys=0.00s Real=0.00s
[2020-04-16T22:42:07.302+0800][40.101s] GC(124) Using 4 workers of 4 for full compaction
[2020-04-16T22:42:07.303+0800][40.102s] GC(124) Pause Full (G1 Evacuation Pause)
[2020-04-16T22:42:07.303+0800][40.102s] GC(124) Phase 1: Mark live objects
[2020-04-16T22:42:08.015+0800][40.814s] GC(124) Phase 1: Mark live objects 712.187ms
[2020-04-16T22:42:08.015+0800][40.814s] GC(124) Phase 2: Prepare for compaction
[2020-04-16T22:42:08.196+0800][40.995s] GC(124) Phase 2: Prepare for compaction 181.028ms
[2020-04-16T22:42:08.196+0800][40.995s] GC(124) Phase 3: Adjust pointers
[2020-04-16T22:42:08.432+0800][41.231s] GC(124) Phase 3: Adjust pointers 235.079ms
[2020-04-16T22:42:08.432+0800][41.231s] GC(124) Phase 4: Compact heap
[2020-04-16T22:42:08.530+0800][41.329s] GC(124) Phase 4: Compact heap 98.829ms
[2020-04-16T22:42:08.534+0800][41.333s] GC(124) Eden regions: 0->0(128)
[2020-04-16T22:42:08.534+0800][41.333s] GC(124) Survivor regions: 0->0(0)
[2020-04-16T22:42:08.534+0800][41.333s] GC(124) Old regions: 509->509
[2020-04-16T22:42:08.534+0800][41.333s] GC(124) Archive regions: 2->2
[2020-04-16T22:42:08.534+0800][41.333s] GC(124) Humongous regions: 1->1
[2020-04-16T22:42:08.534+0800][41.333s] GC(124) Metaspace: 39517K(40960K)->39517K(40960K) NonClass: 34779K(35840K)->34779K(35840K) Class: 4737K(5120K)->4737K(5120K)
[2020-04-16T22:42:08.534+0800][41.333s] GC(124) Pause Full (G1 Evacuation Pause) 510M->509M(512M) 1231.461ms
[2020-04-16T22:42:08.534+0800][41.333s] GC(124) User=4.02s Sys=0.02s Real=1.23s
[2020-04-16T22:42:08.534+0800][41.333s] GC(125) Using 4 workers of 4 for full compaction
[2020-04-16T22:42:08.534+0800][41.333s] GC(125) Pause Full (G1 Evacuation Pause)
[2020-04-16T22:42:08.535+0800][41.334s] GC(125) Phase 1: Mark live objects
[2020-04-16T22:42:09.176+0800][41.975s] GC(125) Phase 1: Mark live objects 641.225ms
[2020-04-16T22:42:09.176+0800][41.975s] GC(125) Phase 2: Prepare for compaction
[2020-04-16T22:42:09.320+0800][42.119s] GC(125) Phase 2: Prepare for compaction 144.479ms
[2020-04-16T22:42:09.320+0800][42.119s] GC(125) Phase 3: Adjust pointers
[2020-04-16T22:42:09.561+0800][42.360s] GC(125) Phase 3: Adjust pointers 240.976ms
[2020-04-16T22:42:09.561+0800][42.360s] GC(125) Phase 4: Compact heap
[2020-04-16T22:42:09.655+0800][42.454s] GC(125) Phase 4: Compact heap 93.106ms
[2020-04-16T22:42:09.658+0800][42.457s] GC(125) Eden regions: 0->0(128)
[2020-04-16T22:42:09.658+0800][42.457s] GC(125) Survivor regions: 0->0(0)
[2020-04-16T22:42:09.658+0800][42.457s] GC(125) Old regions: 509->509
[2020-04-16T22:42:09.658+0800][42.457s] GC(125) Archive regions: 2->2
[2020-04-16T22:42:09.658+0800][42.457s] GC(125) Humongous regions: 1->1
[2020-04-16T22:42:09.658+0800][42.457s] GC(125) Metaspace: 39517K(40960K)->39517K(40960K) NonClass: 34779K(35840K)->34779K(35840K) Class: 4737K(5120K)->4737K(5120K)
[2020-04-16T22:42:09.658+0800][42.457s] GC(125) Pause Full (G1 Evacuation Pause) 509M->509M(512M) 1124.060ms
[2020-04-16T22:42:09.658+0800][42.457s] GC(125) User=4.03s Sys=0.01s Real=1.12s
