[2020-04-16T22:45:33.314+0800][0.016s] Heap region size: 1M
[2020-04-16T22:45:33.314+0800][0.016s] Heap address: 0x00000007e0000000, size: 512 MB, Compressed Oops mode: Zero based, Oop shift amount: 3
[2020-04-16T22:45:33.321+0800][0.022s] Using G1
[2020-04-16T22:45:33.321+0800][0.022s] Mark closed archive regions in map: [0x00000007fff00000, 0x00000007fff7aff8]
[2020-04-16T22:45:33.321+0800][0.022s] Mark open archive regions in map: [0x00000007ffe00000, 0x00000007ffe50ff8]
[2020-04-16T22:45:33.342+0800][0.044s] Periodic GC disabled
[2020-04-16T22:45:36.339+0800][3.040s] GC(0) Pause Young (Concurrent Start) (Metadata GC Threshold)
[2020-04-16T22:45:36.339+0800][3.040s] GC(0) Using 4 workers of 4 for evacuation
[2020-04-16T22:45:36.350+0800][3.052s] GC(0)   Pre Evacuate Collection Set: 0.1ms
[2020-04-16T22:45:36.350+0800][3.052s] GC(0)   Merge Heap Roots: 0.0ms
[2020-04-16T22:45:36.350+0800][3.052s] GC(0)   Evacuate Collection Set: 10.0ms
[2020-04-16T22:45:36.350+0800][3.052s] GC(0)   Post Evacuate Collection Set: 1.0ms
[2020-04-16T22:45:36.350+0800][3.052s] GC(0)   Other: 0.5ms
[2020-04-16T22:45:36.350+0800][3.052s] GC(0) Eden regions: 127->0(117)
[2020-04-16T22:45:36.350+0800][3.052s] GC(0) Survivor regions: 0->11(32)
[2020-04-16T22:45:36.350+0800][3.052s] GC(0) Old regions: 0->0
[2020-04-16T22:45:36.350+0800][3.052s] GC(0) Archive regions: 2->2
[2020-04-16T22:45:36.350+0800][3.052s] GC(0) Humongous regions: 0->0
[2020-04-16T22:45:36.350+0800][3.052s] GC(0) Metaspace: 20460K(21248K)->20460K(21248K) NonClass: 18093K(18688K)->18093K(18688K) Class: 2367K(2560K)->2367K(2560K)
[2020-04-16T22:45:36.350+0800][3.052s] GC(0) Pause Young (Concurrent Start) (Metadata GC Threshold) 127M->11M(512M) 11.735ms
[2020-04-16T22:45:36.351+0800][3.052s] GC(0) User=0.04s Sys=0.01s Real=0.02s
[2020-04-16T22:45:36.351+0800][3.052s] GC(1) Concurrent Cycle
[2020-04-16T22:45:36.351+0800][3.052s] GC(1) Concurrent Clear Claimed Marks
[2020-04-16T22:45:36.351+0800][3.052s] GC(1) Concurrent Clear Claimed Marks 0.041ms
[2020-04-16T22:45:36.351+0800][3.052s] GC(1) Concurrent Scan Root Regions
[2020-04-16T22:45:36.354+0800][3.056s] GC(1) Concurrent Scan Root Regions 3.640ms
[2020-04-16T22:45:36.354+0800][3.056s] GC(1) Concurrent Mark (3.056s)
[2020-04-16T22:45:36.354+0800][3.056s] GC(1) Concurrent Mark From Roots
[2020-04-16T22:45:36.354+0800][3.056s] GC(1) Using 4 workers of 4 for marking
[2020-04-16T22:45:36.356+0800][3.057s] GC(1) Concurrent Mark From Roots 1.663ms
[2020-04-16T22:45:36.356+0800][3.057s] GC(1) Concurrent Preclean
[2020-04-16T22:45:36.356+0800][3.057s] GC(1) Concurrent Preclean 0.036ms
[2020-04-16T22:45:36.356+0800][3.057s] GC(1) Concurrent Mark (3.056s, 3.057s) 1.771ms
[2020-04-16T22:45:36.357+0800][3.058s] GC(1) Pause Remark
[2020-04-16T22:45:36.359+0800][3.060s] GC(1) Pause Remark 11M->11M(512M) 2.017ms
[2020-04-16T22:45:36.359+0800][3.060s] GC(1) User=0.00s Sys=0.00s Real=0.00s
[2020-04-16T22:45:36.359+0800][3.060s] GC(1) Concurrent Rebuild Remembered Sets
[2020-04-16T22:45:36.360+0800][3.061s] GC(1) Concurrent Rebuild Remembered Sets 0.737ms
[2020-04-16T22:45:36.360+0800][3.062s] GC(1) Pause Cleanup
[2020-04-16T22:45:36.360+0800][3.062s] GC(1) Pause Cleanup 11M->11M(512M) 0.098ms
[2020-04-16T22:45:36.361+0800][3.062s] GC(1) User=0.00s Sys=0.00s Real=0.00s
[2020-04-16T22:45:36.361+0800][3.062s] GC(1) Concurrent Cleanup for Next Mark
[2020-04-16T22:45:36.364+0800][3.065s] GC(1) Concurrent Cleanup for Next Mark 3.113ms
[2020-04-16T22:45:36.364+0800][3.065s] GC(1) Concurrent Cycle 13.214ms
[2020-04-16T22:45:37.812+0800][4.513s] GC(2) Pause Young (Normal) (G1 Evacuation Pause)
[2020-04-16T22:45:37.812+0800][4.513s] GC(2) Using 4 workers of 4 for evacuation
[2020-04-16T22:45:37.829+0800][4.530s] GC(2)   Pre Evacuate Collection Set: 0.1ms
[2020-04-16T22:45:37.829+0800][4.530s] GC(2)   Merge Heap Roots: 0.0ms
[2020-04-16T22:45:37.829+0800][4.530s] GC(2)   Evacuate Collection Set: 15.7ms
[2020-04-16T22:45:37.829+0800][4.530s] GC(2)   Post Evacuate Collection Set: 1.0ms
[2020-04-16T22:45:37.829+0800][4.530s] GC(2)   Other: 0.2ms
[2020-04-16T22:45:37.829+0800][4.530s] GC(2) Eden regions: 117->0(109)
[2020-04-16T22:45:37.829+0800][4.530s] GC(2) Survivor regions: 11->19(32)
[2020-04-16T22:45:37.829+0800][4.530s] GC(2) Old regions: 0->0
[2020-04-16T22:45:37.829+0800][4.530s] GC(2) Archive regions: 2->2
[2020-04-16T22:45:37.829+0800][4.530s] GC(2) Humongous regions: 1->1
[2020-04-16T22:45:37.829+0800][4.530s] GC(2) Metaspace: 27594K(28668K)->27594K(28668K) NonClass: 24326K(25088K)->24326K(25088K) Class: 3267K(3580K)->3267K(3580K)
[2020-04-16T22:45:37.829+0800][4.530s] GC(2) Pause Young (Normal) (G1 Evacuation Pause) 129M->20M(512M) 17.260ms
[2020-04-16T22:45:37.829+0800][4.530s] GC(2) User=0.05s Sys=0.01s Real=0.01s
[2020-04-16T22:45:38.148+0800][4.850s] GC(3) Pause Young (Normal) (G1 Evacuation Pause)
[2020-04-16T22:45:38.149+0800][4.850s] GC(3) Using 4 workers of 4 for evacuation
[2020-04-16T22:45:38.162+0800][4.863s] GC(3)   Pre Evacuate Collection Set: 0.1ms
[2020-04-16T22:45:38.162+0800][4.863s] GC(3)   Merge Heap Roots: 0.0ms
[2020-04-16T22:45:38.162+0800][4.863s] GC(3)   Evacuate Collection Set: 12.6ms
[2020-04-16T22:45:38.162+0800][4.863s] GC(3)   Post Evacuate Collection Set: 0.8ms
[2020-04-16T22:45:38.162+0800][4.863s] GC(3)   Other: 0.2ms
[2020-04-16T22:45:38.162+0800][4.863s] GC(3) Eden regions: 109->0(108)
[2020-04-16T22:45:38.162+0800][4.863s] GC(3) Survivor regions: 19->20(32)
[2020-04-16T22:45:38.162+0800][4.864s] GC(3) Old regions: 0->0
[2020-04-16T22:45:38.162+0800][4.864s] GC(3) Archive regions: 2->2
[2020-04-16T22:45:38.162+0800][4.864s] GC(3) Humongous regions: 1->1
[2020-04-16T22:45:38.162+0800][4.864s] GC(3) Metaspace: 28915K(29948K)->28915K(29948K) NonClass: 25482K(26112K)->25482K(26112K) Class: 3432K(3836K)->3432K(3836K)
[2020-04-16T22:45:38.162+0800][4.864s] GC(3) Pause Young (Normal) (G1 Evacuation Pause) 129M->21M(512M) 13.898ms
[2020-04-16T22:45:38.162+0800][4.864s] GC(3) User=0.05s Sys=0.00s Real=0.02s
[2020-04-16T22:45:38.916+0800][5.618s] GC(4) Pause Young (Normal) (G1 Evacuation Pause)
[2020-04-16T22:45:38.916+0800][5.618s] GC(4) Using 4 workers of 4 for evacuation
[2020-04-16T22:45:38.931+0800][5.632s] GC(4)   Pre Evacuate Collection Set: 0.1ms
[2020-04-16T22:45:38.931+0800][5.632s] GC(4)   Merge Heap Roots: 0.0ms
[2020-04-16T22:45:38.931+0800][5.632s] GC(4)   Evacuate Collection Set: 13.4ms
[2020-04-16T22:45:38.931+0800][5.632s] GC(4)   Post Evacuate Collection Set: 1.1ms
[2020-04-16T22:45:38.931+0800][5.632s] GC(4)   Other: 0.1ms
[2020-04-16T22:45:38.931+0800][5.632s] GC(4) Eden regions: 108->0(108)
[2020-04-16T22:45:38.931+0800][5.632s] GC(4) Survivor regions: 20->20(32)
[2020-04-16T22:45:38.931+0800][5.632s] GC(4) Old regions: 0->0
[2020-04-16T22:45:38.931+0800][5.632s] GC(4) Archive regions: 2->2
[2020-04-16T22:45:38.931+0800][5.632s] GC(4) Humongous regions: 1->1
[2020-04-16T22:45:38.931+0800][5.632s] GC(4) Metaspace: 33346K(34556K)->33346K(34556K) NonClass: 29357K(30208K)->29357K(30208K) Class: 3988K(4348K)->3988K(4348K)
[2020-04-16T22:45:38.931+0800][5.632s] GC(4) Pause Young (Normal) (G1 Evacuation Pause) 129M->21M(512M) 14.879ms
[2020-04-16T22:45:38.931+0800][5.632s] GC(4) User=0.05s Sys=0.00s Real=0.02s
[2020-04-16T22:45:39.178+0800][5.880s] GC(5) Pause Young (Concurrent Start) (Metadata GC Threshold)
[2020-04-16T22:45:39.179+0800][5.880s] GC(5) Using 4 workers of 4 for evacuation
[2020-04-16T22:45:39.196+0800][5.897s] GC(5)   Pre Evacuate Collection Set: 0.1ms
[2020-04-16T22:45:39.196+0800][5.897s] GC(5)   Merge Heap Roots: 0.0ms
[2020-04-16T22:45:39.196+0800][5.897s] GC(5)   Evacuate Collection Set: 16.1ms
[2020-04-16T22:45:39.196+0800][5.897s] GC(5)   Post Evacuate Collection Set: 1.0ms
[2020-04-16T22:45:39.196+0800][5.897s] GC(5)   Other: 0.2ms
[2020-04-16T22:45:39.196+0800][5.897s] GC(5) Eden regions: 39->0(107)
[2020-04-16T22:45:39.196+0800][5.897s] GC(5) Survivor regions: 20->21(32)
[2020-04-16T22:45:39.196+0800][5.897s] GC(5) Old regions: 0->0
[2020-04-16T22:45:39.196+0800][5.897s] GC(5) Archive regions: 2->2
[2020-04-16T22:45:39.196+0800][5.897s] GC(5) Humongous regions: 1->1
[2020-04-16T22:45:39.196+0800][5.897s] GC(5) Metaspace: 35076K(36048K)->35076K(36048K) NonClass: 30823K(31444K)->30823K(31444K) Class: 4253K(4604K)->4253K(4604K)
[2020-04-16T22:45:39.196+0800][5.897s] GC(5) Pause Young (Concurrent Start) (Metadata GC Threshold) 60M->22M(512M) 17.630ms
[2020-04-16T22:45:39.196+0800][5.897s] GC(5) User=0.06s Sys=0.00s Real=0.02s
[2020-04-16T22:45:39.196+0800][5.897s] GC(6) Concurrent Cycle
[2020-04-16T22:45:39.196+0800][5.897s] GC(6) Concurrent Clear Claimed Marks
[2020-04-16T22:45:39.196+0800][5.897s] GC(6) Concurrent Clear Claimed Marks 0.077ms
[2020-04-16T22:45:39.196+0800][5.897s] GC(6) Concurrent Scan Root Regions
[2020-04-16T22:45:39.203+0800][5.904s] GC(6) Concurrent Scan Root Regions 6.818ms
[2020-04-16T22:45:39.203+0800][5.904s] GC(6) Concurrent Mark (5.904s)
[2020-04-16T22:45:39.203+0800][5.904s] GC(6) Concurrent Mark From Roots
[2020-04-16T22:45:39.203+0800][5.904s] GC(6) Using 4 workers of 4 for marking
[2020-04-16T22:45:39.205+0800][5.906s] GC(6) Concurrent Mark From Roots 1.578ms
[2020-04-16T22:45:39.205+0800][5.906s] GC(6) Concurrent Preclean
[2020-04-16T22:45:39.205+0800][5.906s] GC(6) Concurrent Preclean 0.030ms
[2020-04-16T22:45:39.205+0800][5.906s] GC(6) Concurrent Mark (5.904s, 5.906s) 1.679ms
[2020-04-16T22:45:39.205+0800][5.906s] GC(6) Pause Remark
[2020-04-16T22:45:39.209+0800][5.910s] GC(6) Pause Remark 22M->22M(512M) 4.289ms
[2020-04-16T22:45:39.209+0800][5.910s] GC(6) User=0.02s Sys=0.00s Real=0.00s
[2020-04-16T22:45:39.211+0800][5.912s] GC(6) Concurrent Rebuild Remembered Sets
[2020-04-16T22:45:39.212+0800][5.913s] GC(6) Concurrent Rebuild Remembered Sets 0.741ms
[2020-04-16T22:45:39.212+0800][5.913s] GC(6) Pause Cleanup
[2020-04-16T22:45:39.212+0800][5.913s] GC(6) Pause Cleanup 22M->22M(512M) 0.123ms
[2020-04-16T22:45:39.212+0800][5.913s] GC(6) User=0.00s Sys=0.00s Real=0.00s
[2020-04-16T22:45:39.212+0800][5.913s] GC(6) Concurrent Cleanup for Next Mark
[2020-04-16T22:45:39.217+0800][5.918s] GC(6) Concurrent Cleanup for Next Mark 4.513ms
[2020-04-16T22:45:39.217+0800][5.918s] GC(6) Concurrent Cycle 20.658ms
[2020-04-16T22:45:42.795+0800][9.496s] GC(7) Pause Young (Normal) (G1 Evacuation Pause)
[2020-04-16T22:45:42.795+0800][9.496s] GC(7) Using 4 workers of 4 for evacuation
[2020-04-16T22:45:42.845+0800][9.546s] GC(7)   Pre Evacuate Collection Set: 0.1ms
[2020-04-16T22:45:42.845+0800][9.546s] GC(7)   Merge Heap Roots: 0.0ms
[2020-04-16T22:45:42.845+0800][9.546s] GC(7)   Evacuate Collection Set: 47.1ms
[2020-04-16T22:45:42.845+0800][9.546s] GC(7)   Post Evacuate Collection Set: 2.3ms
[2020-04-16T22:45:42.845+0800][9.546s] GC(7)   Other: 0.2ms
[2020-04-16T22:45:42.845+0800][9.546s] GC(7) Eden regions: 107->0(96)
[2020-04-16T22:45:42.845+0800][9.546s] GC(7) Survivor regions: 21->32(32)
[2020-04-16T22:45:42.845+0800][9.546s] GC(7) Old regions: 0->8
[2020-04-16T22:45:42.845+0800][9.546s] GC(7) Archive regions: 2->2
[2020-04-16T22:45:42.845+0800][9.546s] GC(7) Humongous regions: 1->1
[2020-04-16T22:45:42.845+0800][9.546s] GC(7) Metaspace: 39131K(40400K)->39131K(40400K) NonClass: 34391K(35284K)->34391K(35284K) Class: 4740K(5116K)->4740K(5116K)
[2020-04-16T22:45:42.845+0800][9.546s] GC(7) Pause Young (Normal) (G1 Evacuation Pause) 129M->40M(512M) 49.850ms
[2020-04-16T22:45:42.845+0800][9.546s] GC(7) User=0.15s Sys=0.02s Real=0.05s
[2020-04-16T22:45:43.233+0800][9.934s] GC(8) Pause Young (Normal) (G1 Evacuation Pause)
[2020-04-16T22:45:43.233+0800][9.934s] GC(8) Using 4 workers of 4 for evacuation
[2020-04-16T22:45:43.498+0800][10.199s] GC(8) MMU target violated: 201.0ms (200.0ms/201.0ms)
[2020-04-16T22:45:43.498+0800][10.199s] GC(8)   Pre Evacuate Collection Set: 0.1ms
[2020-04-16T22:45:43.498+0800][10.199s] GC(8)   Merge Heap Roots: 0.0ms
[2020-04-16T22:45:43.498+0800][10.199s] GC(8)   Evacuate Collection Set: 263.8ms
[2020-04-16T22:45:43.498+0800][10.199s] GC(8)   Post Evacuate Collection Set: 1.3ms
[2020-04-16T22:45:43.498+0800][10.199s] GC(8)   Other: 0.2ms
[2020-04-16T22:45:43.498+0800][10.199s] GC(8) Eden regions: 96->0(96)
[2020-04-16T22:45:43.498+0800][10.199s] GC(8) Survivor regions: 32->32(32)
[2020-04-16T22:45:43.498+0800][10.199s] GC(8) Old regions: 8->93
[2020-04-16T22:45:43.498+0800][10.199s] GC(8) Archive regions: 2->2
[2020-04-16T22:45:43.498+0800][10.199s] GC(8) Humongous regions: 1->1
[2020-04-16T22:45:43.498+0800][10.199s] GC(8) Metaspace: 39136K(40400K)->39136K(40400K) NonClass: 34396K(35284K)->34396K(35284K) Class: 4740K(5116K)->4740K(5116K)
[2020-04-16T22:45:43.498+0800][10.199s] GC(8) Pause Young (Normal) (G1 Evacuation Pause) 136M->126M(512M) 265.512ms
[2020-04-16T22:45:43.498+0800][10.199s] GC(8) User=0.50s Sys=0.06s Real=0.26s
[2020-04-16T22:45:44.008+0800][10.709s] GC(9) Pause Young (Normal) (G1 Evacuation Pause)
[2020-04-16T22:45:44.008+0800][10.709s] GC(9) Using 4 workers of 4 for evacuation
[2020-04-16T22:45:44.171+0800][10.872s] GC(9)   Pre Evacuate Collection Set: 0.1ms
[2020-04-16T22:45:44.172+0800][10.873s] GC(9)   Merge Heap Roots: 0.0ms
[2020-04-16T22:45:44.172+0800][10.873s] GC(9)   Evacuate Collection Set: 162.0ms
[2020-04-16T22:45:44.172+0800][10.873s] GC(9)   Post Evacuate Collection Set: 1.2ms
[2020-04-16T22:45:44.172+0800][10.873s] GC(9)   Other: 0.2ms
[2020-04-16T22:45:44.172+0800][10.873s] GC(9) Eden regions: 96->0(96)
[2020-04-16T22:45:44.172+0800][10.873s] GC(9) Survivor regions: 32->32(32)
[2020-04-16T22:45:44.172+0800][10.873s] GC(9) Old regions: 93->171
[2020-04-16T22:45:44.172+0800][10.873s] GC(9) Archive regions: 2->2
[2020-04-16T22:45:44.172+0800][10.873s] GC(9) Humongous regions: 1->1
[2020-04-16T22:45:44.172+0800][10.873s] GC(9) Metaspace: 39216K(40400K)->39216K(40400K) NonClass: 34470K(35284K)->34470K(35284K) Class: 4746K(5116K)->4746K(5116K)
[2020-04-16T22:45:44.172+0800][10.873s] GC(9) Pause Young (Normal) (G1 Evacuation Pause) 222M->204M(512M) 163.874ms
[2020-04-16T22:45:44.172+0800][10.873s] GC(9) User=0.53s Sys=0.05s Real=0.17s
[2020-04-16T22:45:44.808+0800][11.509s] GC(10) Pause Young (Normal) (G1 Evacuation Pause)
[2020-04-16T22:45:44.808+0800][11.509s] GC(10) Using 4 workers of 4 for evacuation
[2020-04-16T22:45:44.995+0800][11.696s] GC(10)   Pre Evacuate Collection Set: 0.1ms
[2020-04-16T22:45:44.995+0800][11.696s] GC(10)   Merge Heap Roots: 0.1ms
[2020-04-16T22:45:44.995+0800][11.696s] GC(10)   Evacuate Collection Set: 186.4ms
[2020-04-16T22:45:44.995+0800][11.696s] GC(10)   Post Evacuate Collection Set: 0.6ms
[2020-04-16T22:45:44.995+0800][11.696s] GC(10)   Other: 0.3ms
[2020-04-16T22:45:44.995+0800][11.696s] GC(10) Eden regions: 96->0(96)
[2020-04-16T22:45:44.995+0800][11.696s] GC(10) Survivor regions: 32->32(32)
[2020-04-16T22:45:44.995+0800][11.696s] GC(10) Old regions: 171->252
[2020-04-16T22:45:44.995+0800][11.696s] GC(10) Archive regions: 2->2
[2020-04-16T22:45:44.995+0800][11.696s] GC(10) Humongous regions: 1->1
[2020-04-16T22:45:44.995+0800][11.696s] GC(10) Metaspace: 39216K(40400K)->39216K(40400K) NonClass: 34470K(35284K)->34470K(35284K) Class: 4746K(5116K)->4746K(5116K)
[2020-04-16T22:45:44.996+0800][11.697s] GC(10) Pause Young (Normal) (G1 Evacuation Pause) 300M->285M(512M) 187.981ms
[2020-04-16T22:45:44.996+0800][11.697s] GC(10) User=0.54s Sys=0.04s Real=0.19s
[2020-04-16T22:56:35.620+0800][662.302s] GC(11) Pause Young (Concurrent Start) (G1 Humongous Allocation)
[2020-04-16T22:56:35.621+0800][662.303s] GC(11) Using 4 workers of 4 for evacuation
[2020-04-16T22:56:35.782+0800][662.464s] GC(11)   Pre Evacuate Collection Set: 0.6ms
[2020-04-16T22:56:35.782+0800][662.464s] GC(11)   Merge Heap Roots: 0.1ms
[2020-04-16T22:56:35.782+0800][662.464s] GC(11)   Evacuate Collection Set: 159.7ms
[2020-04-16T22:56:35.782+0800][662.464s] GC(11)   Post Evacuate Collection Set: 0.7ms
[2020-04-16T22:56:35.782+0800][662.464s] GC(11)   Other: 1.0ms
[2020-04-16T22:56:35.782+0800][662.464s] GC(11) Eden regions: 52->0(96)
[2020-04-16T22:56:35.782+0800][662.464s] GC(11) Survivor regions: 32->32(32)
[2020-04-16T22:56:35.782+0800][662.464s] GC(11) Old regions: 252->282
[2020-04-16T22:56:35.782+0800][662.464s] GC(11) Archive regions: 2->2
[2020-04-16T22:56:35.782+0800][662.464s] GC(11) Humongous regions: 1->1
[2020-04-16T22:56:35.782+0800][662.464s] GC(11) Metaspace: 40125K(41296K)->40125K(41296K) NonClass: 35280K(36052K)->35280K(36052K) Class: 4845K(5244K)->4845K(5244K)
[2020-04-16T22:56:35.782+0800][662.464s] GC(11) Pause Young (Concurrent Start) (G1 Humongous Allocation) 337M->315M(512M) 162.296ms
[2020-04-16T22:56:35.782+0800][662.464s] GC(11) User=0.30s Sys=0.16s Real=0.16s
[2020-04-16T22:56:35.782+0800][662.464s] GC(12) Concurrent Cycle
[2020-04-16T22:56:35.782+0800][662.464s] GC(12) Concurrent Clear Claimed Marks
[2020-04-16T22:56:35.782+0800][662.464s] GC(12) Concurrent Clear Claimed Marks 0.076ms
[2020-04-16T22:56:35.782+0800][662.464s] GC(12) Concurrent Scan Root Regions
[2020-04-16T22:56:35.831+0800][662.514s] GC(12) Concurrent Scan Root Regions 49.030ms
[2020-04-16T22:56:35.831+0800][662.514s] GC(12) Concurrent Mark (662.514s)
[2020-04-16T22:56:35.831+0800][662.514s] GC(12) Concurrent Mark From Roots
[2020-04-16T22:56:35.831+0800][662.514s] GC(12) Using 4 workers of 4 for marking
[2020-04-16T22:56:36.626+0800][663.308s] GC(12) Concurrent Mark From Roots 794.047ms
[2020-04-16T22:56:36.626+0800][663.308s] GC(12) Concurrent Preclean
[2020-04-16T22:56:36.626+0800][663.308s] GC(12) Concurrent Preclean 0.350ms
[2020-04-16T22:56:36.626+0800][663.308s] GC(12) Concurrent Mark (662.514s, 663.308s) 794.498ms
[2020-04-16T22:56:36.626+0800][663.308s] GC(12) Pause Remark
[2020-04-16T22:56:36.656+0800][663.338s] GC(12) Pause Remark 321M->321M(512M) 29.653ms
[2020-04-16T22:56:36.656+0800][663.338s] GC(12) User=0.02s Sys=0.05s Real=0.03s
[2020-04-16T22:56:36.656+0800][663.338s] GC(12) Concurrent Rebuild Remembered Sets
[2020-04-16T22:56:36.897+0800][663.579s] GC(12) Concurrent Rebuild Remembered Sets 240.769ms
[2020-04-16T22:56:36.897+0800][663.579s] GC(12) Pause Cleanup
[2020-04-16T22:56:36.897+0800][663.579s] GC(12) Pause Cleanup 321M->321M(512M) 0.293ms
[2020-04-16T22:56:36.897+0800][663.579s] GC(12) User=0.00s Sys=0.00s Real=0.00s
[2020-04-16T22:56:36.897+0800][663.579s] GC(12) Concurrent Cleanup for Next Mark
[2020-04-16T22:56:36.903+0800][663.585s] GC(12) Concurrent Cleanup for Next Mark 6.026ms
[2020-04-16T22:56:36.903+0800][663.586s] GC(12) Concurrent Cycle 1121.172ms
[2020-04-17T00:53:43.606+0800][7690.084s] GC(13) Pause Young (Normal) (G1 Evacuation Pause)
[2020-04-17T00:53:43.608+0800][7690.086s] GC(13) Using 4 workers of 4 for evacuation
[2020-04-17T00:53:43.717+0800][7690.195s] GC(13)   Pre Evacuate Collection Set: 0.7ms
[2020-04-17T00:53:43.717+0800][7690.195s] GC(13)   Merge Heap Roots: 0.2ms
[2020-04-17T00:53:43.717+0800][7690.195s] GC(13)   Evacuate Collection Set: 105.2ms
[2020-04-17T00:53:43.717+0800][7690.195s] GC(13)   Post Evacuate Collection Set: 1.5ms
[2020-04-17T00:53:43.717+0800][7690.195s] GC(13)   Other: 3.0ms
[2020-04-17T00:53:43.717+0800][7690.195s] GC(13) Eden regions: 96->0(98)
[2020-04-17T00:53:43.717+0800][7690.195s] GC(13) Survivor regions: 32->30(32)
[2020-04-17T00:53:43.717+0800][7690.195s] GC(13) Old regions: 282->289
[2020-04-17T00:53:43.717+0800][7690.195s] GC(13) Archive regions: 2->2
[2020-04-17T00:53:43.717+0800][7690.195s] GC(13) Humongous regions: 4->4
[2020-04-17T00:53:43.718+0800][7690.196s] GC(13) Metaspace: 40872K(42192K)->40872K(42192K) NonClass: 35994K(36820K)->35994K(36820K) Class: 4878K(5372K)->4878K(5372K)
[2020-04-17T00:53:43.718+0800][7690.196s] GC(13) Pause Young (Normal) (G1 Evacuation Pause) 414M->322M(512M) 112.756ms
[2020-04-17T00:53:43.718+0800][7690.196s] GC(13) User=0.18s Sys=0.19s Real=0.11s
[2020-04-17T00:53:43.915+0800][7690.393s] GC(14) Pause Young (Concurrent Start) (G1 Evacuation Pause)
[2020-04-17T00:53:43.915+0800][7690.393s] GC(14) Using 4 workers of 4 for evacuation
[2020-04-17T00:53:43.953+0800][7690.430s] GC(14)   Pre Evacuate Collection Set: 0.4ms
[2020-04-17T00:53:43.953+0800][7690.431s] GC(14)   Merge Heap Roots: 0.1ms
[2020-04-17T00:53:43.953+0800][7690.431s] GC(14)   Evacuate Collection Set: 35.0ms
[2020-04-17T00:53:43.953+0800][7690.431s] GC(14)   Post Evacuate Collection Set: 0.6ms
[2020-04-17T00:53:43.953+0800][7690.431s] GC(14)   Other: 1.3ms
[2020-04-17T00:53:43.953+0800][7690.431s] GC(14) Eden regions: 98->0(98)
[2020-04-17T00:53:43.953+0800][7690.431s] GC(14) Survivor regions: 30->30(32)
[2020-04-17T00:53:43.953+0800][7690.431s] GC(14) Old regions: 289->289
[2020-04-17T00:53:43.953+0800][7690.431s] GC(14) Archive regions: 2->2
[2020-04-17T00:53:43.953+0800][7690.431s] GC(14) Humongous regions: 4->4
[2020-04-17T00:53:43.953+0800][7690.431s] GC(14) Metaspace: 40951K(42192K)->40951K(42192K) NonClass: 36070K(36820K)->36070K(36820K) Class: 4880K(5372K)->4880K(5372K)
[2020-04-17T00:53:43.953+0800][7690.431s] GC(14) Pause Young (Concurrent Start) (G1 Evacuation Pause) 420M->323M(512M) 37.503ms
[2020-04-17T00:53:43.953+0800][7690.431s] GC(14) User=0.13s Sys=0.00s Real=0.04s
[2020-04-17T00:53:43.953+0800][7690.431s] GC(15) Concurrent Cycle
[2020-04-17T00:53:43.953+0800][7690.431s] GC(15) Concurrent Clear Claimed Marks
[2020-04-17T00:53:43.953+0800][7690.431s] GC(15) Concurrent Clear Claimed Marks 0.068ms
[2020-04-17T00:53:43.953+0800][7690.431s] GC(15) Concurrent Scan Root Regions
[2020-04-17T00:53:43.966+0800][7690.444s] GC(15) Concurrent Scan Root Regions 13.339ms
[2020-04-17T00:53:43.966+0800][7690.444s] GC(15) Concurrent Mark (7690.444s)
[2020-04-17T00:53:43.966+0800][7690.444s] GC(15) Concurrent Mark From Roots
[2020-04-17T00:53:43.966+0800][7690.444s] GC(15) Using 4 workers of 4 for marking
[2020-04-17T00:53:44.672+0800][7691.150s] GC(15) Concurrent Mark From Roots 705.612ms
[2020-04-17T00:53:44.672+0800][7691.150s] GC(15) Concurrent Preclean
[2020-04-17T00:53:44.672+0800][7691.150s] GC(15) Concurrent Preclean 0.163ms
[2020-04-17T00:53:44.672+0800][7691.150s] GC(15) Concurrent Mark (7690.444s, 7691.150s) 705.922ms
[2020-04-17T00:53:44.672+0800][7691.150s] GC(15) Pause Remark
[2020-04-17T00:53:44.684+0800][7691.162s] GC(15) Pause Remark 413M->413M(512M) 11.635ms
[2020-04-17T00:53:44.684+0800][7691.162s] GC(15) User=0.02s Sys=0.02s Real=0.01s
[2020-04-17T00:53:44.687+0800][7691.165s] GC(15) Concurrent Rebuild Remembered Sets
[2020-04-17T00:53:44.723+0800][7691.201s] GC(16) Pause Young (Normal) (G1 Evacuation Pause)
[2020-04-17T00:53:44.724+0800][7691.201s] GC(16) Using 4 workers of 4 for evacuation
[2020-04-17T00:53:44.760+0800][7691.238s] GC(16)   Pre Evacuate Collection Set: 0.1ms
[2020-04-17T00:53:44.760+0800][7691.238s] GC(16)   Merge Heap Roots: 0.1ms
[2020-04-17T00:53:44.760+0800][7691.238s] GC(16)   Evacuate Collection Set: 36.2ms
[2020-04-17T00:53:44.760+0800][7691.238s] GC(16)   Post Evacuate Collection Set: 0.4ms
[2020-04-17T00:53:44.760+0800][7691.238s] GC(16)   Other: 0.2ms
[2020-04-17T00:53:44.760+0800][7691.238s] GC(16) Eden regions: 98->0(111)
[2020-04-17T00:53:44.760+0800][7691.238s] GC(16) Survivor regions: 30->17(32)
[2020-04-17T00:53:44.761+0800][7691.238s] GC(16) Old regions: 289->302
[2020-04-17T00:53:44.761+0800][7691.238s] GC(16) Archive regions: 2->2
[2020-04-17T00:53:44.761+0800][7691.238s] GC(16) Humongous regions: 4->4
[2020-04-17T00:53:44.761+0800][7691.238s] GC(16) Metaspace: 41047K(42192K)->41047K(42192K) NonClass: 36166K(36820K)->36166K(36820K) Class: 4880K(5372K)->4880K(5372K)
[2020-04-17T00:53:44.761+0800][7691.238s] GC(16) Pause Young (Normal) (G1 Evacuation Pause) 421M->323M(512M) 37.099ms
[2020-04-17T00:53:44.761+0800][7691.238s] GC(16) User=0.12s Sys=0.01s Real=0.04s
[2020-04-17T00:53:44.994+0800][7691.472s] GC(15) Concurrent Rebuild Remembered Sets 307.603ms
[2020-04-17T00:53:44.995+0800][7691.473s] GC(15) Pause Cleanup
[2020-04-17T00:53:44.995+0800][7691.473s] GC(15) Pause Cleanup 418M->418M(512M) 0.766ms
[2020-04-17T00:53:44.995+0800][7691.473s] GC(15) User=0.00s Sys=0.00s Real=0.00s
[2020-04-17T00:53:44.996+0800][7691.473s] GC(15) Concurrent Cleanup for Next Mark
[2020-04-17T00:53:45.002+0800][7691.480s] GC(15) Concurrent Cleanup for Next Mark 6.527ms
[2020-04-17T00:53:45.002+0800][7691.480s] GC(17) Pause Young (Normal) (G1 Evacuation Pause)
[2020-04-17T00:53:45.002+0800][7691.480s] GC(17) Using 4 workers of 4 for evacuation
[2020-04-17T00:53:45.022+0800][7691.500s] GC(17)   Pre Evacuate Collection Set: 0.0ms
[2020-04-17T00:53:45.022+0800][7691.500s] GC(17)   Merge Heap Roots: 0.0ms
[2020-04-17T00:53:45.022+0800][7691.500s] GC(17)   Evacuate Collection Set: 18.8ms
[2020-04-17T00:53:45.022+0800][7691.500s] GC(17)   Post Evacuate Collection Set: 0.5ms
[2020-04-17T00:53:45.022+0800][7691.500s] GC(17)   Other: 0.1ms
[2020-04-17T00:53:45.022+0800][7691.500s] GC(17) Eden regions: 111->0(111)
[2020-04-17T00:53:45.022+0800][7691.500s] GC(17) Survivor regions: 17->17(32)
[2020-04-17T00:53:45.022+0800][7691.500s] GC(17) Old regions: 302->302
[2020-04-17T00:53:45.022+0800][7691.500s] GC(17) Archive regions: 2->2
[2020-04-17T00:53:45.022+0800][7691.500s] GC(17) Humongous regions: 4->4
[2020-04-17T00:53:45.022+0800][7691.500s] GC(17) Metaspace: 41047K(42192K)->41047K(42192K) NonClass: 36166K(36820K)->36166K(36820K) Class: 4880K(5372K)->4880K(5372K)
[2020-04-17T00:53:45.022+0800][7691.500s] GC(17) Pause Young (Normal) (G1 Evacuation Pause) 434M->323M(512M) 19.678ms
[2020-04-17T00:53:45.022+0800][7691.500s] GC(17) User=0.07s Sys=0.00s Real=0.02s
[2020-04-17T00:53:45.022+0800][7691.500s] GC(15) Concurrent Cycle 1069.060ms
[2020-04-17T00:53:45.055+0800][7691.533s] GC(18) Pause Young (Normal) (G1 Evacuation Pause)
[2020-04-17T00:53:45.055+0800][7691.533s] GC(18) Using 4 workers of 4 for evacuation
[2020-04-17T00:53:45.074+0800][7691.552s] GC(18)   Pre Evacuate Collection Set: 0.1ms
[2020-04-17T00:53:45.074+0800][7691.552s] GC(18)   Merge Heap Roots: 0.0ms
[2020-04-17T00:53:45.074+0800][7691.552s] GC(18)   Evacuate Collection Set: 18.7ms
[2020-04-17T00:53:45.074+0800][7691.552s] GC(18)   Post Evacuate Collection Set: 0.4ms
[2020-04-17T00:53:45.074+0800][7691.552s] GC(18)   Other: 0.1ms
[2020-04-17T00:53:45.074+0800][7691.552s] GC(18) Eden regions: 111->0(111)
[2020-04-17T00:53:45.074+0800][7691.552s] GC(18) Survivor regions: 17->17(32)
[2020-04-17T00:53:45.074+0800][7691.552s] GC(18) Old regions: 302->302
[2020-04-17T00:53:45.074+0800][7691.552s] GC(18) Archive regions: 2->2
[2020-04-17T00:53:45.074+0800][7691.552s] GC(18) Humongous regions: 4->4
[2020-04-17T00:53:45.074+0800][7691.552s] GC(18) Metaspace: 41047K(42192K)->41047K(42192K) NonClass: 36166K(36820K)->36166K(36820K) Class: 4880K(5372K)->4880K(5372K)
[2020-04-17T00:53:45.074+0800][7691.552s] GC(18) Pause Young (Normal) (G1 Evacuation Pause) 434M->323M(512M) 19.540ms
[2020-04-17T00:53:45.074+0800][7691.552s] GC(18) User=0.07s Sys=0.00s Real=0.02s
[2020-04-17T00:53:45.101+0800][7691.579s] GC(19) Pause Young (Concurrent Start) (G1 Evacuation Pause)
[2020-04-17T00:53:45.102+0800][7691.579s] GC(19) Using 4 workers of 4 for evacuation
[2020-04-17T00:53:45.121+0800][7691.599s] GC(19)   Pre Evacuate Collection Set: 0.2ms
[2020-04-17T00:53:45.121+0800][7691.599s] GC(19)   Merge Heap Roots: 0.0ms
[2020-04-17T00:53:45.121+0800][7691.599s] GC(19)   Evacuate Collection Set: 18.4ms
[2020-04-17T00:53:45.121+0800][7691.599s] GC(19)   Post Evacuate Collection Set: 0.6ms
[2020-04-17T00:53:45.121+0800][7691.599s] GC(19)   Other: 0.2ms
[2020-04-17T00:53:45.121+0800][7691.599s] GC(19) Eden regions: 111->0(110)
[2020-04-17T00:53:45.121+0800][7691.599s] GC(19) Survivor regions: 17->18(32)
[2020-04-17T00:53:45.121+0800][7691.599s] GC(19) Old regions: 302->302
[2020-04-17T00:53:45.121+0800][7691.599s] GC(19) Archive regions: 2->2
[2020-04-17T00:53:45.121+0800][7691.599s] GC(19) Humongous regions: 4->4
[2020-04-17T00:53:45.121+0800][7691.599s] GC(19) Metaspace: 41047K(42192K)->41047K(42192K) NonClass: 36166K(36820K)->36166K(36820K) Class: 4880K(5372K)->4880K(5372K)
[2020-04-17T00:53:45.121+0800][7691.599s] GC(19) Pause Young (Concurrent Start) (G1 Evacuation Pause) 434M->323M(512M) 19.544ms
[2020-04-17T00:53:45.121+0800][7691.599s] GC(19) User=0.07s Sys=0.00s Real=0.02s
[2020-04-17T00:53:45.121+0800][7691.599s] GC(20) Concurrent Cycle
[2020-04-17T00:53:45.121+0800][7691.599s] GC(20) Concurrent Clear Claimed Marks
[2020-04-17T00:53:45.121+0800][7691.599s] GC(20) Concurrent Clear Claimed Marks 0.063ms
[2020-04-17T00:53:45.121+0800][7691.599s] GC(20) Concurrent Scan Root Regions
[2020-04-17T00:53:45.129+0800][7691.606s] GC(20) Concurrent Scan Root Regions 7.361ms
[2020-04-17T00:53:45.129+0800][7691.606s] GC(20) Concurrent Mark (7691.606s)
[2020-04-17T00:53:45.129+0800][7691.606s] GC(20) Concurrent Mark From Roots
[2020-04-17T00:53:45.129+0800][7691.607s] GC(20) Using 4 workers of 4 for marking
[2020-04-17T00:53:45.238+0800][7691.716s] GC(21) Pause Young (Normal) (G1 Evacuation Pause)
[2020-04-17T00:53:45.238+0800][7691.716s] GC(21) Using 4 workers of 4 for evacuation
[2020-04-17T00:53:45.257+0800][7691.735s] GC(21)   Pre Evacuate Collection Set: 0.1ms
[2020-04-17T00:53:45.257+0800][7691.735s] GC(21)   Merge Heap Roots: 0.1ms
[2020-04-17T00:53:45.257+0800][7691.735s] GC(21)   Evacuate Collection Set: 18.4ms
[2020-04-17T00:53:45.257+0800][7691.735s] GC(21)   Post Evacuate Collection Set: 0.5ms
[2020-04-17T00:53:45.257+0800][7691.735s] GC(21)   Other: 0.2ms
[2020-04-17T00:53:45.257+0800][7691.735s] GC(21) Eden regions: 110->0(110)
[2020-04-17T00:53:45.257+0800][7691.735s] GC(21) Survivor regions: 18->18(32)
[2020-04-17T00:53:45.257+0800][7691.735s] GC(21) Old regions: 302->302
[2020-04-17T00:53:45.257+0800][7691.735s] GC(21) Archive regions: 2->2
[2020-04-17T00:53:45.257+0800][7691.735s] GC(21) Humongous regions: 4->4
[2020-04-17T00:53:45.257+0800][7691.735s] GC(21) Metaspace: 41047K(42192K)->41047K(42192K) NonClass: 36166K(36820K)->36166K(36820K) Class: 4880K(5372K)->4880K(5372K)
[2020-04-17T00:53:45.257+0800][7691.735s] GC(21) Pause Young (Normal) (G1 Evacuation Pause) 433M->323M(512M) 19.367ms
[2020-04-17T00:53:45.257+0800][7691.735s] GC(21) User=0.07s Sys=0.00s Real=0.02s
[2020-04-17T00:53:45.320+0800][7691.798s] GC(22) Pause Young (Normal) (G1 Evacuation Pause)
[2020-04-17T00:53:45.320+0800][7691.798s] GC(22) Using 4 workers of 4 for evacuation
[2020-04-17T00:53:45.348+0800][7691.826s] GC(22)   Pre Evacuate Collection Set: 0.1ms
[2020-04-17T00:53:45.348+0800][7691.826s] GC(22)   Merge Heap Roots: 0.1ms
[2020-04-17T00:53:45.348+0800][7691.826s] GC(22)   Evacuate Collection Set: 26.7ms
[2020-04-17T00:53:45.348+0800][7691.826s] GC(22)   Post Evacuate Collection Set: 0.6ms
[2020-04-17T00:53:45.348+0800][7691.826s] GC(22)   Other: 0.2ms
[2020-04-17T00:53:45.348+0800][7691.826s] GC(22) Eden regions: 110->0(125)
[2020-04-17T00:53:45.348+0800][7691.826s] GC(22) Survivor regions: 18->3(32)
[2020-04-17T00:53:45.348+0800][7691.826s] GC(22) Old regions: 302->317
[2020-04-17T00:53:45.348+0800][7691.826s] GC(22) Archive regions: 2->2
[2020-04-17T00:53:45.348+0800][7691.826s] GC(22) Humongous regions: 4->4
[2020-04-17T00:53:45.348+0800][7691.826s] GC(22) Metaspace: 41047K(42192K)->41047K(42192K) NonClass: 36166K(36820K)->36166K(36820K) Class: 4880K(5372K)->4880K(5372K)
[2020-04-17T00:53:45.348+0800][7691.826s] GC(22) Pause Young (Normal) (G1 Evacuation Pause) 433M->323M(512M) 27.754ms
[2020-04-17T00:53:45.348+0800][7691.826s] GC(22) User=0.07s Sys=0.01s Real=0.02s
[2020-04-17T00:53:45.410+0800][7691.888s] GC(23) Pause Young (Normal) (G1 Evacuation Pause)
[2020-04-17T00:53:45.410+0800][7691.888s] GC(23) Using 4 workers of 4 for evacuation
[2020-04-17T00:53:45.414+0800][7691.891s] GC(23)   Pre Evacuate Collection Set: 0.1ms
[2020-04-17T00:53:45.414+0800][7691.892s] GC(23)   Merge Heap Roots: 0.0ms
[2020-04-17T00:53:45.414+0800][7691.892s] GC(23)   Evacuate Collection Set: 2.4ms
[2020-04-17T00:53:45.414+0800][7691.892s] GC(23)   Post Evacuate Collection Set: 0.5ms
[2020-04-17T00:53:45.414+0800][7691.892s] GC(23)   Other: 0.2ms
[2020-04-17T00:53:45.414+0800][7691.892s] GC(23) Eden regions: 125->0(126)
[2020-04-17T00:53:45.414+0800][7691.892s] GC(23) Survivor regions: 3->2(32)
[2020-04-17T00:53:45.414+0800][7691.892s] GC(23) Old regions: 317->318
[2020-04-17T00:53:45.414+0800][7691.892s] GC(23) Archive regions: 2->2
[2020-04-17T00:53:45.414+0800][7691.892s] GC(23) Humongous regions: 4->4
[2020-04-17T00:53:45.414+0800][7691.892s] GC(23) Metaspace: 41047K(42192K)->41047K(42192K) NonClass: 36166K(36820K)->36166K(36820K) Class: 4880K(5372K)->4880K(5372K)
[2020-04-17T00:53:45.414+0800][7691.892s] GC(23) Pause Young (Normal) (G1 Evacuation Pause) 448M->324M(512M) 3.445ms
[2020-04-17T00:53:45.414+0800][7691.892s] GC(23) User=0.01s Sys=0.01s Real=0.00s
[2020-04-17T00:53:45.479+0800][7691.957s] GC(24) Pause Young (Normal) (G1 Evacuation Pause)
[2020-04-17T00:53:45.480+0800][7691.957s] GC(24) Using 4 workers of 4 for evacuation
[2020-04-17T00:53:45.482+0800][7691.959s] GC(24)   Pre Evacuate Collection Set: 0.1ms
[2020-04-17T00:53:45.482+0800][7691.959s] GC(24)   Merge Heap Roots: 0.1ms
[2020-04-17T00:53:45.482+0800][7691.960s] GC(24)   Evacuate Collection Set: 1.3ms
[2020-04-17T00:53:45.482+0800][7691.960s] GC(24)   Post Evacuate Collection Set: 0.5ms
[2020-04-17T00:53:45.482+0800][7691.960s] GC(24)   Other: 0.2ms
[2020-04-17T00:53:45.482+0800][7691.960s] GC(24) Eden regions: 126->0(127)
[2020-04-17T00:53:45.482+0800][7691.960s] GC(24) Survivor regions: 2->1(32)
[2020-04-17T00:53:45.482+0800][7691.960s] GC(24) Old regions: 318->319
[2020-04-17T00:53:45.482+0800][7691.960s] GC(24) Archive regions: 2->2
[2020-04-17T00:53:45.482+0800][7691.960s] GC(24) Humongous regions: 4->4
[2020-04-17T00:53:45.482+0800][7691.960s] GC(24) Metaspace: 41047K(42192K)->41047K(42192K) NonClass: 36166K(36820K)->36166K(36820K) Class: 4880K(5372K)->4880K(5372K)
[2020-04-17T00:53:45.482+0800][7691.960s] GC(24) Pause Young (Normal) (G1 Evacuation Pause) 450M->324M(512M) 2.320ms
[2020-04-17T00:53:45.482+0800][7691.960s] GC(24) User=0.01s Sys=0.00s Real=0.01s
[2020-04-17T00:53:45.554+0800][7692.032s] GC(25) Pause Young (Normal) (G1 Evacuation Pause)
[2020-04-17T00:53:45.554+0800][7692.032s] GC(25) Using 4 workers of 4 for evacuation
[2020-04-17T00:53:45.555+0800][7692.033s] GC(25)   Pre Evacuate Collection Set: 0.1ms
[2020-04-17T00:53:45.556+0800][7692.033s] GC(25)   Merge Heap Roots: 0.0ms
[2020-04-17T00:53:45.556+0800][7692.033s] GC(25)   Evacuate Collection Set: 1.1ms
[2020-04-17T00:53:45.556+0800][7692.033s] GC(25)   Post Evacuate Collection Set: 0.3ms
[2020-04-17T00:53:45.556+0800][7692.033s] GC(25)   Other: 0.2ms
[2020-04-17T00:53:45.556+0800][7692.033s] GC(25) Eden regions: 127->0(128)
[2020-04-17T00:53:45.556+0800][7692.033s] GC(25) Survivor regions: 1->0(32)
[2020-04-17T00:53:45.556+0800][7692.033s] GC(25) Old regions: 319->320
[2020-04-17T00:53:45.556+0800][7692.033s] GC(25) Archive regions: 2->2
[2020-04-17T00:53:45.556+0800][7692.033s] GC(25) Humongous regions: 4->4
[2020-04-17T00:53:45.556+0800][7692.033s] GC(25) Metaspace: 41047K(42192K)->41047K(42192K) NonClass: 36166K(36820K)->36166K(36820K) Class: 4880K(5372K)->4880K(5372K)
[2020-04-17T00:53:45.556+0800][7692.033s] GC(25) Pause Young (Normal) (G1 Evacuation Pause) 451M->324M(512M) 1.792ms
[2020-04-17T00:53:45.556+0800][7692.033s] GC(25) User=0.01s Sys=0.00s Real=0.00s
[2020-04-17T00:53:45.583+0800][7692.061s] GC(20) Concurrent Mark From Roots 454.688ms
[2020-04-17T00:53:45.583+0800][7692.061s] GC(20) Concurrent Preclean
[2020-04-17T00:53:45.584+0800][7692.061s] GC(20) Concurrent Preclean 0.173ms
[2020-04-17T00:53:45.584+0800][7692.061s] GC(20) Concurrent Mark (7691.606s, 7692.061s) 454.988ms
[2020-04-17T00:53:45.584+0800][7692.062s] GC(20) Pause Remark
[2020-04-17T00:53:45.588+0800][7692.066s] GC(20) Pause Remark 374M->374M(512M) 3.911ms
[2020-04-17T00:53:45.588+0800][7692.066s] GC(20) User=0.02s Sys=0.00s Real=0.00s
[2020-04-17T00:53:45.588+0800][7692.066s] GC(20) Concurrent Rebuild Remembered Sets
[2020-04-17T00:53:45.619+0800][7692.097s] GC(26) Pause Young (Normal) (G1 Evacuation Pause)
[2020-04-17T00:53:45.619+0800][7692.097s] GC(26) Using 4 workers of 4 for evacuation
[2020-04-17T00:53:45.620+0800][7692.097s] GC(26)   Pre Evacuate Collection Set: 0.1ms
[2020-04-17T00:53:45.620+0800][7692.097s] GC(26)   Merge Heap Roots: 0.0ms
[2020-04-17T00:53:45.620+0800][7692.097s] GC(26)   Evacuate Collection Set: 0.2ms
[2020-04-17T00:53:45.620+0800][7692.097s] GC(26)   Post Evacuate Collection Set: 0.3ms
[2020-04-17T00:53:45.620+0800][7692.097s] GC(26)   Other: 0.2ms
[2020-04-17T00:53:45.620+0800][7692.097s] GC(26) Eden regions: 128->0(128)
[2020-04-17T00:53:45.620+0800][7692.097s] GC(26) Survivor regions: 0->0(32)
[2020-04-17T00:53:45.620+0800][7692.097s] GC(26) Old regions: 320->320
[2020-04-17T00:53:45.620+0800][7692.097s] GC(26) Archive regions: 2->2
[2020-04-17T00:53:45.620+0800][7692.097s] GC(26) Humongous regions: 4->4
[2020-04-17T00:53:45.620+0800][7692.097s] GC(26) Metaspace: 41047K(42192K)->41047K(42192K) NonClass: 36166K(36820K)->36166K(36820K) Class: 4880K(5372K)->4880K(5372K)
[2020-04-17T00:53:45.620+0800][7692.097s] GC(26) Pause Young (Normal) (G1 Evacuation Pause) 452M->324M(512M) 0.865ms
[2020-04-17T00:53:45.620+0800][7692.097s] GC(26) User=0.00s Sys=0.00s Real=0.01s
[2020-04-17T00:53:45.698+0800][7692.176s] GC(27) Pause Young (Normal) (G1 Evacuation Pause)
[2020-04-17T00:53:45.698+0800][7692.176s] GC(27) Using 4 workers of 4 for evacuation
[2020-04-17T00:53:45.699+0800][7692.177s] GC(27)   Pre Evacuate Collection Set: 0.1ms
[2020-04-17T00:53:45.699+0800][7692.177s] GC(27)   Merge Heap Roots: 0.0ms
[2020-04-17T00:53:45.699+0800][7692.177s] GC(27)   Evacuate Collection Set: 0.2ms
[2020-04-17T00:53:45.699+0800][7692.177s] GC(27)   Post Evacuate Collection Set: 0.4ms
[2020-04-17T00:53:45.699+0800][7692.177s] GC(27)   Other: 0.1ms
[2020-04-17T00:53:45.699+0800][7692.177s] GC(27) Eden regions: 128->0(128)
[2020-04-17T00:53:45.699+0800][7692.177s] GC(27) Survivor regions: 0->0(32)
[2020-04-17T00:53:45.699+0800][7692.177s] GC(27) Old regions: 320->320
[2020-04-17T00:53:45.699+0800][7692.177s] GC(27) Archive regions: 2->2
[2020-04-17T00:53:45.699+0800][7692.177s] GC(27) Humongous regions: 4->4
[2020-04-17T00:53:45.699+0800][7692.177s] GC(27) Metaspace: 41047K(42192K)->41047K(42192K) NonClass: 36166K(36820K)->36166K(36820K) Class: 4880K(5372K)->4880K(5372K)
[2020-04-17T00:53:45.699+0800][7692.177s] GC(27) Pause Young (Normal) (G1 Evacuation Pause) 452M->324M(512M) 0.961ms
[2020-04-17T00:53:45.699+0800][7692.177s] GC(27) User=0.00s Sys=0.00s Real=0.00s
[2020-04-17T00:53:45.766+0800][7692.244s] GC(28) Pause Young (Normal) (G1 Evacuation Pause)
[2020-04-17T00:53:45.766+0800][7692.244s] GC(28) Using 4 workers of 4 for evacuation
[2020-04-17T00:53:45.767+0800][7692.244s] GC(28)   Pre Evacuate Collection Set: 0.1ms
[2020-04-17T00:53:45.767+0800][7692.244s] GC(28)   Merge Heap Roots: 0.1ms
[2020-04-17T00:53:45.767+0800][7692.244s] GC(28)   Evacuate Collection Set: 0.2ms
[2020-04-17T00:53:45.767+0800][7692.244s] GC(28)   Post Evacuate Collection Set: 0.3ms
[2020-04-17T00:53:45.767+0800][7692.244s] GC(28)   Other: 0.1ms
[2020-04-17T00:53:45.767+0800][7692.244s] GC(28) Eden regions: 128->0(128)
[2020-04-17T00:53:45.767+0800][7692.244s] GC(28) Survivor regions: 0->0(32)
[2020-04-17T00:53:45.767+0800][7692.244s] GC(28) Old regions: 320->320
[2020-04-17T00:53:45.767+0800][7692.244s] GC(28) Archive regions: 2->2
[2020-04-17T00:53:45.767+0800][7692.244s] GC(28) Humongous regions: 4->4
[2020-04-17T00:53:45.767+0800][7692.245s] GC(28) Metaspace: 41047K(42192K)->41047K(42192K) NonClass: 36166K(36820K)->36166K(36820K) Class: 4880K(5372K)->4880K(5372K)
[2020-04-17T00:53:45.767+0800][7692.245s] GC(28) Pause Young (Normal) (G1 Evacuation Pause) 452M->324M(512M) 0.900ms
[2020-04-17T00:53:45.767+0800][7692.245s] GC(28) User=0.00s Sys=0.00s Real=0.00s
[2020-04-17T00:53:45.825+0800][7692.303s] GC(20) Concurrent Rebuild Remembered Sets 236.823ms
[2020-04-17T00:53:45.825+0800][7692.303s] GC(20) Pause Cleanup
[2020-04-17T00:53:45.825+0800][7692.303s] GC(20) Pause Cleanup 448M->448M(512M) 0.341ms
[2020-04-17T00:53:45.825+0800][7692.303s] GC(20) User=0.00s Sys=0.00s Real=0.00s
[2020-04-17T00:53:45.827+0800][7692.304s] GC(20) Concurrent Cleanup for Next Mark
[2020-04-17T00:53:45.828+0800][7692.306s] GC(29) Pause Young (Normal) (G1 Evacuation Pause)
[2020-04-17T00:53:45.828+0800][7692.306s] GC(29) Using 4 workers of 4 for evacuation
[2020-04-17T00:53:45.830+0800][7692.307s] GC(29)   Pre Evacuate Collection Set: 0.1ms
[2020-04-17T00:53:45.830+0800][7692.308s] GC(29)   Merge Heap Roots: 0.1ms
[2020-04-17T00:53:45.830+0800][7692.308s] GC(29)   Evacuate Collection Set: 0.5ms
[2020-04-17T00:53:45.830+0800][7692.308s] GC(29)   Post Evacuate Collection Set: 0.4ms
[2020-04-17T00:53:45.830+0800][7692.308s] GC(29)   Other: 0.2ms
[2020-04-17T00:53:45.830+0800][7692.308s] GC(29) Eden regions: 128->0(128)
[2020-04-17T00:53:45.830+0800][7692.308s] GC(29) Survivor regions: 0->0(32)
[2020-04-17T00:53:45.830+0800][7692.308s] GC(29) Old regions: 320->320
[2020-04-17T00:53:45.830+0800][7692.308s] GC(29) Archive regions: 2->2
[2020-04-17T00:53:45.830+0800][7692.308s] GC(29) Humongous regions: 4->4
[2020-04-17T00:53:45.830+0800][7692.308s] GC(29) Metaspace: 41047K(42192K)->41047K(42192K) NonClass: 36166K(36820K)->36166K(36820K) Class: 4880K(5372K)->4880K(5372K)
[2020-04-17T00:53:45.830+0800][7692.308s] GC(29) Pause Young (Normal) (G1 Evacuation Pause) 452M->324M(512M) 1.454ms
[2020-04-17T00:53:45.830+0800][7692.308s] GC(29) User=0.00s Sys=0.00s Real=0.01s
[2020-04-17T00:53:45.831+0800][7692.309s] GC(20) Concurrent Cleanup for Next Mark 4.540ms
[2020-04-17T00:53:45.831+0800][7692.309s] GC(20) Concurrent Cycle 710.108ms
[2020-04-17T00:53:45.861+0800][7692.339s] GC(30) Pause Young (Normal) (G1 Evacuation Pause)
[2020-04-17T00:53:45.861+0800][7692.339s] GC(30) Using 4 workers of 4 for evacuation
[2020-04-17T00:53:45.862+0800][7692.340s] GC(30)   Pre Evacuate Collection Set: 0.1ms
[2020-04-17T00:53:45.862+0800][7692.340s] GC(30)   Merge Heap Roots: 0.0ms
[2020-04-17T00:53:45.862+0800][7692.340s] GC(30)   Evacuate Collection Set: 0.2ms
[2020-04-17T00:53:45.862+0800][7692.340s] GC(30)   Post Evacuate Collection Set: 0.3ms
[2020-04-17T00:53:45.862+0800][7692.340s] GC(30)   Other: 0.1ms
[2020-04-17T00:53:45.862+0800][7692.340s] GC(30) Eden regions: 128->0(128)
[2020-04-17T00:53:45.862+0800][7692.340s] GC(30) Survivor regions: 0->0(32)
[2020-04-17T00:53:45.862+0800][7692.340s] GC(30) Old regions: 320->320
[2020-04-17T00:53:45.862+0800][7692.340s] GC(30) Archive regions: 2->2
[2020-04-17T00:53:45.862+0800][7692.340s] GC(30) Humongous regions: 4->4
[2020-04-17T00:53:45.862+0800][7692.340s] GC(30) Metaspace: 41047K(42192K)->41047K(42192K) NonClass: 36166K(36820K)->36166K(36820K) Class: 4880K(5372K)->4880K(5372K)
[2020-04-17T00:53:45.862+0800][7692.340s] GC(30) Pause Young (Normal) (G1 Evacuation Pause) 452M->324M(512M) 0.843ms
[2020-04-17T00:53:45.862+0800][7692.340s] GC(30) User=0.01s Sys=0.00s Real=0.00s
[2020-04-17T00:53:45.890+0800][7692.368s] GC(31) Pause Young (Concurrent Start) (G1 Evacuation Pause)
[2020-04-17T00:53:45.890+0800][7692.368s] GC(31) Using 4 workers of 4 for evacuation
[2020-04-17T00:53:45.892+0800][7692.369s] GC(31)   Pre Evacuate Collection Set: 0.1ms
[2020-04-17T00:53:45.892+0800][7692.369s] GC(31)   Merge Heap Roots: 0.0ms
[2020-04-17T00:53:45.892+0800][7692.369s] GC(31)   Evacuate Collection Set: 0.5ms
[2020-04-17T00:53:45.892+0800][7692.369s] GC(31)   Post Evacuate Collection Set: 0.3ms
[2020-04-17T00:53:45.892+0800][7692.369s] GC(31)   Other: 0.1ms
[2020-04-17T00:53:45.892+0800][7692.369s] GC(31) Eden regions: 128->0(128)
[2020-04-17T00:53:45.892+0800][7692.369s] GC(31) Survivor regions: 0->0(32)
[2020-04-17T00:53:45.892+0800][7692.369s] GC(31) Old regions: 320->320
[2020-04-17T00:53:45.892+0800][7692.369s] GC(31) Archive regions: 2->2
[2020-04-17T00:53:45.892+0800][7692.369s] GC(31) Humongous regions: 4->4
[2020-04-17T00:53:45.892+0800][7692.369s] GC(31) Metaspace: 41047K(42192K)->41047K(42192K) NonClass: 36166K(36820K)->36166K(36820K) Class: 4880K(5372K)->4880K(5372K)
[2020-04-17T00:53:45.892+0800][7692.369s] GC(31) Pause Young (Concurrent Start) (G1 Evacuation Pause) 452M->324M(512M) 1.243ms
[2020-04-17T00:53:45.892+0800][7692.370s] GC(31) User=0.01s Sys=0.00s Real=0.00s
[2020-04-17T00:53:45.892+0800][7692.370s] GC(32) Concurrent Cycle
[2020-04-17T00:53:45.892+0800][7692.370s] GC(32) Concurrent Clear Claimed Marks
[2020-04-17T00:53:45.892+0800][7692.370s] GC(32) Concurrent Clear Claimed Marks 0.033ms
[2020-04-17T00:53:45.892+0800][7692.370s] GC(32) Concurrent Scan Root Regions
[2020-04-17T00:53:45.892+0800][7692.370s] GC(32) Concurrent Scan Root Regions 0.011ms
[2020-04-17T00:53:45.892+0800][7692.370s] GC(32) Concurrent Mark (7692.370s)
[2020-04-17T00:53:45.892+0800][7692.370s] GC(32) Concurrent Mark From Roots
[2020-04-17T00:53:45.892+0800][7692.370s] GC(32) Using 4 workers of 4 for marking
[2020-04-17T00:53:46.049+0800][7692.527s] GC(33) Pause Young (Normal) (G1 Evacuation Pause)
[2020-04-17T00:53:46.049+0800][7692.527s] GC(33) Using 4 workers of 4 for evacuation
[2020-04-17T00:53:46.051+0800][7692.528s] GC(33)   Pre Evacuate Collection Set: 0.1ms
[2020-04-17T00:53:46.051+0800][7692.528s] GC(33)   Merge Heap Roots: 0.0ms
[2020-04-17T00:53:46.051+0800][7692.528s] GC(33)   Evacuate Collection Set: 0.7ms
[2020-04-17T00:53:46.051+0800][7692.528s] GC(33)   Post Evacuate Collection Set: 0.3ms
[2020-04-17T00:53:46.051+0800][7692.528s] GC(33)   Other: 0.2ms
[2020-04-17T00:53:46.051+0800][7692.529s] GC(33) Eden regions: 128->0(128)
[2020-04-17T00:53:46.051+0800][7692.529s] GC(33) Survivor regions: 0->0(32)
[2020-04-17T00:53:46.051+0800][7692.529s] GC(33) Old regions: 320->320
[2020-04-17T00:53:46.051+0800][7692.529s] GC(33) Archive regions: 2->2
[2020-04-17T00:53:46.051+0800][7692.529s] GC(33) Humongous regions: 4->4
[2020-04-17T00:53:46.051+0800][7692.529s] GC(33) Metaspace: 41047K(42192K)->41047K(42192K) NonClass: 36166K(36820K)->36166K(36820K) Class: 4880K(5372K)->4880K(5372K)
[2020-04-17T00:53:46.051+0800][7692.529s] GC(33) Pause Young (Normal) (G1 Evacuation Pause) 452M->324M(512M) 1.364ms
[2020-04-17T00:53:46.051+0800][7692.529s] GC(33) User=0.00s Sys=0.00s Real=0.01s
[2020-04-17T00:53:46.119+0800][7692.596s] GC(34) Pause Young (Normal) (G1 Evacuation Pause)
[2020-04-17T00:53:46.119+0800][7692.596s] GC(34) Using 4 workers of 4 for evacuation
[2020-04-17T00:53:46.119+0800][7692.597s] GC(34)   Pre Evacuate Collection Set: 0.1ms
[2020-04-17T00:53:46.119+0800][7692.597s] GC(34)   Merge Heap Roots: 0.0ms
[2020-04-17T00:53:46.119+0800][7692.597s] GC(34)   Evacuate Collection Set: 0.2ms
[2020-04-17T00:53:46.119+0800][7692.597s] GC(34)   Post Evacuate Collection Set: 0.4ms
[2020-04-17T00:53:46.119+0800][7692.597s] GC(34)   Other: 0.2ms
[2020-04-17T00:53:46.119+0800][7692.597s] GC(34) Eden regions: 128->0(128)
[2020-04-17T00:53:46.119+0800][7692.597s] GC(34) Survivor regions: 0->0(32)
[2020-04-17T00:53:46.119+0800][7692.597s] GC(34) Old regions: 320->320
[2020-04-17T00:53:46.119+0800][7692.597s] GC(34) Archive regions: 2->2
[2020-04-17T00:53:46.119+0800][7692.597s] GC(34) Humongous regions: 4->4
[2020-04-17T00:53:46.119+0800][7692.597s] GC(34) Metaspace: 41047K(42192K)->41047K(42192K) NonClass: 36166K(36820K)->36166K(36820K) Class: 4880K(5372K)->4880K(5372K)
[2020-04-17T00:53:46.119+0800][7692.597s] GC(34) Pause Young (Normal) (G1 Evacuation Pause) 452M->324M(512M) 0.862ms
[2020-04-17T00:53:46.119+0800][7692.597s] GC(34) User=0.00s Sys=0.00s Real=0.00s
[2020-04-17T00:53:46.192+0800][7692.670s] GC(35) Pause Young (Normal) (G1 Evacuation Pause)
[2020-04-17T00:53:46.192+0800][7692.670s] GC(35) Using 4 workers of 4 for evacuation
[2020-04-17T00:53:46.193+0800][7692.670s] GC(35)   Pre Evacuate Collection Set: 0.1ms
[2020-04-17T00:53:46.193+0800][7692.670s] GC(35)   Merge Heap Roots: 0.0ms
[2020-04-17T00:53:46.193+0800][7692.670s] GC(35)   Evacuate Collection Set: 0.2ms
[2020-04-17T00:53:46.193+0800][7692.670s] GC(35)   Post Evacuate Collection Set: 0.3ms
[2020-04-17T00:53:46.193+0800][7692.670s] GC(35)   Other: 0.2ms
[2020-04-17T00:53:46.193+0800][7692.670s] GC(35) Eden regions: 128->0(128)
[2020-04-17T00:53:46.193+0800][7692.670s] GC(35) Survivor regions: 0->0(32)
[2020-04-17T00:53:46.193+0800][7692.670s] GC(35) Old regions: 320->320
[2020-04-17T00:53:46.193+0800][7692.670s] GC(35) Archive regions: 2->2
[2020-04-17T00:53:46.193+0800][7692.670s] GC(35) Humongous regions: 4->4
[2020-04-17T00:53:46.193+0800][7692.671s] GC(35) Metaspace: 41047K(42192K)->41047K(42192K) NonClass: 36166K(36820K)->36166K(36820K) Class: 4880K(5372K)->4880K(5372K)
[2020-04-17T00:53:46.193+0800][7692.671s] GC(35) Pause Young (Normal) (G1 Evacuation Pause) 452M->324M(512M) 0.857ms
[2020-04-17T00:53:46.193+0800][7692.671s] GC(35) User=0.01s Sys=0.00s Real=0.00s
[2020-04-17T00:53:46.271+0800][7692.749s] GC(36) Pause Young (Normal) (G1 Evacuation Pause)
[2020-04-17T00:53:46.271+0800][7692.749s] GC(36) Using 4 workers of 4 for evacuation
[2020-04-17T00:53:46.272+0800][7692.750s] GC(36)   Pre Evacuate Collection Set: 0.1ms
[2020-04-17T00:53:46.272+0800][7692.750s] GC(36)   Merge Heap Roots: 0.0ms
[2020-04-17T00:53:46.272+0800][7692.750s] GC(36)   Evacuate Collection Set: 0.2ms
[2020-04-17T00:53:46.272+0800][7692.750s] GC(36)   Post Evacuate Collection Set: 0.4ms
[2020-04-17T00:53:46.272+0800][7692.750s] GC(36)   Other: 0.1ms
[2020-04-17T00:53:46.272+0800][7692.750s] GC(36) Eden regions: 128->0(128)
[2020-04-17T00:53:46.272+0800][7692.750s] GC(36) Survivor regions: 0->0(32)
[2020-04-17T00:53:46.272+0800][7692.750s] GC(36) Old regions: 320->320
[2020-04-17T00:53:46.272+0800][7692.750s] GC(36) Archive regions: 2->2
[2020-04-17T00:53:46.272+0800][7692.750s] GC(36) Humongous regions: 4->4
[2020-04-17T00:53:46.272+0800][7692.750s] GC(36) Metaspace: 41047K(42192K)->41047K(42192K) NonClass: 36166K(36820K)->36166K(36820K) Class: 4880K(5372K)->4880K(5372K)
[2020-04-17T00:53:46.272+0800][7692.750s] GC(36) Pause Young (Normal) (G1 Evacuation Pause) 452M->324M(512M) 0.909ms
[2020-04-17T00:53:46.272+0800][7692.750s] GC(36) User=0.00s Sys=0.00s Real=0.00s
[2020-04-17T00:53:46.338+0800][7692.816s] GC(32) Concurrent Mark From Roots 446.624ms
[2020-04-17T00:53:46.339+0800][7692.816s] GC(32) Concurrent Preclean
[2020-04-17T00:53:46.339+0800][7692.817s] GC(32) Concurrent Preclean 0.175ms
[2020-04-17T00:53:46.339+0800][7692.817s] GC(32) Concurrent Mark (7692.370s, 7692.817s) 446.901ms
[2020-04-17T00:53:46.339+0800][7692.817s] GC(32) Pause Remark
[2020-04-17T00:53:46.381+0800][7692.858s] GC(32) Pause Remark 441M->441M(512M) 41.771ms
[2020-04-17T00:53:46.381+0800][7692.859s] GC(32) User=0.03s Sys=0.08s Real=0.05s
[2020-04-17T00:53:46.381+0800][7692.859s] GC(32) Concurrent Rebuild Remembered Sets
[2020-04-17T00:53:46.386+0800][7692.864s] GC(37) Pause Young (Normal) (G1 Evacuation Pause)
[2020-04-17T00:53:46.386+0800][7692.864s] GC(37) Using 4 workers of 4 for evacuation
[2020-04-17T00:53:46.387+0800][7692.865s] GC(37)   Pre Evacuate Collection Set: 0.1ms
[2020-04-17T00:53:46.387+0800][7692.865s] GC(37)   Merge Heap Roots: 0.1ms
[2020-04-17T00:53:46.387+0800][7692.865s] GC(37)   Evacuate Collection Set: 0.3ms
[2020-04-17T00:53:46.387+0800][7692.865s] GC(37)   Post Evacuate Collection Set: 0.4ms
[2020-04-17T00:53:46.387+0800][7692.865s] GC(37)   Other: 0.1ms
[2020-04-17T00:53:46.387+0800][7692.865s] GC(37) Eden regions: 128->0(128)
[2020-04-17T00:53:46.387+0800][7692.865s] GC(37) Survivor regions: 0->0(32)
[2020-04-17T00:53:46.387+0800][7692.865s] GC(37) Old regions: 320->320
[2020-04-17T00:53:46.387+0800][7692.865s] GC(37) Archive regions: 2->2
[2020-04-17T00:53:46.387+0800][7692.865s] GC(37) Humongous regions: 4->4
[2020-04-17T00:53:46.387+0800][7692.865s] GC(37) Metaspace: 41039K(42192K)->41039K(42192K) NonClass: 36159K(36820K)->36159K(36820K) Class: 4879K(5372K)->4879K(5372K)
[2020-04-17T00:53:46.388+0800][7692.865s] GC(37) Pause Young (Normal) (G1 Evacuation Pause) 452M->324M(512M) 1.216ms
[2020-04-17T00:53:46.388+0800][7692.865s] GC(37) User=0.01s Sys=0.00s Real=0.00s
[2020-04-17T00:53:46.456+0800][7692.934s] GC(38) Pause Young (Normal) (G1 Evacuation Pause)
[2020-04-17T00:53:46.456+0800][7692.934s] GC(38) Using 4 workers of 4 for evacuation
[2020-04-17T00:53:46.457+0800][7692.934s] GC(38)   Pre Evacuate Collection Set: 0.1ms
[2020-04-17T00:53:46.457+0800][7692.934s] GC(38)   Merge Heap Roots: 0.0ms
[2020-04-17T00:53:46.457+0800][7692.934s] GC(38)   Evacuate Collection Set: 0.2ms
[2020-04-17T00:53:46.457+0800][7692.934s] GC(38)   Post Evacuate Collection Set: 0.3ms
[2020-04-17T00:53:46.457+0800][7692.934s] GC(38)   Other: 0.2ms
[2020-04-17T00:53:46.457+0800][7692.934s] GC(38) Eden regions: 128->0(128)
[2020-04-17T00:53:46.457+0800][7692.934s] GC(38) Survivor regions: 0->0(32)
[2020-04-17T00:53:46.457+0800][7692.934s] GC(38) Old regions: 320->320
[2020-04-17T00:53:46.457+0800][7692.934s] GC(38) Archive regions: 2->2
[2020-04-17T00:53:46.457+0800][7692.934s] GC(38) Humongous regions: 4->4
[2020-04-17T00:53:46.457+0800][7692.934s] GC(38) Metaspace: 41039K(42192K)->41039K(42192K) NonClass: 36159K(36820K)->36159K(36820K) Class: 4879K(5372K)->4879K(5372K)
[2020-04-17T00:53:46.457+0800][7692.934s] GC(38) Pause Young (Normal) (G1 Evacuation Pause) 452M->324M(512M) 0.919ms
[2020-04-17T00:53:46.457+0800][7692.935s] GC(38) User=0.00s Sys=0.00s Real=0.00s
[2020-04-17T00:53:46.554+0800][7693.032s] GC(39) Pause Young (Normal) (G1 Evacuation Pause)
[2020-04-17T00:53:46.554+0800][7693.032s] GC(39) Using 4 workers of 4 for evacuation
[2020-04-17T00:53:46.555+0800][7693.033s] GC(39)   Pre Evacuate Collection Set: 0.1ms
[2020-04-17T00:53:46.555+0800][7693.033s] GC(39)   Merge Heap Roots: 0.0ms
[2020-04-17T00:53:46.555+0800][7693.033s] GC(39)   Evacuate Collection Set: 0.3ms
[2020-04-17T00:53:46.555+0800][7693.033s] GC(39)   Post Evacuate Collection Set: 0.4ms
[2020-04-17T00:53:46.555+0800][7693.033s] GC(39)   Other: 0.2ms
[2020-04-17T00:53:46.555+0800][7693.033s] GC(39) Eden regions: 128->0(128)
[2020-04-17T00:53:46.555+0800][7693.033s] GC(39) Survivor regions: 0->0(32)
[2020-04-17T00:53:46.555+0800][7693.033s] GC(39) Old regions: 320->320
[2020-04-17T00:53:46.555+0800][7693.033s] GC(39) Archive regions: 2->2
[2020-04-17T00:53:46.555+0800][7693.033s] GC(39) Humongous regions: 4->4
[2020-04-17T00:53:46.555+0800][7693.033s] GC(39) Metaspace: 41039K(42192K)->41039K(42192K) NonClass: 36159K(36820K)->36159K(36820K) Class: 4879K(5372K)->4879K(5372K)
[2020-04-17T00:53:46.555+0800][7693.033s] GC(39) Pause Young (Normal) (G1 Evacuation Pause) 452M->324M(512M) 1.058ms
[2020-04-17T00:53:46.555+0800][7693.033s] GC(39) User=0.00s Sys=0.00s Real=0.00s
[2020-04-17T00:53:46.671+0800][7693.149s] GC(40) Pause Young (Normal) (G1 Evacuation Pause)
[2020-04-17T00:53:46.671+0800][7693.149s] GC(40) Using 4 workers of 4 for evacuation
[2020-04-17T00:53:46.672+0800][7693.150s] GC(40)   Pre Evacuate Collection Set: 0.1ms
[2020-04-17T00:53:46.672+0800][7693.150s] GC(40)   Merge Heap Roots: 0.0ms
[2020-04-17T00:53:46.672+0800][7693.150s] GC(40)   Evacuate Collection Set: 0.3ms
[2020-04-17T00:53:46.672+0800][7693.150s] GC(40)   Post Evacuate Collection Set: 0.4ms
[2020-04-17T00:53:46.672+0800][7693.150s] GC(40)   Other: 0.2ms
[2020-04-17T00:53:46.672+0800][7693.150s] GC(40) Eden regions: 128->0(128)
[2020-04-17T00:53:46.672+0800][7693.150s] GC(40) Survivor regions: 0->0(32)
[2020-04-17T00:53:46.672+0800][7693.150s] GC(40) Old regions: 320->320
[2020-04-17T00:53:46.672+0800][7693.150s] GC(40) Archive regions: 2->2
[2020-04-17T00:53:46.672+0800][7693.150s] GC(40) Humongous regions: 4->4
[2020-04-17T00:53:46.672+0800][7693.150s] GC(40) Metaspace: 41039K(42192K)->41039K(42192K) NonClass: 36159K(36820K)->36159K(36820K) Class: 4879K(5372K)->4879K(5372K)
[2020-04-17T00:53:46.672+0800][7693.150s] GC(40) Pause Young (Normal) (G1 Evacuation Pause) 452M->324M(512M) 1.182ms
[2020-04-17T00:53:46.672+0800][7693.150s] GC(40) User=0.01s Sys=0.00s Real=0.00s
[2020-04-17T00:53:46.729+0800][7693.207s] GC(32) Concurrent Rebuild Remembered Sets 348.461ms
[2020-04-17T00:53:46.730+0800][7693.207s] GC(32) Pause Cleanup
[2020-04-17T00:53:46.730+0800][7693.208s] GC(32) Pause Cleanup 393M->393M(512M) 0.419ms
[2020-04-17T00:53:46.730+0800][7693.208s] GC(32) User=0.00s Sys=0.00s Real=0.00s
[2020-04-17T00:53:46.730+0800][7693.208s] GC(32) Concurrent Cleanup for Next Mark
[2020-04-17T00:53:46.732+0800][7693.209s] GC(32) Concurrent Cleanup for Next Mark 1.357ms
[2020-04-17T00:53:46.732+0800][7693.209s] GC(32) Concurrent Cycle 839.958ms
[2020-04-17T00:53:46.770+0800][7693.248s] GC(41) Pause Young (Normal) (G1 Evacuation Pause)
[2020-04-17T00:53:46.770+0800][7693.248s] GC(41) Using 4 workers of 4 for evacuation
[2020-04-17T00:53:46.771+0800][7693.249s] GC(41)   Pre Evacuate Collection Set: 0.1ms
[2020-04-17T00:53:46.771+0800][7693.249s] GC(41)   Merge Heap Roots: 0.1ms
[2020-04-17T00:53:46.771+0800][7693.249s] GC(41)   Evacuate Collection Set: 0.8ms
[2020-04-17T00:53:46.771+0800][7693.249s] GC(41)   Post Evacuate Collection Set: 0.3ms
[2020-04-17T00:53:46.771+0800][7693.249s] GC(41)   Other: 0.2ms
[2020-04-17T00:53:46.771+0800][7693.249s] GC(41) Eden regions: 128->0(127)
[2020-04-17T00:53:46.771+0800][7693.249s] GC(41) Survivor regions: 0->1(32)
[2020-04-17T00:53:46.771+0800][7693.249s] GC(41) Old regions: 320->320
[2020-04-17T00:53:46.771+0800][7693.249s] GC(41) Archive regions: 2->2
[2020-04-17T00:53:46.771+0800][7693.249s] GC(41) Humongous regions: 4->4
[2020-04-17T00:53:46.771+0800][7693.249s] GC(41) Metaspace: 41052K(42192K)->41052K(42192K) NonClass: 36173K(36820K)->36173K(36820K) Class: 4879K(5372K)->4879K(5372K)
[2020-04-17T00:53:46.772+0800][7693.249s] GC(41) Pause Young (Normal) (G1 Evacuation Pause) 452M->324M(512M) 1.688ms
[2020-04-17T00:53:46.772+0800][7693.249s] GC(41) User=0.01s Sys=0.00s Real=0.00s
[2020-04-17T00:53:46.807+0800][7693.285s] GC(42) Pause Young (Concurrent Start) (G1 Evacuation Pause)
[2020-04-17T00:53:46.807+0800][7693.285s] GC(42) Using 4 workers of 4 for evacuation
[2020-04-17T00:53:46.808+0800][7693.286s] GC(42)   Pre Evacuate Collection Set: 0.1ms
[2020-04-17T00:53:46.808+0800][7693.286s] GC(42)   Merge Heap Roots: 0.0ms
[2020-04-17T00:53:46.808+0800][7693.286s] GC(42)   Evacuate Collection Set: 0.6ms
[2020-04-17T00:53:46.808+0800][7693.286s] GC(42)   Post Evacuate Collection Set: 0.2ms
[2020-04-17T00:53:46.808+0800][7693.286s] GC(42)   Other: 0.2ms
[2020-04-17T00:53:46.808+0800][7693.286s] GC(42) Eden regions: 127->0(127)
[2020-04-17T00:53:46.808+0800][7693.286s] GC(42) Survivor regions: 1->1(32)
[2020-04-17T00:53:46.808+0800][7693.286s] GC(42) Old regions: 320->320
[2020-04-17T00:53:46.808+0800][7693.286s] GC(42) Archive regions: 2->2
[2020-04-17T00:53:46.808+0800][7693.286s] GC(42) Humongous regions: 4->4
[2020-04-17T00:53:46.808+0800][7693.286s] GC(42) Metaspace: 41052K(42192K)->41052K(42192K) NonClass: 36173K(36820K)->36173K(36820K) Class: 4879K(5372K)->4879K(5372K)
[2020-04-17T00:53:46.808+0800][7693.286s] GC(42) Pause Young (Concurrent Start) (G1 Evacuation Pause) 451M->324M(512M) 1.267ms
[2020-04-17T00:53:46.808+0800][7693.286s] GC(42) User=0.01s Sys=0.00s Real=0.00s
[2020-04-17T00:53:46.808+0800][7693.286s] GC(43) Concurrent Cycle
[2020-04-17T00:53:46.808+0800][7693.286s] GC(43) Concurrent Clear Claimed Marks
[2020-04-17T00:53:46.808+0800][7693.286s] GC(43) Concurrent Clear Claimed Marks 0.051ms
[2020-04-17T00:53:46.808+0800][7693.286s] GC(43) Concurrent Scan Root Regions
[2020-04-17T00:53:46.809+0800][7693.287s] GC(43) Concurrent Scan Root Regions 0.867ms
[2020-04-17T00:53:46.809+0800][7693.287s] GC(43) Concurrent Mark (7693.287s)
[2020-04-17T00:53:46.809+0800][7693.287s] GC(43) Concurrent Mark From Roots
[2020-04-17T00:53:46.809+0800][7693.287s] GC(43) Using 4 workers of 4 for marking
[2020-04-17T00:53:47.000+0800][7693.478s] GC(44) Pause Young (Normal) (G1 Evacuation Pause)
[2020-04-17T00:53:47.000+0800][7693.478s] GC(44) Using 4 workers of 4 for evacuation
[2020-04-17T00:53:47.001+0800][7693.479s] GC(44)   Pre Evacuate Collection Set: 0.1ms
[2020-04-17T00:53:47.001+0800][7693.479s] GC(44)   Merge Heap Roots: 0.1ms
[2020-04-17T00:53:47.001+0800][7693.479s] GC(44)   Evacuate Collection Set: 0.6ms
[2020-04-17T00:53:47.001+0800][7693.479s] GC(44)   Post Evacuate Collection Set: 0.3ms
[2020-04-17T00:53:47.001+0800][7693.479s] GC(44)   Other: 0.1ms
[2020-04-17T00:53:47.001+0800][7693.479s] GC(44) Eden regions: 127->0(127)
[2020-04-17T00:53:47.001+0800][7693.479s] GC(44) Survivor regions: 1->1(32)
[2020-04-17T00:53:47.001+0800][7693.479s] GC(44) Old regions: 320->320
[2020-04-17T00:53:47.001+0800][7693.479s] GC(44) Archive regions: 2->2
[2020-04-17T00:53:47.001+0800][7693.479s] GC(44) Humongous regions: 4->4
[2020-04-17T00:53:47.001+0800][7693.479s] GC(44) Metaspace: 41052K(42192K)->41052K(42192K) NonClass: 36173K(36820K)->36173K(36820K) Class: 4879K(5372K)->4879K(5372K)
[2020-04-17T00:53:47.001+0800][7693.479s] GC(44) Pause Young (Normal) (G1 Evacuation Pause) 451M->324M(512M) 1.305ms
[2020-04-17T00:53:47.001+0800][7693.479s] GC(44) User=0.00s Sys=0.00s Real=0.00s
[2020-04-17T00:53:47.091+0800][7693.569s] GC(45) Pause Young (Normal) (G1 Evacuation Pause)
[2020-04-17T00:53:47.091+0800][7693.569s] GC(45) Using 4 workers of 4 for evacuation
[2020-04-17T00:53:47.092+0800][7693.570s] GC(45)   Pre Evacuate Collection Set: 0.1ms
[2020-04-17T00:53:47.092+0800][7693.570s] GC(45)   Merge Heap Roots: 0.0ms
[2020-04-17T00:53:47.092+0800][7693.570s] GC(45)   Evacuate Collection Set: 0.5ms
[2020-04-17T00:53:47.092+0800][7693.570s] GC(45)   Post Evacuate Collection Set: 0.4ms
[2020-04-17T00:53:47.092+0800][7693.570s] GC(45)   Other: 0.2ms
[2020-04-17T00:53:47.092+0800][7693.570s] GC(45) Eden regions: 127->0(127)
[2020-04-17T00:53:47.092+0800][7693.570s] GC(45) Survivor regions: 1->1(32)
[2020-04-17T00:53:47.092+0800][7693.570s] GC(45) Old regions: 320->320
[2020-04-17T00:53:47.092+0800][7693.570s] GC(45) Archive regions: 2->2
[2020-04-17T00:53:47.092+0800][7693.570s] GC(45) Humongous regions: 4->4
[2020-04-17T00:53:47.092+0800][7693.570s] GC(45) Metaspace: 41052K(42192K)->41052K(42192K) NonClass: 36173K(36820K)->36173K(36820K) Class: 4879K(5372K)->4879K(5372K)
[2020-04-17T00:53:47.092+0800][7693.570s] GC(45) Pause Young (Normal) (G1 Evacuation Pause) 451M->324M(512M) 1.402ms
[2020-04-17T00:53:47.092+0800][7693.570s] GC(45) User=0.00s Sys=0.00s Real=0.00s
[2020-04-17T00:53:47.155+0800][7693.633s] GC(46) Pause Young (Normal) (G1 Evacuation Pause)
[2020-04-17T00:53:47.155+0800][7693.633s] GC(46) Using 4 workers of 4 for evacuation
[2020-04-17T00:53:47.156+0800][7693.634s] GC(46)   Pre Evacuate Collection Set: 0.1ms
[2020-04-17T00:53:47.156+0800][7693.634s] GC(46)   Merge Heap Roots: 0.1ms
[2020-04-17T00:53:47.156+0800][7693.634s] GC(46)   Evacuate Collection Set: 0.4ms
[2020-04-17T00:53:47.156+0800][7693.634s] GC(46)   Post Evacuate Collection Set: 0.3ms
[2020-04-17T00:53:47.156+0800][7693.634s] GC(46)   Other: 0.1ms
[2020-04-17T00:53:47.156+0800][7693.634s] GC(46) Eden regions: 127->0(127)
[2020-04-17T00:53:47.156+0800][7693.634s] GC(46) Survivor regions: 1->1(32)
[2020-04-17T00:53:47.156+0800][7693.634s] GC(46) Old regions: 320->320
[2020-04-17T00:53:47.156+0800][7693.634s] GC(46) Archive regions: 2->2
[2020-04-17T00:53:47.156+0800][7693.634s] GC(46) Humongous regions: 4->4
[2020-04-17T00:53:47.156+0800][7693.634s] GC(46) Metaspace: 41052K(42192K)->41052K(42192K) NonClass: 36173K(36820K)->36173K(36820K) Class: 4879K(5372K)->4879K(5372K)
[2020-04-17T00:53:47.156+0800][7693.634s] GC(46) Pause Young (Normal) (G1 Evacuation Pause) 451M->324M(512M) 1.105ms
[2020-04-17T00:53:47.156+0800][7693.634s] GC(46) User=0.00s Sys=0.00s Real=0.00s
[2020-04-17T00:53:47.239+0800][7693.717s] GC(47) Pause Young (Normal) (G1 Evacuation Pause)
[2020-04-17T00:53:47.239+0800][7693.717s] GC(47) Using 4 workers of 4 for evacuation
[2020-04-17T00:53:47.240+0800][7693.718s] GC(47)   Pre Evacuate Collection Set: 0.1ms
[2020-04-17T00:53:47.240+0800][7693.718s] GC(47)   Merge Heap Roots: 0.0ms
[2020-04-17T00:53:47.240+0800][7693.718s] GC(47)   Evacuate Collection Set: 0.4ms
[2020-04-17T00:53:47.240+0800][7693.718s] GC(47)   Post Evacuate Collection Set: 0.3ms
[2020-04-17T00:53:47.240+0800][7693.718s] GC(47)   Other: 0.2ms
[2020-04-17T00:53:47.240+0800][7693.718s] GC(47) Eden regions: 127->0(127)
[2020-04-17T00:53:47.240+0800][7693.718s] GC(47) Survivor regions: 1->1(32)
[2020-04-17T00:53:47.240+0800][7693.718s] GC(47) Old regions: 320->320
[2020-04-17T00:53:47.240+0800][7693.718s] GC(47) Archive regions: 2->2
[2020-04-17T00:53:47.240+0800][7693.718s] GC(47) Humongous regions: 4->4
[2020-04-17T00:53:47.240+0800][7693.718s] GC(47) Metaspace: 41052K(42192K)->41052K(42192K) NonClass: 36173K(36820K)->36173K(36820K) Class: 4879K(5372K)->4879K(5372K)
[2020-04-17T00:53:47.240+0800][7693.718s] GC(47) Pause Young (Normal) (G1 Evacuation Pause) 451M->324M(512M) 1.144ms
[2020-04-17T00:53:47.240+0800][7693.718s] GC(47) User=0.00s Sys=0.00s Real=0.01s
[2020-04-17T00:53:47.349+0800][7693.827s] GC(48) Pause Young (Normal) (G1 Evacuation Pause)
[2020-04-17T00:53:47.349+0800][7693.827s] GC(48) Using 4 workers of 4 for evacuation
[2020-04-17T00:53:47.350+0800][7693.828s] GC(48)   Pre Evacuate Collection Set: 0.1ms
[2020-04-17T00:53:47.350+0800][7693.828s] GC(48)   Merge Heap Roots: 0.0ms
[2020-04-17T00:53:47.350+0800][7693.828s] GC(48)   Evacuate Collection Set: 0.7ms
[2020-04-17T00:53:47.350+0800][7693.828s] GC(48)   Post Evacuate Collection Set: 0.3ms
[2020-04-17T00:53:47.350+0800][7693.828s] GC(48)   Other: 0.1ms
[2020-04-17T00:53:47.350+0800][7693.828s] GC(48) Eden regions: 127->0(127)
[2020-04-17T00:53:47.350+0800][7693.828s] GC(48) Survivor regions: 1->1(32)
[2020-04-17T00:53:47.350+0800][7693.828s] GC(48) Old regions: 320->320
[2020-04-17T00:53:47.350+0800][7693.828s] GC(48) Archive regions: 2->2
[2020-04-17T00:53:47.350+0800][7693.828s] GC(48) Humongous regions: 4->4
[2020-04-17T00:53:47.350+0800][7693.828s] GC(48) Metaspace: 41052K(42192K)->41052K(42192K) NonClass: 36173K(36820K)->36173K(36820K) Class: 4879K(5372K)->4879K(5372K)
[2020-04-17T00:53:47.350+0800][7693.828s] GC(48) Pause Young (Normal) (G1 Evacuation Pause) 451M->324M(512M) 1.369ms
[2020-04-17T00:53:47.350+0800][7693.828s] GC(48) User=0.00s Sys=0.00s Real=0.01s
[2020-04-17T00:53:47.382+0800][7693.860s] GC(43) Concurrent Mark From Roots 572.668ms
[2020-04-17T00:53:47.382+0800][7693.860s] GC(43) Concurrent Preclean
[2020-04-17T00:53:47.382+0800][7693.860s] GC(43) Concurrent Preclean 0.159ms
[2020-04-17T00:53:47.382+0800][7693.860s] GC(43) Concurrent Mark (7693.287s, 7693.860s) 572.904ms
[2020-04-17T00:53:47.382+0800][7693.860s] GC(43) Pause Remark
[2020-04-17T00:53:47.386+0800][7693.864s] GC(43) Pause Remark 354M->354M(512M) 3.820ms
[2020-04-17T00:53:47.386+0800][7693.864s] GC(43) User=0.02s Sys=0.00s Real=0.00s
[2020-04-17T00:53:47.386+0800][7693.864s] GC(43) Concurrent Rebuild Remembered Sets
[2020-04-17T00:53:47.478+0800][7693.956s] GC(49) Pause Young (Normal) (G1 Evacuation Pause)
[2020-04-17T00:53:47.478+0800][7693.956s] GC(49) Using 4 workers of 4 for evacuation
[2020-04-17T00:53:47.482+0800][7693.960s] GC(49)   Pre Evacuate Collection Set: 0.1ms
[2020-04-17T00:53:47.482+0800][7693.960s] GC(49)   Merge Heap Roots: 0.0ms
[2020-04-17T00:53:47.482+0800][7693.960s] GC(49)   Evacuate Collection Set: 0.4ms
[2020-04-17T00:53:47.483+0800][7693.960s] GC(49)   Post Evacuate Collection Set: 3.5ms
[2020-04-17T00:53:47.483+0800][7693.960s] GC(49)   Other: 0.1ms
[2020-04-17T00:53:47.483+0800][7693.960s] GC(49) Eden regions: 127->0(127)
[2020-04-17T00:53:47.483+0800][7693.960s] GC(49) Survivor regions: 1->1(32)
[2020-04-17T00:53:47.483+0800][7693.960s] GC(49) Old regions: 320->320
[2020-04-17T00:53:47.483+0800][7693.960s] GC(49) Archive regions: 2->2
[2020-04-17T00:53:47.483+0800][7693.960s] GC(49) Humongous regions: 4->4
[2020-04-17T00:53:47.483+0800][7693.960s] GC(49) Metaspace: 41052K(42192K)->41052K(42192K) NonClass: 36173K(36820K)->36173K(36820K) Class: 4879K(5372K)->4879K(5372K)
[2020-04-17T00:53:47.483+0800][7693.960s] GC(49) Pause Young (Normal) (G1 Evacuation Pause) 451M->324M(512M) 4.313ms
[2020-04-17T00:53:47.483+0800][7693.960s] GC(49) User=0.00s Sys=0.00s Real=0.01s
[2020-04-17T00:53:47.589+0800][7694.067s] GC(50) Pause Young (Normal) (G1 Evacuation Pause)
[2020-04-17T00:53:47.589+0800][7694.067s] GC(50) Using 4 workers of 4 for evacuation
[2020-04-17T00:53:47.590+0800][7694.068s] GC(50)   Pre Evacuate Collection Set: 0.0ms
[2020-04-17T00:53:47.590+0800][7694.068s] GC(50)   Merge Heap Roots: 0.0ms
[2020-04-17T00:53:47.590+0800][7694.068s] GC(50)   Evacuate Collection Set: 0.4ms
[2020-04-17T00:53:47.590+0800][7694.068s] GC(50)   Post Evacuate Collection Set: 0.3ms
[2020-04-17T00:53:47.590+0800][7694.068s] GC(50)   Other: 0.2ms
[2020-04-17T00:53:47.590+0800][7694.068s] GC(50) Eden regions: 127->0(128)
[2020-04-17T00:53:47.590+0800][7694.068s] GC(50) Survivor regions: 1->0(32)
[2020-04-17T00:53:47.590+0800][7694.068s] GC(50) Old regions: 320->320
[2020-04-17T00:53:47.590+0800][7694.068s] GC(50) Archive regions: 2->2
[2020-04-17T00:53:47.591+0800][7694.068s] GC(50) Humongous regions: 4->4
[2020-04-17T00:53:47.591+0800][7694.068s] GC(50) Metaspace: 41052K(42192K)->41052K(42192K) NonClass: 36173K(36820K)->36173K(36820K) Class: 4879K(5372K)->4879K(5372K)
[2020-04-17T00:53:47.591+0800][7694.068s] GC(50) Pause Young (Normal) (G1 Evacuation Pause) 451M->324M(512M) 1.118ms
[2020-04-17T00:53:47.591+0800][7694.068s] GC(50) User=0.00s Sys=0.00s Real=0.01s
[2020-04-17T00:53:47.715+0800][7694.193s] GC(51) Pause Young (Normal) (G1 Evacuation Pause)
[2020-04-17T00:53:47.715+0800][7694.193s] GC(51) Using 4 workers of 4 for evacuation
[2020-04-17T00:53:47.716+0800][7694.194s] GC(51)   Pre Evacuate Collection Set: 0.1ms
[2020-04-17T00:53:47.716+0800][7694.194s] GC(51)   Merge Heap Roots: 0.1ms
[2020-04-17T00:53:47.716+0800][7694.194s] GC(51)   Evacuate Collection Set: 0.3ms
[2020-04-17T00:53:47.716+0800][7694.194s] GC(51)   Post Evacuate Collection Set: 0.3ms
[2020-04-17T00:53:47.716+0800][7694.194s] GC(51)   Other: 0.2ms
[2020-04-17T00:53:47.716+0800][7694.194s] GC(51) Eden regions: 128->0(128)
[2020-04-17T00:53:47.716+0800][7694.194s] GC(51) Survivor regions: 0->0(32)
[2020-04-17T00:53:47.716+0800][7694.194s] GC(51) Old regions: 320->320
[2020-04-17T00:53:47.716+0800][7694.194s] GC(51) Archive regions: 2->2
[2020-04-17T00:53:47.716+0800][7694.194s] GC(51) Humongous regions: 4->4
[2020-04-17T00:53:47.716+0800][7694.194s] GC(51) Metaspace: 41052K(42192K)->41052K(42192K) NonClass: 36173K(36820K)->36173K(36820K) Class: 4879K(5372K)->4879K(5372K)
[2020-04-17T00:53:47.716+0800][7694.194s] GC(51) Pause Young (Normal) (G1 Evacuation Pause) 452M->324M(512M) 1.043ms
[2020-04-17T00:53:47.716+0800][7694.194s] GC(51) User=0.00s Sys=0.00s Real=0.00s
[2020-04-17T00:53:47.767+0800][7694.244s] GC(43) Concurrent Rebuild Remembered Sets 380.431ms
[2020-04-17T00:53:47.767+0800][7694.245s] GC(43) Pause Cleanup
[2020-04-17T00:53:47.767+0800][7694.245s] GC(43) Pause Cleanup 433M->433M(512M) 0.297ms
[2020-04-17T00:53:47.767+0800][7694.245s] GC(43) User=0.00s Sys=0.00s Real=0.00s
[2020-04-17T00:53:47.767+0800][7694.245s] GC(43) Concurrent Cleanup for Next Mark
[2020-04-17T00:53:47.768+0800][7694.246s] GC(43) Concurrent Cleanup for Next Mark 0.769ms
[2020-04-17T00:53:47.768+0800][7694.246s] GC(43) Concurrent Cycle 959.837ms
[2020-04-17T00:53:47.772+0800][7694.250s] GC(52) Pause Young (Normal) (G1 Evacuation Pause)
[2020-04-17T00:53:47.772+0800][7694.250s] GC(52) Using 4 workers of 4 for evacuation
[2020-04-17T00:53:47.773+0800][7694.250s] GC(52)   Pre Evacuate Collection Set: 0.0ms
[2020-04-17T00:53:47.773+0800][7694.251s] GC(52)   Merge Heap Roots: 0.1ms
[2020-04-17T00:53:47.773+0800][7694.251s] GC(52)   Evacuate Collection Set: 0.3ms
[2020-04-17T00:53:47.773+0800][7694.251s] GC(52)   Post Evacuate Collection Set: 0.4ms
[2020-04-17T00:53:47.773+0800][7694.251s] GC(52)   Other: 0.1ms
[2020-04-17T00:53:47.773+0800][7694.251s] GC(52) Eden regions: 128->0(128)
[2020-04-17T00:53:47.773+0800][7694.251s] GC(52) Survivor regions: 0->0(32)
[2020-04-17T00:53:47.773+0800][7694.251s] GC(52) Old regions: 320->320
[2020-04-17T00:53:47.773+0800][7694.251s] GC(52) Archive regions: 2->2
[2020-04-17T00:53:47.773+0800][7694.251s] GC(52) Humongous regions: 4->4
[2020-04-17T00:53:47.773+0800][7694.251s] GC(52) Metaspace: 41052K(42192K)->41052K(42192K) NonClass: 36173K(36820K)->36173K(36820K) Class: 4879K(5372K)->4879K(5372K)
[2020-04-17T00:53:47.773+0800][7694.251s] GC(52) Pause Young (Normal) (G1 Evacuation Pause) 452M->324M(512M) 1.006ms
[2020-04-17T00:53:47.773+0800][7694.251s] GC(52) User=0.00s Sys=0.00s Real=0.00s
[2020-04-17T00:53:47.804+0800][7694.282s] GC(53) Pause Young (Concurrent Start) (G1 Evacuation Pause)
[2020-04-17T00:53:47.804+0800][7694.282s] GC(53) Using 4 workers of 4 for evacuation
[2020-04-17T00:53:47.805+0800][7694.283s] GC(53)   Pre Evacuate Collection Set: 0.1ms
[2020-04-17T00:53:47.805+0800][7694.283s] GC(53)   Merge Heap Roots: 0.0ms
[2020-04-17T00:53:47.805+0800][7694.283s] GC(53)   Evacuate Collection Set: 0.5ms
[2020-04-17T00:53:47.805+0800][7694.283s] GC(53)   Post Evacuate Collection Set: 0.3ms
[2020-04-17T00:53:47.805+0800][7694.283s] GC(53)   Other: 0.3ms
[2020-04-17T00:53:47.805+0800][7694.283s] GC(53) Eden regions: 128->0(128)
[2020-04-17T00:53:47.805+0800][7694.283s] GC(53) Survivor regions: 0->0(32)
[2020-04-17T00:53:47.805+0800][7694.283s] GC(53) Old regions: 320->320
[2020-04-17T00:53:47.805+0800][7694.283s] GC(53) Archive regions: 2->2
[2020-04-17T00:53:47.805+0800][7694.283s] GC(53) Humongous regions: 4->4
[2020-04-17T00:53:47.805+0800][7694.283s] GC(53) Metaspace: 41052K(42192K)->41052K(42192K) NonClass: 36173K(36820K)->36173K(36820K) Class: 4879K(5372K)->4879K(5372K)
[2020-04-17T00:53:47.805+0800][7694.283s] GC(53) Pause Young (Concurrent Start) (G1 Evacuation Pause) 452M->324M(512M) 1.250ms
[2020-04-17T00:53:47.805+0800][7694.283s] GC(53) User=0.00s Sys=0.00s Real=0.00s
[2020-04-17T00:53:47.805+0800][7694.283s] GC(54) Concurrent Cycle
[2020-04-17T00:53:47.805+0800][7694.283s] GC(54) Concurrent Clear Claimed Marks
[2020-04-17T00:53:47.805+0800][7694.283s] GC(54) Concurrent Clear Claimed Marks 0.028ms
[2020-04-17T00:53:47.805+0800][7694.283s] GC(54) Concurrent Scan Root Regions
[2020-04-17T00:53:47.805+0800][7694.283s] GC(54) Concurrent Scan Root Regions 0.007ms
[2020-04-17T00:53:47.805+0800][7694.283s] GC(54) Concurrent Mark (7694.283s)
[2020-04-17T00:53:47.805+0800][7694.283s] GC(54) Concurrent Mark From Roots
[2020-04-17T00:53:47.805+0800][7694.283s] GC(54) Using 4 workers of 4 for marking
[2020-04-17T00:53:47.899+0800][7694.377s] GC(55) Pause Young (Normal) (G1 Evacuation Pause)
[2020-04-17T00:53:47.899+0800][7694.377s] GC(55) Using 4 workers of 4 for evacuation
[2020-04-17T00:53:47.900+0800][7694.378s] GC(55)   Pre Evacuate Collection Set: 0.1ms
[2020-04-17T00:53:47.900+0800][7694.378s] GC(55)   Merge Heap Roots: 0.1ms
[2020-04-17T00:53:47.900+0800][7694.378s] GC(55)   Evacuate Collection Set: 0.5ms
[2020-04-17T00:53:47.900+0800][7694.378s] GC(55)   Post Evacuate Collection Set: 0.4ms
[2020-04-17T00:53:47.900+0800][7694.378s] GC(55)   Other: 0.2ms
[2020-04-17T00:53:47.900+0800][7694.378s] GC(55) Eden regions: 128->0(128)
[2020-04-17T00:53:47.900+0800][7694.378s] GC(55) Survivor regions: 0->0(32)
[2020-04-17T00:53:47.900+0800][7694.378s] GC(55) Old regions: 320->320
[2020-04-17T00:53:47.900+0800][7694.378s] GC(55) Archive regions: 2->2
[2020-04-17T00:53:47.900+0800][7694.378s] GC(55) Humongous regions: 4->4
[2020-04-17T00:53:47.900+0800][7694.378s] GC(55) Metaspace: 41052K(42192K)->41052K(42192K) NonClass: 36173K(36820K)->36173K(36820K) Class: 4879K(5372K)->4879K(5372K)
[2020-04-17T00:53:47.900+0800][7694.378s] GC(55) Pause Young (Normal) (G1 Evacuation Pause) 452M->324M(512M) 1.197ms
[2020-04-17T00:53:47.900+0800][7694.378s] GC(55) User=0.01s Sys=0.00s Real=0.01s
[2020-04-17T00:53:47.970+0800][7694.448s] GC(56) Pause Young (Normal) (G1 Evacuation Pause)
[2020-04-17T00:53:47.970+0800][7694.448s] GC(56) Using 4 workers of 4 for evacuation
[2020-04-17T00:53:47.971+0800][7694.449s] GC(56)   Pre Evacuate Collection Set: 0.1ms
[2020-04-17T00:53:47.971+0800][7694.449s] GC(56)   Merge Heap Roots: 0.1ms
[2020-04-17T00:53:47.971+0800][7694.449s] GC(56)   Evacuate Collection Set: 0.3ms
[2020-04-17T00:53:47.971+0800][7694.449s] GC(56)   Post Evacuate Collection Set: 0.3ms
[2020-04-17T00:53:47.971+0800][7694.449s] GC(56)   Other: 0.2ms
[2020-04-17T00:53:47.971+0800][7694.449s] GC(56) Eden regions: 128->0(128)
[2020-04-17T00:53:47.971+0800][7694.449s] GC(56) Survivor regions: 0->0(32)
[2020-04-17T00:53:47.971+0800][7694.449s] GC(56) Old regions: 320->320
[2020-04-17T00:53:47.971+0800][7694.449s] GC(56) Archive regions: 2->2
[2020-04-17T00:53:47.971+0800][7694.449s] GC(56) Humongous regions: 4->4
[2020-04-17T00:53:47.971+0800][7694.449s] GC(56) Metaspace: 41052K(42192K)->41052K(42192K) NonClass: 36173K(36820K)->36173K(36820K) Class: 4879K(5372K)->4879K(5372K)
[2020-04-17T00:53:47.971+0800][7694.449s] GC(56) Pause Young (Normal) (G1 Evacuation Pause) 452M->324M(512M) 0.996ms
[2020-04-17T00:53:47.971+0800][7694.449s] GC(56) User=0.00s Sys=0.00s Real=0.00s
[2020-04-17T00:53:48.052+0800][7694.529s] GC(57) Pause Young (Normal) (G1 Evacuation Pause)
[2020-04-17T00:53:48.052+0800][7694.529s] GC(57) Using 4 workers of 4 for evacuation
[2020-04-17T00:53:48.052+0800][7694.530s] GC(57)   Pre Evacuate Collection Set: 0.1ms
[2020-04-17T00:53:48.052+0800][7694.530s] GC(57)   Merge Heap Roots: 0.0ms
[2020-04-17T00:53:48.052+0800][7694.530s] GC(57)   Evacuate Collection Set: 0.2ms
[2020-04-17T00:53:48.052+0800][7694.530s] GC(57)   Post Evacuate Collection Set: 0.3ms
[2020-04-17T00:53:48.052+0800][7694.530s] GC(57)   Other: 0.1ms
[2020-04-17T00:53:48.052+0800][7694.530s] GC(57) Eden regions: 128->0(128)
[2020-04-17T00:53:48.052+0800][7694.530s] GC(57) Survivor regions: 0->0(32)
[2020-04-17T00:53:48.052+0800][7694.530s] GC(57) Old regions: 320->320
[2020-04-17T00:53:48.052+0800][7694.530s] GC(57) Archive regions: 2->2
[2020-04-17T00:53:48.052+0800][7694.530s] GC(57) Humongous regions: 4->4
[2020-04-17T00:53:48.052+0800][7694.530s] GC(57) Metaspace: 41052K(42192K)->41052K(42192K) NonClass: 36173K(36820K)->36173K(36820K) Class: 4879K(5372K)->4879K(5372K)
[2020-04-17T00:53:48.052+0800][7694.530s] GC(57) Pause Young (Normal) (G1 Evacuation Pause) 452M->324M(512M) 0.776ms
[2020-04-17T00:53:48.052+0800][7694.530s] GC(57) User=0.01s Sys=0.00s Real=0.00s
[2020-04-17T00:53:48.126+0800][7694.604s] GC(58) Pause Young (Normal) (G1 Evacuation Pause)
[2020-04-17T00:53:48.126+0800][7694.604s] GC(58) Using 4 workers of 4 for evacuation
[2020-04-17T00:53:48.127+0800][7694.605s] GC(58)   Pre Evacuate Collection Set: 0.1ms
[2020-04-17T00:53:48.127+0800][7694.605s] GC(58)   Merge Heap Roots: 0.0ms
[2020-04-17T00:53:48.127+0800][7694.605s] GC(58)   Evacuate Collection Set: 0.2ms
[2020-04-17T00:53:48.127+0800][7694.605s] GC(58)   Post Evacuate Collection Set: 0.3ms
[2020-04-17T00:53:48.127+0800][7694.605s] GC(58)   Other: 0.1ms
[2020-04-17T00:53:48.127+0800][7694.605s] GC(58) Eden regions: 128->0(128)
[2020-04-17T00:53:48.127+0800][7694.605s] GC(58) Survivor regions: 0->0(32)
[2020-04-17T00:53:48.127+0800][7694.605s] GC(58) Old regions: 320->320
[2020-04-17T00:53:48.127+0800][7694.605s] GC(58) Archive regions: 2->2
[2020-04-17T00:53:48.127+0800][7694.605s] GC(58) Humongous regions: 4->4
[2020-04-17T00:53:48.127+0800][7694.605s] GC(58) Metaspace: 41052K(42192K)->41052K(42192K) NonClass: 36173K(36820K)->36173K(36820K) Class: 4879K(5372K)->4879K(5372K)
[2020-04-17T00:53:48.127+0800][7694.605s] GC(58) Pause Young (Normal) (G1 Evacuation Pause) 452M->324M(512M) 0.819ms
[2020-04-17T00:53:48.127+0800][7694.605s] GC(58) User=0.00s Sys=0.00s Real=0.00s
[2020-04-17T00:53:48.217+0800][7694.694s] GC(59) Pause Young (Normal) (G1 Evacuation Pause)
[2020-04-17T00:53:48.217+0800][7694.694s] GC(59) Using 4 workers of 4 for evacuation
[2020-04-17T00:53:48.217+0800][7694.695s] GC(59)   Pre Evacuate Collection Set: 0.1ms
[2020-04-17T00:53:48.217+0800][7694.695s] GC(59)   Merge Heap Roots: 0.0ms
[2020-04-17T00:53:48.217+0800][7694.695s] GC(59)   Evacuate Collection Set: 0.2ms
[2020-04-17T00:53:48.217+0800][7694.695s] GC(59)   Post Evacuate Collection Set: 0.3ms
[2020-04-17T00:53:48.217+0800][7694.695s] GC(59)   Other: 0.1ms
[2020-04-17T00:53:48.217+0800][7694.695s] GC(59) Eden regions: 128->0(128)
[2020-04-17T00:53:48.217+0800][7694.695s] GC(59) Survivor regions: 0->0(32)
[2020-04-17T00:53:48.217+0800][7694.695s] GC(59) Old regions: 320->320
[2020-04-17T00:53:48.217+0800][7694.695s] GC(59) Archive regions: 2->2
[2020-04-17T00:53:48.217+0800][7694.695s] GC(59) Humongous regions: 4->4
[2020-04-17T00:53:48.217+0800][7694.695s] GC(59) Metaspace: 41052K(42192K)->41052K(42192K) NonClass: 36173K(36820K)->36173K(36820K) Class: 4879K(5372K)->4879K(5372K)
[2020-04-17T00:53:48.217+0800][7694.695s] GC(59) Pause Young (Normal) (G1 Evacuation Pause) 452M->324M(512M) 0.816ms
[2020-04-17T00:53:48.217+0800][7694.695s] GC(59) User=0.00s Sys=0.00s Real=0.00s
[2020-04-17T00:53:48.254+0800][7694.732s] GC(54) Concurrent Mark From Roots 448.579ms
[2020-04-17T00:53:48.254+0800][7694.732s] GC(54) Concurrent Preclean
[2020-04-17T00:53:48.254+0800][7694.732s] GC(54) Concurrent Preclean 0.165ms
[2020-04-17T00:53:48.254+0800][7694.732s] GC(54) Concurrent Mark (7694.283s, 7694.732s) 448.833ms
[2020-04-17T00:53:48.254+0800][7694.732s] GC(54) Pause Remark
[2020-04-17T00:53:48.258+0800][7694.735s] GC(54) Pause Remark 402M->402M(512M) 3.519ms
[2020-04-17T00:53:48.258+0800][7694.735s] GC(54) User=0.01s Sys=0.00s Real=0.00s
[2020-04-17T00:53:48.258+0800][7694.736s] GC(54) Concurrent Rebuild Remembered Sets
[2020-04-17T00:53:48.289+0800][7694.766s] GC(60) Pause Young (Normal) (G1 Evacuation Pause)
[2020-04-17T00:53:48.289+0800][7694.766s] GC(60) Using 4 workers of 4 for evacuation
[2020-04-17T00:53:48.289+0800][7694.767s] GC(60)   Pre Evacuate Collection Set: 0.0ms
[2020-04-17T00:53:48.289+0800][7694.767s] GC(60)   Merge Heap Roots: 0.0ms
[2020-04-17T00:53:48.289+0800][7694.767s] GC(60)   Evacuate Collection Set: 0.2ms
[2020-04-17T00:53:48.289+0800][7694.767s] GC(60)   Post Evacuate Collection Set: 0.3ms
[2020-04-17T00:53:48.289+0800][7694.767s] GC(60)   Other: 0.1ms
[2020-04-17T00:53:48.289+0800][7694.767s] GC(60) Eden regions: 128->0(128)
[2020-04-17T00:53:48.289+0800][7694.767s] GC(60) Survivor regions: 0->0(32)
[2020-04-17T00:53:48.289+0800][7694.767s] GC(60) Old regions: 320->320
[2020-04-17T00:53:48.289+0800][7694.767s] GC(60) Archive regions: 2->2
[2020-04-17T00:53:48.289+0800][7694.767s] GC(60) Humongous regions: 4->4
[2020-04-17T00:53:48.289+0800][7694.767s] GC(60) Metaspace: 41052K(42192K)->41052K(42192K) NonClass: 36173K(36820K)->36173K(36820K) Class: 4879K(5372K)->4879K(5372K)
[2020-04-17T00:53:48.289+0800][7694.767s] GC(60) Pause Young (Normal) (G1 Evacuation Pause) 452M->324M(512M) 0.738ms
[2020-04-17T00:53:48.289+0800][7694.767s] GC(60) User=0.00s Sys=0.00s Real=0.00s
[2020-04-17T00:53:48.382+0800][7694.860s] GC(61) Pause Young (Normal) (G1 Evacuation Pause)
[2020-04-17T00:53:48.382+0800][7694.860s] GC(61) Using 4 workers of 4 for evacuation
[2020-04-17T00:53:48.383+0800][7694.861s] GC(61)   Pre Evacuate Collection Set: 0.1ms
[2020-04-17T00:53:48.383+0800][7694.861s] GC(61)   Merge Heap Roots: 0.0ms
[2020-04-17T00:53:48.383+0800][7694.861s] GC(61)   Evacuate Collection Set: 0.2ms
[2020-04-17T00:53:48.383+0800][7694.861s] GC(61)   Post Evacuate Collection Set: 0.3ms
[2020-04-17T00:53:48.383+0800][7694.861s] GC(61)   Other: 0.1ms
[2020-04-17T00:53:48.383+0800][7694.861s] GC(61) Eden regions: 128->0(128)
[2020-04-17T00:53:48.383+0800][7694.861s] GC(61) Survivor regions: 0->0(32)
[2020-04-17T00:53:48.383+0800][7694.861s] GC(61) Old regions: 320->320
[2020-04-17T00:53:48.383+0800][7694.861s] GC(61) Archive regions: 2->2
[2020-04-17T00:53:48.383+0800][7694.861s] GC(61) Humongous regions: 4->4
[2020-04-17T00:53:48.383+0800][7694.861s] GC(61) Metaspace: 41052K(42192K)->41052K(42192K) NonClass: 36173K(36820K)->36173K(36820K) Class: 4879K(5372K)->4879K(5372K)
[2020-04-17T00:53:48.383+0800][7694.861s] GC(61) Pause Young (Normal) (G1 Evacuation Pause) 452M->324M(512M) 0.894ms
[2020-04-17T00:53:48.383+0800][7694.861s] GC(61) User=0.00s Sys=0.00s Real=0.00s
[2020-04-17T00:53:48.450+0800][7694.928s] GC(62) Pause Young (Normal) (G1 Evacuation Pause)
[2020-04-17T00:53:48.450+0800][7694.928s] GC(62) Using 4 workers of 4 for evacuation
[2020-04-17T00:53:48.451+0800][7694.928s] GC(62)   Pre Evacuate Collection Set: 0.1ms
[2020-04-17T00:53:48.451+0800][7694.928s] GC(62)   Merge Heap Roots: 0.0ms
[2020-04-17T00:53:48.451+0800][7694.928s] GC(62)   Evacuate Collection Set: 0.2ms
[2020-04-17T00:53:48.451+0800][7694.928s] GC(62)   Post Evacuate Collection Set: 0.3ms
[2020-04-17T00:53:48.451+0800][7694.928s] GC(62)   Other: 0.1ms
[2020-04-17T00:53:48.451+0800][7694.928s] GC(62) Eden regions: 128->0(128)
[2020-04-17T00:53:48.451+0800][7694.928s] GC(62) Survivor regions: 0->0(32)
[2020-04-17T00:53:48.451+0800][7694.928s] GC(62) Old regions: 320->320
[2020-04-17T00:53:48.451+0800][7694.928s] GC(62) Archive regions: 2->2
[2020-04-17T00:53:48.451+0800][7694.928s] GC(62) Humongous regions: 4->4
[2020-04-17T00:53:48.451+0800][7694.928s] GC(62) Metaspace: 41052K(42192K)->41052K(42192K) NonClass: 36173K(36820K)->36173K(36820K) Class: 4879K(5372K)->4879K(5372K)
[2020-04-17T00:53:48.451+0800][7694.928s] GC(62) Pause Young (Normal) (G1 Evacuation Pause) 452M->324M(512M) 0.821ms
[2020-04-17T00:53:48.451+0800][7694.928s] GC(62) User=0.00s Sys=0.00s Real=0.00s
[2020-04-17T00:53:48.505+0800][7694.983s] GC(54) Concurrent Rebuild Remembered Sets 247.583ms
[2020-04-17T00:53:48.506+0800][7694.983s] GC(54) Pause Cleanup
[2020-04-17T00:53:48.506+0800][7694.984s] GC(54) Pause Cleanup 378M->378M(512M) 0.303ms
[2020-04-17T00:53:48.506+0800][7694.984s] GC(54) User=0.00s Sys=0.00s Real=0.00s
[2020-04-17T00:53:48.506+0800][7694.984s] GC(54) Concurrent Cleanup for Next Mark
[2020-04-17T00:53:48.507+0800][7694.984s] GC(54) Concurrent Cleanup for Next Mark 0.705ms
[2020-04-17T00:53:48.507+0800][7694.984s] GC(54) Concurrent Cycle 701.571ms
[2020-04-17T00:53:48.524+0800][7695.001s] GC(63) Pause Young (Normal) (G1 Evacuation Pause)
[2020-04-17T00:53:48.524+0800][7695.001s] GC(63) Using 4 workers of 4 for evacuation
[2020-04-17T00:53:48.524+0800][7695.002s] GC(63)   Pre Evacuate Collection Set: 0.1ms
[2020-04-17T00:53:48.524+0800][7695.002s] GC(63)   Merge Heap Roots: 0.1ms
[2020-04-17T00:53:48.524+0800][7695.002s] GC(63)   Evacuate Collection Set: 0.2ms
[2020-04-17T00:53:48.524+0800][7695.002s] GC(63)   Post Evacuate Collection Set: 0.3ms
[2020-04-17T00:53:48.524+0800][7695.002s] GC(63)   Other: 0.1ms
[2020-04-17T00:53:48.524+0800][7695.002s] GC(63) Eden regions: 128->0(128)
[2020-04-17T00:53:48.524+0800][7695.002s] GC(63) Survivor regions: 0->0(32)
[2020-04-17T00:53:48.524+0800][7695.002s] GC(63) Old regions: 320->320
[2020-04-17T00:53:48.524+0800][7695.002s] GC(63) Archive regions: 2->2
[2020-04-17T00:53:48.524+0800][7695.002s] GC(63) Humongous regions: 4->4
[2020-04-17T00:53:48.524+0800][7695.002s] GC(63) Metaspace: 41052K(42192K)->41052K(42192K) NonClass: 36173K(36820K)->36173K(36820K) Class: 4879K(5372K)->4879K(5372K)
[2020-04-17T00:53:48.524+0800][7695.002s] GC(63) Pause Young (Normal) (G1 Evacuation Pause) 452M->324M(512M) 0.917ms
[2020-04-17T00:53:48.524+0800][7695.002s] GC(63) User=0.00s Sys=0.00s Real=0.00s
[2020-04-17T00:53:48.556+0800][7695.034s] GC(64) Pause Young (Concurrent Start) (G1 Evacuation Pause)
[2020-04-17T00:53:48.556+0800][7695.034s] GC(64) Using 4 workers of 4 for evacuation
[2020-04-17T00:53:48.558+0800][7695.035s] GC(64)   Pre Evacuate Collection Set: 0.1ms
[2020-04-17T00:53:48.558+0800][7695.035s] GC(64)   Merge Heap Roots: 0.0ms
[2020-04-17T00:53:48.558+0800][7695.035s] GC(64)   Evacuate Collection Set: 0.6ms
[2020-04-17T00:53:48.558+0800][7695.035s] GC(64)   Post Evacuate Collection Set: 0.3ms
[2020-04-17T00:53:48.558+0800][7695.035s] GC(64)   Other: 0.2ms
[2020-04-17T00:53:48.558+0800][7695.035s] GC(64) Eden regions: 128->0(128)
[2020-04-17T00:53:48.558+0800][7695.035s] GC(64) Survivor regions: 0->0(32)
[2020-04-17T00:53:48.558+0800][7695.035s] GC(64) Old regions: 320->320
[2020-04-17T00:53:48.558+0800][7695.035s] GC(64) Archive regions: 2->2
[2020-04-17T00:53:48.558+0800][7695.035s] GC(64) Humongous regions: 4->4
[2020-04-17T00:53:48.558+0800][7695.035s] GC(64) Metaspace: 41052K(42192K)->41052K(42192K) NonClass: 36173K(36820K)->36173K(36820K) Class: 4879K(5372K)->4879K(5372K)
[2020-04-17T00:53:48.558+0800][7695.035s] GC(64) Pause Young (Concurrent Start) (G1 Evacuation Pause) 452M->324M(512M) 1.389ms
[2020-04-17T00:53:48.558+0800][7695.035s] GC(64) User=0.00s Sys=0.00s Real=0.00s
[2020-04-17T00:53:48.558+0800][7695.035s] GC(65) Concurrent Cycle
[2020-04-17T00:53:48.558+0800][7695.035s] GC(65) Concurrent Clear Claimed Marks
[2020-04-17T00:53:48.558+0800][7695.036s] GC(65) Concurrent Clear Claimed Marks 0.047ms
[2020-04-17T00:53:48.558+0800][7695.036s] GC(65) Concurrent Scan Root Regions
[2020-04-17T00:53:48.558+0800][7695.036s] GC(65) Concurrent Scan Root Regions 0.007ms
[2020-04-17T00:53:48.558+0800][7695.036s] GC(65) Concurrent Mark (7695.036s)
[2020-04-17T00:53:48.558+0800][7695.036s] GC(65) Concurrent Mark From Roots
[2020-04-17T00:53:48.558+0800][7695.036s] GC(65) Using 4 workers of 4 for marking
[2020-04-17T00:53:48.644+0800][7695.122s] GC(66) Pause Young (Normal) (G1 Evacuation Pause)
[2020-04-17T00:53:48.644+0800][7695.122s] GC(66) Using 4 workers of 4 for evacuation
[2020-04-17T00:53:48.645+0800][7695.123s] GC(66)   Pre Evacuate Collection Set: 0.0ms
[2020-04-17T00:53:48.645+0800][7695.123s] GC(66)   Merge Heap Roots: 0.0ms
[2020-04-17T00:53:48.645+0800][7695.123s] GC(66)   Evacuate Collection Set: 0.4ms
[2020-04-17T00:53:48.645+0800][7695.123s] GC(66)   Post Evacuate Collection Set: 0.2ms
[2020-04-17T00:53:48.645+0800][7695.123s] GC(66)   Other: 0.1ms
[2020-04-17T00:53:48.645+0800][7695.123s] GC(66) Eden regions: 128->0(128)
[2020-04-17T00:53:48.645+0800][7695.123s] GC(66) Survivor regions: 0->0(32)
[2020-04-17T00:53:48.645+0800][7695.123s] GC(66) Old regions: 320->320
[2020-04-17T00:53:48.645+0800][7695.123s] GC(66) Archive regions: 2->2
[2020-04-17T00:53:48.645+0800][7695.123s] GC(66) Humongous regions: 4->4
[2020-04-17T00:53:48.645+0800][7695.123s] GC(66) Metaspace: 41052K(42192K)->41052K(42192K) NonClass: 36173K(36820K)->36173K(36820K) Class: 4879K(5372K)->4879K(5372K)
[2020-04-17T00:53:48.645+0800][7695.123s] GC(66) Pause Young (Normal) (G1 Evacuation Pause) 452M->324M(512M) 0.968ms
[2020-04-17T00:53:48.645+0800][7695.123s] GC(66) User=0.00s Sys=0.00s Real=0.00s
[2020-04-17T00:53:48.760+0800][7695.238s] GC(67) Pause Young (Normal) (G1 Evacuation Pause)
[2020-04-17T00:53:48.760+0800][7695.238s] GC(67) Using 4 workers of 4 for evacuation
[2020-04-17T00:53:48.762+0800][7695.239s] GC(67)   Pre Evacuate Collection Set: 0.1ms
[2020-04-17T00:53:48.762+0800][7695.239s] GC(67)   Merge Heap Roots: 0.0ms
[2020-04-17T00:53:48.762+0800][7695.240s] GC(67)   Evacuate Collection Set: 1.1ms
[2020-04-17T00:53:48.762+0800][7695.240s] GC(67)   Post Evacuate Collection Set: 0.4ms
[2020-04-17T00:53:48.762+0800][7695.240s] GC(67)   Other: 0.1ms
[2020-04-17T00:53:48.762+0800][7695.240s] GC(67) Eden regions: 128->0(127)
[2020-04-17T00:53:48.762+0800][7695.240s] GC(67) Survivor regions: 0->1(32)
[2020-04-17T00:53:48.762+0800][7695.240s] GC(67) Old regions: 320->320
[2020-04-17T00:53:48.762+0800][7695.240s] GC(67) Archive regions: 2->2
[2020-04-17T00:53:48.762+0800][7695.240s] GC(67) Humongous regions: 4->4
[2020-04-17T00:53:48.762+0800][7695.240s] GC(67) Metaspace: 41104K(42192K)->41104K(42192K) NonClass: 36220K(36820K)->36220K(36820K) Class: 4884K(5372K)->4884K(5372K)
[2020-04-17T00:53:48.762+0800][7695.240s] GC(67) Pause Young (Normal) (G1 Evacuation Pause) 452M->324M(512M) 1.874ms
[2020-04-17T00:53:48.762+0800][7695.240s] GC(67) User=0.00s Sys=0.00s Real=0.00s
[2020-04-17T00:53:48.887+0800][7695.365s] GC(68) Pause Young (Normal) (G1 Evacuation Pause)
[2020-04-17T00:53:48.888+0800][7695.365s] GC(68) Using 4 workers of 4 for evacuation
[2020-04-17T00:53:48.888+0800][7695.366s] GC(68)   Pre Evacuate Collection Set: 0.0ms
[2020-04-17T00:53:48.888+0800][7695.366s] GC(68)   Merge Heap Roots: 0.0ms
[2020-04-17T00:53:48.888+0800][7695.366s] GC(68)   Evacuate Collection Set: 0.4ms
[2020-04-17T00:53:48.888+0800][7695.366s] GC(68)   Post Evacuate Collection Set: 0.3ms
[2020-04-17T00:53:48.888+0800][7695.366s] GC(68)   Other: 0.2ms
[2020-04-17T00:53:48.888+0800][7695.366s] GC(68) Eden regions: 127->0(127)
[2020-04-17T00:53:48.888+0800][7695.366s] GC(68) Survivor regions: 1->1(32)
[2020-04-17T00:53:48.888+0800][7695.366s] GC(68) Old regions: 320->320
[2020-04-17T00:53:48.888+0800][7695.366s] GC(68) Archive regions: 2->2
[2020-04-17T00:53:48.888+0800][7695.366s] GC(68) Humongous regions: 4->4
[2020-04-17T00:53:48.888+0800][7695.366s] GC(68) Metaspace: 41104K(42192K)->41104K(42192K) NonClass: 36220K(36820K)->36220K(36820K) Class: 4884K(5372K)->4884K(5372K)
[2020-04-17T00:53:48.889+0800][7695.366s] GC(68) Pause Young (Normal) (G1 Evacuation Pause) 451M->324M(512M) 1.066ms
[2020-04-17T00:53:48.889+0800][7695.366s] GC(68) User=0.01s Sys=0.00s Real=0.00s
[2020-04-17T00:53:48.985+0800][7695.463s] GC(69) Pause Young (Normal) (G1 Evacuation Pause)
[2020-04-17T00:53:48.985+0800][7695.463s] GC(69) Using 4 workers of 4 for evacuation
[2020-04-17T00:53:48.986+0800][7695.464s] GC(69)   Pre Evacuate Collection Set: 0.1ms
[2020-04-17T00:53:48.986+0800][7695.464s] GC(69)   Merge Heap Roots: 0.0ms
[2020-04-17T00:53:48.986+0800][7695.464s] GC(69)   Evacuate Collection Set: 0.5ms
[2020-04-17T00:53:48.986+0800][7695.464s] GC(69)   Post Evacuate Collection Set: 0.4ms
[2020-04-17T00:53:48.986+0800][7695.464s] GC(69)   Other: 0.2ms
[2020-04-17T00:53:48.986+0800][7695.464s] GC(69) Eden regions: 127->0(127)
[2020-04-17T00:53:48.986+0800][7695.464s] GC(69) Survivor regions: 1->1(32)
[2020-04-17T00:53:48.986+0800][7695.464s] GC(69) Old regions: 320->320
[2020-04-17T00:53:48.986+0800][7695.464s] GC(69) Archive regions: 2->2
[2020-04-17T00:53:48.986+0800][7695.464s] GC(69) Humongous regions: 4->4
[2020-04-17T00:53:48.986+0800][7695.464s] GC(69) Metaspace: 41104K(42192K)->41104K(42192K) NonClass: 36220K(36820K)->36220K(36820K) Class: 4884K(5372K)->4884K(5372K)
[2020-04-17T00:53:48.986+0800][7695.464s] GC(69) Pause Young (Normal) (G1 Evacuation Pause) 451M->324M(512M) 1.390ms
[2020-04-17T00:53:48.986+0800][7695.464s] GC(69) User=0.01s Sys=0.00s Real=0.00s
[2020-04-17T00:53:49.071+0800][7695.549s] GC(70) Pause Young (Normal) (G1 Evacuation Pause)
[2020-04-17T00:53:49.071+0800][7695.549s] GC(70) Using 4 workers of 4 for evacuation
[2020-04-17T00:53:49.072+0800][7695.550s] GC(70)   Pre Evacuate Collection Set: 0.1ms
[2020-04-17T00:53:49.072+0800][7695.550s] GC(70)   Merge Heap Roots: 0.0ms
[2020-04-17T00:53:49.072+0800][7695.550s] GC(70)   Evacuate Collection Set: 0.4ms
[2020-04-17T00:53:49.072+0800][7695.550s] GC(70)   Post Evacuate Collection Set: 0.3ms
[2020-04-17T00:53:49.072+0800][7695.550s] GC(70)   Other: 0.2ms
[2020-04-17T00:53:49.072+0800][7695.550s] GC(70) Eden regions: 127->0(127)
[2020-04-17T00:53:49.072+0800][7695.550s] GC(70) Survivor regions: 1->1(32)
[2020-04-17T00:53:49.072+0800][7695.550s] GC(70) Old regions: 320->320
[2020-04-17T00:53:49.072+0800][7695.550s] GC(70) Archive regions: 2->2
[2020-04-17T00:53:49.072+0800][7695.550s] GC(70) Humongous regions: 4->4
[2020-04-17T00:53:49.072+0800][7695.550s] GC(70) Metaspace: 41104K(42192K)->41104K(42192K) NonClass: 36220K(36820K)->36220K(36820K) Class: 4884K(5372K)->4884K(5372K)
[2020-04-17T00:53:49.072+0800][7695.550s] GC(70) Pause Young (Normal) (G1 Evacuation Pause) 451M->324M(512M) 1.003ms
[2020-04-17T00:53:49.072+0800][7695.550s] GC(70) User=0.00s Sys=0.00s Real=0.00s
[2020-04-17T00:53:49.110+0800][7695.588s] GC(65) Concurrent Mark From Roots 552.401ms
[2020-04-17T00:53:49.110+0800][7695.588s] GC(65) Concurrent Preclean
[2020-04-17T00:53:49.110+0800][7695.588s] GC(65) Concurrent Preclean 0.168ms
[2020-04-17T00:53:49.110+0800][7695.588s] GC(65) Concurrent Mark (7695.036s, 7695.588s) 552.659ms
[2020-04-17T00:53:49.111+0800][7695.588s] GC(65) Pause Remark
[2020-04-17T00:53:49.114+0800][7695.592s] GC(65) Pause Remark 375M->375M(512M) 3.376ms
[2020-04-17T00:53:49.114+0800][7695.592s] GC(65) User=0.01s Sys=0.00s Real=0.00s
[2020-04-17T00:53:49.114+0800][7695.592s] GC(65) Concurrent Rebuild Remembered Sets
[2020-04-17T00:53:49.157+0800][7695.635s] GC(71) Pause Young (Normal) (G1 Evacuation Pause)
[2020-04-17T00:53:49.157+0800][7695.635s] GC(71) Using 4 workers of 4 for evacuation
[2020-04-17T00:53:49.158+0800][7695.636s] GC(71)   Pre Evacuate Collection Set: 0.1ms
[2020-04-17T00:53:49.158+0800][7695.636s] GC(71)   Merge Heap Roots: 0.0ms
[2020-04-17T00:53:49.158+0800][7695.636s] GC(71)   Evacuate Collection Set: 0.5ms
[2020-04-17T00:53:49.158+0800][7695.636s] GC(71)   Post Evacuate Collection Set: 0.2ms
[2020-04-17T00:53:49.158+0800][7695.636s] GC(71)   Other: 0.1ms
[2020-04-17T00:53:49.158+0800][7695.636s] GC(71) Eden regions: 127->0(127)
[2020-04-17T00:53:49.158+0800][7695.636s] GC(71) Survivor regions: 1->1(32)
[2020-04-17T00:53:49.158+0800][7695.636s] GC(71) Old regions: 320->320
[2020-04-17T00:53:49.158+0800][7695.636s] GC(71) Archive regions: 2->2
[2020-04-17T00:53:49.158+0800][7695.636s] GC(71) Humongous regions: 4->4
[2020-04-17T00:53:49.158+0800][7695.636s] GC(71) Metaspace: 41104K(42192K)->41104K(42192K) NonClass: 36220K(36820K)->36220K(36820K) Class: 4884K(5372K)->4884K(5372K)
[2020-04-17T00:53:49.158+0800][7695.636s] GC(71) Pause Young (Normal) (G1 Evacuation Pause) 451M->324M(512M) 1.180ms
[2020-04-17T00:53:49.158+0800][7695.636s] GC(71) User=0.01s Sys=0.00s Real=0.00s
[2020-04-17T00:53:49.253+0800][7695.731s] GC(72) Pause Young (Normal) (G1 Evacuation Pause)
[2020-04-17T00:53:49.254+0800][7695.731s] GC(72) Using 4 workers of 4 for evacuation
[2020-04-17T00:53:49.254+0800][7695.732s] GC(72)   Pre Evacuate Collection Set: 0.1ms
[2020-04-17T00:53:49.254+0800][7695.732s] GC(72)   Merge Heap Roots: 0.0ms
[2020-04-17T00:53:49.254+0800][7695.732s] GC(72)   Evacuate Collection Set: 0.4ms
[2020-04-17T00:53:49.254+0800][7695.732s] GC(72)   Post Evacuate Collection Set: 0.3ms
[2020-04-17T00:53:49.254+0800][7695.732s] GC(72)   Other: 0.1ms
[2020-04-17T00:53:49.254+0800][7695.732s] GC(72) Eden regions: 127->0(127)
[2020-04-17T00:53:49.254+0800][7695.732s] GC(72) Survivor regions: 1->1(32)
[2020-04-17T00:53:49.254+0800][7695.732s] GC(72) Old regions: 320->320
[2020-04-17T00:53:49.254+0800][7695.732s] GC(72) Archive regions: 2->2
[2020-04-17T00:53:49.254+0800][7695.732s] GC(72) Humongous regions: 4->4
[2020-04-17T00:53:49.254+0800][7695.732s] GC(72) Metaspace: 41104K(42192K)->41104K(42192K) NonClass: 36220K(36820K)->36220K(36820K) Class: 4884K(5372K)->4884K(5372K)
[2020-04-17T00:53:49.255+0800][7695.732s] GC(72) Pause Young (Normal) (G1 Evacuation Pause) 451M->324M(512M) 1.033ms
[2020-04-17T00:53:49.255+0800][7695.732s] GC(72) User=0.00s Sys=0.00s Real=0.00s
[2020-04-17T00:53:49.314+0800][7695.792s] GC(73) Pause Young (Normal) (G1 Evacuation Pause)
[2020-04-17T00:53:49.314+0800][7695.792s] GC(73) Using 4 workers of 4 for evacuation
[2020-04-17T00:53:49.315+0800][7695.793s] GC(73)   Pre Evacuate Collection Set: 0.1ms
[2020-04-17T00:53:49.315+0800][7695.793s] GC(73)   Merge Heap Roots: 0.0ms
[2020-04-17T00:53:49.315+0800][7695.793s] GC(73)   Evacuate Collection Set: 0.4ms
[2020-04-17T00:53:49.315+0800][7695.793s] GC(73)   Post Evacuate Collection Set: 0.3ms
[2020-04-17T00:53:49.315+0800][7695.793s] GC(73)   Other: 0.1ms
[2020-04-17T00:53:49.315+0800][7695.793s] GC(73) Eden regions: 127->0(127)
[2020-04-17T00:53:49.315+0800][7695.793s] GC(73) Survivor regions: 1->1(32)
[2020-04-17T00:53:49.315+0800][7695.793s] GC(73) Old regions: 320->320
[2020-04-17T00:53:49.315+0800][7695.793s] GC(73) Archive regions: 2->2
[2020-04-17T00:53:49.315+0800][7695.793s] GC(73) Humongous regions: 4->4
[2020-04-17T00:53:49.315+0800][7695.793s] GC(73) Metaspace: 41104K(42192K)->41104K(42192K) NonClass: 36220K(36820K)->36220K(36820K) Class: 4884K(5372K)->4884K(5372K)
[2020-04-17T00:53:49.315+0800][7695.793s] GC(73) Pause Young (Normal) (G1 Evacuation Pause) 451M->324M(512M) 1.049ms
[2020-04-17T00:53:49.315+0800][7695.793s] GC(73) User=0.01s Sys=0.00s Real=0.00s
[2020-04-17T00:53:49.379+0800][7695.857s] GC(74) Pause Young (Normal) (G1 Evacuation Pause)
[2020-04-17T00:53:49.379+0800][7695.857s] GC(74) Using 4 workers of 4 for evacuation
[2020-04-17T00:53:49.380+0800][7695.858s] GC(74)   Pre Evacuate Collection Set: 0.1ms
[2020-04-17T00:53:49.380+0800][7695.858s] GC(74)   Merge Heap Roots: 0.0ms
[2020-04-17T00:53:49.380+0800][7695.858s] GC(74)   Evacuate Collection Set: 0.5ms
[2020-04-17T00:53:49.380+0800][7695.858s] GC(74)   Post Evacuate Collection Set: 0.4ms
[2020-04-17T00:53:49.380+0800][7695.858s] GC(74)   Other: 0.1ms
[2020-04-17T00:53:49.380+0800][7695.858s] GC(74) Eden regions: 127->0(127)
[2020-04-17T00:53:49.380+0800][7695.858s] GC(74) Survivor regions: 1->1(32)
[2020-04-17T00:53:49.380+0800][7695.858s] GC(74) Old regions: 320->320
[2020-04-17T00:53:49.380+0800][7695.858s] GC(74) Archive regions: 2->2
[2020-04-17T00:53:49.380+0800][7695.858s] GC(74) Humongous regions: 4->4
[2020-04-17T00:53:49.380+0800][7695.858s] GC(74) Metaspace: 41104K(42192K)->41104K(42192K) NonClass: 36220K(36820K)->36220K(36820K) Class: 4884K(5372K)->4884K(5372K)
[2020-04-17T00:53:49.380+0800][7695.858s] GC(74) Pause Young (Normal) (G1 Evacuation Pause) 451M->324M(512M) 1.179ms
[2020-04-17T00:53:49.380+0800][7695.858s] GC(74) User=0.00s Sys=0.00s Real=0.01s
[2020-04-17T00:53:49.389+0800][7695.867s] GC(65) Concurrent Rebuild Remembered Sets 275.000ms
[2020-04-17T00:53:49.390+0800][7695.867s] GC(65) Pause Cleanup
[2020-04-17T00:53:49.390+0800][7695.868s] GC(65) Pause Cleanup 344M->344M(512M) 0.334ms
[2020-04-17T00:53:49.390+0800][7695.868s] GC(65) User=0.00s Sys=0.00s Real=0.00s
[2020-04-17T00:53:49.390+0800][7695.868s] GC(65) Concurrent Cleanup for Next Mark
[2020-04-17T00:53:49.391+0800][7695.869s] GC(65) Concurrent Cleanup for Next Mark 0.745ms
[2020-04-17T00:53:49.391+0800][7695.869s] GC(65) Concurrent Cycle 833.227ms
[2020-04-17T00:53:49.416+0800][7695.894s] GC(75) Pause Young (Normal) (G1 Evacuation Pause)
[2020-04-17T00:53:49.416+0800][7695.894s] GC(75) Using 4 workers of 4 for evacuation
[2020-04-17T00:53:49.418+0800][7695.895s] GC(75)   Pre Evacuate Collection Set: 0.1ms
[2020-04-17T00:53:49.418+0800][7695.895s] GC(75)   Merge Heap Roots: 0.1ms
[2020-04-17T00:53:49.418+0800][7695.895s] GC(75)   Evacuate Collection Set: 0.6ms
[2020-04-17T00:53:49.418+0800][7695.895s] GC(75)   Post Evacuate Collection Set: 0.5ms
[2020-04-17T00:53:49.418+0800][7695.895s] GC(75)   Other: 0.2ms
[2020-04-17T00:53:49.418+0800][7695.895s] GC(75) Eden regions: 127->0(128)
[2020-04-17T00:53:49.418+0800][7695.895s] GC(75) Survivor regions: 1->0(32)
[2020-04-17T00:53:49.418+0800][7695.895s] GC(75) Old regions: 320->320
[2020-04-17T00:53:49.418+0800][7695.895s] GC(75) Archive regions: 2->2
[2020-04-17T00:53:49.418+0800][7695.895s] GC(75) Humongous regions: 4->4
[2020-04-17T00:53:49.418+0800][7695.895s] GC(75) Metaspace: 41104K(42192K)->41104K(42192K) NonClass: 36220K(36820K)->36220K(36820K) Class: 4884K(5372K)->4884K(5372K)
[2020-04-17T00:53:49.418+0800][7695.895s] GC(75) Pause Young (Normal) (G1 Evacuation Pause) 451M->324M(512M) 1.481ms
[2020-04-17T00:53:49.418+0800][7695.895s] GC(75) User=0.00s Sys=0.00s Real=0.00s
[2020-04-17T00:53:49.446+0800][7695.923s] GC(76) Pause Young (Concurrent Start) (G1 Evacuation Pause)
[2020-04-17T00:53:49.446+0800][7695.923s] GC(76) Using 4 workers of 4 for evacuation
[2020-04-17T00:53:49.447+0800][7695.925s] GC(76)   Pre Evacuate Collection Set: 0.1ms
[2020-04-17T00:53:49.447+0800][7695.925s] GC(76)   Merge Heap Roots: 0.0ms
[2020-04-17T00:53:49.447+0800][7695.925s] GC(76)   Evacuate Collection Set: 0.8ms
[2020-04-17T00:53:49.447+0800][7695.925s] GC(76)   Post Evacuate Collection Set: 0.3ms
[2020-04-17T00:53:49.447+0800][7695.925s] GC(76)   Other: 0.1ms
[2020-04-17T00:53:49.447+0800][7695.925s] GC(76) Eden regions: 128->0(128)
[2020-04-17T00:53:49.447+0800][7695.925s] GC(76) Survivor regions: 0->0(32)
[2020-04-17T00:53:49.447+0800][7695.925s] GC(76) Old regions: 320->320
[2020-04-17T00:53:49.447+0800][7695.925s] GC(76) Archive regions: 2->2
[2020-04-17T00:53:49.447+0800][7695.925s] GC(76) Humongous regions: 4->4
[2020-04-17T00:53:49.447+0800][7695.925s] GC(76) Metaspace: 41104K(42192K)->41104K(42192K) NonClass: 36220K(36820K)->36220K(36820K) Class: 4884K(5372K)->4884K(5372K)
[2020-04-17T00:53:49.447+0800][7695.925s] GC(76) Pause Young (Concurrent Start) (G1 Evacuation Pause) 452M->324M(512M) 1.490ms
[2020-04-17T00:53:49.447+0800][7695.925s] GC(76) User=0.00s Sys=0.00s Real=0.00s
[2020-04-17T00:53:49.447+0800][7695.925s] GC(77) Concurrent Cycle
[2020-04-17T00:53:49.447+0800][7695.925s] GC(77) Concurrent Clear Claimed Marks
[2020-04-17T00:53:49.447+0800][7695.925s] GC(77) Concurrent Clear Claimed Marks 0.058ms
[2020-04-17T00:53:49.447+0800][7695.925s] GC(77) Concurrent Scan Root Regions
[2020-04-17T00:53:49.447+0800][7695.925s] GC(77) Concurrent Scan Root Regions 0.008ms
[2020-04-17T00:53:49.447+0800][7695.925s] GC(77) Concurrent Mark (7695.925s)
[2020-04-17T00:53:49.447+0800][7695.925s] GC(77) Concurrent Mark From Roots
[2020-04-17T00:53:49.447+0800][7695.925s] GC(77) Using 4 workers of 4 for marking
[2020-04-17T00:53:49.564+0800][7696.042s] GC(78) Pause Young (Normal) (G1 Evacuation Pause)
[2020-04-17T00:53:49.564+0800][7696.042s] GC(78) Using 4 workers of 4 for evacuation
[2020-04-17T00:53:49.565+0800][7696.042s] GC(78)   Pre Evacuate Collection Set: 0.1ms
[2020-04-17T00:53:49.565+0800][7696.042s] GC(78)   Merge Heap Roots: 0.0ms
[2020-04-17T00:53:49.565+0800][7696.043s] GC(78)   Evacuate Collection Set: 0.4ms
[2020-04-17T00:53:49.565+0800][7696.043s] GC(78)   Post Evacuate Collection Set: 0.3ms
[2020-04-17T00:53:49.565+0800][7696.043s] GC(78)   Other: 0.1ms
[2020-04-17T00:53:49.565+0800][7696.043s] GC(78) Eden regions: 128->0(128)
[2020-04-17T00:53:49.565+0800][7696.043s] GC(78) Survivor regions: 0->0(32)
[2020-04-17T00:53:49.565+0800][7696.043s] GC(78) Old regions: 320->320
[2020-04-17T00:53:49.565+0800][7696.043s] GC(78) Archive regions: 2->2
[2020-04-17T00:53:49.565+0800][7696.043s] GC(78) Humongous regions: 4->4
[2020-04-17T00:53:49.565+0800][7696.043s] GC(78) Metaspace: 41104K(42192K)->41104K(42192K) NonClass: 36220K(36820K)->36220K(36820K) Class: 4884K(5372K)->4884K(5372K)
[2020-04-17T00:53:49.565+0800][7696.043s] GC(78) Pause Young (Normal) (G1 Evacuation Pause) 452M->324M(512M) 1.045ms
[2020-04-17T00:53:49.565+0800][7696.043s] GC(78) User=0.00s Sys=0.00s Real=0.00s
[2020-04-17T00:53:49.637+0800][7696.115s] GC(79) Pause Young (Normal) (G1 Evacuation Pause)
[2020-04-17T00:53:49.637+0800][7696.115s] GC(79) Using 4 workers of 4 for evacuation
[2020-04-17T00:53:49.638+0800][7696.116s] GC(79)   Pre Evacuate Collection Set: 0.1ms
[2020-04-17T00:53:49.638+0800][7696.116s] GC(79)   Merge Heap Roots: 0.0ms
[2020-04-17T00:53:49.638+0800][7696.116s] GC(79)   Evacuate Collection Set: 0.3ms
[2020-04-17T00:53:49.638+0800][7696.116s] GC(79)   Post Evacuate Collection Set: 0.3ms
[2020-04-17T00:53:49.638+0800][7696.116s] GC(79)   Other: 0.2ms
[2020-04-17T00:53:49.638+0800][7696.116s] GC(79) Eden regions: 128->0(128)
[2020-04-17T00:53:49.638+0800][7696.116s] GC(79) Survivor regions: 0->0(32)
[2020-04-17T00:53:49.638+0800][7696.116s] GC(79) Old regions: 320->320
[2020-04-17T00:53:49.638+0800][7696.116s] GC(79) Archive regions: 2->2
[2020-04-17T00:53:49.638+0800][7696.116s] GC(79) Humongous regions: 4->4
[2020-04-17T00:53:49.638+0800][7696.116s] GC(79) Metaspace: 41104K(42192K)->41104K(42192K) NonClass: 36220K(36820K)->36220K(36820K) Class: 4884K(5372K)->4884K(5372K)
[2020-04-17T00:53:49.638+0800][7696.116s] GC(79) Pause Young (Normal) (G1 Evacuation Pause) 452M->324M(512M) 1.010ms
[2020-04-17T00:53:49.638+0800][7696.116s] GC(79) User=0.01s Sys=0.00s Real=0.00s
[2020-04-17T00:53:49.710+0800][7696.187s] GC(80) Pause Young (Normal) (G1 Evacuation Pause)
[2020-04-17T00:53:49.710+0800][7696.187s] GC(80) Using 4 workers of 4 for evacuation
[2020-04-17T00:53:49.710+0800][7696.188s] GC(80)   Pre Evacuate Collection Set: 0.1ms
[2020-04-17T00:53:49.710+0800][7696.188s] GC(80)   Merge Heap Roots: 0.0ms
[2020-04-17T00:53:49.710+0800][7696.188s] GC(80)   Evacuate Collection Set: 0.2ms
[2020-04-17T00:53:49.710+0800][7696.188s] GC(80)   Post Evacuate Collection Set: 0.3ms
[2020-04-17T00:53:49.710+0800][7696.188s] GC(80)   Other: 0.1ms
[2020-04-17T00:53:49.710+0800][7696.188s] GC(80) Eden regions: 128->0(128)
[2020-04-17T00:53:49.710+0800][7696.188s] GC(80) Survivor regions: 0->0(32)
[2020-04-17T00:53:49.710+0800][7696.188s] GC(80) Old regions: 320->320
[2020-04-17T00:53:49.710+0800][7696.188s] GC(80) Archive regions: 2->2
[2020-04-17T00:53:49.710+0800][7696.188s] GC(80) Humongous regions: 4->4
[2020-04-17T00:53:49.710+0800][7696.188s] GC(80) Metaspace: 41104K(42192K)->41104K(42192K) NonClass: 36220K(36820K)->36220K(36820K) Class: 4884K(5372K)->4884K(5372K)
[2020-04-17T00:53:49.710+0800][7696.188s] GC(80) Pause Young (Normal) (G1 Evacuation Pause) 452M->324M(512M) 0.846ms
[2020-04-17T00:53:49.710+0800][7696.188s] GC(80) User=0.00s Sys=0.00s Real=0.00s
[2020-04-17T00:53:49.786+0800][7696.264s] GC(81) Pause Young (Normal) (G1 Evacuation Pause)
[2020-04-17T00:53:49.786+0800][7696.264s] GC(81) Using 4 workers of 4 for evacuation
[2020-04-17T00:53:49.787+0800][7696.265s] GC(81)   Pre Evacuate Collection Set: 0.1ms
[2020-04-17T00:53:49.787+0800][7696.265s] GC(81)   Merge Heap Roots: 0.0ms
[2020-04-17T00:53:49.787+0800][7696.265s] GC(81)   Evacuate Collection Set: 0.3ms
[2020-04-17T00:53:49.787+0800][7696.265s] GC(81)   Post Evacuate Collection Set: 0.3ms
[2020-04-17T00:53:49.787+0800][7696.265s] GC(81)   Other: 0.1ms
[2020-04-17T00:53:49.787+0800][7696.265s] GC(81) Eden regions: 128->0(128)
[2020-04-17T00:53:49.787+0800][7696.265s] GC(81) Survivor regions: 0->0(32)
[2020-04-17T00:53:49.787+0800][7696.265s] GC(81) Old regions: 320->320
[2020-04-17T00:53:49.787+0800][7696.265s] GC(81) Archive regions: 2->2
[2020-04-17T00:53:49.787+0800][7696.265s] GC(81) Humongous regions: 4->4
[2020-04-17T00:53:49.787+0800][7696.265s] GC(81) Metaspace: 41104K(42192K)->41104K(42192K) NonClass: 36220K(36820K)->36220K(36820K) Class: 4884K(5372K)->4884K(5372K)
[2020-04-17T00:53:49.787+0800][7696.265s] GC(81) Pause Young (Normal) (G1 Evacuation Pause) 452M->324M(512M) 0.879ms
[2020-04-17T00:53:49.787+0800][7696.265s] GC(81) User=0.00s Sys=0.00s Real=0.00s
[2020-04-17T00:53:49.904+0800][7696.382s] GC(82) Pause Young (Normal) (G1 Evacuation Pause)
[2020-04-17T00:53:49.904+0800][7696.382s] GC(82) Using 4 workers of 4 for evacuation
[2020-04-17T00:53:49.905+0800][7696.383s] GC(82)   Pre Evacuate Collection Set: 0.1ms
[2020-04-17T00:53:49.905+0800][7696.383s] GC(82)   Merge Heap Roots: 0.0ms
[2020-04-17T00:53:49.905+0800][7696.383s] GC(82)   Evacuate Collection Set: 0.3ms
[2020-04-17T00:53:49.905+0800][7696.383s] GC(82)   Post Evacuate Collection Set: 0.6ms
[2020-04-17T00:53:49.906+0800][7696.383s] GC(82)   Other: 0.2ms
[2020-04-17T00:53:49.906+0800][7696.383s] GC(82) Eden regions: 128->0(128)
[2020-04-17T00:53:49.906+0800][7696.383s] GC(82) Survivor regions: 0->0(32)
[2020-04-17T00:53:49.906+0800][7696.383s] GC(82) Old regions: 320->320
[2020-04-17T00:53:49.906+0800][7696.383s] GC(82) Archive regions: 2->2
[2020-04-17T00:53:49.906+0800][7696.383s] GC(82) Humongous regions: 4->4
[2020-04-17T00:53:49.906+0800][7696.383s] GC(82) Metaspace: 41104K(42192K)->41104K(42192K) NonClass: 36220K(36820K)->36220K(36820K) Class: 4884K(5372K)->4884K(5372K)
[2020-04-17T00:53:49.906+0800][7696.383s] GC(82) Pause Young (Normal) (G1 Evacuation Pause) 452M->324M(512M) 1.270ms
[2020-04-17T00:53:49.906+0800][7696.383s] GC(82) User=0.00s Sys=0.00s Real=0.00s
[2020-04-17T00:53:49.931+0800][7696.409s] GC(77) Concurrent Mark From Roots 483.459ms
[2020-04-17T00:53:49.931+0800][7696.409s] GC(77) Concurrent Preclean
[2020-04-17T00:53:49.931+0800][7696.409s] GC(77) Concurrent Preclean 0.133ms
[2020-04-17T00:53:49.931+0800][7696.409s] GC(77) Concurrent Mark (7695.925s, 7696.409s) 483.663ms
[2020-04-17T00:53:49.931+0800][7696.409s] GC(77) Pause Remark
[2020-04-17T00:53:49.935+0800][7696.412s] GC(77) Pause Remark 359M->359M(512M) 3.362ms
[2020-04-17T00:53:49.935+0800][7696.412s] GC(77) User=0.02s Sys=0.00s Real=0.00s
[2020-04-17T00:53:49.935+0800][7696.412s] GC(77) Concurrent Rebuild Remembered Sets
[2020-04-17T00:53:50.026+0800][7696.504s] GC(83) Pause Young (Normal) (G1 Evacuation Pause)
[2020-04-17T00:53:50.026+0800][7696.504s] GC(83) Using 4 workers of 4 for evacuation
[2020-04-17T00:53:50.027+0800][7696.505s] GC(83)   Pre Evacuate Collection Set: 0.2ms
[2020-04-17T00:53:50.027+0800][7696.505s] GC(83)   Merge Heap Roots: 0.1ms
[2020-04-17T00:53:50.027+0800][7696.505s] GC(83)   Evacuate Collection Set: 0.3ms
[2020-04-17T00:53:50.027+0800][7696.505s] GC(83)   Post Evacuate Collection Set: 0.4ms
[2020-04-17T00:53:50.027+0800][7696.505s] GC(83)   Other: 0.2ms
[2020-04-17T00:53:50.027+0800][7696.505s] GC(83) Eden regions: 128->0(128)
[2020-04-17T00:53:50.027+0800][7696.505s] GC(83) Survivor regions: 0->0(32)
[2020-04-17T00:53:50.027+0800][7696.505s] GC(83) Old regions: 320->320
[2020-04-17T00:53:50.027+0800][7696.505s] GC(83) Archive regions: 2->2
[2020-04-17T00:53:50.027+0800][7696.505s] GC(83) Humongous regions: 4->4
[2020-04-17T00:53:50.027+0800][7696.505s] GC(83) Metaspace: 41104K(42192K)->41104K(42192K) NonClass: 36220K(36820K)->36220K(36820K) Class: 4884K(5372K)->4884K(5372K)
[2020-04-17T00:53:50.027+0800][7696.505s] GC(83) Pause Young (Normal) (G1 Evacuation Pause) 452M->324M(512M) 1.183ms
[2020-04-17T00:53:50.027+0800][7696.505s] GC(83) User=0.00s Sys=0.00s Real=0.00s
[2020-04-17T00:53:50.127+0800][7696.605s] GC(84) Pause Young (Normal) (G1 Evacuation Pause)
[2020-04-17T00:53:50.127+0800][7696.605s] GC(84) Using 4 workers of 4 for evacuation
[2020-04-17T00:53:50.128+0800][7696.606s] GC(84)   Pre Evacuate Collection Set: 0.1ms
[2020-04-17T00:53:50.128+0800][7696.606s] GC(84)   Merge Heap Roots: 0.0ms
[2020-04-17T00:53:50.128+0800][7696.606s] GC(84)   Evacuate Collection Set: 0.3ms
[2020-04-17T00:53:50.128+0800][7696.606s] GC(84)   Post Evacuate Collection Set: 0.5ms
[2020-04-17T00:53:50.128+0800][7696.606s] GC(84)   Other: 0.1ms
[2020-04-17T00:53:50.128+0800][7696.606s] GC(84) Eden regions: 128->0(128)
[2020-04-17T00:53:50.128+0800][7696.606s] GC(84) Survivor regions: 0->0(32)
[2020-04-17T00:53:50.128+0800][7696.606s] GC(84) Old regions: 320->320
[2020-04-17T00:53:50.128+0800][7696.606s] GC(84) Archive regions: 2->2
[2020-04-17T00:53:50.128+0800][7696.606s] GC(84) Humongous regions: 4->4
[2020-04-17T00:53:50.128+0800][7696.606s] GC(84) Metaspace: 41104K(42192K)->41104K(42192K) NonClass: 36220K(36820K)->36220K(36820K) Class: 4884K(5372K)->4884K(5372K)
[2020-04-17T00:53:50.128+0800][7696.606s] GC(84) Pause Young (Normal) (G1 Evacuation Pause) 452M->324M(512M) 1.154ms
[2020-04-17T00:53:50.129+0800][7696.606s] GC(84) User=0.00s Sys=0.00s Real=0.00s
[2020-04-17T00:53:50.203+0800][7696.681s] GC(85) Pause Young (Normal) (G1 Evacuation Pause)
[2020-04-17T00:53:50.203+0800][7696.681s] GC(85) Using 4 workers of 4 for evacuation
[2020-04-17T00:53:50.204+0800][7696.682s] GC(85)   Pre Evacuate Collection Set: 0.1ms
[2020-04-17T00:53:50.204+0800][7696.682s] GC(85)   Merge Heap Roots: 0.0ms
[2020-04-17T00:53:50.204+0800][7696.682s] GC(85)   Evacuate Collection Set: 0.2ms
[2020-04-17T00:53:50.204+0800][7696.682s] GC(85)   Post Evacuate Collection Set: 0.3ms
[2020-04-17T00:53:50.204+0800][7696.682s] GC(85)   Other: 0.1ms
[2020-04-17T00:53:50.204+0800][7696.682s] GC(85) Eden regions: 128->0(128)
[2020-04-17T00:53:50.204+0800][7696.682s] GC(85) Survivor regions: 0->0(32)
[2020-04-17T00:53:50.204+0800][7696.682s] GC(85) Old regions: 320->320
[2020-04-17T00:53:50.204+0800][7696.682s] GC(85) Archive regions: 2->2
[2020-04-17T00:53:50.204+0800][7696.682s] GC(85) Humongous regions: 4->4
[2020-04-17T00:53:50.204+0800][7696.682s] GC(85) Metaspace: 41104K(42192K)->41104K(42192K) NonClass: 36220K(36820K)->36220K(36820K) Class: 4884K(5372K)->4884K(5372K)
[2020-04-17T00:53:50.204+0800][7696.682s] GC(85) Pause Young (Normal) (G1 Evacuation Pause) 452M->324M(512M) 0.879ms
[2020-04-17T00:53:50.204+0800][7696.682s] GC(85) User=0.00s Sys=0.00s Real=0.00s
[2020-04-17T00:53:50.257+0800][7696.735s] GC(77) Concurrent Rebuild Remembered Sets 322.636ms
[2020-04-17T00:53:50.258+0800][7696.735s] GC(77) Pause Cleanup
[2020-04-17T00:53:50.258+0800][7696.736s] GC(77) Pause Cleanup 404M->404M(512M) 0.279ms
[2020-04-17T00:53:50.258+0800][7696.736s] GC(77) User=0.00s Sys=0.00s Real=0.00s
[2020-04-17T00:53:50.258+0800][7696.736s] GC(77) Concurrent Cleanup for Next Mark
[2020-04-17T00:53:50.259+0800][7696.736s] GC(77) Concurrent Cleanup for Next Mark 0.671ms
[2020-04-17T00:53:50.259+0800][7696.736s] GC(77) Concurrent Cycle 811.337ms
[2020-04-17T00:53:50.270+0800][7696.748s] GC(86) Pause Young (Normal) (G1 Evacuation Pause)
[2020-04-17T00:53:50.270+0800][7696.748s] GC(86) Using 4 workers of 4 for evacuation
[2020-04-17T00:53:50.271+0800][7696.749s] GC(86)   Pre Evacuate Collection Set: 0.1ms
[2020-04-17T00:53:50.271+0800][7696.749s] GC(86)   Merge Heap Roots: 0.0ms
[2020-04-17T00:53:50.271+0800][7696.749s] GC(86)   Evacuate Collection Set: 0.3ms
[2020-04-17T00:53:50.271+0800][7696.749s] GC(86)   Post Evacuate Collection Set: 0.3ms
[2020-04-17T00:53:50.271+0800][7696.749s] GC(86)   Other: 0.2ms
[2020-04-17T00:53:50.271+0800][7696.749s] GC(86) Eden regions: 128->0(128)
[2020-04-17T00:53:50.271+0800][7696.749s] GC(86) Survivor regions: 0->0(32)
[2020-04-17T00:53:50.271+0800][7696.749s] GC(86) Old regions: 320->320
[2020-04-17T00:53:50.271+0800][7696.749s] GC(86) Archive regions: 2->2
[2020-04-17T00:53:50.271+0800][7696.749s] GC(86) Humongous regions: 4->4
[2020-04-17T00:53:50.271+0800][7696.749s] GC(86) Metaspace: 41104K(42192K)->41104K(42192K) NonClass: 36220K(36820K)->36220K(36820K) Class: 4884K(5372K)->4884K(5372K)
[2020-04-17T00:53:50.271+0800][7696.749s] GC(86) Pause Young (Normal) (G1 Evacuation Pause) 452M->324M(512M) 0.961ms
[2020-04-17T00:53:50.271+0800][7696.749s] GC(86) User=0.01s Sys=0.00s Real=0.00s
[2020-04-17T00:53:50.304+0800][7696.781s] GC(87) Pause Young (Concurrent Start) (G1 Evacuation Pause)
[2020-04-17T00:53:50.304+0800][7696.781s] GC(87) Using 4 workers of 4 for evacuation
[2020-04-17T00:53:50.305+0800][7696.783s] GC(87)   Pre Evacuate Collection Set: 0.1ms
[2020-04-17T00:53:50.305+0800][7696.783s] GC(87)   Merge Heap Roots: 0.0ms
[2020-04-17T00:53:50.305+0800][7696.783s] GC(87)   Evacuate Collection Set: 0.6ms
[2020-04-17T00:53:50.305+0800][7696.783s] GC(87)   Post Evacuate Collection Set: 0.3ms
[2020-04-17T00:53:50.305+0800][7696.783s] GC(87)   Other: 0.2ms
[2020-04-17T00:53:50.305+0800][7696.783s] GC(87) Eden regions: 128->0(128)
[2020-04-17T00:53:50.305+0800][7696.783s] GC(87) Survivor regions: 0->0(32)
[2020-04-17T00:53:50.305+0800][7696.783s] GC(87) Old regions: 320->320
[2020-04-17T00:53:50.305+0800][7696.783s] GC(87) Archive regions: 2->2
[2020-04-17T00:53:50.305+0800][7696.783s] GC(87) Humongous regions: 4->4
[2020-04-17T00:53:50.305+0800][7696.783s] GC(87) Metaspace: 41104K(42192K)->41104K(42192K) NonClass: 36220K(36820K)->36220K(36820K) Class: 4884K(5372K)->4884K(5372K)
[2020-04-17T00:53:50.305+0800][7696.783s] GC(87) Pause Young (Concurrent Start) (G1 Evacuation Pause) 452M->324M(512M) 1.318ms
[2020-04-17T00:53:50.305+0800][7696.783s] GC(87) User=0.00s Sys=0.00s Real=0.00s
[2020-04-17T00:53:50.305+0800][7696.783s] GC(88) Concurrent Cycle
[2020-04-17T00:53:50.305+0800][7696.783s] GC(88) Concurrent Clear Claimed Marks
[2020-04-17T00:53:50.305+0800][7696.783s] GC(88) Concurrent Clear Claimed Marks 0.037ms
[2020-04-17T00:53:50.305+0800][7696.783s] GC(88) Concurrent Scan Root Regions
[2020-04-17T00:53:50.305+0800][7696.783s] GC(88) Concurrent Scan Root Regions 0.008ms
[2020-04-17T00:53:50.305+0800][7696.783s] GC(88) Concurrent Mark (7696.783s)
[2020-04-17T00:53:50.305+0800][7696.783s] GC(88) Concurrent Mark From Roots
[2020-04-17T00:53:50.305+0800][7696.783s] GC(88) Using 4 workers of 4 for marking
[2020-04-17T00:53:50.414+0800][7696.892s] GC(89) Pause Young (Normal) (G1 Evacuation Pause)
[2020-04-17T00:53:50.414+0800][7696.892s] GC(89) Using 4 workers of 4 for evacuation
[2020-04-17T00:53:50.415+0800][7696.893s] GC(89)   Pre Evacuate Collection Set: 0.1ms
[2020-04-17T00:53:50.415+0800][7696.893s] GC(89)   Merge Heap Roots: 0.1ms
[2020-04-17T00:53:50.415+0800][7696.893s] GC(89)   Evacuate Collection Set: 0.4ms
[2020-04-17T00:53:50.415+0800][7696.893s] GC(89)   Post Evacuate Collection Set: 0.3ms
[2020-04-17T00:53:50.415+0800][7696.893s] GC(89)   Other: 0.1ms
[2020-04-17T00:53:50.415+0800][7696.893s] GC(89) Eden regions: 128->0(128)
[2020-04-17T00:53:50.415+0800][7696.893s] GC(89) Survivor regions: 0->0(32)
[2020-04-17T00:53:50.415+0800][7696.893s] GC(89) Old regions: 320->320
[2020-04-17T00:53:50.415+0800][7696.893s] GC(89) Archive regions: 2->2
[2020-04-17T00:53:50.415+0800][7696.893s] GC(89) Humongous regions: 4->4
[2020-04-17T00:53:50.415+0800][7696.893s] GC(89) Metaspace: 41104K(42192K)->41104K(42192K) NonClass: 36220K(36820K)->36220K(36820K) Class: 4884K(5372K)->4884K(5372K)
[2020-04-17T00:53:50.415+0800][7696.893s] GC(89) Pause Young (Normal) (G1 Evacuation Pause) 452M->324M(512M) 0.994ms
[2020-04-17T00:53:50.415+0800][7696.893s] GC(89) User=0.00s Sys=0.01s Real=0.00s
[2020-04-17T00:53:50.488+0800][7696.966s] GC(90) Pause Young (Normal) (G1 Evacuation Pause)
[2020-04-17T00:53:50.488+0800][7696.966s] GC(90) Using 4 workers of 4 for evacuation
[2020-04-17T00:53:50.489+0800][7696.967s] GC(90)   Pre Evacuate Collection Set: 0.0ms
[2020-04-17T00:53:50.489+0800][7696.967s] GC(90)   Merge Heap Roots: 0.1ms
[2020-04-17T00:53:50.489+0800][7696.967s] GC(90)   Evacuate Collection Set: 0.3ms
[2020-04-17T00:53:50.489+0800][7696.967s] GC(90)   Post Evacuate Collection Set: 0.3ms
[2020-04-17T00:53:50.489+0800][7696.967s] GC(90)   Other: 0.1ms
[2020-04-17T00:53:50.489+0800][7696.967s] GC(90) Eden regions: 128->0(128)
[2020-04-17T00:53:50.489+0800][7696.967s] GC(90) Survivor regions: 0->0(32)
[2020-04-17T00:53:50.489+0800][7696.967s] GC(90) Old regions: 320->320
[2020-04-17T00:53:50.489+0800][7696.967s] GC(90) Archive regions: 2->2
[2020-04-17T00:53:50.489+0800][7696.967s] GC(90) Humongous regions: 4->4
[2020-04-17T00:53:50.489+0800][7696.967s] GC(90) Metaspace: 41104K(42192K)->41104K(42192K) NonClass: 36220K(36820K)->36220K(36820K) Class: 4884K(5372K)->4884K(5372K)
[2020-04-17T00:53:50.489+0800][7696.967s] GC(90) Pause Young (Normal) (G1 Evacuation Pause) 452M->324M(512M) 0.979ms
[2020-04-17T00:53:50.489+0800][7696.967s] GC(90) User=0.00s Sys=0.00s Real=0.00s
[2020-04-17T00:53:50.567+0800][7697.045s] GC(91) Pause Young (Normal) (G1 Evacuation Pause)
[2020-04-17T00:53:50.567+0800][7697.045s] GC(91) Using 4 workers of 4 for evacuation
[2020-04-17T00:53:50.568+0800][7697.045s] GC(91)   Pre Evacuate Collection Set: 0.1ms
[2020-04-17T00:53:50.568+0800][7697.045s] GC(91)   Merge Heap Roots: 0.1ms
[2020-04-17T00:53:50.568+0800][7697.045s] GC(91)   Evacuate Collection Set: 0.2ms
[2020-04-17T00:53:50.568+0800][7697.045s] GC(91)   Post Evacuate Collection Set: 0.3ms
[2020-04-17T00:53:50.568+0800][7697.045s] GC(91)   Other: 0.1ms
[2020-04-17T00:53:50.568+0800][7697.045s] GC(91) Eden regions: 128->0(128)
[2020-04-17T00:53:50.568+0800][7697.045s] GC(91) Survivor regions: 0->0(32)
[2020-04-17T00:53:50.568+0800][7697.045s] GC(91) Old regions: 320->320
[2020-04-17T00:53:50.568+0800][7697.045s] GC(91) Archive regions: 2->2
[2020-04-17T00:53:50.568+0800][7697.045s] GC(91) Humongous regions: 4->4
[2020-04-17T00:53:50.568+0800][7697.045s] GC(91) Metaspace: 41104K(42192K)->41104K(42192K) NonClass: 36220K(36820K)->36220K(36820K) Class: 4884K(5372K)->4884K(5372K)
[2020-04-17T00:53:50.568+0800][7697.046s] GC(91) Pause Young (Normal) (G1 Evacuation Pause) 452M->324M(512M) 0.860ms
[2020-04-17T00:53:50.568+0800][7697.046s] GC(91) User=0.00s Sys=0.00s Real=0.00s
[2020-04-17T00:53:50.781+0800][7697.259s] GC(88) Concurrent Mark From Roots 475.783ms
[2020-04-17T00:53:50.781+0800][7697.259s] GC(88) Concurrent Preclean
[2020-04-17T00:53:50.781+0800][7697.259s] GC(88) Concurrent Preclean 0.132ms
[2020-04-17T00:53:50.781+0800][7697.259s] GC(88) Concurrent Mark (7696.783s, 7697.259s) 475.989ms
[2020-04-17T00:53:50.781+0800][7697.259s] GC(88) Pause Remark
[2020-04-17T00:53:50.786+0800][7697.263s] GC(88) Pause Remark 357M->357M(512M) 4.186ms
[2020-04-17T00:53:50.786+0800][7697.263s] GC(88) User=0.02s Sys=0.00s Real=0.00s
[2020-04-17T00:53:50.786+0800][7697.263s] GC(88) Concurrent Rebuild Remembered Sets
[2020-04-17T00:53:51.122+0800][7697.600s] GC(88) Concurrent Rebuild Remembered Sets 336.431ms
[2020-04-17T00:53:51.122+0800][7697.600s] GC(88) Pause Cleanup
[2020-04-17T00:53:51.123+0800][7697.600s] GC(88) Pause Cleanup 364M->364M(512M) 0.323ms
[2020-04-17T00:53:51.123+0800][7697.600s] GC(88) User=0.00s Sys=0.00s Real=0.00s
[2020-04-17T00:53:51.123+0800][7697.600s] GC(88) Concurrent Cleanup for Next Mark
[2020-04-17T00:53:51.124+0800][7697.601s] GC(88) Concurrent Cleanup for Next Mark 0.812ms
[2020-04-17T00:53:51.124+0800][7697.601s] GC(88) Concurrent Cycle 818.468ms
[2020-04-17T00:53:52.126+0800][7698.604s] GC(92) Pause Young (Normal) (G1 Evacuation Pause)
[2020-04-17T00:53:52.126+0800][7698.604s] GC(92) Using 4 workers of 4 for evacuation
[2020-04-17T00:53:52.131+0800][7698.609s] GC(92)   Pre Evacuate Collection Set: 0.0ms
[2020-04-17T00:53:52.131+0800][7698.609s] GC(92)   Merge Heap Roots: 0.0ms
[2020-04-17T00:53:52.131+0800][7698.609s] GC(92)   Evacuate Collection Set: 4.2ms
[2020-04-17T00:53:52.131+0800][7698.609s] GC(92)   Post Evacuate Collection Set: 0.5ms
[2020-04-17T00:53:52.131+0800][7698.609s] GC(92)   Other: 0.2ms
[2020-04-17T00:53:52.131+0800][7698.609s] GC(92) Eden regions: 128->0(123)
[2020-04-17T00:53:52.131+0800][7698.609s] GC(92) Survivor regions: 0->5(32)
[2020-04-17T00:53:52.131+0800][7698.609s] GC(92) Old regions: 320->320
[2020-04-17T00:53:52.131+0800][7698.609s] GC(92) Archive regions: 2->2
[2020-04-17T00:53:52.131+0800][7698.609s] GC(92) Humongous regions: 4->4
[2020-04-17T00:53:52.131+0800][7698.609s] GC(92) Metaspace: 41313K(42704K)->41313K(42704K) NonClass: 36412K(37332K)->36412K(37332K) Class: 4900K(5372K)->4900K(5372K)
[2020-04-17T00:53:52.131+0800][7698.609s] GC(92) Pause Young (Normal) (G1 Evacuation Pause) 452M->328M(512M) 5.090ms
[2020-04-17T00:53:52.131+0800][7698.609s] GC(92) User=0.02s Sys=0.00s Real=0.01s
[2020-04-17T00:53:52.628+0800][7699.106s] GC(93) Pause Young (Concurrent Start) (G1 Evacuation Pause)
[2020-04-17T00:53:52.628+0800][7699.106s] GC(93) Using 4 workers of 4 for evacuation
[2020-04-17T00:53:52.873+0800][7699.351s] GC(93) MMU target violated: 201.0ms (200.0ms/201.0ms)
[2020-04-17T00:53:52.873+0800][7699.351s] GC(93) To-space exhausted
[2020-04-17T00:53:52.873+0800][7699.351s] GC(93)   Pre Evacuate Collection Set: 0.1ms
[2020-04-17T00:53:52.873+0800][7699.351s] GC(93)   Merge Heap Roots: 0.1ms
[2020-04-17T00:53:52.873+0800][7699.351s] GC(93)   Evacuate Collection Set: 173.3ms
[2020-04-17T00:53:52.873+0800][7699.351s] GC(93)   Post Evacuate Collection Set: 71.3ms
[2020-04-17T00:53:52.873+0800][7699.351s] GC(93)   Other: 0.3ms
[2020-04-17T00:53:52.873+0800][7699.351s] GC(93) Eden regions: 123->0(96)
[2020-04-17T00:53:52.873+0800][7699.351s] GC(93) Survivor regions: 5->32(32)
[2020-04-17T00:53:52.873+0800][7699.351s] GC(93) Old regions: 320->408
[2020-04-17T00:53:52.873+0800][7699.351s] GC(93) Archive regions: 2->2
[2020-04-17T00:53:52.873+0800][7699.351s] GC(93) Humongous regions: 4->4
[2020-04-17T00:53:52.873+0800][7699.351s] GC(93) Metaspace: 41316K(42704K)->41316K(42704K) NonClass: 36415K(37332K)->36415K(37332K) Class: 4900K(5372K)->4900K(5372K)
[2020-04-17T00:53:52.874+0800][7699.351s] GC(93) Pause Young (Concurrent Start) (G1 Evacuation Pause) 451M->444M(512M) 245.208ms
[2020-04-17T00:53:52.874+0800][7699.351s] GC(93) User=0.76s Sys=0.04s Real=0.25s
[2020-04-17T00:53:52.874+0800][7699.351s] GC(94) Concurrent Cycle
[2020-04-17T00:53:52.874+0800][7699.351s] GC(94) Concurrent Clear Claimed Marks
[2020-04-17T00:53:52.874+0800][7699.351s] GC(94) Concurrent Clear Claimed Marks 0.076ms
[2020-04-17T00:53:52.874+0800][7699.351s] GC(94) Concurrent Scan Root Regions
[2020-04-17T00:53:52.940+0800][7699.417s] GC(94) Concurrent Scan Root Regions 65.812ms
[2020-04-17T00:53:52.940+0800][7699.417s] GC(94) Concurrent Mark (7699.417s)
[2020-04-17T00:53:52.940+0800][7699.417s] GC(94) Concurrent Mark From Roots
[2020-04-17T00:53:52.940+0800][7699.417s] GC(94) Using 4 workers of 4 for marking
[2020-04-17T00:53:53.487+0800][7699.965s] GC(94) Concurrent Mark From Roots 547.311ms
[2020-04-17T00:53:53.487+0800][7699.965s] GC(94) Concurrent Preclean
[2020-04-17T00:53:53.487+0800][7699.965s] GC(94) Concurrent Preclean 0.187ms
[2020-04-17T00:53:53.487+0800][7699.965s] GC(94) Concurrent Mark (7699.417s, 7699.965s) 547.614ms
[2020-04-17T00:53:53.487+0800][7699.965s] GC(94) Pause Remark
[2020-04-17T00:53:53.491+0800][7699.969s] GC(94) Pause Remark 507M->507M(512M) 4.001ms
[2020-04-17T00:53:53.492+0800][7699.969s] GC(94) User=0.02s Sys=0.00s Real=0.01s
[2020-04-17T00:53:53.492+0800][7699.969s] GC(94) Concurrent Rebuild Remembered Sets
[2020-04-17T00:53:53.523+0800][7700.000s] GC(95) Pause Young (Normal) (G1 Evacuation Pause)
[2020-04-17T00:53:53.523+0800][7700.000s] GC(95) Using 4 workers of 4 for evacuation
[2020-04-17T00:53:53.742+0800][7700.220s] GC(95) MMU target violated: 201.0ms (200.0ms/201.0ms)
[2020-04-17T00:53:53.742+0800][7700.220s] GC(95) To-space exhausted
[2020-04-17T00:53:53.742+0800][7700.220s] GC(95)   Pre Evacuate Collection Set: 0.1ms
[2020-04-17T00:53:53.742+0800][7700.220s] GC(95)   Merge Heap Roots: 0.1ms
[2020-04-17T00:53:53.742+0800][7700.220s] GC(95)   Evacuate Collection Set: 126.5ms
[2020-04-17T00:53:53.742+0800][7700.220s] GC(95)   Post Evacuate Collection Set: 92.8ms
[2020-04-17T00:53:53.742+0800][7700.220s] GC(95)   Other: 0.2ms
[2020-04-17T00:53:53.742+0800][7700.220s] GC(95) Eden regions: 66->0(128)
[2020-04-17T00:53:53.742+0800][7700.220s] GC(95) Survivor regions: 32->0(0)
[2020-04-17T00:53:53.742+0800][7700.220s] GC(95) Old regions: 408->506
[2020-04-17T00:53:53.742+0800][7700.220s] GC(95) Archive regions: 2->2
[2020-04-17T00:53:53.742+0800][7700.220s] GC(95) Humongous regions: 4->4
[2020-04-17T00:53:53.742+0800][7700.220s] GC(95) Metaspace: 41330K(42704K)->41330K(42704K) NonClass: 36428K(37332K)->36428K(37332K) Class: 4901K(5372K)->4901K(5372K)
[2020-04-17T00:53:53.742+0800][7700.220s] GC(95) Pause Young (Normal) (G1 Evacuation Pause) 510M->510M(512M) 219.823ms
[2020-04-17T00:53:53.743+0800][7700.220s] GC(95) User=0.80s Sys=0.01s Real=0.22s
[2020-04-17T00:53:53.743+0800][7700.221s] GC(96) Using 4 workers of 4 for full compaction
[2020-04-17T00:53:53.745+0800][7700.222s] GC(96) Pause Full (G1 Evacuation Pause)
[2020-04-17T00:53:53.746+0800][7700.223s] GC(96) Phase 1: Mark live objects
[2020-04-17T00:53:54.245+0800][7700.722s] GC(96) Phase 1: Mark live objects 498.937ms
[2020-04-17T00:53:54.245+0800][7700.722s] GC(96) Phase 2: Prepare for compaction
[2020-04-17T00:53:54.434+0800][7700.911s] GC(96) Phase 2: Prepare for compaction 189.261ms
[2020-04-17T00:53:54.434+0800][7700.911s] GC(96) Phase 3: Adjust pointers
[2020-04-17T00:53:54.670+0800][7701.147s] GC(96) Phase 3: Adjust pointers 235.888ms
[2020-04-17T00:53:54.670+0800][7701.147s] GC(96) Phase 4: Compact heap
[2020-04-17T00:53:54.815+0800][7701.293s] GC(96) Phase 4: Compact heap 145.466ms
[2020-04-17T00:53:54.820+0800][7701.298s] GC(96) Eden regions: 0->0(128)
[2020-04-17T00:53:54.820+0800][7701.298s] GC(96) Survivor regions: 0->0(0)
[2020-04-17T00:53:54.820+0800][7701.298s] GC(96) Old regions: 506->479
[2020-04-17T00:53:54.820+0800][7701.298s] GC(96) Archive regions: 2->2
[2020-04-17T00:53:54.820+0800][7701.298s] GC(96) Humongous regions: 4->4
[2020-04-17T00:53:54.820+0800][7701.298s] GC(96) Metaspace: 41330K(42704K)->41311K(42704K) NonClass: 36428K(37332K)->36412K(37332K) Class: 4901K(5372K)->4899K(5372K)
[2020-04-17T00:53:54.820+0800][7701.298s] GC(96) Pause Full (G1 Evacuation Pause) 510M->480M(512M) 1075.788ms
[2020-04-17T00:53:54.821+0800][7701.299s] GC(96) User=3.27s Sys=0.10s Real=1.08s
[2020-04-17T00:53:54.822+0800][7701.299s] GC(94) Concurrent Rebuild Remembered Sets 1329.885ms
[2020-04-17T00:53:54.822+0800][7701.299s] GC(94) Concurrent Mark Abort
[2020-04-17T00:53:54.822+0800][7701.299s] GC(94) Concurrent Cycle 1947.902ms
[2020-04-17T00:53:55.055+0800][7701.532s] GC(97) Pause Young (Normal) (G1 Evacuation Pause)
[2020-04-17T00:53:55.055+0800][7701.532s] GC(97) Using 4 workers of 4 for evacuation
[2020-04-17T00:53:55.119+0800][7701.596s] GC(97) To-space exhausted
[2020-04-17T00:53:55.119+0800][7701.596s] GC(97)   Pre Evacuate Collection Set: 0.1ms
[2020-04-17T00:53:55.119+0800][7701.596s] GC(97)   Merge Heap Roots: 0.0ms
[2020-04-17T00:53:55.119+0800][7701.596s] GC(97)   Evacuate Collection Set: 36.4ms
[2020-04-17T00:53:55.119+0800][7701.596s] GC(97)   Post Evacuate Collection Set: 27.5ms
[2020-04-17T00:53:55.119+0800][7701.596s] GC(97)   Other: 0.2ms
[2020-04-17T00:53:55.119+0800][7701.596s] GC(97) Eden regions: 27->0(128)
[2020-04-17T00:53:55.119+0800][7701.596s] GC(97) Survivor regions: 0->0(0)
[2020-04-17T00:53:55.119+0800][7701.596s] GC(97) Old regions: 479->506
[2020-04-17T00:53:55.119+0800][7701.596s] GC(97) Archive regions: 2->2
[2020-04-17T00:53:55.119+0800][7701.596s] GC(97) Humongous regions: 4->4
[2020-04-17T00:53:55.119+0800][7701.596s] GC(97) Metaspace: 41311K(42704K)->41311K(42704K) NonClass: 36412K(37332K)->36412K(37332K) Class: 4899K(5372K)->4899K(5372K)
[2020-04-17T00:53:55.119+0800][7701.596s] GC(97) Pause Young (Normal) (G1 Evacuation Pause) 507M->507M(512M) 64.285ms
[2020-04-17T00:53:55.119+0800][7701.596s] GC(97) User=0.22s Sys=0.00s Real=0.06s
[2020-04-17T00:53:55.119+0800][7701.596s] GC(98) Using 4 workers of 4 for full compaction
[2020-04-17T00:53:55.119+0800][7701.597s] GC(98) Pause Full (G1 Evacuation Pause)
[2020-04-17T00:53:55.119+0800][7701.597s] GC(98) Phase 1: Mark live objects
[2020-04-17T00:53:55.788+0800][7702.265s] GC(98) Phase 1: Mark live objects 668.541ms
[2020-04-17T00:53:55.788+0800][7702.265s] GC(98) Phase 2: Prepare for compaction
[2020-04-17T00:53:55.922+0800][7702.399s] GC(98) Phase 2: Prepare for compaction 133.888ms
[2020-04-17T00:53:55.922+0800][7702.399s] GC(98) Phase 3: Adjust pointers
[2020-04-17T00:53:56.129+0800][7702.606s] GC(98) Phase 3: Adjust pointers 206.866ms
[2020-04-17T00:53:56.129+0800][7702.606s] GC(98) Phase 4: Compact heap
[2020-04-17T00:53:56.259+0800][7702.737s] GC(98) Phase 4: Compact heap 130.489ms
[2020-04-17T00:53:56.264+0800][7702.741s] GC(98) Eden regions: 0->0(128)
[2020-04-17T00:53:56.264+0800][7702.741s] GC(98) Survivor regions: 0->0(0)
[2020-04-17T00:53:56.264+0800][7702.741s] GC(98) Old regions: 506->501
[2020-04-17T00:53:56.264+0800][7702.741s] GC(98) Archive regions: 2->2
[2020-04-17T00:53:56.264+0800][7702.741s] GC(98) Humongous regions: 4->4
[2020-04-17T00:53:56.264+0800][7702.741s] GC(98) Metaspace: 41311K(42704K)->41311K(42704K) NonClass: 36412K(37332K)->36412K(37332K) Class: 4899K(5372K)->4899K(5372K)
[2020-04-17T00:53:56.264+0800][7702.741s] GC(98) Pause Full (G1 Evacuation Pause) 507M->503M(512M) 1144.712ms
[2020-04-17T00:53:56.264+0800][7702.741s] GC(98) User=3.32s Sys=0.03s Real=1.15s
[2020-04-17T00:53:56.322+0800][7702.800s] GC(99) Pause Young (Concurrent Start) (G1 Evacuation Pause)
[2020-04-17T00:53:56.323+0800][7702.800s] GC(99) Using 4 workers of 4 for evacuation
[2020-04-17T00:53:56.337+0800][7702.815s] GC(99) To-space exhausted
[2020-04-17T00:53:56.337+0800][7702.815s] GC(99)   Pre Evacuate Collection Set: 0.1ms
[2020-04-17T00:53:56.338+0800][7702.815s] GC(99)   Merge Heap Roots: 0.0ms
[2020-04-17T00:53:56.338+0800][7702.815s] GC(99)   Evacuate Collection Set: 6.6ms
[2020-04-17T00:53:56.338+0800][7702.815s] GC(99)   Post Evacuate Collection Set: 8.1ms
[2020-04-17T00:53:56.338+0800][7702.815s] GC(99)   Other: 0.2ms
[2020-04-17T00:53:56.338+0800][7702.815s] GC(99) Eden regions: 5->0(128)
[2020-04-17T00:53:56.338+0800][7702.815s] GC(99) Survivor regions: 0->0(0)
[2020-04-17T00:53:56.338+0800][7702.815s] GC(99) Old regions: 501->506
[2020-04-17T00:53:56.338+0800][7702.815s] GC(99) Archive regions: 2->2
[2020-04-17T00:53:56.338+0800][7702.815s] GC(99) Humongous regions: 4->4
[2020-04-17T00:53:56.338+0800][7702.815s] GC(99) Metaspace: 41311K(42704K)->41311K(42704K) NonClass: 36412K(37332K)->36412K(37332K) Class: 4899K(5372K)->4899K(5372K)
[2020-04-17T00:53:56.338+0800][7702.815s] GC(99) Pause Young (Concurrent Start) (G1 Evacuation Pause) 508M->508M(512M) 15.185ms
[2020-04-17T00:53:56.338+0800][7702.815s] GC(99) User=0.04s Sys=0.00s Real=0.01s
[2020-04-17T00:53:56.338+0800][7702.815s] GC(100) Using 4 workers of 4 for full compaction
[2020-04-17T00:53:56.338+0800][7702.815s] GC(101) Concurrent Cycle
[2020-04-17T00:53:56.338+0800][7702.815s] GC(100) Pause Full (G1 Evacuation Pause)
[2020-04-17T00:53:56.338+0800][7702.815s] GC(101) Concurrent Clear Claimed Marks
[2020-04-17T00:53:56.338+0800][7702.815s] GC(101) Concurrent Clear Claimed Marks 0.153ms
[2020-04-17T00:53:56.338+0800][7702.815s] GC(101) Concurrent Scan Root Regions
[2020-04-17T00:53:56.338+0800][7702.815s] GC(101) Concurrent Scan Root Regions 0.019ms
[2020-04-17T00:53:56.338+0800][7702.816s] GC(101) Concurrent Mark (7702.816s)
[2020-04-17T00:53:56.338+0800][7702.816s] GC(101) Concurrent Mark From Roots
[2020-04-17T00:53:56.338+0800][7702.816s] GC(101) Using 4 workers of 4 for marking
[2020-04-17T00:53:56.339+0800][7702.816s] GC(100) Phase 1: Mark live objects
[2020-04-17T00:53:57.052+0800][7703.530s] GC(100) Phase 1: Mark live objects 713.457ms
[2020-04-17T00:53:57.052+0800][7703.530s] GC(100) Phase 2: Prepare for compaction
[2020-04-17T00:53:57.254+0800][7703.731s] GC(100) Phase 2: Prepare for compaction 201.737ms
[2020-04-17T00:53:57.254+0800][7703.732s] GC(100) Phase 3: Adjust pointers
[2020-04-17T00:53:57.500+0800][7703.978s] GC(100) Phase 3: Adjust pointers 246.288ms
[2020-04-17T00:53:57.500+0800][7703.978s] GC(100) Phase 4: Compact heap
[2020-04-17T00:53:57.611+0800][7704.089s] GC(100) Phase 4: Compact heap 111.099ms
[2020-04-17T00:53:57.616+0800][7704.094s] GC(100) Eden regions: 0->0(128)
[2020-04-17T00:53:57.616+0800][7704.094s] GC(100) Survivor regions: 0->0(0)
[2020-04-17T00:53:57.616+0800][7704.094s] GC(100) Old regions: 506->505
[2020-04-17T00:53:57.616+0800][7704.094s] GC(100) Archive regions: 2->2
[2020-04-17T00:53:57.616+0800][7704.094s] GC(100) Humongous regions: 4->4
[2020-04-17T00:53:57.616+0800][7704.094s] GC(100) Metaspace: 41311K(42704K)->41311K(42704K) NonClass: 36412K(37332K)->36412K(37332K) Class: 4899K(5372K)->4899K(5372K)
[2020-04-17T00:53:57.616+0800][7704.094s] GC(100) Pause Full (G1 Evacuation Pause) 508M->507M(512M) 1278.446ms
[2020-04-17T00:53:57.616+0800][7704.094s] GC(100) User=3.28s Sys=0.03s Real=1.28s
[2020-04-17T00:53:57.617+0800][7704.094s] GC(101) Concurrent Mark From Roots 1278.499ms
[2020-04-17T00:53:57.617+0800][7704.094s] GC(101) Concurrent Mark Abort
[2020-04-17T00:53:57.617+0800][7704.094s] GC(101) Concurrent Cycle 1278.819ms
[2020-04-17T00:53:57.619+0800][7704.096s] GC(102) Pause Young (Normal) (G1 Evacuation Pause)
[2020-04-17T00:53:57.619+0800][7704.096s] GC(102) Using 4 workers of 4 for evacuation
[2020-04-17T00:53:57.622+0800][7704.099s] GC(102) To-space exhausted
[2020-04-17T00:53:57.622+0800][7704.099s] GC(102)   Pre Evacuate Collection Set: 0.1ms
[2020-04-17T00:53:57.622+0800][7704.099s] GC(102)   Merge Heap Roots: 0.0ms
[2020-04-17T00:53:57.622+0800][7704.099s] GC(102)   Evacuate Collection Set: 0.9ms
[2020-04-17T00:53:57.622+0800][7704.099s] GC(102)   Post Evacuate Collection Set: 1.9ms
[2020-04-17T00:53:57.622+0800][7704.099s] GC(102)   Other: 0.2ms
[2020-04-17T00:53:57.622+0800][7704.099s] GC(102) Eden regions: 1->0(128)
[2020-04-17T00:53:57.622+0800][7704.099s] GC(102) Survivor regions: 0->0(0)
[2020-04-17T00:53:57.622+0800][7704.099s] GC(102) Old regions: 505->506
[2020-04-17T00:53:57.622+0800][7704.099s] GC(102) Archive regions: 2->2
[2020-04-17T00:53:57.622+0800][7704.099s] GC(102) Humongous regions: 4->4
[2020-04-17T00:53:57.622+0800][7704.099s] GC(102) Metaspace: 41311K(42704K)->41311K(42704K) NonClass: 36412K(37332K)->36412K(37332K) Class: 4899K(5372K)->4899K(5372K)
[2020-04-17T00:53:57.622+0800][7704.099s] GC(102) Pause Young (Normal) (G1 Evacuation Pause) 508M->508M(512M) 3.141ms
[2020-04-17T00:53:57.622+0800][7704.099s] GC(102) User=0.00s Sys=0.00s Real=0.01s
[2020-04-17T00:53:57.622+0800][7704.099s] GC(103) Using 4 workers of 4 for full compaction
[2020-04-17T00:53:57.622+0800][7704.099s] GC(103) Pause Full (G1 Evacuation Pause)
[2020-04-17T00:53:57.622+0800][7704.100s] GC(103) Phase 1: Mark live objects
[2020-04-17T00:53:58.291+0800][7704.769s] GC(103) Phase 1: Mark live objects 668.902ms
[2020-04-17T00:53:58.291+0800][7704.769s] GC(103) Phase 2: Prepare for compaction
[2020-04-17T00:53:58.426+0800][7704.904s] GC(103) Phase 2: Prepare for compaction 135.239ms
[2020-04-17T00:53:58.426+0800][7704.904s] GC(103) Phase 3: Adjust pointers
[2020-04-17T00:53:58.653+0800][7705.131s] GC(103) Phase 3: Adjust pointers 226.667ms
[2020-04-17T00:53:58.653+0800][7705.131s] GC(103) Phase 4: Compact heap
[2020-04-17T00:53:58.758+0800][7705.236s] GC(103) Phase 4: Compact heap 105.053ms
[2020-04-17T00:53:58.763+0800][7705.240s] GC(103) Eden regions: 0->0(128)
[2020-04-17T00:53:58.763+0800][7705.240s] GC(103) Survivor regions: 0->0(0)
[2020-04-17T00:53:58.763+0800][7705.240s] GC(103) Old regions: 506->505
[2020-04-17T00:53:58.763+0800][7705.240s] GC(103) Archive regions: 2->2
[2020-04-17T00:53:58.763+0800][7705.240s] GC(103) Humongous regions: 4->4
[2020-04-17T00:53:58.763+0800][7705.240s] GC(103) Metaspace: 41311K(42704K)->41311K(42704K) NonClass: 36412K(37332K)->36412K(37332K) Class: 4899K(5372K)->4899K(5372K)
[2020-04-17T00:53:58.763+0800][7705.240s] GC(103) Pause Full (G1 Evacuation Pause) 508M->507M(512M) 1140.681ms
[2020-04-17T00:53:58.763+0800][7705.240s] GC(103) User=3.41s Sys=0.02s Real=1.14s
[2020-04-17T00:53:58.767+0800][7705.244s] GC(104) Pause Young (Concurrent Start) (G1 Evacuation Pause)
[2020-04-17T00:53:58.767+0800][7705.244s] GC(104) Using 4 workers of 4 for evacuation
[2020-04-17T00:53:58.772+0800][7705.249s] GC(104) To-space exhausted
[2020-04-17T00:53:58.772+0800][7705.250s] GC(104)   Pre Evacuate Collection Set: 0.1ms
[2020-04-17T00:53:58.772+0800][7705.250s] GC(104)   Merge Heap Roots: 0.0ms
[2020-04-17T00:53:58.772+0800][7705.250s] GC(104)   Evacuate Collection Set: 2.3ms
[2020-04-17T00:53:58.772+0800][7705.250s] GC(104)   Post Evacuate Collection Set: 2.9ms
[2020-04-17T00:53:58.772+0800][7705.250s] GC(104)   Other: 0.2ms
[2020-04-17T00:53:58.772+0800][7705.250s] GC(104) Eden regions: 1->0(128)
[2020-04-17T00:53:58.772+0800][7705.250s] GC(104) Survivor regions: 0->0(0)
[2020-04-17T00:53:58.772+0800][7705.250s] GC(104) Old regions: 505->506
[2020-04-17T00:53:58.772+0800][7705.250s] GC(104) Archive regions: 2->2
[2020-04-17T00:53:58.772+0800][7705.250s] GC(104) Humongous regions: 4->4
[2020-04-17T00:53:58.772+0800][7705.250s] GC(104) Metaspace: 41311K(42704K)->41311K(42704K) NonClass: 36412K(37332K)->36412K(37332K) Class: 4899K(5372K)->4899K(5372K)
[2020-04-17T00:53:58.772+0800][7705.250s] GC(104) Pause Young (Concurrent Start) (G1 Evacuation Pause) 508M->508M(512M) 5.572ms
[2020-04-17T00:53:58.772+0800][7705.250s] GC(104) User=0.01s Sys=0.00s Real=0.01s
[2020-04-17T00:53:58.772+0800][7705.250s] GC(105) Using 4 workers of 4 for full compaction
[2020-04-17T00:53:58.772+0800][7705.250s] GC(105) Pause Full (G1 Evacuation Pause)
[2020-04-17T00:53:58.772+0800][7705.250s] GC(106) Concurrent Cycle
[2020-04-17T00:53:58.772+0800][7705.250s] GC(106) Concurrent Clear Claimed Marks
[2020-04-17T00:53:58.772+0800][7705.250s] GC(106) Concurrent Clear Claimed Marks 0.182ms
[2020-04-17T00:53:58.773+0800][7705.250s] GC(106) Concurrent Scan Root Regions
[2020-04-17T00:53:58.773+0800][7705.250s] GC(106) Concurrent Scan Root Regions 0.078ms
[2020-04-17T00:53:58.773+0800][7705.250s] GC(106) Concurrent Mark (7705.250s)
[2020-04-17T00:53:58.773+0800][7705.250s] GC(106) Concurrent Mark From Roots
[2020-04-17T00:53:58.773+0800][7705.250s] GC(106) Using 4 workers of 4 for marking
[2020-04-17T00:53:58.773+0800][7705.250s] GC(105) Phase 1: Mark live objects
[2020-04-17T00:53:59.335+0800][7705.813s] GC(105) Phase 1: Mark live objects 562.268ms
[2020-04-17T00:53:59.335+0800][7705.813s] GC(105) Phase 2: Prepare for compaction
[2020-04-17T00:53:59.449+0800][7705.926s] GC(105) Phase 2: Prepare for compaction 113.324ms
[2020-04-17T00:53:59.449+0800][7705.926s] GC(105) Phase 3: Adjust pointers
[2020-04-17T00:53:59.641+0800][7706.118s] GC(105) Phase 3: Adjust pointers 192.058ms
[2020-04-17T00:53:59.641+0800][7706.118s] GC(105) Phase 4: Compact heap
[2020-04-17T00:53:59.726+0800][7706.204s] GC(105) Phase 4: Compact heap 85.365ms
[2020-04-17T00:53:59.730+0800][7706.207s] GC(105) Eden regions: 0->0(128)
[2020-04-17T00:53:59.730+0800][7706.208s] GC(105) Survivor regions: 0->0(0)
[2020-04-17T00:53:59.730+0800][7706.208s] GC(105) Old regions: 506->505
[2020-04-17T00:53:59.730+0800][7706.208s] GC(105) Archive regions: 2->2
[2020-04-17T00:53:59.730+0800][7706.208s] GC(105) Humongous regions: 4->4
[2020-04-17T00:53:59.730+0800][7706.208s] GC(105) Metaspace: 41311K(42704K)->41311K(42704K) NonClass: 36412K(37332K)->36412K(37332K) Class: 4899K(5372K)->4899K(5372K)
[2020-04-17T00:53:59.730+0800][7706.208s] GC(105) Pause Full (G1 Evacuation Pause) 508M->508M(512M) 957.849ms
[2020-04-17T00:53:59.730+0800][7706.208s] GC(105) User=3.35s Sys=0.01s Real=0.96s
[2020-04-17T00:53:59.730+0800][7706.208s] GC(106) Concurrent Mark From Roots 957.662ms
[2020-04-17T00:53:59.730+0800][7706.208s] GC(106) Concurrent Mark Abort
[2020-04-17T00:53:59.730+0800][7706.208s] GC(106) Concurrent Cycle 958.091ms
[2020-04-17T00:53:59.738+0800][7706.215s] GC(107) Pause Young (Normal) (G1 Evacuation Pause)
[2020-04-17T00:53:59.738+0800][7706.215s] GC(107) Using 4 workers of 4 for evacuation
[2020-04-17T00:53:59.743+0800][7706.220s] GC(107) To-space exhausted
[2020-04-17T00:53:59.743+0800][7706.220s] GC(107)   Pre Evacuate Collection Set: 0.1ms
[2020-04-17T00:53:59.743+0800][7706.220s] GC(107)   Merge Heap Roots: 0.0ms
[2020-04-17T00:53:59.743+0800][7706.220s] GC(107)   Evacuate Collection Set: 2.1ms
[2020-04-17T00:53:59.743+0800][7706.220s] GC(107)   Post Evacuate Collection Set: 2.5ms
[2020-04-17T00:53:59.743+0800][7706.220s] GC(107)   Other: 0.2ms
[2020-04-17T00:53:59.743+0800][7706.220s] GC(107) Eden regions: 1->0(128)
[2020-04-17T00:53:59.743+0800][7706.220s] GC(107) Survivor regions: 0->0(0)
[2020-04-17T00:53:59.743+0800][7706.220s] GC(107) Old regions: 505->506
[2020-04-17T00:53:59.743+0800][7706.220s] GC(107) Archive regions: 2->2
[2020-04-17T00:53:59.743+0800][7706.220s] GC(107) Humongous regions: 4->4
[2020-04-17T00:53:59.743+0800][7706.220s] GC(107) Metaspace: 41311K(42704K)->41311K(42704K) NonClass: 36412K(37332K)->36412K(37332K) Class: 4899K(5372K)->4899K(5372K)
[2020-04-17T00:53:59.743+0800][7706.220s] GC(107) Pause Young (Normal) (G1 Evacuation Pause) 509M->509M(512M) 5.099ms
[2020-04-17T00:53:59.743+0800][7706.220s] GC(107) User=0.01s Sys=0.00s Real=0.01s
[2020-04-17T00:53:59.743+0800][7706.220s] GC(108) Using 4 workers of 4 for full compaction
[2020-04-17T00:53:59.743+0800][7706.220s] GC(108) Pause Full (G1 Evacuation Pause)
[2020-04-17T00:53:59.743+0800][7706.221s] GC(108) Phase 1: Mark live objects
[2020-04-17T00:54:00.294+0800][7706.771s] GC(108) Phase 1: Mark live objects 550.612ms
[2020-04-17T00:54:00.294+0800][7706.771s] GC(108) Phase 2: Prepare for compaction
[2020-04-17T00:54:00.414+0800][7706.891s] GC(108) Phase 2: Prepare for compaction 120.098ms
[2020-04-17T00:54:00.414+0800][7706.891s] GC(108) Phase 3: Adjust pointers
[2020-04-17T00:54:00.616+0800][7707.094s] GC(108) Phase 3: Adjust pointers 202.168ms
[2020-04-17T00:54:00.616+0800][7707.094s] GC(108) Phase 4: Compact heap
[2020-04-17T00:54:00.711+0800][7707.189s] GC(108) Phase 4: Compact heap 95.108ms
[2020-04-17T00:54:00.715+0800][7707.192s] GC(108) Eden regions: 0->0(128)
[2020-04-17T00:54:00.715+0800][7707.192s] GC(108) Survivor regions: 0->0(0)
[2020-04-17T00:54:00.715+0800][7707.192s] GC(108) Old regions: 506->505
[2020-04-17T00:54:00.715+0800][7707.192s] GC(108) Archive regions: 2->2
[2020-04-17T00:54:00.715+0800][7707.192s] GC(108) Humongous regions: 4->4
[2020-04-17T00:54:00.715+0800][7707.193s] GC(108) Metaspace: 41311K(42704K)->41311K(42704K) NonClass: 36412K(37332K)->36412K(37332K) Class: 4899K(5372K)->4899K(5372K)
[2020-04-17T00:54:00.715+0800][7707.193s] GC(108) Pause Full (G1 Evacuation Pause) 509M->509M(512M) 972.174ms
[2020-04-17T00:54:00.715+0800][7707.193s] GC(108) User=3.42s Sys=0.02s Real=0.97s
[2020-04-17T00:54:00.719+0800][7707.196s] GC(109) Pause Young (Concurrent Start) (G1 Evacuation Pause)
[2020-04-17T00:54:00.719+0800][7707.196s] GC(109) Using 4 workers of 4 for evacuation
[2020-04-17T00:54:00.724+0800][7707.201s] GC(109) To-space exhausted
[2020-04-17T00:54:00.724+0800][7707.201s] GC(109)   Pre Evacuate Collection Set: 0.1ms
[2020-04-17T00:54:00.724+0800][7707.201s] GC(109)   Merge Heap Roots: 0.0ms
[2020-04-17T00:54:00.724+0800][7707.201s] GC(109)   Evacuate Collection Set: 1.8ms
[2020-04-17T00:54:00.724+0800][7707.201s] GC(109)   Post Evacuate Collection Set: 2.5ms
[2020-04-17T00:54:00.724+0800][7707.201s] GC(109)   Other: 0.2ms
[2020-04-17T00:54:00.724+0800][7707.201s] GC(109) Eden regions: 1->0(128)
[2020-04-17T00:54:00.724+0800][7707.201s] GC(109) Survivor regions: 0->0(0)
[2020-04-17T00:54:00.724+0800][7707.201s] GC(109) Old regions: 505->506
[2020-04-17T00:54:00.724+0800][7707.201s] GC(109) Archive regions: 2->2
[2020-04-17T00:54:00.724+0800][7707.201s] GC(109) Humongous regions: 4->4
[2020-04-17T00:54:00.724+0800][7707.201s] GC(109) Metaspace: 41311K(42704K)->41311K(42704K) NonClass: 36412K(37332K)->36412K(37332K) Class: 4899K(5372K)->4899K(5372K)
[2020-04-17T00:54:00.724+0800][7707.201s] GC(109) Pause Young (Concurrent Start) (G1 Evacuation Pause) 510M->510M(512M) 4.777ms
[2020-04-17T00:54:00.724+0800][7707.201s] GC(109) User=0.01s Sys=0.00s Real=0.01s
[2020-04-17T00:54:00.724+0800][7707.201s] GC(110) Using 4 workers of 4 for full compaction
[2020-04-17T00:54:00.724+0800][7707.201s] GC(110) Pause Full (G1 Evacuation Pause)
[2020-04-17T00:54:00.724+0800][7707.201s] GC(111) Concurrent Cycle
[2020-04-17T00:54:00.724+0800][7707.201s] GC(111) Concurrent Clear Claimed Marks
[2020-04-17T00:54:00.724+0800][7707.201s] GC(111) Concurrent Clear Claimed Marks 0.159ms
[2020-04-17T00:54:00.724+0800][7707.201s] GC(111) Concurrent Scan Root Regions
[2020-04-17T00:54:00.724+0800][7707.202s] GC(111) Concurrent Scan Root Regions 0.025ms
[2020-04-17T00:54:00.724+0800][7707.202s] GC(111) Concurrent Mark (7707.202s)
[2020-04-17T00:54:00.724+0800][7707.202s] GC(111) Concurrent Mark From Roots
[2020-04-17T00:54:00.724+0800][7707.202s] GC(111) Using 4 workers of 4 for marking
[2020-04-17T00:54:00.725+0800][7707.202s] GC(110) Phase 1: Mark live objects
[2020-04-17T00:54:01.287+0800][7707.764s] GC(110) Phase 1: Mark live objects 562.271ms
[2020-04-17T00:54:01.287+0800][7707.764s] GC(110) Phase 2: Prepare for compaction
[2020-04-17T00:54:01.411+0800][7707.889s] GC(110) Phase 2: Prepare for compaction 124.436ms
[2020-04-17T00:54:01.412+0800][7707.889s] GC(110) Phase 3: Adjust pointers
[2020-04-17T00:54:01.612+0800][7708.089s] GC(110) Phase 3: Adjust pointers 200.599ms
[2020-04-17T00:54:01.612+0800][7708.090s] GC(110) Phase 4: Compact heap
[2020-04-17T00:54:01.697+0800][7708.175s] GC(110) Phase 4: Compact heap 85.214ms
[2020-04-17T00:54:01.701+0800][7708.179s] GC(110) Eden regions: 0->0(128)
[2020-04-17T00:54:01.701+0800][7708.179s] GC(110) Survivor regions: 0->0(0)
[2020-04-17T00:54:01.701+0800][7708.179s] GC(110) Old regions: 506->506
[2020-04-17T00:54:01.701+0800][7708.179s] GC(110) Archive regions: 2->2
[2020-04-17T00:54:01.701+0800][7708.179s] GC(110) Humongous regions: 4->4
[2020-04-17T00:54:01.701+0800][7708.179s] GC(110) Metaspace: 41311K(42704K)->41311K(42704K) NonClass: 36412K(37332K)->36412K(37332K) Class: 4899K(5372K)->4899K(5372K)
[2020-04-17T00:54:01.701+0800][7708.179s] GC(110) Pause Full (G1 Evacuation Pause) 510M->510M(512M) 977.520ms
[2020-04-17T00:54:01.702+0800][7708.179s] GC(110) User=3.40s Sys=0.01s Real=0.98s
[2020-04-17T00:54:01.702+0800][7708.179s] GC(112) Using 4 workers of 4 for full compaction
[2020-04-17T00:54:01.702+0800][7708.179s] GC(112) Pause Full (G1 Evacuation Pause)
[2020-04-17T00:54:01.702+0800][7708.179s] GC(112) Phase 1: Mark live objects
[2020-04-17T00:54:02.284+0800][7708.762s] GC(112) Phase 1: Mark live objects 582.557ms
[2020-04-17T00:54:02.284+0800][7708.762s] GC(112) Phase 2: Prepare for compaction
[2020-04-17T00:54:02.407+0800][7708.885s] GC(112) Phase 2: Prepare for compaction 122.871ms
[2020-04-17T00:54:02.407+0800][7708.885s] GC(112) Phase 3: Adjust pointers
[2020-04-17T00:54:02.600+0800][7709.077s] GC(112) Phase 3: Adjust pointers 192.798ms
[2020-04-17T00:54:02.600+0800][7709.078s] GC(112) Phase 4: Compact heap
[2020-04-17T00:54:02.685+0800][7709.163s] GC(112) Phase 4: Compact heap 84.961ms
[2020-04-17T00:54:02.691+0800][7709.168s] GC(112) Eden regions: 0->0(128)
[2020-04-17T00:54:02.691+0800][7709.168s] GC(112) Survivor regions: 0->0(0)
[2020-04-17T00:54:02.691+0800][7709.168s] GC(112) Old regions: 506->506
[2020-04-17T00:54:02.691+0800][7709.169s] GC(112) Archive regions: 2->2
[2020-04-17T00:54:02.691+0800][7709.169s] GC(112) Humongous regions: 4->4
[2020-04-17T00:54:02.691+0800][7709.169s] GC(112) Metaspace: 41311K(42704K)->41311K(42704K) NonClass: 36412K(37332K)->36412K(37332K) Class: 4899K(5372K)->4899K(5372K)
[2020-04-17T00:54:02.691+0800][7709.169s] GC(112) Pause Full (G1 Evacuation Pause) 510M->510M(512M) 989.603ms
[2020-04-17T00:54:02.691+0800][7709.169s] GC(112) User=3.36s Sys=0.01s Real=0.99s
[2020-04-17T00:54:02.691+0800][7709.169s] GC(111) Concurrent Mark From Roots 1967.241ms
[2020-04-17T00:54:02.691+0800][7709.169s] GC(111) Concurrent Mark Abort
[2020-04-17T00:54:02.692+0800][7709.169s] GC(111) Concurrent Cycle 1967.580ms
[2020-04-17T00:54:02.692+0800][7709.169s] GC(113) Pause Young (Normal) (G1 Evacuation Pause)
[2020-04-17T00:54:02.692+0800][7709.169s] GC(113) Using 4 workers of 4 for evacuation
[2020-04-17T00:54:02.692+0800][7709.170s] GC(113)   Pre Evacuate Collection Set: 0.1ms
[2020-04-17T00:54:02.692+0800][7709.170s] GC(113)   Merge Heap Roots: 0.0ms
[2020-04-17T00:54:02.692+0800][7709.170s] GC(113)   Evacuate Collection Set: 0.2ms
[2020-04-17T00:54:02.692+0800][7709.170s] GC(113)   Post Evacuate Collection Set: 0.3ms
[2020-04-17T00:54:02.692+0800][7709.170s] GC(113)   Other: 0.1ms
[2020-04-17T00:54:02.692+0800][7709.170s] GC(113) Eden regions: 0->0(128)
[2020-04-17T00:54:02.692+0800][7709.170s] GC(113) Survivor regions: 0->0(0)
[2020-04-17T00:54:02.692+0800][7709.170s] GC(113) Old regions: 506->506
[2020-04-17T00:54:02.692+0800][7709.170s] GC(113) Archive regions: 2->2
[2020-04-17T00:54:02.692+0800][7709.170s] GC(113) Humongous regions: 4->4
[2020-04-17T00:54:02.692+0800][7709.170s] GC(113) Metaspace: 41311K(42704K)->41311K(42704K) NonClass: 36412K(37332K)->36412K(37332K) Class: 4899K(5372K)->4899K(5372K)
[2020-04-17T00:54:02.692+0800][7709.170s] GC(113) Pause Young (Normal) (G1 Evacuation Pause) 510M->510M(512M) 0.855ms
[2020-04-17T00:54:02.692+0800][7709.170s] GC(113) User=0.01s Sys=0.00s Real=0.00s
[2020-04-17T00:54:02.693+0800][7709.170s] GC(114) Using 4 workers of 4 for full compaction
[2020-04-17T00:54:02.693+0800][7709.170s] GC(114) Pause Full (G1 Evacuation Pause)
[2020-04-17T00:54:02.693+0800][7709.170s] GC(114) Phase 1: Mark live objects
[2020-04-17T00:54:03.245+0800][7709.722s] GC(114) Phase 1: Mark live objects 552.359ms
[2020-04-17T00:54:03.245+0800][7709.723s] GC(114) Phase 2: Prepare for compaction
[2020-04-17T00:54:03.359+0800][7709.837s] GC(114) Phase 2: Prepare for compaction 114.202ms
[2020-04-17T00:54:03.359+0800][7709.837s] GC(114) Phase 3: Adjust pointers
[2020-04-17T00:54:03.559+0800][7710.036s] GC(114) Phase 3: Adjust pointers 199.056ms
[2020-04-17T00:54:03.559+0800][7710.036s] GC(114) Phase 4: Compact heap
[2020-04-17T00:54:03.652+0800][7710.130s] GC(114) Phase 4: Compact heap 93.725ms
[2020-04-17T00:54:03.656+0800][7710.134s] GC(114) Eden regions: 0->0(128)
[2020-04-17T00:54:03.656+0800][7710.134s] GC(114) Survivor regions: 0->0(0)
[2020-04-17T00:54:03.656+0800][7710.134s] GC(114) Old regions: 506->506
[2020-04-17T00:54:03.656+0800][7710.134s] GC(114) Archive regions: 2->2
[2020-04-17T00:54:03.656+0800][7710.134s] GC(114) Humongous regions: 4->4
[2020-04-17T00:54:03.656+0800][7710.134s] GC(114) Metaspace: 41311K(42704K)->41311K(42704K) NonClass: 36412K(37332K)->36412K(37332K) Class: 4899K(5372K)->4899K(5372K)
[2020-04-17T00:54:03.656+0800][7710.134s] GC(114) Pause Full (G1 Evacuation Pause) 510M->510M(512M) 963.766ms
[2020-04-17T00:54:03.656+0800][7710.134s] GC(114) User=3.41s Sys=0.01s Real=0.96s
[2020-04-17T00:54:03.657+0800][7710.134s] GC(115) Using 4 workers of 4 for full compaction
[2020-04-17T00:54:03.657+0800][7710.134s] GC(115) Pause Full (G1 Evacuation Pause)
[2020-04-17T00:54:03.657+0800][7710.134s] GC(115) Phase 1: Mark live objects
[2020-04-17T00:54:04.203+0800][7710.680s] GC(115) Phase 1: Mark live objects 545.841ms
[2020-04-17T00:54:04.203+0800][7710.680s] GC(115) Phase 2: Prepare for compaction
[2020-04-17T00:54:04.325+0800][7710.802s] GC(115) Phase 2: Prepare for compaction 122.111ms
[2020-04-17T00:54:04.325+0800][7710.802s] GC(115) Phase 3: Adjust pointers
[2020-04-17T00:54:04.537+0800][7711.014s] GC(115) Phase 3: Adjust pointers 211.687ms
[2020-04-17T00:54:04.537+0800][7711.014s] GC(115) Phase 4: Compact heap
[2020-04-17T00:54:04.629+0800][7711.106s] GC(115) Phase 4: Compact heap 92.170ms
[2020-04-17T00:54:04.633+0800][7711.110s] GC(115) Eden regions: 0->0(128)
[2020-04-17T00:54:04.633+0800][7711.110s] GC(115) Survivor regions: 0->0(0)
[2020-04-17T00:54:04.633+0800][7711.110s] GC(115) Old regions: 506->506
[2020-04-17T00:54:04.633+0800][7711.110s] GC(115) Archive regions: 2->2
[2020-04-17T00:54:04.633+0800][7711.110s] GC(115) Humongous regions: 4->4
[2020-04-17T00:54:04.633+0800][7711.110s] GC(115) Metaspace: 41311K(42704K)->41311K(42704K) NonClass: 36412K(37332K)->36412K(37332K) Class: 4899K(5372K)->4899K(5372K)
[2020-04-17T00:54:04.633+0800][7711.110s] GC(115) Pause Full (G1 Evacuation Pause) 510M->510M(512M) 976.618ms
[2020-04-17T00:54:04.633+0800][7711.111s] GC(115) User=3.40s Sys=0.01s Real=0.98s
[2020-04-17T00:54:04.633+0800][7711.111s] GC(116) Pause Young (Concurrent Start) (G1 Evacuation Pause)
[2020-04-17T00:54:04.634+0800][7711.111s] GC(116) Using 4 workers of 4 for evacuation
[2020-04-17T00:54:04.634+0800][7711.112s] GC(116)   Pre Evacuate Collection Set: 0.1ms
[2020-04-17T00:54:04.634+0800][7711.112s] GC(116)   Merge Heap Roots: 0.0ms
[2020-04-17T00:54:04.634+0800][7711.112s] GC(116)   Evacuate Collection Set: 0.5ms
[2020-04-17T00:54:04.634+0800][7711.112s] GC(116)   Post Evacuate Collection Set: 0.2ms
[2020-04-17T00:54:04.634+0800][7711.112s] GC(116)   Other: 0.1ms
[2020-04-17T00:54:04.634+0800][7711.112s] GC(116) Eden regions: 0->0(128)
[2020-04-17T00:54:04.634+0800][7711.112s] GC(116) Survivor regions: 0->0(0)
[2020-04-17T00:54:04.634+0800][7711.112s] GC(116) Old regions: 506->506
[2020-04-17T00:54:04.634+0800][7711.112s] GC(116) Archive regions: 2->2
[2020-04-17T00:54:04.634+0800][7711.112s] GC(116) Humongous regions: 4->4
[2020-04-17T00:54:04.634+0800][7711.112s] GC(116) Metaspace: 41311K(42704K)->41311K(42704K) NonClass: 36412K(37332K)->36412K(37332K) Class: 4899K(5372K)->4899K(5372K)
[2020-04-17T00:54:04.635+0800][7711.112s] GC(116) Pause Young (Concurrent Start) (G1 Evacuation Pause) 510M->510M(512M) 1.022ms
[2020-04-17T00:54:04.635+0800][7711.112s] GC(116) User=0.00s Sys=0.00s Real=0.00s
[2020-04-17T00:54:04.635+0800][7711.112s] GC(117) Using 4 workers of 4 for full compaction
[2020-04-17T00:54:04.635+0800][7711.112s] GC(117) Pause Full (G1 Evacuation Pause)
[2020-04-17T00:54:04.635+0800][7711.112s] GC(118) Concurrent Cycle
[2020-04-17T00:54:04.635+0800][7711.112s] GC(118) Concurrent Clear Claimed Marks
[2020-04-17T00:54:04.635+0800][7711.112s] GC(118) Concurrent Clear Claimed Marks 0.074ms
[2020-04-17T00:54:04.635+0800][7711.112s] GC(118) Concurrent Scan Root Regions
[2020-04-17T00:54:04.635+0800][7711.112s] GC(118) Concurrent Scan Root Regions 0.021ms
[2020-04-17T00:54:04.635+0800][7711.112s] GC(118) Concurrent Mark (7711.112s)
[2020-04-17T00:54:04.635+0800][7711.112s] GC(118) Concurrent Mark From Roots
[2020-04-17T00:54:04.635+0800][7711.112s] GC(118) Using 4 workers of 4 for marking
[2020-04-17T00:54:04.635+0800][7711.113s] GC(117) Phase 1: Mark live objects
[2020-04-17T00:54:05.224+0800][7711.701s] GC(117) Phase 1: Mark live objects 588.261ms
[2020-04-17T00:54:05.224+0800][7711.701s] GC(117) Phase 2: Prepare for compaction
[2020-04-17T00:54:05.343+0800][7711.820s] GC(117) Phase 2: Prepare for compaction 119.142ms
[2020-04-17T00:54:05.343+0800][7711.820s] GC(117) Phase 3: Adjust pointers
[2020-04-17T00:54:05.538+0800][7712.015s] GC(117) Phase 3: Adjust pointers 195.181ms
[2020-04-17T00:54:05.538+0800][7712.015s] GC(117) Phase 4: Compact heap
[2020-04-17T00:54:05.632+0800][7712.109s] GC(117) Phase 4: Compact heap 93.989ms
[2020-04-17T00:54:05.637+0800][7712.114s] GC(117) Eden regions: 0->0(128)
[2020-04-17T00:54:05.637+0800][7712.114s] GC(117) Survivor regions: 0->0(0)
[2020-04-17T00:54:05.637+0800][7712.114s] GC(117) Old regions: 506->506
[2020-04-17T00:54:05.637+0800][7712.114s] GC(117) Archive regions: 2->2
[2020-04-17T00:54:05.637+0800][7712.114s] GC(117) Humongous regions: 4->4
[2020-04-17T00:54:05.637+0800][7712.114s] GC(117) Metaspace: 41311K(42704K)->41311K(42704K) NonClass: 36412K(37332K)->36412K(37332K) Class: 4899K(5372K)->4899K(5372K)
[2020-04-17T00:54:05.637+0800][7712.114s] GC(117) Pause Full (G1 Evacuation Pause) 510M->510M(512M) 1002.222ms
[2020-04-17T00:54:05.637+0800][7712.114s] GC(117) User=3.41s Sys=0.01s Real=1.00s
[2020-04-17T00:54:05.637+0800][7712.114s] GC(119) Using 4 workers of 4 for full compaction
[2020-04-17T00:54:05.637+0800][7712.114s] GC(119) Pause Full (G1 Evacuation Pause)
[2020-04-17T00:54:05.637+0800][7712.115s] GC(119) Phase 1: Mark live objects
[2020-04-17T00:54:06.238+0800][7712.715s] GC(119) Phase 1: Mark live objects 600.653ms
[2020-04-17T00:54:06.238+0800][7712.715s] GC(119) Phase 2: Prepare for compaction
[2020-04-17T00:54:06.354+0800][7712.831s] GC(119) Phase 2: Prepare for compaction 115.603ms
[2020-04-17T00:54:06.354+0800][7712.831s] GC(119) Phase 3: Adjust pointers
[2020-04-17T00:54:06.549+0800][7713.026s] GC(119) Phase 3: Adjust pointers 194.918ms
[2020-04-17T00:54:06.549+0800][7713.026s] GC(119) Phase 4: Compact heap
[2020-04-17T00:54:06.623+0800][7713.101s] GC(119) Phase 4: Compact heap 74.704ms
[2020-04-17T00:54:06.629+0800][7713.106s] GC(119) Eden regions: 0->0(128)
[2020-04-17T00:54:06.629+0800][7713.106s] GC(119) Survivor regions: 0->0(0)
[2020-04-17T00:54:06.629+0800][7713.106s] GC(119) Old regions: 506->506
[2020-04-17T00:54:06.629+0800][7713.106s] GC(119) Archive regions: 2->2
[2020-04-17T00:54:06.629+0800][7713.106s] GC(119) Humongous regions: 4->4
[2020-04-17T00:54:06.629+0800][7713.106s] GC(119) Metaspace: 41311K(42704K)->41311K(42704K) NonClass: 36412K(37332K)->36412K(37332K) Class: 4899K(5372K)->4899K(5372K)
[2020-04-17T00:54:06.629+0800][7713.106s] GC(119) Pause Full (G1 Evacuation Pause) 510M->510M(512M) 992.169ms
[2020-04-17T00:54:06.629+0800][7713.107s] GC(119) User=3.41s Sys=0.01s Real=0.99s
[2020-04-17T00:54:06.629+0800][7713.107s] GC(118) Concurrent Mark From Roots 1994.599ms
[2020-04-17T00:54:06.629+0800][7713.107s] GC(118) Concurrent Mark Abort
[2020-04-17T00:54:06.629+0800][7713.107s] GC(118) Concurrent Cycle 1994.841ms
