[2020-04-16T22:39:39.792+0800][0.018s] Heap region size: 1M
[2020-04-16T22:39:39.793+0800][0.018s] Heap address: 0x00000007e0000000, size: 512 MB, Compressed Oops mode: Zero based, Oop shift amount: 3
[2020-04-16T22:39:39.801+0800][0.026s] Using G1
[2020-04-16T22:39:39.801+0800][0.026s] Mark closed archive regions in map: [0x00000007fff00000, 0x00000007fff7aff8]
[2020-04-16T22:39:39.801+0800][0.026s] Mark open archive regions in map: [0x00000007ffe00000, 0x00000007ffe50ff8]
[2020-04-16T22:39:39.830+0800][0.055s] Periodic GC disabled
[2020-04-16T22:39:45.729+0800][5.955s] GC(0) Pause Young (Concurrent Start) (Metadata GC Threshold)
[2020-04-16T22:39:45.730+0800][5.955s] GC(0) Using 4 workers of 4 for evacuation
[2020-04-16T22:39:45.746+0800][5.972s] GC(0)   Pre Evacuate Collection Set: 0.1ms
[2020-04-16T22:39:45.746+0800][5.972s] GC(0)   Merge Heap Roots: 0.0ms
[2020-04-16T22:39:45.747+0800][5.972s] GC(0)   Evacuate Collection Set: 14.8ms
[2020-04-16T22:39:45.747+0800][5.972s] GC(0)   Post Evacuate Collection Set: 1.3ms
[2020-04-16T22:39:45.747+0800][5.972s] GC(0)   Other: 0.7ms
[2020-04-16T22:39:45.747+0800][5.972s] GC(0) Eden regions: 116->0(117)
[2020-04-16T22:39:45.747+0800][5.972s] GC(0) Survivor regions: 0->11(32)
[2020-04-16T22:39:45.747+0800][5.972s] GC(0) Old regions: 0->0
[2020-04-16T22:39:45.747+0800][5.972s] GC(0) Archive regions: 2->2
[2020-04-16T22:39:45.747+0800][5.972s] GC(0) Humongous regions: 0->0
[2020-04-16T22:39:45.747+0800][5.972s] GC(0) Metaspace: 20458K(21248K)->20458K(21248K) NonClass: 18093K(18688K)->18093K(18688K) Class: 2365K(2560K)->2365K(2560K)
[2020-04-16T22:39:45.747+0800][5.972s] GC(0) Pause Young (Concurrent Start) (Metadata GC Threshold) 116M->11M(512M) 17.224ms
[2020-04-16T22:39:45.747+0800][5.972s] GC(0) User=0.05s Sys=0.01s Real=0.02s
[2020-04-16T22:39:45.747+0800][5.972s] GC(1) Concurrent Cycle
[2020-04-16T22:39:45.747+0800][5.972s] GC(1) Concurrent Clear Claimed Marks
[2020-04-16T22:39:45.747+0800][5.972s] GC(1) Concurrent Clear Claimed Marks 0.057ms
[2020-04-16T22:39:45.747+0800][5.972s] GC(1) Concurrent Scan Root Regions
[2020-04-16T22:39:45.752+0800][5.977s] GC(1) Concurrent Scan Root Regions 4.569ms
[2020-04-16T22:39:45.752+0800][5.977s] GC(1) Concurrent Mark (5.977s)
[2020-04-16T22:39:45.752+0800][5.977s] GC(1) Concurrent Mark From Roots
[2020-04-16T22:39:45.752+0800][5.977s] GC(1) Using 4 workers of 4 for marking
[2020-04-16T22:39:45.754+0800][5.980s] GC(1) Concurrent Mark From Roots 2.844ms
[2020-04-16T22:39:45.755+0800][5.980s] GC(1) Concurrent Preclean
[2020-04-16T22:39:45.755+0800][5.980s] GC(1) Concurrent Preclean 0.056ms
[2020-04-16T22:39:45.755+0800][5.980s] GC(1) Concurrent Mark (5.977s, 5.980s) 3.038ms
[2020-04-16T22:39:45.756+0800][5.982s] GC(1) Pause Remark
[2020-04-16T22:39:45.759+0800][5.984s] GC(1) Pause Remark 11M->11M(512M) 2.652ms
[2020-04-16T22:39:45.759+0800][5.984s] GC(1) User=0.01s Sys=0.00s Real=0.00s
[2020-04-16T22:39:45.770+0800][5.995s] GC(1) Concurrent Rebuild Remembered Sets
[2020-04-16T22:39:45.771+0800][5.996s] GC(1) Concurrent Rebuild Remembered Sets 1.112ms
[2020-04-16T22:39:45.776+0800][6.001s] GC(1) Pause Cleanup
[2020-04-16T22:39:45.776+0800][6.001s] GC(1) Pause Cleanup 11M->11M(512M) 0.248ms
[2020-04-16T22:39:45.776+0800][6.001s] GC(1) User=0.00s Sys=0.00s Real=0.00s
[2020-04-16T22:39:45.776+0800][6.002s] GC(1) Concurrent Cleanup for Next Mark
[2020-04-16T22:39:45.780+0800][6.006s] GC(1) Concurrent Cleanup for Next Mark 4.001ms
[2020-04-16T22:39:45.781+0800][6.006s] GC(1) Concurrent Cycle 33.719ms
[2020-04-16T22:39:49.132+0800][9.357s] GC(2) Pause Young (Normal) (G1 Evacuation Pause)
[2020-04-16T22:39:49.132+0800][9.357s] GC(2) Using 4 workers of 4 for evacuation
[2020-04-16T22:39:49.166+0800][9.392s] GC(2)   Pre Evacuate Collection Set: 0.1ms
[2020-04-16T22:39:49.167+0800][9.392s] GC(2)   Merge Heap Roots: 0.0ms
[2020-04-16T22:39:49.167+0800][9.392s] GC(2)   Evacuate Collection Set: 32.3ms
[2020-04-16T22:39:49.167+0800][9.392s] GC(2)   Post Evacuate Collection Set: 1.5ms
[2020-04-16T22:39:49.167+0800][9.392s] GC(2)   Other: 0.3ms
[2020-04-16T22:39:49.167+0800][9.392s] GC(2) Eden regions: 117->0(110)
[2020-04-16T22:39:49.167+0800][9.392s] GC(2) Survivor regions: 11->18(32)
[2020-04-16T22:39:49.167+0800][9.392s] GC(2) Old regions: 0->0
[2020-04-16T22:39:49.167+0800][9.392s] GC(2) Archive regions: 2->2
[2020-04-16T22:39:49.167+0800][9.392s] GC(2) Humongous regions: 1->1
[2020-04-16T22:39:49.167+0800][9.392s] GC(2) Metaspace: 28948K(29952K)->28948K(29952K) NonClass: 25497K(26112K)->25497K(26112K) Class: 3450K(3840K)->3450K(3840K)
[2020-04-16T22:39:49.167+0800][9.392s] GC(2) Pause Young (Normal) (G1 Evacuation Pause) 129M->19M(512M) 34.771ms
[2020-04-16T22:39:49.167+0800][9.392s] GC(2) User=0.08s Sys=0.02s Real=0.03s
[2020-04-16T22:39:49.987+0800][10.212s] GC(3) Pause Young (Normal) (G1 Evacuation Pause)
[2020-04-16T22:39:49.987+0800][10.212s] GC(3) Using 4 workers of 4 for evacuation
[2020-04-16T22:39:50.008+0800][10.233s] GC(3)   Pre Evacuate Collection Set: 0.1ms
[2020-04-16T22:39:50.008+0800][10.234s] GC(3)   Merge Heap Roots: 0.0ms
[2020-04-16T22:39:50.009+0800][10.234s] GC(3)   Evacuate Collection Set: 19.9ms
[2020-04-16T22:39:50.009+0800][10.234s] GC(3)   Post Evacuate Collection Set: 1.5ms
[2020-04-16T22:39:50.009+0800][10.234s] GC(3)   Other: 0.2ms
[2020-04-16T22:39:50.009+0800][10.234s] GC(3) Eden regions: 110->0(108)
[2020-04-16T22:39:50.009+0800][10.234s] GC(3) Survivor regions: 18->20(32)
[2020-04-16T22:39:50.009+0800][10.234s] GC(3) Old regions: 0->0
[2020-04-16T22:39:50.009+0800][10.234s] GC(3) Archive regions: 2->2
[2020-04-16T22:39:50.009+0800][10.234s] GC(3) Humongous regions: 1->1
[2020-04-16T22:39:50.009+0800][10.234s] GC(3) Metaspace: 30429K(31360K)->30429K(31360K) NonClass: 26788K(27392K)->26788K(27392K) Class: 3640K(3968K)->3640K(3968K)
[2020-04-16T22:39:50.009+0800][10.234s] GC(3) Pause Young (Normal) (G1 Evacuation Pause) 129M->21M(512M) 21.961ms
[2020-04-16T22:39:50.009+0800][10.234s] GC(3) User=0.07s Sys=0.00s Real=0.02s
[2020-04-16T22:39:51.494+0800][11.719s] GC(4) Pause Young (Normal) (G1 Evacuation Pause)
[2020-04-16T22:39:51.494+0800][11.719s] GC(4) Using 4 workers of 4 for evacuation
[2020-04-16T22:39:51.516+0800][11.741s] GC(4)   Pre Evacuate Collection Set: 0.1ms
[2020-04-16T22:39:51.516+0800][11.741s] GC(4)   Merge Heap Roots: 0.1ms
[2020-04-16T22:39:51.516+0800][11.741s] GC(4)   Evacuate Collection Set: 20.6ms
[2020-04-16T22:39:51.516+0800][11.741s] GC(4)   Post Evacuate Collection Set: 1.6ms
[2020-04-16T22:39:51.516+0800][11.741s] GC(4)   Other: 0.2ms
[2020-04-16T22:39:51.516+0800][11.741s] GC(4) Eden regions: 108->0(108)
[2020-04-16T22:39:51.517+0800][11.741s] GC(4) Survivor regions: 20->20(32)
[2020-04-16T22:39:51.517+0800][11.742s] GC(4) Old regions: 0->0
[2020-04-16T22:39:51.517+0800][11.742s] GC(4) Archive regions: 2->2
[2020-04-16T22:39:51.517+0800][11.742s] GC(4) Humongous regions: 1->1
[2020-04-16T22:39:51.517+0800][11.742s] GC(4) Metaspace: 34680K(35628K)->34680K(35628K) NonClass: 30503K(31148K)->30503K(31148K) Class: 4177K(4480K)->4177K(4480K)
[2020-04-16T22:39:51.517+0800][11.742s] GC(4) Pause Young (Normal) (G1 Evacuation Pause) 129M->21M(512M) 22.919ms
[2020-04-16T22:39:51.517+0800][11.742s] GC(4) User=0.08s Sys=0.01s Real=0.02s
[2020-04-16T22:39:51.578+0800][11.803s] GC(5) Pause Young (Concurrent Start) (Metadata GC Threshold)
[2020-04-16T22:39:51.578+0800][11.803s] GC(5) Using 4 workers of 4 for evacuation
[2020-04-16T22:39:51.601+0800][11.826s] GC(5)   Pre Evacuate Collection Set: 0.1ms
[2020-04-16T22:39:51.601+0800][11.826s] GC(5)   Merge Heap Roots: 0.0ms
[2020-04-16T22:39:51.601+0800][11.826s] GC(5)   Evacuate Collection Set: 21.0ms
[2020-04-16T22:39:51.601+0800][11.826s] GC(5)   Post Evacuate Collection Set: 1.4ms
[2020-04-16T22:39:51.601+0800][11.826s] GC(5)   Other: 0.2ms
[2020-04-16T22:39:51.601+0800][11.826s] GC(5) Eden regions: 7->0(107)
[2020-04-16T22:39:51.601+0800][11.826s] GC(5) Survivor regions: 20->21(32)
[2020-04-16T22:39:51.601+0800][11.826s] GC(5) Old regions: 0->0
[2020-04-16T22:39:51.601+0800][11.826s] GC(5) Archive regions: 2->2
[2020-04-16T22:39:51.601+0800][11.826s] GC(5) Humongous regions: 1->1
[2020-04-16T22:39:51.601+0800][11.826s] GC(5) Metaspace: 34763K(35628K)->34763K(35628K) NonClass: 30583K(31148K)->30583K(31148K) Class: 4179K(4480K)->4179K(4480K)
[2020-04-16T22:39:51.601+0800][11.826s] GC(5) Pause Young (Concurrent Start) (Metadata GC Threshold) 28M->22M(512M) 23.070ms
[2020-04-16T22:39:51.601+0800][11.826s] GC(5) User=0.07s Sys=0.01s Real=0.03s
[2020-04-16T22:39:51.601+0800][11.826s] GC(6) Concurrent Cycle
[2020-04-16T22:39:51.601+0800][11.826s] GC(6) Concurrent Clear Claimed Marks
[2020-04-16T22:39:51.601+0800][11.826s] GC(6) Concurrent Clear Claimed Marks 0.076ms
[2020-04-16T22:39:51.601+0800][11.826s] GC(6) Concurrent Scan Root Regions
[2020-04-16T22:39:51.608+0800][11.833s] GC(6) Concurrent Scan Root Regions 6.796ms
[2020-04-16T22:39:51.608+0800][11.833s] GC(6) Concurrent Mark (11.833s)
[2020-04-16T22:39:51.608+0800][11.833s] GC(6) Concurrent Mark From Roots
[2020-04-16T22:39:51.608+0800][11.833s] GC(6) Using 4 workers of 4 for marking
[2020-04-16T22:39:51.611+0800][11.836s] GC(6) Concurrent Mark From Roots 2.507ms
[2020-04-16T22:39:51.611+0800][11.836s] GC(6) Concurrent Preclean
[2020-04-16T22:39:51.611+0800][11.836s] GC(6) Concurrent Preclean 0.042ms
[2020-04-16T22:39:51.611+0800][11.836s] GC(6) Concurrent Mark (11.833s, 11.836s) 2.661ms
[2020-04-16T22:39:51.611+0800][11.836s] GC(6) Pause Remark
[2020-04-16T22:39:51.616+0800][11.841s] GC(6) Pause Remark 22M->22M(512M) 4.690ms
[2020-04-16T22:39:51.616+0800][11.841s] GC(6) User=0.01s Sys=0.00s Real=0.00s
[2020-04-16T22:39:51.625+0800][11.850s] GC(6) Concurrent Rebuild Remembered Sets
[2020-04-16T22:39:51.627+0800][11.852s] GC(6) Concurrent Rebuild Remembered Sets 1.137ms
[2020-04-16T22:39:51.627+0800][11.852s] GC(6) Pause Cleanup
[2020-04-16T22:39:51.627+0800][11.852s] GC(6) Pause Cleanup 22M->22M(512M) 0.164ms
[2020-04-16T22:39:51.627+0800][11.852s] GC(6) User=0.00s Sys=0.00s Real=0.00s
[2020-04-16T22:39:51.633+0800][11.858s] GC(6) Concurrent Cleanup for Next Mark
[2020-04-16T22:39:51.638+0800][11.863s] GC(6) Concurrent Cleanup for Next Mark 5.021ms
[2020-04-16T22:39:51.638+0800][11.863s] GC(6) Concurrent Cycle 37.085ms
[2020-04-16T22:39:55.088+0800][15.312s] GC(7) Pause Young (Normal) (G1 Evacuation Pause)
[2020-04-16T22:39:55.088+0800][15.312s] GC(7) Using 4 workers of 4 for evacuation
[2020-04-16T22:39:55.129+0800][15.354s] GC(7)   Pre Evacuate Collection Set: 0.1ms
[2020-04-16T22:39:55.129+0800][15.354s] GC(7)   Merge Heap Roots: 0.0ms
[2020-04-16T22:39:55.129+0800][15.354s] GC(7)   Evacuate Collection Set: 38.6ms
[2020-04-16T22:39:55.129+0800][15.354s] GC(7)   Post Evacuate Collection Set: 2.3ms
[2020-04-16T22:39:55.129+0800][15.354s] GC(7)   Other: 0.2ms
[2020-04-16T22:39:55.129+0800][15.354s] GC(7) Eden regions: 107->0(101)
[2020-04-16T22:39:55.129+0800][15.354s] GC(7) Survivor regions: 21->27(32)
[2020-04-16T22:39:55.129+0800][15.354s] GC(7) Old regions: 0->0
[2020-04-16T22:39:55.129+0800][15.354s] GC(7) Archive regions: 2->2
[2020-04-16T22:39:55.129+0800][15.354s] GC(7) Humongous regions: 1->1
[2020-04-16T22:39:55.129+0800][15.354s] GC(7) Metaspace: 39122K(40108K)->39122K(40108K) NonClass: 34378K(34988K)->34378K(34988K) Class: 4743K(5120K)->4743K(5120K)
[2020-04-16T22:39:55.129+0800][15.354s] GC(7) Pause Young (Normal) (G1 Evacuation Pause) 129M->28M(512M) 41.653ms
[2020-04-16T22:39:55.129+0800][15.354s] GC(7) User=0.11s Sys=0.01s Real=0.04s
[2020-04-16T22:39:56.655+0800][16.879s] GC(8) Pause Young (Normal) (G1 Evacuation Pause)
[2020-04-16T22:39:56.655+0800][16.880s] GC(8) Using 4 workers of 4 for evacuation
[2020-04-16T22:39:56.883+0800][17.108s] GC(8) MMU target violated: 201.0ms (200.0ms/201.0ms)
[2020-04-16T22:39:56.883+0800][17.108s] GC(8)   Pre Evacuate Collection Set: 0.1ms
[2020-04-16T22:39:56.883+0800][17.108s] GC(8)   Merge Heap Roots: 0.0ms
[2020-04-16T22:39:56.883+0800][17.108s] GC(8)   Evacuate Collection Set: 226.5ms
[2020-04-16T22:39:56.883+0800][17.108s] GC(8)   Post Evacuate Collection Set: 1.8ms
[2020-04-16T22:39:56.883+0800][17.108s] GC(8)   Other: 0.3ms
[2020-04-16T22:39:56.883+0800][17.108s] GC(8) Eden regions: 101->0(96)
[2020-04-16T22:39:56.883+0800][17.108s] GC(8) Survivor regions: 27->32(32)
[2020-04-16T22:39:56.883+0800][17.108s] GC(8) Old regions: 0->66
[2020-04-16T22:39:56.883+0800][17.108s] GC(8) Archive regions: 2->2
[2020-04-16T22:39:56.883+0800][17.108s] GC(8) Humongous regions: 1->1
[2020-04-16T22:39:56.883+0800][17.108s] GC(8) Metaspace: 39197K(40364K)->39197K(40364K) NonClass: 34449K(35244K)->34449K(35244K) Class: 4748K(5120K)->4748K(5120K)
[2020-04-16T22:39:56.884+0800][17.108s] GC(8) Pause Young (Normal) (G1 Evacuation Pause) 129M->99M(512M) 228.860ms
[2020-04-16T22:39:56.884+0800][17.108s] GC(8) User=0.63s Sys=0.10s Real=0.23s
[2020-04-16T22:39:57.436+0800][17.661s] GC(9) Pause Young (Normal) (G1 Evacuation Pause)
[2020-04-16T22:39:57.436+0800][17.661s] GC(9) Using 4 workers of 4 for evacuation
[2020-04-16T22:39:57.742+0800][17.967s] GC(9) MMU target violated: 201.0ms (200.0ms/201.0ms)
[2020-04-16T22:39:57.742+0800][17.967s] GC(9)   Pre Evacuate Collection Set: 0.1ms
[2020-04-16T22:39:57.742+0800][17.967s] GC(9)   Merge Heap Roots: 0.1ms
[2020-04-16T22:39:57.742+0800][17.967s] GC(9)   Evacuate Collection Set: 303.3ms
[2020-04-16T22:39:57.742+0800][17.967s] GC(9)   Post Evacuate Collection Set: 2.5ms
[2020-04-16T22:39:57.742+0800][17.967s] GC(9)   Other: 0.3ms
[2020-04-16T22:39:57.742+0800][17.967s] GC(9) Eden regions: 96->0(96)
[2020-04-16T22:39:57.742+0800][17.967s] GC(9) Survivor regions: 32->32(32)
[2020-04-16T22:39:57.742+0800][17.967s] GC(9) Old regions: 66->151
[2020-04-16T22:39:57.742+0800][17.967s] GC(9) Archive regions: 2->2
[2020-04-16T22:39:57.742+0800][17.967s] GC(9) Humongous regions: 1->1
[2020-04-16T22:39:57.742+0800][17.967s] GC(9) Metaspace: 39197K(40364K)->39197K(40364K) NonClass: 34449K(35244K)->34449K(35244K) Class: 4748K(5120K)->4748K(5120K)
[2020-04-16T22:39:57.742+0800][17.967s] GC(9) Pause Young (Normal) (G1 Evacuation Pause) 195M->184M(512M) 306.387ms
[2020-04-16T22:39:57.742+0800][17.967s] GC(9) User=0.70s Sys=0.08s Real=0.31s
[2020-04-16T22:39:58.757+0800][18.981s] GC(10) Pause Young (Normal) (G1 Evacuation Pause)
[2020-04-16T22:39:58.757+0800][18.981s] GC(10) Using 4 workers of 4 for evacuation
[2020-04-16T22:39:59.051+0800][19.276s] GC(10) MMU target violated: 201.0ms (200.0ms/201.0ms)
[2020-04-16T22:39:59.051+0800][19.276s] GC(10)   Pre Evacuate Collection Set: 0.1ms
[2020-04-16T22:39:59.051+0800][19.276s] GC(10)   Merge Heap Roots: 0.1ms
[2020-04-16T22:39:59.051+0800][19.276s] GC(10)   Evacuate Collection Set: 293.5ms
[2020-04-16T22:39:59.051+0800][19.276s] GC(10)   Post Evacuate Collection Set: 0.8ms
[2020-04-16T22:39:59.051+0800][19.276s] GC(10)   Other: 0.3ms
[2020-04-16T22:39:59.051+0800][19.276s] GC(10) Eden regions: 96->0(96)
[2020-04-16T22:39:59.051+0800][19.276s] GC(10) Survivor regions: 32->32(32)
[2020-04-16T22:39:59.051+0800][19.276s] GC(10) Old regions: 151->231
[2020-04-16T22:39:59.051+0800][19.276s] GC(10) Archive regions: 2->2
[2020-04-16T22:39:59.051+0800][19.276s] GC(10) Humongous regions: 1->1
[2020-04-16T22:39:59.051+0800][19.276s] GC(10) Metaspace: 39212K(40364K)->39212K(40364K) NonClass: 34464K(35244K)->34464K(35244K) Class: 4748K(5120K)->4748K(5120K)
[2020-04-16T22:39:59.051+0800][19.276s] GC(10) Pause Young (Normal) (G1 Evacuation Pause) 280M->264M(512M) 294.855ms
[2020-04-16T22:39:59.051+0800][19.276s] GC(10) User=0.73s Sys=0.08s Real=0.30s
[2020-04-16T22:40:01.633+0800][21.857s] GC(11) Pause Young (Concurrent Start) (G1 Evacuation Pause)
[2020-04-16T22:40:01.633+0800][21.857s] GC(11) Using 4 workers of 4 for evacuation
[2020-04-16T22:40:01.820+0800][22.045s] GC(11)   Pre Evacuate Collection Set: 0.3ms
[2020-04-16T22:40:01.820+0800][22.045s] GC(11)   Merge Heap Roots: 0.1ms
[2020-04-16T22:40:01.820+0800][22.045s] GC(11)   Evacuate Collection Set: 186.1ms
[2020-04-16T22:40:01.820+0800][22.045s] GC(11)   Post Evacuate Collection Set: 0.8ms
[2020-04-16T22:40:01.820+0800][22.045s] GC(11)   Other: 0.3ms
[2020-04-16T22:40:01.820+0800][22.045s] GC(11) Eden regions: 96->0(96)
[2020-04-16T22:40:01.820+0800][22.045s] GC(11) Survivor regions: 32->32(32)
[2020-04-16T22:40:01.820+0800][22.045s] GC(11) Old regions: 231->282
[2020-04-16T22:40:01.820+0800][22.045s] GC(11) Archive regions: 2->2
[2020-04-16T22:40:01.820+0800][22.045s] GC(11) Humongous regions: 1->1
[2020-04-16T22:40:01.820+0800][22.045s] GC(11) Metaspace: 39340K(40364K)->39340K(40364K) NonClass: 34582K(35244K)->34582K(35244K) Class: 4758K(5120K)->4758K(5120K)
[2020-04-16T22:40:01.820+0800][22.045s] GC(11) Pause Young (Concurrent Start) (G1 Evacuation Pause) 360M->315M(512M) 187.763ms
[2020-04-16T22:40:01.820+0800][22.045s] GC(11) User=0.57s Sys=0.04s Real=0.19s
[2020-04-16T22:40:01.820+0800][22.045s] GC(12) Concurrent Cycle
[2020-04-16T22:40:01.820+0800][22.045s] GC(12) Concurrent Clear Claimed Marks
[2020-04-16T22:40:01.820+0800][22.045s] GC(12) Concurrent Clear Claimed Marks 0.085ms
[2020-04-16T22:40:01.821+0800][22.045s] GC(12) Concurrent Scan Root Regions
[2020-04-16T22:40:01.920+0800][22.144s] GC(12) Concurrent Scan Root Regions 99.031ms
[2020-04-16T22:40:01.920+0800][22.144s] GC(12) Concurrent Mark (22.144s)
[2020-04-16T22:40:01.920+0800][22.144s] GC(12) Concurrent Mark From Roots
[2020-04-16T22:40:01.920+0800][22.144s] GC(12) Using 4 workers of 4 for marking
[2020-04-16T22:40:02.152+0800][22.377s] GC(13) Pause Young (Normal) (G1 Evacuation Pause)
[2020-04-16T22:40:02.152+0800][22.377s] GC(13) Using 4 workers of 4 for evacuation
[2020-04-16T22:40:02.231+0800][22.455s] GC(13)   Pre Evacuate Collection Set: 0.1ms
[2020-04-16T22:40:02.231+0800][22.455s] GC(13)   Merge Heap Roots: 0.1ms
[2020-04-16T22:40:02.231+0800][22.455s] GC(13)   Evacuate Collection Set: 76.8ms
[2020-04-16T22:40:02.231+0800][22.455s] GC(13)   Post Evacuate Collection Set: 1.1ms
[2020-04-16T22:40:02.231+0800][22.456s] GC(13)   Other: 0.2ms
[2020-04-16T22:40:02.231+0800][22.456s] GC(13) Eden regions: 96->0(99)
[2020-04-16T22:40:02.231+0800][22.456s] GC(13) Survivor regions: 32->29(32)
[2020-04-16T22:40:02.231+0800][22.456s] GC(13) Old regions: 282->288
[2020-04-16T22:40:02.231+0800][22.456s] GC(13) Archive regions: 2->2
[2020-04-16T22:40:02.231+0800][22.456s] GC(13) Humongous regions: 1->1
[2020-04-16T22:40:02.231+0800][22.456s] GC(13) Metaspace: 39411K(40364K)->39411K(40364K) NonClass: 34652K(35244K)->34652K(35244K) Class: 4758K(5120K)->4758K(5120K)
[2020-04-16T22:40:02.231+0800][22.456s] GC(13) Pause Young (Normal) (G1 Evacuation Pause) 411M->318M(512M) 78.595ms
[2020-04-16T22:40:02.231+0800][22.456s] GC(13) User=0.25s Sys=0.01s Real=0.08s
[2020-04-16T22:40:02.824+0800][23.048s] GC(12) Concurrent Mark From Roots 903.923ms
[2020-04-16T22:40:02.824+0800][23.048s] GC(12) Concurrent Preclean
[2020-04-16T22:40:02.824+0800][23.049s] GC(12) Concurrent Preclean 0.151ms
[2020-04-16T22:40:02.824+0800][23.049s] GC(12) Concurrent Mark (22.144s, 23.049s) 904.220ms
[2020-04-16T22:40:02.824+0800][23.049s] GC(12) Pause Remark
[2020-04-16T22:40:02.833+0800][23.058s] GC(12) Pause Remark 380M->380M(512M) 9.176ms
[2020-04-16T22:40:02.833+0800][23.058s] GC(12) User=0.03s Sys=0.00s Real=0.01s
[2020-04-16T22:40:02.834+0800][23.059s] GC(12) Concurrent Rebuild Remembered Sets
[2020-04-16T22:40:03.065+0800][23.290s] GC(14) Pause Young (Normal) (G1 Evacuation Pause)
[2020-04-16T22:40:03.065+0800][23.290s] GC(14) Using 4 workers of 4 for evacuation
[2020-04-16T22:40:03.129+0800][23.353s] GC(14)   Pre Evacuate Collection Set: 0.1ms
[2020-04-16T22:40:03.129+0800][23.353s] GC(14)   Merge Heap Roots: 0.1ms
[2020-04-16T22:40:03.129+0800][23.353s] GC(14)   Evacuate Collection Set: 62.4ms
[2020-04-16T22:40:03.129+0800][23.354s] GC(14)   Post Evacuate Collection Set: 0.8ms
[2020-04-16T22:40:03.129+0800][23.354s] GC(14)   Other: 0.3ms
[2020-04-16T22:40:03.129+0800][23.354s] GC(14) Eden regions: 99->0(99)
[2020-04-16T22:40:03.129+0800][23.354s] GC(14) Survivor regions: 29->29(32)
[2020-04-16T22:40:03.129+0800][23.354s] GC(14) Old regions: 288->288
[2020-04-16T22:40:03.129+0800][23.354s] GC(14) Archive regions: 2->2
[2020-04-16T22:40:03.129+0800][23.354s] GC(14) Humongous regions: 1->1
[2020-04-16T22:40:03.129+0800][23.354s] GC(14) Metaspace: 39487K(40620K)->39487K(40620K) NonClass: 34736K(35500K)->34736K(35500K) Class: 4751K(5120K)->4751K(5120K)
[2020-04-16T22:40:03.129+0800][23.354s] GC(14) Pause Young (Normal) (G1 Evacuation Pause) 417M->318M(512M) 64.290ms
[2020-04-16T22:40:03.129+0800][23.354s] GC(14) User=0.21s Sys=0.00s Real=0.06s
[2020-04-16T22:40:03.280+0800][23.505s] GC(15) Pause Young (Normal) (G1 Evacuation Pause)
[2020-04-16T22:40:03.280+0800][23.505s] GC(15) Using 4 workers of 4 for evacuation
[2020-04-16T22:40:03.341+0800][23.566s] GC(15)   Pre Evacuate Collection Set: 0.1ms
[2020-04-16T22:40:03.341+0800][23.566s] GC(15)   Merge Heap Roots: 0.1ms
[2020-04-16T22:40:03.341+0800][23.566s] GC(15)   Evacuate Collection Set: 59.7ms
[2020-04-16T22:40:03.341+0800][23.566s] GC(15)   Post Evacuate Collection Set: 0.6ms
[2020-04-16T22:40:03.341+0800][23.566s] GC(15)   Other: 0.2ms
[2020-04-16T22:40:03.341+0800][23.566s] GC(15) Eden regions: 99->0(99)
[2020-04-16T22:40:03.341+0800][23.566s] GC(15) Survivor regions: 29->29(32)
[2020-04-16T22:40:03.341+0800][23.566s] GC(15) Old regions: 288->288
[2020-04-16T22:40:03.341+0800][23.566s] GC(15) Archive regions: 2->2
[2020-04-16T22:40:03.341+0800][23.566s] GC(15) Humongous regions: 1->1
[2020-04-16T22:40:03.341+0800][23.566s] GC(15) Metaspace: 39487K(40620K)->39487K(40620K) NonClass: 34736K(35500K)->34736K(35500K) Class: 4751K(5120K)->4751K(5120K)
[2020-04-16T22:40:03.341+0800][23.566s] GC(15) Pause Young (Normal) (G1 Evacuation Pause) 417M->318M(512M) 60.875ms
[2020-04-16T22:40:03.341+0800][23.566s] GC(15) User=0.19s Sys=0.00s Real=0.06s
[2020-04-16T22:40:03.421+0800][23.646s] GC(12) Concurrent Rebuild Remembered Sets 587.048ms
[2020-04-16T22:40:03.422+0800][23.646s] GC(12) Pause Cleanup
[2020-04-16T22:40:03.422+0800][23.647s] GC(12) Pause Cleanup 400M->400M(512M) 0.296ms
[2020-04-16T22:40:03.422+0800][23.647s] GC(12) User=0.00s Sys=0.00s Real=0.00s
[2020-04-16T22:40:03.422+0800][23.647s] GC(12) Concurrent Cleanup for Next Mark
[2020-04-16T22:40:03.423+0800][23.648s] GC(12) Concurrent Cleanup for Next Mark 1.022ms
[2020-04-16T22:40:03.423+0800][23.648s] GC(12) Concurrent Cycle 1602.596ms
[2020-04-16T22:40:03.429+0800][23.654s] GC(16) Pause Young (Normal) (G1 Evacuation Pause)
[2020-04-16T22:40:03.429+0800][23.654s] GC(16) Using 4 workers of 4 for evacuation
[2020-04-16T22:40:03.494+0800][23.718s] GC(16)   Pre Evacuate Collection Set: 0.2ms
[2020-04-16T22:40:03.494+0800][23.718s] GC(16)   Merge Heap Roots: 0.2ms
[2020-04-16T22:40:03.494+0800][23.718s] GC(16)   Evacuate Collection Set: 63.4ms
[2020-04-16T22:40:03.494+0800][23.718s] GC(16)   Post Evacuate Collection Set: 0.6ms
[2020-04-16T22:40:03.494+0800][23.718s] GC(16)   Other: 0.2ms
[2020-04-16T22:40:03.494+0800][23.718s] GC(16) Eden regions: 99->0(99)
[2020-04-16T22:40:03.494+0800][23.718s] GC(16) Survivor regions: 29->29(32)
[2020-04-16T22:40:03.494+0800][23.718s] GC(16) Old regions: 288->288
[2020-04-16T22:40:03.494+0800][23.718s] GC(16) Archive regions: 2->2
[2020-04-16T22:40:03.494+0800][23.718s] GC(16) Humongous regions: 1->1
[2020-04-16T22:40:03.494+0800][23.718s] GC(16) Metaspace: 39487K(40620K)->39487K(40620K) NonClass: 34736K(35500K)->34736K(35500K) Class: 4751K(5120K)->4751K(5120K)
[2020-04-16T22:40:03.494+0800][23.718s] GC(16) Pause Young (Normal) (G1 Evacuation Pause) 417M->318M(512M) 64.773ms
[2020-04-16T22:40:03.494+0800][23.719s] GC(16) User=0.22s Sys=0.00s Real=0.07s
[2020-04-16T22:40:03.541+0800][23.765s] GC(17) Pause Young (Concurrent Start) (G1 Evacuation Pause)
[2020-04-16T22:40:03.541+0800][23.765s] GC(17) Using 4 workers of 4 for evacuation
[2020-04-16T22:40:03.600+0800][23.825s] GC(17)   Pre Evacuate Collection Set: 0.1ms
[2020-04-16T22:40:03.600+0800][23.825s] GC(17)   Merge Heap Roots: 0.1ms
[2020-04-16T22:40:03.600+0800][23.825s] GC(17)   Evacuate Collection Set: 58.9ms
[2020-04-16T22:40:03.601+0800][23.825s] GC(17)   Post Evacuate Collection Set: 0.5ms
[2020-04-16T22:40:03.601+0800][23.825s] GC(17)   Other: 0.2ms
[2020-04-16T22:40:03.601+0800][23.825s] GC(17) Eden regions: 99->0(99)
[2020-04-16T22:40:03.601+0800][23.825s] GC(17) Survivor regions: 29->29(32)
[2020-04-16T22:40:03.601+0800][23.825s] GC(17) Old regions: 288->288
[2020-04-16T22:40:03.601+0800][23.825s] GC(17) Archive regions: 2->2
[2020-04-16T22:40:03.601+0800][23.825s] GC(17) Humongous regions: 1->1
[2020-04-16T22:40:03.601+0800][23.825s] GC(17) Metaspace: 39487K(40620K)->39487K(40620K) NonClass: 34736K(35500K)->34736K(35500K) Class: 4751K(5120K)->4751K(5120K)
[2020-04-16T22:40:03.601+0800][23.825s] GC(17) Pause Young (Concurrent Start) (G1 Evacuation Pause) 417M->318M(512M) 60.121ms
[2020-04-16T22:40:03.601+0800][23.825s] GC(17) User=0.20s Sys=0.00s Real=0.06s
[2020-04-16T22:40:03.601+0800][23.825s] GC(18) Concurrent Cycle
[2020-04-16T22:40:03.601+0800][23.826s] GC(18) Concurrent Clear Claimed Marks
[2020-04-16T22:40:03.601+0800][23.826s] GC(18) Concurrent Clear Claimed Marks 0.109ms
[2020-04-16T22:40:03.601+0800][23.826s] GC(18) Concurrent Scan Root Regions
[2020-04-16T22:40:03.624+0800][23.849s] GC(18) Concurrent Scan Root Regions 22.907ms
[2020-04-16T22:40:03.624+0800][23.849s] GC(18) Concurrent Mark (23.849s)
[2020-04-16T22:40:03.624+0800][23.849s] GC(18) Concurrent Mark From Roots
[2020-04-16T22:40:03.624+0800][23.849s] GC(18) Using 4 workers of 4 for marking
[2020-04-16T22:40:03.761+0800][23.986s] GC(19) Pause Young (Normal) (G1 Evacuation Pause)
[2020-04-16T22:40:03.761+0800][23.986s] GC(19) Using 4 workers of 4 for evacuation
[2020-04-16T22:40:03.826+0800][24.050s] GC(19)   Pre Evacuate Collection Set: 0.1ms
[2020-04-16T22:40:03.826+0800][24.050s] GC(19)   Merge Heap Roots: 0.1ms
[2020-04-16T22:40:03.826+0800][24.050s] GC(19)   Evacuate Collection Set: 63.8ms
[2020-04-16T22:40:03.826+0800][24.050s] GC(19)   Post Evacuate Collection Set: 0.5ms
[2020-04-16T22:40:03.826+0800][24.051s] GC(19)   Other: 0.2ms
[2020-04-16T22:40:03.826+0800][24.051s] GC(19) Eden regions: 99->0(106)
[2020-04-16T22:40:03.826+0800][24.051s] GC(19) Survivor regions: 29->22(32)
[2020-04-16T22:40:03.826+0800][24.051s] GC(19) Old regions: 288->296
[2020-04-16T22:40:03.826+0800][24.051s] GC(19) Archive regions: 2->2
[2020-04-16T22:40:03.826+0800][24.051s] GC(19) Humongous regions: 1->1
[2020-04-16T22:40:03.826+0800][24.051s] GC(19) Metaspace: 39487K(40620K)->39487K(40620K) NonClass: 34736K(35500K)->34736K(35500K) Class: 4751K(5120K)->4751K(5120K)
[2020-04-16T22:40:03.826+0800][24.051s] GC(19) Pause Young (Normal) (G1 Evacuation Pause) 417M->318M(512M) 64.836ms
[2020-04-16T22:40:03.826+0800][24.051s] GC(19) User=0.21s Sys=0.01s Real=0.06s
[2020-04-16T22:40:03.949+0800][24.174s] GC(20) Pause Young (Normal) (G1 Evacuation Pause)
[2020-04-16T22:40:03.949+0800][24.174s] GC(20) Using 4 workers of 4 for evacuation
[2020-04-16T22:40:04.045+0800][24.269s] GC(20)   Pre Evacuate Collection Set: 0.1ms
[2020-04-16T22:40:04.045+0800][24.269s] GC(20)   Merge Heap Roots: 0.1ms
[2020-04-16T22:40:04.045+0800][24.269s] GC(20)   Evacuate Collection Set: 94.4ms
[2020-04-16T22:40:04.045+0800][24.269s] GC(20)   Post Evacuate Collection Set: 0.6ms
[2020-04-16T22:40:04.045+0800][24.269s] GC(20)   Other: 0.3ms
[2020-04-16T22:40:04.045+0800][24.269s] GC(20) Eden regions: 106->0(110)
[2020-04-16T22:40:04.045+0800][24.269s] GC(20) Survivor regions: 22->18(32)
[2020-04-16T22:40:04.045+0800][24.269s] GC(20) Old regions: 296->300
[2020-04-16T22:40:04.045+0800][24.269s] GC(20) Archive regions: 2->2
[2020-04-16T22:40:04.045+0800][24.269s] GC(20) Humongous regions: 1->1
[2020-04-16T22:40:04.045+0800][24.269s] GC(20) Metaspace: 39487K(40620K)->39487K(40620K) NonClass: 34736K(35500K)->34736K(35500K) Class: 4751K(5120K)->4751K(5120K)
[2020-04-16T22:40:04.045+0800][24.269s] GC(20) Pause Young (Normal) (G1 Evacuation Pause) 424M->319M(512M) 95.613ms
[2020-04-16T22:40:04.045+0800][24.269s] GC(20) User=0.14s Sys=0.00s Real=0.10s
[2020-04-16T22:40:04.241+0800][24.466s] GC(21) Pause Young (Normal) (G1 Evacuation Pause)
[2020-04-16T22:40:04.241+0800][24.466s] GC(21) Using 4 workers of 4 for evacuation
[2020-04-16T22:40:04.299+0800][24.524s] GC(21)   Pre Evacuate Collection Set: 0.1ms
[2020-04-16T22:40:04.299+0800][24.524s] GC(21)   Merge Heap Roots: 0.1ms
[2020-04-16T22:40:04.299+0800][24.524s] GC(21)   Evacuate Collection Set: 56.8ms
[2020-04-16T22:40:04.301+0800][24.525s] GC(21)   Post Evacuate Collection Set: 0.6ms
[2020-04-16T22:40:04.301+0800][24.526s] GC(21)   Other: 0.2ms
[2020-04-16T22:40:04.301+0800][24.526s] GC(21) Eden regions: 110->0(125)
[2020-04-16T22:40:04.301+0800][24.526s] GC(21) Survivor regions: 18->3(32)
[2020-04-16T22:40:04.301+0800][24.526s] GC(21) Old regions: 300->317
[2020-04-16T22:40:04.301+0800][24.526s] GC(21) Archive regions: 2->2
[2020-04-16T22:40:04.301+0800][24.526s] GC(21) Humongous regions: 1->1
[2020-04-16T22:40:04.301+0800][24.526s] GC(21) Metaspace: 39487K(40620K)->39487K(40620K) NonClass: 34736K(35500K)->34736K(35500K) Class: 4751K(5120K)->4751K(5120K)
[2020-04-16T22:40:04.301+0800][24.526s] GC(21) Pause Young (Normal) (G1 Evacuation Pause) 429M->320M(512M) 60.006ms
[2020-04-16T22:40:04.301+0800][24.526s] GC(21) User=0.12s Sys=0.01s Real=0.06s
[2020-04-16T22:40:04.509+0800][24.733s] GC(22) Pause Young (Normal) (G1 Evacuation Pause)
[2020-04-16T22:40:04.509+0800][24.733s] GC(22) Using 4 workers of 4 for evacuation
[2020-04-16T22:40:04.514+0800][24.739s] GC(22)   Pre Evacuate Collection Set: 0.1ms
[2020-04-16T22:40:04.514+0800][24.739s] GC(22)   Merge Heap Roots: 0.1ms
[2020-04-16T22:40:04.514+0800][24.739s] GC(22)   Evacuate Collection Set: 4.2ms
[2020-04-16T22:40:04.514+0800][24.739s] GC(22)   Post Evacuate Collection Set: 1.0ms
[2020-04-16T22:40:04.514+0800][24.739s] GC(22)   Other: 0.2ms
[2020-04-16T22:40:04.514+0800][24.739s] GC(22) Eden regions: 125->0(126)
[2020-04-16T22:40:04.514+0800][24.739s] GC(22) Survivor regions: 3->2(32)
[2020-04-16T22:40:04.514+0800][24.739s] GC(22) Old regions: 317->318
[2020-04-16T22:40:04.514+0800][24.739s] GC(22) Archive regions: 2->2
[2020-04-16T22:40:04.515+0800][24.739s] GC(22) Humongous regions: 1->1
[2020-04-16T22:40:04.515+0800][24.739s] GC(22) Metaspace: 39487K(40620K)->39487K(40620K) NonClass: 34736K(35500K)->34736K(35500K) Class: 4751K(5120K)->4751K(5120K)
[2020-04-16T22:40:04.515+0800][24.740s] GC(22) Pause Young (Normal) (G1 Evacuation Pause) 445M->320M(512M) 6.489ms
[2020-04-16T22:40:04.515+0800][24.740s] GC(22) User=0.01s Sys=0.00s Real=0.01s
[2020-04-16T22:40:04.660+0800][24.884s] GC(23) Pause Young (Normal) (G1 Evacuation Pause)
[2020-04-16T22:40:04.660+0800][24.884s] GC(23) Using 4 workers of 4 for evacuation
[2020-04-16T22:40:04.663+0800][24.888s] GC(23)   Pre Evacuate Collection Set: 0.1ms
[2020-04-16T22:40:04.663+0800][24.888s] GC(23)   Merge Heap Roots: 0.1ms
[2020-04-16T22:40:04.663+0800][24.888s] GC(23)   Evacuate Collection Set: 2.3ms
[2020-04-16T22:40:04.663+0800][24.888s] GC(23)   Post Evacuate Collection Set: 0.9ms
[2020-04-16T22:40:04.663+0800][24.888s] GC(23)   Other: 0.4ms
[2020-04-16T22:40:04.664+0800][24.888s] GC(23) Eden regions: 126->0(128)
[2020-04-16T22:40:04.664+0800][24.888s] GC(23) Survivor regions: 2->0(32)
[2020-04-16T22:40:04.664+0800][24.888s] GC(23) Old regions: 318->319
[2020-04-16T22:40:04.664+0800][24.888s] GC(23) Archive regions: 2->2
[2020-04-16T22:40:04.664+0800][24.888s] GC(23) Humongous regions: 1->1
[2020-04-16T22:40:04.664+0800][24.888s] GC(23) Metaspace: 39487K(40620K)->39487K(40620K) NonClass: 34736K(35500K)->34736K(35500K) Class: 4751K(5120K)->4751K(5120K)
[2020-04-16T22:40:04.664+0800][24.888s] GC(23) Pause Young (Normal) (G1 Evacuation Pause) 446M->320M(512M) 4.200ms
[2020-04-16T22:40:04.664+0800][24.888s] GC(23) User=0.00s Sys=0.00s Real=0.00s
[2020-04-16T22:40:04.809+0800][25.034s] GC(24) Pause Young (Normal) (G1 Evacuation Pause)
[2020-04-16T22:40:04.809+0800][25.034s] GC(24) Using 4 workers of 4 for evacuation
[2020-04-16T22:40:04.810+0800][25.035s] GC(24)   Pre Evacuate Collection Set: 0.1ms
[2020-04-16T22:40:04.810+0800][25.035s] GC(24)   Merge Heap Roots: 0.0ms
[2020-04-16T22:40:04.810+0800][25.035s] GC(24)   Evacuate Collection Set: 0.3ms
[2020-04-16T22:40:04.810+0800][25.035s] GC(24)   Post Evacuate Collection Set: 0.4ms
[2020-04-16T22:40:04.810+0800][25.035s] GC(24)   Other: 0.2ms
[2020-04-16T22:40:04.810+0800][25.035s] GC(24) Eden regions: 128->0(128)
[2020-04-16T22:40:04.810+0800][25.035s] GC(24) Survivor regions: 0->0(32)
[2020-04-16T22:40:04.810+0800][25.035s] GC(24) Old regions: 319->319
[2020-04-16T22:40:04.810+0800][25.035s] GC(24) Archive regions: 2->2
[2020-04-16T22:40:04.811+0800][25.035s] GC(24) Humongous regions: 1->1
[2020-04-16T22:40:04.811+0800][25.035s] GC(24) Metaspace: 39487K(40620K)->39487K(40620K) NonClass: 34736K(35500K)->34736K(35500K) Class: 4751K(5120K)->4751K(5120K)
[2020-04-16T22:40:04.811+0800][25.035s] GC(24) Pause Young (Normal) (G1 Evacuation Pause) 448M->320M(512M) 1.255ms
[2020-04-16T22:40:04.811+0800][25.035s] GC(24) User=0.00s Sys=0.00s Real=0.01s
[2020-04-16T22:40:04.830+0800][25.055s] GC(18) Concurrent Mark From Roots 1206.038ms
[2020-04-16T22:40:04.830+0800][25.055s] GC(18) Concurrent Preclean
[2020-04-16T22:40:04.830+0800][25.055s] GC(18) Concurrent Preclean 0.162ms
[2020-04-16T22:40:04.830+0800][25.055s] GC(18) Concurrent Mark (23.849s, 25.055s) 1206.330ms
[2020-04-16T22:40:04.831+0800][25.055s] GC(18) Pause Remark
[2020-04-16T22:40:04.836+0800][25.060s] GC(18) Pause Remark 343M->343M(512M) 5.163ms
[2020-04-16T22:40:04.836+0800][25.061s] GC(18) User=0.01s Sys=0.00s Real=0.00s
[2020-04-16T22:40:04.836+0800][25.061s] GC(18) Concurrent Rebuild Remembered Sets
[2020-04-16T22:40:04.956+0800][25.180s] GC(25) Pause Young (Normal) (G1 Evacuation Pause)
[2020-04-16T22:40:04.956+0800][25.180s] GC(25) Using 4 workers of 4 for evacuation
[2020-04-16T22:40:04.957+0800][25.181s] GC(25)   Pre Evacuate Collection Set: 0.1ms
[2020-04-16T22:40:04.957+0800][25.182s] GC(25)   Merge Heap Roots: 0.1ms
[2020-04-16T22:40:04.957+0800][25.182s] GC(25)   Evacuate Collection Set: 0.3ms
[2020-04-16T22:40:04.957+0800][25.182s] GC(25)   Post Evacuate Collection Set: 0.6ms
[2020-04-16T22:40:04.957+0800][25.182s] GC(25)   Other: 0.2ms
[2020-04-16T22:40:04.957+0800][25.182s] GC(25) Eden regions: 128->0(128)
[2020-04-16T22:40:04.957+0800][25.182s] GC(25) Survivor regions: 0->0(32)
[2020-04-16T22:40:04.957+0800][25.182s] GC(25) Old regions: 319->319
[2020-04-16T22:40:04.957+0800][25.182s] GC(25) Archive regions: 2->2
[2020-04-16T22:40:04.957+0800][25.182s] GC(25) Humongous regions: 1->1
[2020-04-16T22:40:04.957+0800][25.182s] GC(25) Metaspace: 39487K(40620K)->39487K(40620K) NonClass: 34736K(35500K)->34736K(35500K) Class: 4751K(5120K)->4751K(5120K)
[2020-04-16T22:40:04.957+0800][25.182s] GC(25) Pause Young (Normal) (G1 Evacuation Pause) 448M->320M(512M) 1.448ms
[2020-04-16T22:40:04.957+0800][25.182s] GC(25) User=0.00s Sys=0.01s Real=0.00s
[2020-04-16T22:40:05.087+0800][25.311s] GC(26) Pause Young (Normal) (G1 Evacuation Pause)
[2020-04-16T22:40:05.087+0800][25.311s] GC(26) Using 4 workers of 4 for evacuation
[2020-04-16T22:40:05.088+0800][25.312s] GC(26)   Pre Evacuate Collection Set: 0.1ms
[2020-04-16T22:40:05.088+0800][25.312s] GC(26)   Merge Heap Roots: 0.0ms
[2020-04-16T22:40:05.088+0800][25.312s] GC(26)   Evacuate Collection Set: 0.3ms
[2020-04-16T22:40:05.088+0800][25.312s] GC(26)   Post Evacuate Collection Set: 0.4ms
[2020-04-16T22:40:05.088+0800][25.312s] GC(26)   Other: 0.2ms
[2020-04-16T22:40:05.088+0800][25.312s] GC(26) Eden regions: 128->0(128)
[2020-04-16T22:40:05.088+0800][25.312s] GC(26) Survivor regions: 0->0(32)
[2020-04-16T22:40:05.088+0800][25.312s] GC(26) Old regions: 319->319
[2020-04-16T22:40:05.088+0800][25.313s] GC(26) Archive regions: 2->2
[2020-04-16T22:40:05.088+0800][25.313s] GC(26) Humongous regions: 1->1
[2020-04-16T22:40:05.088+0800][25.313s] GC(26) Metaspace: 39487K(40620K)->39487K(40620K) NonClass: 34736K(35500K)->34736K(35500K) Class: 4751K(5120K)->4751K(5120K)
[2020-04-16T22:40:05.088+0800][25.313s] GC(26) Pause Young (Normal) (G1 Evacuation Pause) 448M->320M(512M) 1.125ms
[2020-04-16T22:40:05.088+0800][25.313s] GC(26) User=0.00s Sys=0.00s Real=0.00s
[2020-04-16T22:40:05.206+0800][25.431s] GC(27) Pause Young (Normal) (G1 Evacuation Pause)
[2020-04-16T22:40:05.206+0800][25.431s] GC(27) Using 4 workers of 4 for evacuation
[2020-04-16T22:40:05.207+0800][25.432s] GC(27)   Pre Evacuate Collection Set: 0.1ms
[2020-04-16T22:40:05.207+0800][25.432s] GC(27)   Merge Heap Roots: 0.1ms
[2020-04-16T22:40:05.207+0800][25.432s] GC(27)   Evacuate Collection Set: 0.3ms
[2020-04-16T22:40:05.207+0800][25.432s] GC(27)   Post Evacuate Collection Set: 0.4ms
[2020-04-16T22:40:05.208+0800][25.432s] GC(27)   Other: 0.2ms
[2020-04-16T22:40:05.208+0800][25.432s] GC(27) Eden regions: 128->0(128)
[2020-04-16T22:40:05.208+0800][25.432s] GC(27) Survivor regions: 0->0(32)
[2020-04-16T22:40:05.208+0800][25.432s] GC(27) Old regions: 319->319
[2020-04-16T22:40:05.208+0800][25.432s] GC(27) Archive regions: 2->2
[2020-04-16T22:40:05.208+0800][25.432s] GC(27) Humongous regions: 1->1
[2020-04-16T22:40:05.208+0800][25.432s] GC(27) Metaspace: 39487K(40620K)->39487K(40620K) NonClass: 34736K(35500K)->34736K(35500K) Class: 4751K(5120K)->4751K(5120K)
[2020-04-16T22:40:05.208+0800][25.432s] GC(27) Pause Young (Normal) (G1 Evacuation Pause) 448M->320M(512M) 1.223ms
[2020-04-16T22:40:05.208+0800][25.432s] GC(27) User=0.00s Sys=0.00s Real=0.00s
[2020-04-16T22:40:05.257+0800][25.481s] GC(18) Concurrent Rebuild Remembered Sets 420.396ms
[2020-04-16T22:40:05.257+0800][25.481s] GC(18) Pause Cleanup
[2020-04-16T22:40:05.257+0800][25.482s] GC(18) Pause Cleanup 368M->368M(512M) 0.352ms
[2020-04-16T22:40:05.257+0800][25.482s] GC(18) User=0.00s Sys=0.00s Real=0.00s
[2020-04-16T22:40:05.257+0800][25.482s] GC(18) Concurrent Cleanup for Next Mark
[2020-04-16T22:40:05.258+0800][25.483s] GC(18) Concurrent Cleanup for Next Mark 0.770ms
[2020-04-16T22:40:05.258+0800][25.483s] GC(18) Concurrent Cycle 1657.161ms
[2020-04-16T22:40:05.294+0800][25.519s] GC(28) Pause Young (Normal) (G1 Evacuation Pause)
[2020-04-16T22:40:05.294+0800][25.519s] GC(28) Using 4 workers of 4 for evacuation
[2020-04-16T22:40:05.295+0800][25.520s] GC(28)   Pre Evacuate Collection Set: 0.1ms
[2020-04-16T22:40:05.295+0800][25.520s] GC(28)   Merge Heap Roots: 0.0ms
[2020-04-16T22:40:05.295+0800][25.520s] GC(28)   Evacuate Collection Set: 0.3ms
[2020-04-16T22:40:05.295+0800][25.520s] GC(28)   Post Evacuate Collection Set: 0.4ms
[2020-04-16T22:40:05.295+0800][25.520s] GC(28)   Other: 0.2ms
[2020-04-16T22:40:05.295+0800][25.520s] GC(28) Eden regions: 128->0(128)
[2020-04-16T22:40:05.295+0800][25.520s] GC(28) Survivor regions: 0->0(32)
[2020-04-16T22:40:05.295+0800][25.520s] GC(28) Old regions: 319->319
[2020-04-16T22:40:05.295+0800][25.520s] GC(28) Archive regions: 2->2
[2020-04-16T22:40:05.295+0800][25.520s] GC(28) Humongous regions: 1->1
[2020-04-16T22:40:05.295+0800][25.520s] GC(28) Metaspace: 39487K(40620K)->39487K(40620K) NonClass: 34736K(35500K)->34736K(35500K) Class: 4751K(5120K)->4751K(5120K)
[2020-04-16T22:40:05.295+0800][25.520s] GC(28) Pause Young (Normal) (G1 Evacuation Pause) 448M->320M(512M) 1.255ms
[2020-04-16T22:40:05.295+0800][25.520s] GC(28) User=0.00s Sys=0.00s Real=0.00s
[2020-04-16T22:40:05.348+0800][25.573s] GC(29) Pause Young (Concurrent Start) (G1 Evacuation Pause)
[2020-04-16T22:40:05.348+0800][25.573s] GC(29) Using 4 workers of 4 for evacuation
[2020-04-16T22:40:05.350+0800][25.574s] GC(29)   Pre Evacuate Collection Set: 0.1ms
[2020-04-16T22:40:05.350+0800][25.574s] GC(29)   Merge Heap Roots: 0.0ms
[2020-04-16T22:40:05.350+0800][25.574s] GC(29)   Evacuate Collection Set: 0.9ms
[2020-04-16T22:40:05.350+0800][25.574s] GC(29)   Post Evacuate Collection Set: 0.4ms
[2020-04-16T22:40:05.350+0800][25.574s] GC(29)   Other: 0.2ms
[2020-04-16T22:40:05.350+0800][25.574s] GC(29) Eden regions: 128->0(128)
[2020-04-16T22:40:05.350+0800][25.574s] GC(29) Survivor regions: 0->0(32)
[2020-04-16T22:40:05.350+0800][25.574s] GC(29) Old regions: 319->319
[2020-04-16T22:40:05.350+0800][25.574s] GC(29) Archive regions: 2->2
[2020-04-16T22:40:05.350+0800][25.574s] GC(29) Humongous regions: 1->1
[2020-04-16T22:40:05.350+0800][25.574s] GC(29) Metaspace: 39487K(40620K)->39487K(40620K) NonClass: 34736K(35500K)->34736K(35500K) Class: 4751K(5120K)->4751K(5120K)
[2020-04-16T22:40:05.350+0800][25.574s] GC(29) Pause Young (Concurrent Start) (G1 Evacuation Pause) 448M->320M(512M) 1.824ms
[2020-04-16T22:40:05.350+0800][25.574s] GC(29) User=0.00s Sys=0.00s Real=0.01s
[2020-04-16T22:40:05.350+0800][25.574s] GC(30) Concurrent Cycle
[2020-04-16T22:40:05.350+0800][25.575s] GC(30) Concurrent Clear Claimed Marks
[2020-04-16T22:40:05.350+0800][25.575s] GC(30) Concurrent Clear Claimed Marks 0.062ms
[2020-04-16T22:40:05.350+0800][25.575s] GC(30) Concurrent Scan Root Regions
[2020-04-16T22:40:05.350+0800][25.575s] GC(30) Concurrent Scan Root Regions 0.010ms
[2020-04-16T22:40:05.350+0800][25.575s] GC(30) Concurrent Mark (25.575s)
[2020-04-16T22:40:05.350+0800][25.575s] GC(30) Concurrent Mark From Roots
[2020-04-16T22:40:05.350+0800][25.575s] GC(30) Using 4 workers of 4 for marking
[2020-04-16T22:40:05.547+0800][25.772s] GC(31) Pause Young (Normal) (G1 Evacuation Pause)
[2020-04-16T22:40:05.548+0800][25.772s] GC(31) Using 4 workers of 4 for evacuation
[2020-04-16T22:40:05.549+0800][25.774s] GC(31)   Pre Evacuate Collection Set: 0.1ms
[2020-04-16T22:40:05.549+0800][25.774s] GC(31)   Merge Heap Roots: 0.1ms
[2020-04-16T22:40:05.549+0800][25.774s] GC(31)   Evacuate Collection Set: 0.9ms
[2020-04-16T22:40:05.549+0800][25.774s] GC(31)   Post Evacuate Collection Set: 0.4ms
[2020-04-16T22:40:05.549+0800][25.774s] GC(31)   Other: 0.2ms
[2020-04-16T22:40:05.549+0800][25.774s] GC(31) Eden regions: 128->0(128)
[2020-04-16T22:40:05.549+0800][25.774s] GC(31) Survivor regions: 0->0(32)
[2020-04-16T22:40:05.549+0800][25.774s] GC(31) Old regions: 319->319
[2020-04-16T22:40:05.549+0800][25.774s] GC(31) Archive regions: 2->2
[2020-04-16T22:40:05.549+0800][25.774s] GC(31) Humongous regions: 1->1
[2020-04-16T22:40:05.549+0800][25.774s] GC(31) Metaspace: 39487K(40620K)->39487K(40620K) NonClass: 34736K(35500K)->34736K(35500K) Class: 4751K(5120K)->4751K(5120K)
[2020-04-16T22:40:05.549+0800][25.774s] GC(31) Pause Young (Normal) (G1 Evacuation Pause) 448M->320M(512M) 1.849ms
[2020-04-16T22:40:05.549+0800][25.774s] GC(31) User=0.00s Sys=0.00s Real=0.00s
[2020-04-16T22:40:05.690+0800][25.914s] GC(32) Pause Young (Normal) (G1 Evacuation Pause)
[2020-04-16T22:40:05.690+0800][25.914s] GC(32) Using 4 workers of 4 for evacuation
[2020-04-16T22:40:05.691+0800][25.915s] GC(32)   Pre Evacuate Collection Set: 0.1ms
[2020-04-16T22:40:05.691+0800][25.915s] GC(32)   Merge Heap Roots: 0.0ms
[2020-04-16T22:40:05.691+0800][25.915s] GC(32)   Evacuate Collection Set: 0.3ms
[2020-04-16T22:40:05.691+0800][25.915s] GC(32)   Post Evacuate Collection Set: 0.4ms
[2020-04-16T22:40:05.691+0800][25.915s] GC(32)   Other: 0.2ms
[2020-04-16T22:40:05.691+0800][25.915s] GC(32) Eden regions: 128->0(128)
[2020-04-16T22:40:05.691+0800][25.915s] GC(32) Survivor regions: 0->0(32)
[2020-04-16T22:40:05.691+0800][25.915s] GC(32) Old regions: 319->319
[2020-04-16T22:40:05.691+0800][25.915s] GC(32) Archive regions: 2->2
[2020-04-16T22:40:05.691+0800][25.915s] GC(32) Humongous regions: 1->1
[2020-04-16T22:40:05.691+0800][25.915s] GC(32) Metaspace: 39487K(40620K)->39487K(40620K) NonClass: 34736K(35500K)->34736K(35500K) Class: 4751K(5120K)->4751K(5120K)
[2020-04-16T22:40:05.691+0800][25.915s] GC(32) Pause Young (Normal) (G1 Evacuation Pause) 448M->320M(512M) 1.143ms
[2020-04-16T22:40:05.691+0800][25.915s] GC(32) User=0.00s Sys=0.00s Real=0.00s
[2020-04-16T22:40:05.819+0800][26.044s] GC(33) Pause Young (Normal) (G1 Evacuation Pause)
[2020-04-16T22:40:05.820+0800][26.044s] GC(33) Using 4 workers of 4 for evacuation
[2020-04-16T22:40:05.820+0800][26.045s] GC(33)   Pre Evacuate Collection Set: 0.1ms
[2020-04-16T22:40:05.820+0800][26.045s] GC(33)   Merge Heap Roots: 0.0ms
[2020-04-16T22:40:05.820+0800][26.045s] GC(33)   Evacuate Collection Set: 0.2ms
[2020-04-16T22:40:05.820+0800][26.045s] GC(33)   Post Evacuate Collection Set: 0.4ms
[2020-04-16T22:40:05.821+0800][26.045s] GC(33)   Other: 0.2ms
[2020-04-16T22:40:05.821+0800][26.045s] GC(33) Eden regions: 128->0(128)
[2020-04-16T22:40:05.821+0800][26.045s] GC(33) Survivor regions: 0->0(32)
[2020-04-16T22:40:05.821+0800][26.045s] GC(33) Old regions: 319->319
[2020-04-16T22:40:05.821+0800][26.045s] GC(33) Archive regions: 2->2
[2020-04-16T22:40:05.821+0800][26.045s] GC(33) Humongous regions: 1->1
[2020-04-16T22:40:05.821+0800][26.045s] GC(33) Metaspace: 39487K(40620K)->39487K(40620K) NonClass: 34736K(35500K)->34736K(35500K) Class: 4751K(5120K)->4751K(5120K)
[2020-04-16T22:40:05.821+0800][26.045s] GC(33) Pause Young (Normal) (G1 Evacuation Pause) 448M->320M(512M) 1.260ms
[2020-04-16T22:40:05.821+0800][26.045s] GC(33) User=0.01s Sys=0.00s Real=0.01s
[2020-04-16T22:40:05.951+0800][26.175s] GC(34) Pause Young (Normal) (G1 Evacuation Pause)
[2020-04-16T22:40:05.951+0800][26.175s] GC(34) Using 4 workers of 4 for evacuation
[2020-04-16T22:40:05.952+0800][26.176s] GC(34)   Pre Evacuate Collection Set: 0.1ms
[2020-04-16T22:40:05.952+0800][26.176s] GC(34)   Merge Heap Roots: 0.1ms
[2020-04-16T22:40:05.952+0800][26.176s] GC(34)   Evacuate Collection Set: 0.4ms
[2020-04-16T22:40:05.952+0800][26.176s] GC(34)   Post Evacuate Collection Set: 0.5ms
[2020-04-16T22:40:05.952+0800][26.176s] GC(34)   Other: 0.2ms
[2020-04-16T22:40:05.952+0800][26.176s] GC(34) Eden regions: 128->0(128)
[2020-04-16T22:40:05.952+0800][26.177s] GC(34) Survivor regions: 0->0(32)
[2020-04-16T22:40:05.952+0800][26.177s] GC(34) Old regions: 319->319
[2020-04-16T22:40:05.952+0800][26.177s] GC(34) Archive regions: 2->2
[2020-04-16T22:40:05.952+0800][26.177s] GC(34) Humongous regions: 1->1
[2020-04-16T22:40:05.952+0800][26.177s] GC(34) Metaspace: 39487K(40620K)->39487K(40620K) NonClass: 34736K(35500K)->34736K(35500K) Class: 4751K(5120K)->4751K(5120K)
[2020-04-16T22:40:05.952+0800][26.177s] GC(34) Pause Young (Normal) (G1 Evacuation Pause) 448M->320M(512M) 1.391ms
[2020-04-16T22:40:05.952+0800][26.177s] GC(34) User=0.00s Sys=0.00s Real=0.00s
[2020-04-16T22:40:06.079+0800][26.304s] GC(35) Pause Young (Normal) (G1 Evacuation Pause)
[2020-04-16T22:40:06.079+0800][26.304s] GC(35) Using 4 workers of 4 for evacuation
[2020-04-16T22:40:06.080+0800][26.305s] GC(35)   Pre Evacuate Collection Set: 0.1ms
[2020-04-16T22:40:06.080+0800][26.305s] GC(35)   Merge Heap Roots: 0.1ms
[2020-04-16T22:40:06.080+0800][26.305s] GC(35)   Evacuate Collection Set: 0.3ms
[2020-04-16T22:40:06.080+0800][26.305s] GC(35)   Post Evacuate Collection Set: 0.4ms
[2020-04-16T22:40:06.080+0800][26.305s] GC(35)   Other: 0.2ms
[2020-04-16T22:40:06.080+0800][26.305s] GC(35) Eden regions: 128->0(128)
[2020-04-16T22:40:06.080+0800][26.305s] GC(35) Survivor regions: 0->0(32)
[2020-04-16T22:40:06.080+0800][26.305s] GC(35) Old regions: 319->319
[2020-04-16T22:40:06.080+0800][26.305s] GC(35) Archive regions: 2->2
[2020-04-16T22:40:06.080+0800][26.305s] GC(35) Humongous regions: 1->1
[2020-04-16T22:40:06.080+0800][26.305s] GC(35) Metaspace: 39487K(40620K)->39487K(40620K) NonClass: 34736K(35500K)->34736K(35500K) Class: 4751K(5120K)->4751K(5120K)
[2020-04-16T22:40:06.081+0800][26.305s] GC(35) Pause Young (Normal) (G1 Evacuation Pause) 448M->320M(512M) 1.162ms
[2020-04-16T22:40:06.081+0800][26.305s] GC(35) User=0.00s Sys=0.00s Real=0.01s
[2020-04-16T22:40:06.101+0800][26.325s] GC(30) Concurrent Mark From Roots 750.730ms
[2020-04-16T22:40:06.101+0800][26.325s] GC(30) Concurrent Preclean
[2020-04-16T22:40:06.101+0800][26.326s] GC(30) Concurrent Preclean 0.144ms
[2020-04-16T22:40:06.101+0800][26.326s] GC(30) Concurrent Mark (25.575s, 26.326s) 750.966ms
[2020-04-16T22:40:06.101+0800][26.326s] GC(30) Pause Remark
[2020-04-16T22:40:06.106+0800][26.331s] GC(30) Pause Remark 336M->336M(512M) 4.893ms
[2020-04-16T22:40:06.106+0800][26.331s] GC(30) User=0.02s Sys=0.00s Real=0.00s
[2020-04-16T22:40:06.106+0800][26.331s] GC(30) Concurrent Rebuild Remembered Sets
[2020-04-16T22:40:06.234+0800][26.458s] GC(36) Pause Young (Normal) (G1 Evacuation Pause)
[2020-04-16T22:40:06.234+0800][26.458s] GC(36) Using 4 workers of 4 for evacuation
[2020-04-16T22:40:06.235+0800][26.460s] GC(36)   Pre Evacuate Collection Set: 0.1ms
[2020-04-16T22:40:06.235+0800][26.460s] GC(36)   Merge Heap Roots: 0.1ms
[2020-04-16T22:40:06.235+0800][26.460s] GC(36)   Evacuate Collection Set: 0.3ms
[2020-04-16T22:40:06.235+0800][26.460s] GC(36)   Post Evacuate Collection Set: 1.1ms
[2020-04-16T22:40:06.235+0800][26.460s] GC(36)   Other: 0.2ms
[2020-04-16T22:40:06.235+0800][26.460s] GC(36) Eden regions: 128->0(128)
[2020-04-16T22:40:06.236+0800][26.460s] GC(36) Survivor regions: 0->0(32)
[2020-04-16T22:40:06.236+0800][26.460s] GC(36) Old regions: 319->319
[2020-04-16T22:40:06.236+0800][26.460s] GC(36) Archive regions: 2->2
[2020-04-16T22:40:06.236+0800][26.460s] GC(36) Humongous regions: 1->1
[2020-04-16T22:40:06.236+0800][26.460s] GC(36) Metaspace: 39487K(40620K)->39487K(40620K) NonClass: 34736K(35500K)->34736K(35500K) Class: 4751K(5120K)->4751K(5120K)
[2020-04-16T22:40:06.236+0800][26.460s] GC(36) Pause Young (Normal) (G1 Evacuation Pause) 448M->320M(512M) 2.038ms
[2020-04-16T22:40:06.236+0800][26.460s] GC(36) User=0.00s Sys=0.00s Real=0.00s
[2020-04-16T22:40:06.356+0800][26.580s] GC(37) Pause Young (Normal) (G1 Evacuation Pause)
[2020-04-16T22:40:06.356+0800][26.581s] GC(37) Using 4 workers of 4 for evacuation
[2020-04-16T22:40:06.357+0800][26.581s] GC(37)   Pre Evacuate Collection Set: 0.1ms
[2020-04-16T22:40:06.357+0800][26.581s] GC(37)   Merge Heap Roots: 0.0ms
[2020-04-16T22:40:06.357+0800][26.581s] GC(37)   Evacuate Collection Set: 0.3ms
[2020-04-16T22:40:06.357+0800][26.581s] GC(37)   Post Evacuate Collection Set: 0.4ms
[2020-04-16T22:40:06.357+0800][26.582s] GC(37)   Other: 0.2ms
[2020-04-16T22:40:06.357+0800][26.582s] GC(37) Eden regions: 128->0(128)
[2020-04-16T22:40:06.357+0800][26.582s] GC(37) Survivor regions: 0->0(32)
[2020-04-16T22:40:06.357+0800][26.582s] GC(37) Old regions: 319->319
[2020-04-16T22:40:06.357+0800][26.582s] GC(37) Archive regions: 2->2
[2020-04-16T22:40:06.357+0800][26.582s] GC(37) Humongous regions: 1->1
[2020-04-16T22:40:06.357+0800][26.582s] GC(37) Metaspace: 39487K(40620K)->39487K(40620K) NonClass: 34736K(35500K)->34736K(35500K) Class: 4751K(5120K)->4751K(5120K)
[2020-04-16T22:40:06.357+0800][26.582s] GC(37) Pause Young (Normal) (G1 Evacuation Pause) 448M->320M(512M) 1.141ms
[2020-04-16T22:40:06.357+0800][26.582s] GC(37) User=0.00s Sys=0.00s Real=0.00s
[2020-04-16T22:40:06.475+0800][26.699s] GC(38) Pause Young (Normal) (G1 Evacuation Pause)
[2020-04-16T22:40:06.475+0800][26.699s] GC(38) Using 4 workers of 4 for evacuation
[2020-04-16T22:40:06.476+0800][26.700s] GC(38)   Pre Evacuate Collection Set: 0.1ms
[2020-04-16T22:40:06.476+0800][26.700s] GC(38)   Merge Heap Roots: 0.0ms
[2020-04-16T22:40:06.476+0800][26.700s] GC(38)   Evacuate Collection Set: 0.3ms
[2020-04-16T22:40:06.476+0800][26.700s] GC(38)   Post Evacuate Collection Set: 0.5ms
[2020-04-16T22:40:06.476+0800][26.700s] GC(38)   Other: 0.2ms
[2020-04-16T22:40:06.476+0800][26.700s] GC(38) Eden regions: 128->0(128)
[2020-04-16T22:40:06.476+0800][26.700s] GC(38) Survivor regions: 0->0(32)
[2020-04-16T22:40:06.476+0800][26.700s] GC(38) Old regions: 319->319
[2020-04-16T22:40:06.476+0800][26.700s] GC(38) Archive regions: 2->2
[2020-04-16T22:40:06.476+0800][26.700s] GC(38) Humongous regions: 1->1
[2020-04-16T22:40:06.476+0800][26.700s] GC(38) Metaspace: 39487K(40620K)->39487K(40620K) NonClass: 34736K(35500K)->34736K(35500K) Class: 4751K(5120K)->4751K(5120K)
[2020-04-16T22:40:06.476+0800][26.700s] GC(38) Pause Young (Normal) (G1 Evacuation Pause) 448M->320M(512M) 1.252ms
[2020-04-16T22:40:06.476+0800][26.700s] GC(38) User=0.00s Sys=0.00s Real=0.00s
[2020-04-16T22:40:06.522+0800][26.746s] GC(30) Concurrent Rebuild Remembered Sets 415.287ms
[2020-04-16T22:40:06.522+0800][26.747s] GC(30) Pause Cleanup
[2020-04-16T22:40:06.522+0800][26.747s] GC(30) Pause Cleanup 369M->369M(512M) 0.387ms
[2020-04-16T22:40:06.522+0800][26.747s] GC(30) User=0.00s Sys=0.00s Real=0.00s
[2020-04-16T22:40:06.523+0800][26.747s] GC(30) Concurrent Cleanup for Next Mark
[2020-04-16T22:40:06.523+0800][26.748s] GC(30) Concurrent Cleanup for Next Mark 0.709ms
[2020-04-16T22:40:06.523+0800][26.748s] GC(30) Concurrent Cycle 1173.322ms
[2020-04-16T22:40:06.554+0800][26.779s] GC(39) Pause Young (Normal) (G1 Evacuation Pause)
[2020-04-16T22:40:06.554+0800][26.779s] GC(39) Using 4 workers of 4 for evacuation
[2020-04-16T22:40:06.555+0800][26.780s] GC(39)   Pre Evacuate Collection Set: 0.1ms
[2020-04-16T22:40:06.555+0800][26.780s] GC(39)   Merge Heap Roots: 0.0ms
[2020-04-16T22:40:06.555+0800][26.780s] GC(39)   Evacuate Collection Set: 0.2ms
[2020-04-16T22:40:06.555+0800][26.780s] GC(39)   Post Evacuate Collection Set: 0.4ms
[2020-04-16T22:40:06.555+0800][26.780s] GC(39)   Other: 0.2ms
[2020-04-16T22:40:06.555+0800][26.780s] GC(39) Eden regions: 128->0(128)
[2020-04-16T22:40:06.555+0800][26.780s] GC(39) Survivor regions: 0->0(32)
[2020-04-16T22:40:06.555+0800][26.780s] GC(39) Old regions: 319->319
[2020-04-16T22:40:06.555+0800][26.780s] GC(39) Archive regions: 2->2
[2020-04-16T22:40:06.555+0800][26.780s] GC(39) Humongous regions: 1->1
[2020-04-16T22:40:06.555+0800][26.780s] GC(39) Metaspace: 39487K(40620K)->39487K(40620K) NonClass: 34736K(35500K)->34736K(35500K) Class: 4751K(5120K)->4751K(5120K)
[2020-04-16T22:40:06.556+0800][26.780s] GC(39) Pause Young (Normal) (G1 Evacuation Pause) 448M->320M(512M) 1.117ms
[2020-04-16T22:40:06.556+0800][26.780s] GC(39) User=0.01s Sys=0.00s Real=0.00s
[2020-04-16T22:40:06.637+0800][26.861s] GC(40) Pause Young (Concurrent Start) (G1 Evacuation Pause)
[2020-04-16T22:40:06.637+0800][26.862s] GC(40) Using 4 workers of 4 for evacuation
[2020-04-16T22:40:06.639+0800][26.863s] GC(40)   Pre Evacuate Collection Set: 0.1ms
[2020-04-16T22:40:06.639+0800][26.864s] GC(40)   Merge Heap Roots: 0.1ms
[2020-04-16T22:40:06.639+0800][26.864s] GC(40)   Evacuate Collection Set: 1.1ms
[2020-04-16T22:40:06.639+0800][26.864s] GC(40)   Post Evacuate Collection Set: 0.6ms
[2020-04-16T22:40:06.639+0800][26.864s] GC(40)   Other: 0.2ms
[2020-04-16T22:40:06.639+0800][26.864s] GC(40) Eden regions: 128->0(127)
[2020-04-16T22:40:06.639+0800][26.864s] GC(40) Survivor regions: 0->1(32)
[2020-04-16T22:40:06.639+0800][26.864s] GC(40) Old regions: 319->319
[2020-04-16T22:40:06.639+0800][26.864s] GC(40) Archive regions: 2->2
[2020-04-16T22:40:06.639+0800][26.864s] GC(40) Humongous regions: 1->1
[2020-04-16T22:40:06.639+0800][26.864s] GC(40) Metaspace: 39500K(40620K)->39500K(40620K) NonClass: 34748K(35500K)->34748K(35500K) Class: 4751K(5120K)->4751K(5120K)
[2020-04-16T22:40:06.639+0800][26.864s] GC(40) Pause Young (Concurrent Start) (G1 Evacuation Pause) 448M->320M(512M) 2.197ms
[2020-04-16T22:40:06.639+0800][26.864s] GC(40) User=0.00s Sys=0.00s Real=0.00s
[2020-04-16T22:40:06.639+0800][26.864s] GC(41) Concurrent Cycle
[2020-04-16T22:40:06.639+0800][26.864s] GC(41) Concurrent Clear Claimed Marks
[2020-04-16T22:40:06.639+0800][26.864s] GC(41) Concurrent Clear Claimed Marks 0.075ms
[2020-04-16T22:40:06.639+0800][26.864s] GC(41) Concurrent Scan Root Regions
[2020-04-16T22:40:06.640+0800][26.865s] GC(41) Concurrent Scan Root Regions 0.892ms
[2020-04-16T22:40:06.640+0800][26.865s] GC(41) Concurrent Mark (26.865s)
[2020-04-16T22:40:06.640+0800][26.865s] GC(41) Concurrent Mark From Roots
[2020-04-16T22:40:06.640+0800][26.865s] GC(41) Using 4 workers of 4 for marking
[2020-04-16T22:40:06.828+0800][27.053s] GC(42) Pause Young (Normal) (G1 Evacuation Pause)
[2020-04-16T22:40:06.829+0800][27.053s] GC(42) Using 4 workers of 4 for evacuation
[2020-04-16T22:40:06.831+0800][27.055s] GC(42)   Pre Evacuate Collection Set: 0.0ms
[2020-04-16T22:40:06.831+0800][27.055s] GC(42)   Merge Heap Roots: 0.1ms
[2020-04-16T22:40:06.831+0800][27.056s] GC(42)   Evacuate Collection Set: 1.2ms
[2020-04-16T22:40:06.831+0800][27.056s] GC(42)   Post Evacuate Collection Set: 1.0ms
[2020-04-16T22:40:06.831+0800][27.056s] GC(42)   Other: 0.2ms
[2020-04-16T22:40:06.831+0800][27.056s] GC(42) Eden regions: 127->0(127)
[2020-04-16T22:40:06.831+0800][27.056s] GC(42) Survivor regions: 1->1(32)
[2020-04-16T22:40:06.831+0800][27.056s] GC(42) Old regions: 319->319
[2020-04-16T22:40:06.831+0800][27.056s] GC(42) Archive regions: 2->2
[2020-04-16T22:40:06.831+0800][27.056s] GC(42) Humongous regions: 1->1
[2020-04-16T22:40:06.831+0800][27.056s] GC(42) Metaspace: 39500K(40620K)->39500K(40620K) NonClass: 34748K(35500K)->34748K(35500K) Class: 4751K(5120K)->4751K(5120K)
[2020-04-16T22:40:06.831+0800][27.056s] GC(42) Pause Young (Normal) (G1 Evacuation Pause) 447M->320M(512M) 2.752ms
[2020-04-16T22:40:06.831+0800][27.056s] GC(42) User=0.00s Sys=0.00s Real=0.01s
[2020-04-16T22:40:07.023+0800][27.248s] GC(43) Pause Young (Normal) (G1 Evacuation Pause)
[2020-04-16T22:40:07.023+0800][27.248s] GC(43) Using 4 workers of 4 for evacuation
[2020-04-16T22:40:07.024+0800][27.249s] GC(43)   Pre Evacuate Collection Set: 0.1ms
[2020-04-16T22:40:07.024+0800][27.249s] GC(43)   Merge Heap Roots: 0.0ms
[2020-04-16T22:40:07.024+0800][27.249s] GC(43)   Evacuate Collection Set: 0.7ms
[2020-04-16T22:40:07.024+0800][27.249s] GC(43)   Post Evacuate Collection Set: 0.4ms
[2020-04-16T22:40:07.024+0800][27.249s] GC(43)   Other: 0.2ms
[2020-04-16T22:40:07.024+0800][27.249s] GC(43) Eden regions: 127->0(127)
[2020-04-16T22:40:07.024+0800][27.249s] GC(43) Survivor regions: 1->1(32)
[2020-04-16T22:40:07.024+0800][27.249s] GC(43) Old regions: 319->319
[2020-04-16T22:40:07.024+0800][27.249s] GC(43) Archive regions: 2->2
[2020-04-16T22:40:07.024+0800][27.249s] GC(43) Humongous regions: 1->1
[2020-04-16T22:40:07.025+0800][27.249s] GC(43) Metaspace: 39500K(40620K)->39500K(40620K) NonClass: 34748K(35500K)->34748K(35500K) Class: 4751K(5120K)->4751K(5120K)
[2020-04-16T22:40:07.025+0800][27.249s] GC(43) Pause Young (Normal) (G1 Evacuation Pause) 447M->320M(512M) 1.530ms
[2020-04-16T22:40:07.025+0800][27.249s] GC(43) User=0.00s Sys=0.00s Real=0.00s
[2020-04-16T22:40:07.222+0800][27.446s] GC(44) Pause Young (Normal) (G1 Evacuation Pause)
[2020-04-16T22:40:07.222+0800][27.446s] GC(44) Using 4 workers of 4 for evacuation
[2020-04-16T22:40:07.223+0800][27.447s] GC(44)   Pre Evacuate Collection Set: 0.1ms
[2020-04-16T22:40:07.223+0800][27.447s] GC(44)   Merge Heap Roots: 0.1ms
[2020-04-16T22:40:07.223+0800][27.447s] GC(44)   Evacuate Collection Set: 0.5ms
[2020-04-16T22:40:07.223+0800][27.447s] GC(44)   Post Evacuate Collection Set: 0.4ms
[2020-04-16T22:40:07.223+0800][27.447s] GC(44)   Other: 0.2ms
[2020-04-16T22:40:07.223+0800][27.447s] GC(44) Eden regions: 127->0(127)
[2020-04-16T22:40:07.223+0800][27.447s] GC(44) Survivor regions: 1->1(32)
[2020-04-16T22:40:07.223+0800][27.447s] GC(44) Old regions: 319->319
[2020-04-16T22:40:07.223+0800][27.447s] GC(44) Archive regions: 2->2
[2020-04-16T22:40:07.223+0800][27.447s] GC(44) Humongous regions: 1->1
[2020-04-16T22:40:07.223+0800][27.447s] GC(44) Metaspace: 39500K(40620K)->39500K(40620K) NonClass: 34748K(35500K)->34748K(35500K) Class: 4751K(5120K)->4751K(5120K)
[2020-04-16T22:40:07.223+0800][27.447s] GC(44) Pause Young (Normal) (G1 Evacuation Pause) 447M->320M(512M) 1.377ms
[2020-04-16T22:40:07.223+0800][27.447s] GC(44) User=0.00s Sys=0.00s Real=0.00s
[2020-04-16T22:40:07.392+0800][27.616s] GC(45) Pause Young (Normal) (G1 Evacuation Pause)
[2020-04-16T22:40:07.392+0800][27.616s] GC(45) Using 4 workers of 4 for evacuation
[2020-04-16T22:40:07.393+0800][27.618s] GC(45)   Pre Evacuate Collection Set: 0.1ms
[2020-04-16T22:40:07.393+0800][27.618s] GC(45)   Merge Heap Roots: 0.0ms
[2020-04-16T22:40:07.393+0800][27.618s] GC(45)   Evacuate Collection Set: 0.6ms
[2020-04-16T22:40:07.393+0800][27.618s] GC(45)   Post Evacuate Collection Set: 0.4ms
[2020-04-16T22:40:07.393+0800][27.618s] GC(45)   Other: 0.2ms
[2020-04-16T22:40:07.393+0800][27.618s] GC(45) Eden regions: 127->0(127)
[2020-04-16T22:40:07.393+0800][27.618s] GC(45) Survivor regions: 1->1(32)
[2020-04-16T22:40:07.393+0800][27.618s] GC(45) Old regions: 319->319
[2020-04-16T22:40:07.393+0800][27.618s] GC(45) Archive regions: 2->2
[2020-04-16T22:40:07.393+0800][27.618s] GC(45) Humongous regions: 1->1
[2020-04-16T22:40:07.393+0800][27.618s] GC(45) Metaspace: 39500K(40620K)->39500K(40620K) NonClass: 34748K(35500K)->34748K(35500K) Class: 4751K(5120K)->4751K(5120K)
[2020-04-16T22:40:07.393+0800][27.618s] GC(45) Pause Young (Normal) (G1 Evacuation Pause) 447M->320M(512M) 1.583ms
[2020-04-16T22:40:07.394+0800][27.618s] GC(45) User=0.01s Sys=0.00s Real=0.00s
[2020-04-16T22:40:07.542+0800][27.767s] GC(46) Pause Young (Normal) (G1 Evacuation Pause)
[2020-04-16T22:40:07.543+0800][27.767s] GC(46) Using 4 workers of 4 for evacuation
[2020-04-16T22:40:07.544+0800][27.768s] GC(46)   Pre Evacuate Collection Set: 0.1ms
[2020-04-16T22:40:07.544+0800][27.768s] GC(46)   Merge Heap Roots: 0.0ms
[2020-04-16T22:40:07.544+0800][27.768s] GC(46)   Evacuate Collection Set: 0.6ms
[2020-04-16T22:40:07.544+0800][27.768s] GC(46)   Post Evacuate Collection Set: 0.5ms
[2020-04-16T22:40:07.544+0800][27.769s] GC(46)   Other: 0.2ms
[2020-04-16T22:40:07.544+0800][27.769s] GC(46) Eden regions: 127->0(127)
[2020-04-16T22:40:07.544+0800][27.769s] GC(46) Survivor regions: 1->1(32)
[2020-04-16T22:40:07.544+0800][27.769s] GC(46) Old regions: 319->319
[2020-04-16T22:40:07.544+0800][27.769s] GC(46) Archive regions: 2->2
[2020-04-16T22:40:07.544+0800][27.769s] GC(46) Humongous regions: 1->1
[2020-04-16T22:40:07.544+0800][27.769s] GC(46) Metaspace: 39500K(40620K)->39500K(40620K) NonClass: 34748K(35500K)->34748K(35500K) Class: 4751K(5120K)->4751K(5120K)
[2020-04-16T22:40:07.544+0800][27.769s] GC(46) Pause Young (Normal) (G1 Evacuation Pause) 447M->320M(512M) 1.740ms
[2020-04-16T22:40:07.544+0800][27.769s] GC(46) User=0.00s Sys=0.00s Real=0.00s
[2020-04-16T22:40:07.637+0800][27.861s] GC(41) Concurrent Mark From Roots 996.348ms
[2020-04-16T22:40:07.637+0800][27.861s] GC(41) Concurrent Preclean
[2020-04-16T22:40:07.637+0800][27.861s] GC(41) Concurrent Preclean 0.147ms
[2020-04-16T22:40:07.637+0800][27.861s] GC(41) Concurrent Mark (26.865s, 27.861s) 996.606ms
[2020-04-16T22:40:07.637+0800][27.862s] GC(41) Pause Remark
[2020-04-16T22:40:07.641+0800][27.866s] GC(41) Pause Remark 382M->382M(512M) 4.346ms
[2020-04-16T22:40:07.642+0800][27.866s] GC(41) User=0.01s Sys=0.00s Real=0.01s
[2020-04-16T22:40:07.642+0800][27.866s] GC(41) Concurrent Rebuild Remembered Sets
[2020-04-16T22:40:07.712+0800][27.936s] GC(47) Pause Young (Normal) (G1 Evacuation Pause)
[2020-04-16T22:40:07.712+0800][27.936s] GC(47) Using 4 workers of 4 for evacuation
[2020-04-16T22:40:07.714+0800][27.938s] GC(47)   Pre Evacuate Collection Set: 0.1ms
[2020-04-16T22:40:07.714+0800][27.938s] GC(47)   Merge Heap Roots: 0.1ms
[2020-04-16T22:40:07.714+0800][27.939s] GC(47)   Evacuate Collection Set: 1.1ms
[2020-04-16T22:40:07.714+0800][27.939s] GC(47)   Post Evacuate Collection Set: 0.9ms
[2020-04-16T22:40:07.714+0800][27.939s] GC(47)   Other: 0.2ms
[2020-04-16T22:40:07.714+0800][27.939s] GC(47) Eden regions: 127->0(127)
[2020-04-16T22:40:07.714+0800][27.939s] GC(47) Survivor regions: 1->1(32)
[2020-04-16T22:40:07.714+0800][27.939s] GC(47) Old regions: 319->319
[2020-04-16T22:40:07.714+0800][27.939s] GC(47) Archive regions: 2->2
[2020-04-16T22:40:07.714+0800][27.939s] GC(47) Humongous regions: 1->1
[2020-04-16T22:40:07.714+0800][27.939s] GC(47) Metaspace: 39500K(40620K)->39500K(40620K) NonClass: 34748K(35500K)->34748K(35500K) Class: 4751K(5120K)->4751K(5120K)
[2020-04-16T22:40:07.714+0800][27.939s] GC(47) Pause Young (Normal) (G1 Evacuation Pause) 447M->320M(512M) 2.598ms
[2020-04-16T22:40:07.714+0800][27.939s] GC(47) User=0.00s Sys=0.01s Real=0.00s
[2020-04-16T22:40:07.860+0800][28.084s] GC(48) Pause Young (Normal) (G1 Evacuation Pause)
[2020-04-16T22:40:07.860+0800][28.084s] GC(48) Using 4 workers of 4 for evacuation
[2020-04-16T22:40:07.861+0800][28.086s] GC(48)   Pre Evacuate Collection Set: 0.1ms
[2020-04-16T22:40:07.861+0800][28.086s] GC(48)   Merge Heap Roots: 0.0ms
[2020-04-16T22:40:07.861+0800][28.086s] GC(48)   Evacuate Collection Set: 0.7ms
[2020-04-16T22:40:07.861+0800][28.086s] GC(48)   Post Evacuate Collection Set: 0.4ms
[2020-04-16T22:40:07.861+0800][28.086s] GC(48)   Other: 0.2ms
[2020-04-16T22:40:07.861+0800][28.086s] GC(48) Eden regions: 127->0(127)
[2020-04-16T22:40:07.861+0800][28.086s] GC(48) Survivor regions: 1->1(32)
[2020-04-16T22:40:07.861+0800][28.086s] GC(48) Old regions: 319->319
[2020-04-16T22:40:07.861+0800][28.086s] GC(48) Archive regions: 2->2
[2020-04-16T22:40:07.861+0800][28.086s] GC(48) Humongous regions: 1->1
[2020-04-16T22:40:07.861+0800][28.086s] GC(48) Metaspace: 39500K(40620K)->39500K(40620K) NonClass: 34748K(35500K)->34748K(35500K) Class: 4751K(5120K)->4751K(5120K)
[2020-04-16T22:40:07.861+0800][28.086s] GC(48) Pause Young (Normal) (G1 Evacuation Pause) 447M->320M(512M) 1.680ms
[2020-04-16T22:40:07.861+0800][28.086s] GC(48) User=0.01s Sys=0.00s Real=0.00s
[2020-04-16T22:40:07.993+0800][28.217s] GC(49) Pause Young (Normal) (G1 Evacuation Pause)
[2020-04-16T22:40:07.993+0800][28.217s] GC(49) Using 4 workers of 4 for evacuation
[2020-04-16T22:40:07.994+0800][28.219s] GC(49)   Pre Evacuate Collection Set: 0.1ms
[2020-04-16T22:40:07.994+0800][28.219s] GC(49)   Merge Heap Roots: 0.1ms
[2020-04-16T22:40:07.994+0800][28.219s] GC(49)   Evacuate Collection Set: 0.6ms
[2020-04-16T22:40:07.994+0800][28.219s] GC(49)   Post Evacuate Collection Set: 0.4ms
[2020-04-16T22:40:07.994+0800][28.219s] GC(49)   Other: 0.2ms
[2020-04-16T22:40:07.994+0800][28.219s] GC(49) Eden regions: 127->0(128)
[2020-04-16T22:40:07.994+0800][28.219s] GC(49) Survivor regions: 1->0(32)
[2020-04-16T22:40:07.994+0800][28.219s] GC(49) Old regions: 319->319
[2020-04-16T22:40:07.994+0800][28.219s] GC(49) Archive regions: 2->2
[2020-04-16T22:40:07.994+0800][28.219s] GC(49) Humongous regions: 1->1
[2020-04-16T22:40:07.994+0800][28.219s] GC(49) Metaspace: 39500K(40620K)->39500K(40620K) NonClass: 34748K(35500K)->34748K(35500K) Class: 4751K(5120K)->4751K(5120K)
[2020-04-16T22:40:07.994+0800][28.219s] GC(49) Pause Young (Normal) (G1 Evacuation Pause) 447M->320M(512M) 1.558ms
[2020-04-16T22:40:07.994+0800][28.219s] GC(49) User=0.00s Sys=0.00s Real=0.00s
[2020-04-16T22:40:08.123+0800][28.348s] GC(41) Concurrent Rebuild Remembered Sets 481.801ms
[2020-04-16T22:40:08.124+0800][28.348s] GC(41) Pause Cleanup
[2020-04-16T22:40:08.124+0800][28.349s] GC(41) Pause Cleanup 448M->448M(512M) 0.398ms
[2020-04-16T22:40:08.124+0800][28.349s] GC(41) User=0.00s Sys=0.00s Real=0.00s
[2020-04-16T22:40:08.124+0800][28.349s] GC(41) Concurrent Cleanup for Next Mark
[2020-04-16T22:40:08.125+0800][28.349s] GC(50) Pause Young (Normal) (G1 Evacuation Pause)
[2020-04-16T22:40:08.125+0800][28.349s] GC(50) Using 4 workers of 4 for evacuation
[2020-04-16T22:40:08.126+0800][28.350s] GC(50)   Pre Evacuate Collection Set: 0.1ms
[2020-04-16T22:40:08.126+0800][28.350s] GC(50)   Merge Heap Roots: 0.1ms
[2020-04-16T22:40:08.126+0800][28.350s] GC(50)   Evacuate Collection Set: 0.4ms
[2020-04-16T22:40:08.126+0800][28.350s] GC(50)   Post Evacuate Collection Set: 0.4ms
[2020-04-16T22:40:08.126+0800][28.350s] GC(50)   Other: 0.1ms
[2020-04-16T22:40:08.126+0800][28.350s] GC(50) Eden regions: 128->0(128)
[2020-04-16T22:40:08.126+0800][28.350s] GC(50) Survivor regions: 0->0(32)
[2020-04-16T22:40:08.126+0800][28.350s] GC(50) Old regions: 319->319
[2020-04-16T22:40:08.126+0800][28.350s] GC(50) Archive regions: 2->2
[2020-04-16T22:40:08.126+0800][28.350s] GC(50) Humongous regions: 1->1
[2020-04-16T22:40:08.126+0800][28.350s] GC(50) Metaspace: 39500K(40620K)->39500K(40620K) NonClass: 34748K(35500K)->34748K(35500K) Class: 4751K(5120K)->4751K(5120K)
[2020-04-16T22:40:08.126+0800][28.350s] GC(50) Pause Young (Normal) (G1 Evacuation Pause) 448M->320M(512M) 1.198ms
[2020-04-16T22:40:08.126+0800][28.350s] GC(50) User=0.00s Sys=0.00s Real=0.00s
[2020-04-16T22:40:08.126+0800][28.351s] GC(41) Concurrent Cleanup for Next Mark 2.050ms
[2020-04-16T22:40:08.126+0800][28.351s] GC(41) Concurrent Cycle 1487.083ms
[2020-04-16T22:40:08.178+0800][28.403s] GC(51) Pause Young (Normal) (G1 Evacuation Pause)
[2020-04-16T22:40:08.178+0800][28.403s] GC(51) Using 4 workers of 4 for evacuation
[2020-04-16T22:40:08.179+0800][28.404s] GC(51)   Pre Evacuate Collection Set: 0.1ms
[2020-04-16T22:40:08.179+0800][28.404s] GC(51)   Merge Heap Roots: 0.0ms
[2020-04-16T22:40:08.179+0800][28.404s] GC(51)   Evacuate Collection Set: 0.3ms
[2020-04-16T22:40:08.179+0800][28.404s] GC(51)   Post Evacuate Collection Set: 0.4ms
[2020-04-16T22:40:08.179+0800][28.404s] GC(51)   Other: 0.2ms
[2020-04-16T22:40:08.179+0800][28.404s] GC(51) Eden regions: 128->0(128)
[2020-04-16T22:40:08.179+0800][28.404s] GC(51) Survivor regions: 0->0(32)
[2020-04-16T22:40:08.179+0800][28.404s] GC(51) Old regions: 319->319
[2020-04-16T22:40:08.179+0800][28.404s] GC(51) Archive regions: 2->2
[2020-04-16T22:40:08.179+0800][28.404s] GC(51) Humongous regions: 1->1
[2020-04-16T22:40:08.179+0800][28.404s] GC(51) Metaspace: 39500K(40620K)->39500K(40620K) NonClass: 34748K(35500K)->34748K(35500K) Class: 4751K(5120K)->4751K(5120K)
[2020-04-16T22:40:08.179+0800][28.404s] GC(51) Pause Young (Normal) (G1 Evacuation Pause) 448M->320M(512M) 1.118ms
[2020-04-16T22:40:08.179+0800][28.404s] GC(51) User=0.00s Sys=0.00s Real=0.00s
[2020-04-16T22:40:08.226+0800][28.451s] GC(52) Pause Young (Concurrent Start) (G1 Evacuation Pause)
[2020-04-16T22:40:08.226+0800][28.451s] GC(52) Using 4 workers of 4 for evacuation
[2020-04-16T22:40:08.228+0800][28.452s] GC(52)   Pre Evacuate Collection Set: 0.1ms
[2020-04-16T22:40:08.228+0800][28.452s] GC(52)   Merge Heap Roots: 0.0ms
[2020-04-16T22:40:08.228+0800][28.452s] GC(52)   Evacuate Collection Set: 0.7ms
[2020-04-16T22:40:08.228+0800][28.452s] GC(52)   Post Evacuate Collection Set: 0.4ms
[2020-04-16T22:40:08.228+0800][28.452s] GC(52)   Other: 0.2ms
[2020-04-16T22:40:08.228+0800][28.452s] GC(52) Eden regions: 128->0(128)
[2020-04-16T22:40:08.228+0800][28.452s] GC(52) Survivor regions: 0->0(32)
[2020-04-16T22:40:08.228+0800][28.452s] GC(52) Old regions: 319->319
[2020-04-16T22:40:08.228+0800][28.452s] GC(52) Archive regions: 2->2
[2020-04-16T22:40:08.228+0800][28.452s] GC(52) Humongous regions: 1->1
[2020-04-16T22:40:08.228+0800][28.452s] GC(52) Metaspace: 39500K(40620K)->39500K(40620K) NonClass: 34748K(35500K)->34748K(35500K) Class: 4751K(5120K)->4751K(5120K)
[2020-04-16T22:40:08.228+0800][28.453s] GC(52) Pause Young (Concurrent Start) (G1 Evacuation Pause) 448M->320M(512M) 1.556ms
[2020-04-16T22:40:08.228+0800][28.453s] GC(52) User=0.00s Sys=0.00s Real=0.00s
[2020-04-16T22:40:08.228+0800][28.453s] GC(53) Concurrent Cycle
[2020-04-16T22:40:08.228+0800][28.453s] GC(53) Concurrent Clear Claimed Marks
[2020-04-16T22:40:08.228+0800][28.453s] GC(53) Concurrent Clear Claimed Marks 0.045ms
[2020-04-16T22:40:08.228+0800][28.453s] GC(53) Concurrent Scan Root Regions
[2020-04-16T22:40:08.228+0800][28.453s] GC(53) Concurrent Scan Root Regions 0.016ms
[2020-04-16T22:40:08.228+0800][28.453s] GC(53) Concurrent Mark (28.453s)
[2020-04-16T22:40:08.228+0800][28.453s] GC(53) Concurrent Mark From Roots
[2020-04-16T22:40:08.228+0800][28.453s] GC(53) Using 4 workers of 4 for marking
[2020-04-16T22:40:08.425+0800][28.649s] GC(54) Pause Young (Normal) (G1 Evacuation Pause)
[2020-04-16T22:40:08.425+0800][28.649s] GC(54) Using 4 workers of 4 for evacuation
[2020-04-16T22:40:08.426+0800][28.651s] GC(54)   Pre Evacuate Collection Set: 0.1ms
[2020-04-16T22:40:08.426+0800][28.651s] GC(54)   Merge Heap Roots: 0.1ms
[2020-04-16T22:40:08.426+0800][28.651s] GC(54)   Evacuate Collection Set: 0.6ms
[2020-04-16T22:40:08.426+0800][28.651s] GC(54)   Post Evacuate Collection Set: 0.4ms
[2020-04-16T22:40:08.426+0800][28.651s] GC(54)   Other: 0.2ms
[2020-04-16T22:40:08.426+0800][28.651s] GC(54) Eden regions: 128->0(128)
[2020-04-16T22:40:08.426+0800][28.651s] GC(54) Survivor regions: 0->0(32)
[2020-04-16T22:40:08.426+0800][28.651s] GC(54) Old regions: 319->319
[2020-04-16T22:40:08.426+0800][28.651s] GC(54) Archive regions: 2->2
[2020-04-16T22:40:08.426+0800][28.651s] GC(54) Humongous regions: 1->1
[2020-04-16T22:40:08.426+0800][28.651s] GC(54) Metaspace: 39500K(40620K)->39500K(40620K) NonClass: 34748K(35500K)->34748K(35500K) Class: 4751K(5120K)->4751K(5120K)
[2020-04-16T22:40:08.426+0800][28.651s] GC(54) Pause Young (Normal) (G1 Evacuation Pause) 448M->320M(512M) 1.421ms
[2020-04-16T22:40:08.426+0800][28.651s] GC(54) User=0.00s Sys=0.00s Real=0.00s
[2020-04-16T22:40:08.559+0800][28.783s] GC(55) Pause Young (Normal) (G1 Evacuation Pause)
[2020-04-16T22:40:08.559+0800][28.783s] GC(55) Using 4 workers of 4 for evacuation
[2020-04-16T22:40:08.560+0800][28.784s] GC(55)   Pre Evacuate Collection Set: 0.1ms
[2020-04-16T22:40:08.560+0800][28.784s] GC(55)   Merge Heap Roots: 0.1ms
[2020-04-16T22:40:08.560+0800][28.784s] GC(55)   Evacuate Collection Set: 0.3ms
[2020-04-16T22:40:08.560+0800][28.784s] GC(55)   Post Evacuate Collection Set: 0.4ms
[2020-04-16T22:40:08.560+0800][28.784s] GC(55)   Other: 0.2ms
[2020-04-16T22:40:08.560+0800][28.784s] GC(55) Eden regions: 128->0(128)
[2020-04-16T22:40:08.560+0800][28.784s] GC(55) Survivor regions: 0->0(32)
[2020-04-16T22:40:08.560+0800][28.784s] GC(55) Old regions: 319->319
[2020-04-16T22:40:08.560+0800][28.784s] GC(55) Archive regions: 2->2
[2020-04-16T22:40:08.560+0800][28.784s] GC(55) Humongous regions: 1->1
[2020-04-16T22:40:08.560+0800][28.784s] GC(55) Metaspace: 39500K(40620K)->39500K(40620K) NonClass: 34748K(35500K)->34748K(35500K) Class: 4751K(5120K)->4751K(5120K)
[2020-04-16T22:40:08.560+0800][28.785s] GC(55) Pause Young (Normal) (G1 Evacuation Pause) 448M->320M(512M) 1.347ms
[2020-04-16T22:40:08.560+0800][28.785s] GC(55) User=0.01s Sys=0.00s Real=0.01s
[2020-04-16T22:40:08.700+0800][28.924s] GC(56) Pause Young (Normal) (G1 Evacuation Pause)
[2020-04-16T22:40:08.700+0800][28.924s] GC(56) Using 4 workers of 4 for evacuation
[2020-04-16T22:40:08.701+0800][28.925s] GC(56)   Pre Evacuate Collection Set: 0.1ms
[2020-04-16T22:40:08.701+0800][28.925s] GC(56)   Merge Heap Roots: 0.0ms
[2020-04-16T22:40:08.701+0800][28.926s] GC(56)   Evacuate Collection Set: 0.3ms
[2020-04-16T22:40:08.701+0800][28.926s] GC(56)   Post Evacuate Collection Set: 0.4ms
[2020-04-16T22:40:08.701+0800][28.926s] GC(56)   Other: 0.2ms
[2020-04-16T22:40:08.701+0800][28.926s] GC(56) Eden regions: 128->0(128)
[2020-04-16T22:40:08.701+0800][28.926s] GC(56) Survivor regions: 0->0(32)
[2020-04-16T22:40:08.701+0800][28.926s] GC(56) Old regions: 319->319
[2020-04-16T22:40:08.701+0800][28.926s] GC(56) Archive regions: 2->2
[2020-04-16T22:40:08.701+0800][28.926s] GC(56) Humongous regions: 1->1
[2020-04-16T22:40:08.701+0800][28.926s] GC(56) Metaspace: 39500K(40620K)->39500K(40620K) NonClass: 34748K(35500K)->34748K(35500K) Class: 4751K(5120K)->4751K(5120K)
[2020-04-16T22:40:08.701+0800][28.926s] GC(56) Pause Young (Normal) (G1 Evacuation Pause) 448M->320M(512M) 1.434ms
[2020-04-16T22:40:08.701+0800][28.926s] GC(56) User=0.00s Sys=0.00s Real=0.00s
[2020-04-16T22:40:08.839+0800][29.064s] GC(57) Pause Young (Normal) (G1 Evacuation Pause)
[2020-04-16T22:40:08.839+0800][29.064s] GC(57) Using 4 workers of 4 for evacuation
[2020-04-16T22:40:08.840+0800][29.065s] GC(57)   Pre Evacuate Collection Set: 0.1ms
[2020-04-16T22:40:08.840+0800][29.065s] GC(57)   Merge Heap Roots: 0.0ms
[2020-04-16T22:40:08.840+0800][29.065s] GC(57)   Evacuate Collection Set: 0.3ms
[2020-04-16T22:40:08.840+0800][29.065s] GC(57)   Post Evacuate Collection Set: 0.4ms
[2020-04-16T22:40:08.840+0800][29.065s] GC(57)   Other: 0.2ms
[2020-04-16T22:40:08.840+0800][29.065s] GC(57) Eden regions: 128->0(128)
[2020-04-16T22:40:08.840+0800][29.065s] GC(57) Survivor regions: 0->0(32)
[2020-04-16T22:40:08.840+0800][29.065s] GC(57) Old regions: 319->319
[2020-04-16T22:40:08.840+0800][29.065s] GC(57) Archive regions: 2->2
[2020-04-16T22:40:08.840+0800][29.065s] GC(57) Humongous regions: 1->1
[2020-04-16T22:40:08.840+0800][29.065s] GC(57) Metaspace: 39500K(40620K)->39500K(40620K) NonClass: 34748K(35500K)->34748K(35500K) Class: 4751K(5120K)->4751K(5120K)
[2020-04-16T22:40:08.840+0800][29.065s] GC(57) Pause Young (Normal) (G1 Evacuation Pause) 448M->320M(512M) 1.248ms
[2020-04-16T22:40:08.840+0800][29.065s] GC(57) User=0.01s Sys=0.00s Real=0.01s
[2020-04-16T22:40:08.969+0800][29.193s] GC(58) Pause Young (Normal) (G1 Evacuation Pause)
[2020-04-16T22:40:08.969+0800][29.193s] GC(58) Using 4 workers of 4 for evacuation
[2020-04-16T22:40:08.971+0800][29.195s] GC(58)   Pre Evacuate Collection Set: 0.1ms
[2020-04-16T22:40:08.971+0800][29.195s] GC(58)   Merge Heap Roots: 0.0ms
[2020-04-16T22:40:08.971+0800][29.195s] GC(58)   Evacuate Collection Set: 0.9ms
[2020-04-16T22:40:08.971+0800][29.195s] GC(58)   Post Evacuate Collection Set: 0.5ms
[2020-04-16T22:40:08.971+0800][29.195s] GC(58)   Other: 0.2ms
[2020-04-16T22:40:08.971+0800][29.195s] GC(58) Eden regions: 128->0(128)
[2020-04-16T22:40:08.971+0800][29.195s] GC(58) Survivor regions: 0->0(32)
[2020-04-16T22:40:08.971+0800][29.195s] GC(58) Old regions: 319->319
[2020-04-16T22:40:08.971+0800][29.195s] GC(58) Archive regions: 2->2
[2020-04-16T22:40:08.971+0800][29.195s] GC(58) Humongous regions: 1->1
[2020-04-16T22:40:08.971+0800][29.195s] GC(58) Metaspace: 39500K(40620K)->39500K(40620K) NonClass: 34748K(35500K)->34748K(35500K) Class: 4751K(5120K)->4751K(5120K)
[2020-04-16T22:40:08.971+0800][29.195s] GC(58) Pause Young (Normal) (G1 Evacuation Pause) 448M->320M(512M) 2.091ms
[2020-04-16T22:40:08.971+0800][29.195s] GC(58) User=0.00s Sys=0.00s Real=0.01s
[2020-04-16T22:40:08.976+0800][29.200s] GC(53) Concurrent Mark From Roots 747.607ms
[2020-04-16T22:40:08.976+0800][29.200s] GC(53) Concurrent Preclean
[2020-04-16T22:40:08.976+0800][29.200s] GC(53) Concurrent Preclean 0.137ms
[2020-04-16T22:40:08.976+0800][29.201s] GC(53) Concurrent Mark (28.453s, 29.200s) 747.821ms
[2020-04-16T22:40:08.976+0800][29.201s] GC(53) Pause Remark
[2020-04-16T22:40:08.981+0800][29.206s] GC(53) Pause Remark 321M->321M(512M) 5.121ms
[2020-04-16T22:40:08.981+0800][29.206s] GC(53) User=0.02s Sys=0.00s Real=0.01s
[2020-04-16T22:40:08.982+0800][29.206s] GC(53) Concurrent Rebuild Remembered Sets
[2020-04-16T22:40:09.110+0800][29.335s] GC(59) Pause Young (Normal) (G1 Evacuation Pause)
[2020-04-16T22:40:09.110+0800][29.335s] GC(59) Using 4 workers of 4 for evacuation
[2020-04-16T22:40:09.111+0800][29.336s] GC(59)   Pre Evacuate Collection Set: 0.1ms
[2020-04-16T22:40:09.111+0800][29.336s] GC(59)   Merge Heap Roots: 0.0ms
[2020-04-16T22:40:09.111+0800][29.336s] GC(59)   Evacuate Collection Set: 0.3ms
[2020-04-16T22:40:09.111+0800][29.336s] GC(59)   Post Evacuate Collection Set: 0.4ms
[2020-04-16T22:40:09.111+0800][29.336s] GC(59)   Other: 0.2ms
[2020-04-16T22:40:09.111+0800][29.336s] GC(59) Eden regions: 128->0(128)
[2020-04-16T22:40:09.111+0800][29.336s] GC(59) Survivor regions: 0->0(32)
[2020-04-16T22:40:09.111+0800][29.336s] GC(59) Old regions: 319->319
[2020-04-16T22:40:09.111+0800][29.336s] GC(59) Archive regions: 2->2
[2020-04-16T22:40:09.111+0800][29.336s] GC(59) Humongous regions: 1->1
[2020-04-16T22:40:09.111+0800][29.336s] GC(59) Metaspace: 39500K(40620K)->39500K(40620K) NonClass: 34748K(35500K)->34748K(35500K) Class: 4751K(5120K)->4751K(5120K)
[2020-04-16T22:40:09.111+0800][29.336s] GC(59) Pause Young (Normal) (G1 Evacuation Pause) 448M->320M(512M) 1.295ms
[2020-04-16T22:40:09.111+0800][29.336s] GC(59) User=0.00s Sys=0.00s Real=0.00s
[2020-04-16T22:40:09.244+0800][29.468s] GC(60) Pause Young (Normal) (G1 Evacuation Pause)
[2020-04-16T22:40:09.244+0800][29.469s] GC(60) Using 4 workers of 4 for evacuation
[2020-04-16T22:40:09.245+0800][29.470s] GC(60)   Pre Evacuate Collection Set: 0.1ms
[2020-04-16T22:40:09.245+0800][29.470s] GC(60)   Merge Heap Roots: 0.1ms
[2020-04-16T22:40:09.245+0800][29.470s] GC(60)   Evacuate Collection Set: 0.3ms
[2020-04-16T22:40:09.245+0800][29.470s] GC(60)   Post Evacuate Collection Set: 0.4ms
[2020-04-16T22:40:09.245+0800][29.470s] GC(60)   Other: 0.2ms
[2020-04-16T22:40:09.245+0800][29.470s] GC(60) Eden regions: 128->0(128)
[2020-04-16T22:40:09.245+0800][29.470s] GC(60) Survivor regions: 0->0(32)
[2020-04-16T22:40:09.245+0800][29.470s] GC(60) Old regions: 319->319
[2020-04-16T22:40:09.245+0800][29.470s] GC(60) Archive regions: 2->2
[2020-04-16T22:40:09.245+0800][29.470s] GC(60) Humongous regions: 1->1
[2020-04-16T22:40:09.245+0800][29.470s] GC(60) Metaspace: 39500K(40620K)->39500K(40620K) NonClass: 34748K(35500K)->34748K(35500K) Class: 4751K(5120K)->4751K(5120K)
[2020-04-16T22:40:09.245+0800][29.470s] GC(60) Pause Young (Normal) (G1 Evacuation Pause) 448M->320M(512M) 1.232ms
[2020-04-16T22:40:09.245+0800][29.470s] GC(60) User=0.00s Sys=0.00s Real=0.00s
[2020-04-16T22:40:09.372+0800][29.596s] GC(61) Pause Young (Normal) (G1 Evacuation Pause)
[2020-04-16T22:40:09.372+0800][29.596s] GC(61) Using 4 workers of 4 for evacuation
[2020-04-16T22:40:09.373+0800][29.597s] GC(61)   Pre Evacuate Collection Set: 0.1ms
[2020-04-16T22:40:09.373+0800][29.597s] GC(61)   Merge Heap Roots: 0.1ms
[2020-04-16T22:40:09.373+0800][29.597s] GC(61)   Evacuate Collection Set: 0.3ms
[2020-04-16T22:40:09.373+0800][29.597s] GC(61)   Post Evacuate Collection Set: 0.4ms
[2020-04-16T22:40:09.373+0800][29.597s] GC(61)   Other: 0.2ms
[2020-04-16T22:40:09.373+0800][29.597s] GC(61) Eden regions: 128->0(128)
[2020-04-16T22:40:09.373+0800][29.597s] GC(61) Survivor regions: 0->0(32)
[2020-04-16T22:40:09.373+0800][29.597s] GC(61) Old regions: 319->319
[2020-04-16T22:40:09.373+0800][29.597s] GC(61) Archive regions: 2->2
[2020-04-16T22:40:09.373+0800][29.597s] GC(61) Humongous regions: 1->1
[2020-04-16T22:40:09.373+0800][29.597s] GC(61) Metaspace: 39500K(40620K)->39500K(40620K) NonClass: 34748K(35500K)->34748K(35500K) Class: 4751K(5120K)->4751K(5120K)
[2020-04-16T22:40:09.373+0800][29.597s] GC(61) Pause Young (Normal) (G1 Evacuation Pause) 448M->320M(512M) 1.139ms
[2020-04-16T22:40:09.373+0800][29.597s] GC(61) User=0.00s Sys=0.00s Real=0.00s
[2020-04-16T22:40:09.398+0800][29.622s] GC(53) Concurrent Rebuild Remembered Sets 416.428ms
[2020-04-16T22:40:09.398+0800][29.623s] GC(53) Pause Cleanup
[2020-04-16T22:40:09.399+0800][29.623s] GC(53) Pause Cleanup 356M->356M(512M) 0.396ms
[2020-04-16T22:40:09.399+0800][29.623s] GC(53) User=0.00s Sys=0.00s Real=0.00s
[2020-04-16T22:40:09.399+0800][29.623s] GC(53) Concurrent Cleanup for Next Mark
[2020-04-16T22:40:09.400+0800][29.624s] GC(53) Concurrent Cleanup for Next Mark 0.838ms
[2020-04-16T22:40:09.400+0800][29.624s] GC(53) Concurrent Cycle 1171.596ms
[2020-04-16T22:40:09.440+0800][29.665s] GC(62) Pause Young (Normal) (G1 Evacuation Pause)
[2020-04-16T22:40:09.440+0800][29.665s] GC(62) Using 4 workers of 4 for evacuation
[2020-04-16T22:40:09.441+0800][29.666s] GC(62)   Pre Evacuate Collection Set: 0.1ms
[2020-04-16T22:40:09.441+0800][29.666s] GC(62)   Merge Heap Roots: 0.0ms
[2020-04-16T22:40:09.441+0800][29.666s] GC(62)   Evacuate Collection Set: 0.2ms
[2020-04-16T22:40:09.441+0800][29.666s] GC(62)   Post Evacuate Collection Set: 0.4ms
[2020-04-16T22:40:09.441+0800][29.666s] GC(62)   Other: 0.2ms
[2020-04-16T22:40:09.441+0800][29.666s] GC(62) Eden regions: 128->0(128)
[2020-04-16T22:40:09.441+0800][29.666s] GC(62) Survivor regions: 0->0(32)
[2020-04-16T22:40:09.441+0800][29.666s] GC(62) Old regions: 319->319
[2020-04-16T22:40:09.441+0800][29.666s] GC(62) Archive regions: 2->2
[2020-04-16T22:40:09.441+0800][29.666s] GC(62) Humongous regions: 1->1
[2020-04-16T22:40:09.441+0800][29.666s] GC(62) Metaspace: 39500K(40620K)->39500K(40620K) NonClass: 34748K(35500K)->34748K(35500K) Class: 4751K(5120K)->4751K(5120K)
[2020-04-16T22:40:09.441+0800][29.666s] GC(62) Pause Young (Normal) (G1 Evacuation Pause) 448M->320M(512M) 1.050ms
[2020-04-16T22:40:09.441+0800][29.666s] GC(62) User=0.00s Sys=0.01s Real=0.00s
[2020-04-16T22:40:09.492+0800][29.716s] GC(63) Pause Young (Concurrent Start) (G1 Evacuation Pause)
[2020-04-16T22:40:09.492+0800][29.716s] GC(63) Using 4 workers of 4 for evacuation
[2020-04-16T22:40:09.493+0800][29.718s] GC(63)   Pre Evacuate Collection Set: 0.2ms
[2020-04-16T22:40:09.493+0800][29.718s] GC(63)   Merge Heap Roots: 0.0ms
[2020-04-16T22:40:09.493+0800][29.718s] GC(63)   Evacuate Collection Set: 0.8ms
[2020-04-16T22:40:09.493+0800][29.718s] GC(63)   Post Evacuate Collection Set: 0.4ms
[2020-04-16T22:40:09.493+0800][29.718s] GC(63)   Other: 0.2ms
[2020-04-16T22:40:09.493+0800][29.718s] GC(63) Eden regions: 128->0(128)
[2020-04-16T22:40:09.493+0800][29.718s] GC(63) Survivor regions: 0->0(32)
[2020-04-16T22:40:09.493+0800][29.718s] GC(63) Old regions: 319->319
[2020-04-16T22:40:09.493+0800][29.718s] GC(63) Archive regions: 2->2
[2020-04-16T22:40:09.493+0800][29.718s] GC(63) Humongous regions: 1->1
[2020-04-16T22:40:09.493+0800][29.718s] GC(63) Metaspace: 39500K(40620K)->39500K(40620K) NonClass: 34748K(35500K)->34748K(35500K) Class: 4751K(5120K)->4751K(5120K)
[2020-04-16T22:40:09.494+0800][29.718s] GC(63) Pause Young (Concurrent Start) (G1 Evacuation Pause) 448M->320M(512M) 1.644ms
[2020-04-16T22:40:09.494+0800][29.718s] GC(63) User=0.00s Sys=0.00s Real=0.00s
[2020-04-16T22:40:09.494+0800][29.718s] GC(64) Concurrent Cycle
[2020-04-16T22:40:09.494+0800][29.718s] GC(64) Concurrent Clear Claimed Marks
[2020-04-16T22:40:09.494+0800][29.718s] GC(64) Concurrent Clear Claimed Marks 0.042ms
[2020-04-16T22:40:09.494+0800][29.718s] GC(64) Concurrent Scan Root Regions
[2020-04-16T22:40:09.494+0800][29.718s] GC(64) Concurrent Scan Root Regions 0.011ms
[2020-04-16T22:40:09.494+0800][29.718s] GC(64) Concurrent Mark (29.718s)
[2020-04-16T22:40:09.494+0800][29.718s] GC(64) Concurrent Mark From Roots
[2020-04-16T22:40:09.494+0800][29.718s] GC(64) Using 4 workers of 4 for marking
[2020-04-16T22:40:09.716+0800][29.941s] GC(65) Pause Young (Normal) (G1 Evacuation Pause)
[2020-04-16T22:40:09.716+0800][29.941s] GC(65) Using 4 workers of 4 for evacuation
[2020-04-16T22:40:09.718+0800][29.943s] GC(65)   Pre Evacuate Collection Set: 0.1ms
[2020-04-16T22:40:09.718+0800][29.943s] GC(65)   Merge Heap Roots: 0.1ms
[2020-04-16T22:40:09.718+0800][29.943s] GC(65)   Evacuate Collection Set: 0.9ms
[2020-04-16T22:40:09.718+0800][29.943s] GC(65)   Post Evacuate Collection Set: 0.5ms
[2020-04-16T22:40:09.718+0800][29.943s] GC(65)   Other: 0.4ms
[2020-04-16T22:40:09.718+0800][29.943s] GC(65) Eden regions: 128->0(128)
[2020-04-16T22:40:09.718+0800][29.943s] GC(65) Survivor regions: 0->0(32)
[2020-04-16T22:40:09.718+0800][29.943s] GC(65) Old regions: 319->319
[2020-04-16T22:40:09.718+0800][29.943s] GC(65) Archive regions: 2->2
[2020-04-16T22:40:09.718+0800][29.943s] GC(65) Humongous regions: 1->1
[2020-04-16T22:40:09.718+0800][29.943s] GC(65) Metaspace: 39500K(40620K)->39500K(40620K) NonClass: 34748K(35500K)->34748K(35500K) Class: 4751K(5120K)->4751K(5120K)
[2020-04-16T22:40:09.718+0800][29.943s] GC(65) Pause Young (Normal) (G1 Evacuation Pause) 448M->320M(512M) 2.329ms
[2020-04-16T22:40:09.719+0800][29.943s] GC(65) User=0.00s Sys=0.01s Real=0.00s
[2020-04-16T22:40:09.954+0800][30.179s] GC(66) Pause Young (Normal) (G1 Evacuation Pause)
[2020-04-16T22:40:09.955+0800][30.179s] GC(66) Using 4 workers of 4 for evacuation
[2020-04-16T22:40:09.956+0800][30.181s] GC(66)   Pre Evacuate Collection Set: 0.1ms
[2020-04-16T22:40:09.956+0800][30.181s] GC(66)   Merge Heap Roots: 0.1ms
[2020-04-16T22:40:09.956+0800][30.181s] GC(66)   Evacuate Collection Set: 1.0ms
[2020-04-16T22:40:09.956+0800][30.181s] GC(66)   Post Evacuate Collection Set: 0.6ms
[2020-04-16T22:40:09.957+0800][30.181s] GC(66)   Other: 0.2ms
[2020-04-16T22:40:09.957+0800][30.181s] GC(66) Eden regions: 128->0(127)
[2020-04-16T22:40:09.957+0800][30.181s] GC(66) Survivor regions: 0->1(32)
[2020-04-16T22:40:09.957+0800][30.181s] GC(66) Old regions: 319->319
[2020-04-16T22:40:09.957+0800][30.181s] GC(66) Archive regions: 2->2
[2020-04-16T22:40:09.957+0800][30.181s] GC(66) Humongous regions: 1->1
[2020-04-16T22:40:09.957+0800][30.181s] GC(66) Metaspace: 39537K(40620K)->39537K(40620K) NonClass: 34781K(35500K)->34781K(35500K) Class: 4755K(5120K)->4755K(5120K)
[2020-04-16T22:40:09.957+0800][30.181s] GC(66) Pause Young (Normal) (G1 Evacuation Pause) 448M->320M(512M) 2.181ms
[2020-04-16T22:40:09.957+0800][30.181s] GC(66) User=0.01s Sys=0.00s Real=0.00s
[2020-04-16T22:40:10.202+0800][30.427s] GC(67) Pause Young (Normal) (G1 Evacuation Pause)
[2020-04-16T22:40:10.202+0800][30.427s] GC(67) Using 4 workers of 4 for evacuation
[2020-04-16T22:40:10.204+0800][30.429s] GC(67)   Pre Evacuate Collection Set: 0.1ms
[2020-04-16T22:40:10.205+0800][30.429s] GC(67)   Merge Heap Roots: 0.0ms
[2020-04-16T22:40:10.205+0800][30.429s] GC(67)   Evacuate Collection Set: 1.4ms
[2020-04-16T22:40:10.205+0800][30.429s] GC(67)   Post Evacuate Collection Set: 0.5ms
[2020-04-16T22:40:10.205+0800][30.429s] GC(67)   Other: 0.2ms
[2020-04-16T22:40:10.205+0800][30.429s] GC(67) Eden regions: 127->0(127)
[2020-04-16T22:40:10.205+0800][30.429s] GC(67) Survivor regions: 1->1(32)
[2020-04-16T22:40:10.205+0800][30.429s] GC(67) Old regions: 319->319
[2020-04-16T22:40:10.205+0800][30.429s] GC(67) Archive regions: 2->2
[2020-04-16T22:40:10.205+0800][30.429s] GC(67) Humongous regions: 1->1
[2020-04-16T22:40:10.205+0800][30.429s] GC(67) Metaspace: 39537K(40620K)->39537K(40620K) NonClass: 34781K(35500K)->34781K(35500K) Class: 4755K(5120K)->4755K(5120K)
[2020-04-16T22:40:10.205+0800][30.429s] GC(67) Pause Young (Normal) (G1 Evacuation Pause) 447M->320M(512M) 2.656ms
[2020-04-16T22:40:10.205+0800][30.429s] GC(67) User=0.00s Sys=0.00s Real=0.00s
[2020-04-16T22:40:10.358+0800][30.583s] GC(68) Pause Young (Normal) (G1 Evacuation Pause)
[2020-04-16T22:40:10.358+0800][30.583s] GC(68) Using 4 workers of 4 for evacuation
[2020-04-16T22:40:10.360+0800][30.584s] GC(68)   Pre Evacuate Collection Set: 0.1ms
[2020-04-16T22:40:10.360+0800][30.584s] GC(68)   Merge Heap Roots: 0.1ms
[2020-04-16T22:40:10.360+0800][30.584s] GC(68)   Evacuate Collection Set: 0.7ms
[2020-04-16T22:40:10.360+0800][30.584s] GC(68)   Post Evacuate Collection Set: 0.4ms
[2020-04-16T22:40:10.360+0800][30.584s] GC(68)   Other: 0.2ms
[2020-04-16T22:40:10.360+0800][30.584s] GC(68) Eden regions: 127->0(127)
[2020-04-16T22:40:10.360+0800][30.584s] GC(68) Survivor regions: 1->1(32)
[2020-04-16T22:40:10.360+0800][30.584s] GC(68) Old regions: 319->319
[2020-04-16T22:40:10.360+0800][30.584s] GC(68) Archive regions: 2->2
[2020-04-16T22:40:10.360+0800][30.584s] GC(68) Humongous regions: 1->1
[2020-04-16T22:40:10.360+0800][30.584s] GC(68) Metaspace: 39537K(40620K)->39537K(40620K) NonClass: 34781K(35500K)->34781K(35500K) Class: 4755K(5120K)->4755K(5120K)
[2020-04-16T22:40:10.360+0800][30.584s] GC(68) Pause Young (Normal) (G1 Evacuation Pause) 447M->320M(512M) 1.725ms
[2020-04-16T22:40:10.360+0800][30.584s] GC(68) User=0.01s Sys=0.00s Real=0.01s
[2020-04-16T22:40:10.455+0800][30.679s] GC(64) Concurrent Mark From Roots 961.001ms
[2020-04-16T22:40:10.455+0800][30.679s] GC(64) Concurrent Preclean
[2020-04-16T22:40:10.455+0800][30.679s] GC(64) Concurrent Preclean 0.234ms
[2020-04-16T22:40:10.455+0800][30.679s] GC(64) Concurrent Mark (29.718s, 30.679s) 961.362ms
[2020-04-16T22:40:10.455+0800][30.680s] GC(64) Pause Remark
[2020-04-16T22:40:10.460+0800][30.685s] GC(64) Pause Remark 405M->405M(512M) 4.888ms
[2020-04-16T22:40:10.460+0800][30.685s] GC(64) User=0.02s Sys=0.00s Real=0.01s
[2020-04-16T22:40:10.460+0800][30.685s] GC(64) Concurrent Rebuild Remembered Sets
[2020-04-16T22:40:10.557+0800][30.782s] GC(69) Pause Young (Normal) (G1 Evacuation Pause)
[2020-04-16T22:40:10.557+0800][30.782s] GC(69) Using 4 workers of 4 for evacuation
[2020-04-16T22:40:10.559+0800][30.784s] GC(69)   Pre Evacuate Collection Set: 0.1ms
[2020-04-16T22:40:10.559+0800][30.784s] GC(69)   Merge Heap Roots: 0.1ms
[2020-04-16T22:40:10.559+0800][30.784s] GC(69)   Evacuate Collection Set: 0.7ms
[2020-04-16T22:40:10.559+0800][30.784s] GC(69)   Post Evacuate Collection Set: 0.7ms
[2020-04-16T22:40:10.559+0800][30.784s] GC(69)   Other: 0.2ms
[2020-04-16T22:40:10.559+0800][30.784s] GC(69) Eden regions: 127->0(127)
[2020-04-16T22:40:10.559+0800][30.784s] GC(69) Survivor regions: 1->1(32)
[2020-04-16T22:40:10.559+0800][30.784s] GC(69) Old regions: 319->319
[2020-04-16T22:40:10.559+0800][30.784s] GC(69) Archive regions: 2->2
[2020-04-16T22:40:10.559+0800][30.784s] GC(69) Humongous regions: 1->1
[2020-04-16T22:40:10.559+0800][30.784s] GC(69) Metaspace: 39537K(40620K)->39537K(40620K) NonClass: 34781K(35500K)->34781K(35500K) Class: 4755K(5120K)->4755K(5120K)
[2020-04-16T22:40:10.560+0800][30.784s] GC(69) Pause Young (Normal) (G1 Evacuation Pause) 447M->320M(512M) 2.114ms
[2020-04-16T22:40:10.560+0800][30.784s] GC(69) User=0.00s Sys=0.00s Real=0.01s
[2020-04-16T22:40:10.752+0800][30.977s] GC(70) Pause Young (Normal) (G1 Evacuation Pause)
[2020-04-16T22:40:10.752+0800][30.977s] GC(70) Using 4 workers of 4 for evacuation
[2020-04-16T22:40:10.755+0800][30.979s] GC(70)   Pre Evacuate Collection Set: 0.1ms
[2020-04-16T22:40:10.755+0800][30.979s] GC(70)   Merge Heap Roots: 0.1ms
[2020-04-16T22:40:10.755+0800][30.979s] GC(70)   Evacuate Collection Set: 1.5ms
[2020-04-16T22:40:10.755+0800][30.979s] GC(70)   Post Evacuate Collection Set: 0.7ms
[2020-04-16T22:40:10.755+0800][30.979s] GC(70)   Other: 0.2ms
[2020-04-16T22:40:10.755+0800][30.979s] GC(70) Eden regions: 127->0(127)
[2020-04-16T22:40:10.755+0800][30.979s] GC(70) Survivor regions: 1->1(32)
[2020-04-16T22:40:10.755+0800][30.979s] GC(70) Old regions: 319->319
[2020-04-16T22:40:10.755+0800][30.979s] GC(70) Archive regions: 2->2
[2020-04-16T22:40:10.755+0800][30.979s] GC(70) Humongous regions: 1->1
[2020-04-16T22:40:10.755+0800][30.979s] GC(70) Metaspace: 39537K(40620K)->39537K(40620K) NonClass: 34781K(35500K)->34781K(35500K) Class: 4755K(5120K)->4755K(5120K)
[2020-04-16T22:40:10.755+0800][30.979s] GC(70) Pause Young (Normal) (G1 Evacuation Pause) 447M->320M(512M) 2.847ms
[2020-04-16T22:40:10.755+0800][30.980s] GC(70) User=0.01s Sys=0.00s Real=0.00s
[2020-04-16T22:40:10.906+0800][31.130s] GC(71) Pause Young (Normal) (G1 Evacuation Pause)
[2020-04-16T22:40:10.906+0800][31.130s] GC(71) Using 4 workers of 4 for evacuation
[2020-04-16T22:40:10.907+0800][31.132s] GC(71)   Pre Evacuate Collection Set: 0.1ms
[2020-04-16T22:40:10.907+0800][31.132s] GC(71)   Merge Heap Roots: 0.1ms
[2020-04-16T22:40:10.907+0800][31.132s] GC(71)   Evacuate Collection Set: 0.7ms
[2020-04-16T22:40:10.907+0800][31.132s] GC(71)   Post Evacuate Collection Set: 0.6ms
[2020-04-16T22:40:10.907+0800][31.132s] GC(71)   Other: 0.2ms
[2020-04-16T22:40:10.907+0800][31.132s] GC(71) Eden regions: 127->0(127)
[2020-04-16T22:40:10.907+0800][31.132s] GC(71) Survivor regions: 1->1(32)
[2020-04-16T22:40:10.907+0800][31.132s] GC(71) Old regions: 319->319
[2020-04-16T22:40:10.907+0800][31.132s] GC(71) Archive regions: 2->2
[2020-04-16T22:40:10.907+0800][31.132s] GC(71) Humongous regions: 1->1
[2020-04-16T22:40:10.908+0800][31.132s] GC(71) Metaspace: 39537K(40620K)->39537K(40620K) NonClass: 34781K(35500K)->34781K(35500K) Class: 4755K(5120K)->4755K(5120K)
[2020-04-16T22:40:10.908+0800][31.132s] GC(71) Pause Young (Normal) (G1 Evacuation Pause) 447M->320M(512M) 2.027ms
[2020-04-16T22:40:10.908+0800][31.132s] GC(71) User=0.00s Sys=0.01s Real=0.00s
[2020-04-16T22:40:11.045+0800][31.270s] GC(64) Concurrent Rebuild Remembered Sets 585.045ms
[2020-04-16T22:40:11.046+0800][31.270s] GC(64) Pause Cleanup
[2020-04-16T22:40:11.046+0800][31.271s] GC(64) Pause Cleanup 424M->424M(512M) 0.498ms
[2020-04-16T22:40:11.046+0800][31.271s] GC(64) User=0.00s Sys=0.00s Real=0.00s
[2020-04-16T22:40:11.047+0800][31.271s] GC(64) Concurrent Cleanup for Next Mark
[2020-04-16T22:40:11.048+0800][31.273s] GC(64) Concurrent Cleanup for Next Mark 1.721ms
[2020-04-16T22:40:11.048+0800][31.273s] GC(64) Concurrent Cycle 1554.786ms
[2020-04-16T22:40:11.062+0800][31.286s] GC(72) Pause Young (Normal) (G1 Evacuation Pause)
[2020-04-16T22:40:11.062+0800][31.286s] GC(72) Using 4 workers of 4 for evacuation
[2020-04-16T22:40:11.064+0800][31.288s] GC(72)   Pre Evacuate Collection Set: 0.1ms
[2020-04-16T22:40:11.064+0800][31.289s] GC(72)   Merge Heap Roots: 0.1ms
[2020-04-16T22:40:11.064+0800][31.289s] GC(72)   Evacuate Collection Set: 1.0ms
[2020-04-16T22:40:11.064+0800][31.289s] GC(72)   Post Evacuate Collection Set: 0.7ms
[2020-04-16T22:40:11.064+0800][31.289s] GC(72)   Other: 0.3ms
[2020-04-16T22:40:11.064+0800][31.289s] GC(72) Eden regions: 127->0(127)
[2020-04-16T22:40:11.065+0800][31.289s] GC(72) Survivor regions: 1->1(32)
[2020-04-16T22:40:11.065+0800][31.289s] GC(72) Old regions: 319->319
[2020-04-16T22:40:11.065+0800][31.289s] GC(72) Archive regions: 2->2
[2020-04-16T22:40:11.065+0800][31.289s] GC(72) Humongous regions: 1->1
[2020-04-16T22:40:11.065+0800][31.289s] GC(72) Metaspace: 39537K(40620K)->39537K(40620K) NonClass: 34781K(35500K)->34781K(35500K) Class: 4755K(5120K)->4755K(5120K)
[2020-04-16T22:40:11.065+0800][31.289s] GC(72) Pause Young (Normal) (G1 Evacuation Pause) 447M->320M(512M) 2.654ms
[2020-04-16T22:40:11.065+0800][31.289s] GC(72) User=0.01s Sys=0.00s Real=0.00s
[2020-04-16T22:40:11.129+0800][31.353s] GC(73) Pause Young (Concurrent Start) (G1 Evacuation Pause)
[2020-04-16T22:40:11.129+0800][31.353s] GC(73) Using 4 workers of 4 for evacuation
[2020-04-16T22:40:11.131+0800][31.355s] GC(73)   Pre Evacuate Collection Set: 0.2ms
[2020-04-16T22:40:11.131+0800][31.356s] GC(73)   Merge Heap Roots: 0.1ms
[2020-04-16T22:40:11.131+0800][31.356s] GC(73)   Evacuate Collection Set: 0.8ms
[2020-04-16T22:40:11.131+0800][31.356s] GC(73)   Post Evacuate Collection Set: 1.2ms
[2020-04-16T22:40:11.131+0800][31.356s] GC(73)   Other: 0.3ms
[2020-04-16T22:40:11.132+0800][31.356s] GC(73) Eden regions: 127->0(127)
[2020-04-16T22:40:11.132+0800][31.356s] GC(73) Survivor regions: 1->1(32)
[2020-04-16T22:40:11.132+0800][31.356s] GC(73) Old regions: 319->319
[2020-04-16T22:40:11.132+0800][31.356s] GC(73) Archive regions: 2->2
[2020-04-16T22:40:11.132+0800][31.356s] GC(73) Humongous regions: 1->1
[2020-04-16T22:40:11.132+0800][31.356s] GC(73) Metaspace: 39537K(40620K)->39537K(40620K) NonClass: 34781K(35500K)->34781K(35500K) Class: 4755K(5120K)->4755K(5120K)
[2020-04-16T22:40:11.132+0800][31.356s] GC(73) Pause Young (Concurrent Start) (G1 Evacuation Pause) 447M->320M(512M) 3.134ms
[2020-04-16T22:40:11.132+0800][31.356s] GC(73) User=0.01s Sys=0.00s Real=0.01s
[2020-04-16T22:40:11.132+0800][31.356s] GC(74) Concurrent Cycle
[2020-04-16T22:40:11.132+0800][31.356s] GC(74) Concurrent Clear Claimed Marks
[2020-04-16T22:40:11.132+0800][31.356s] GC(74) Concurrent Clear Claimed Marks 0.098ms
[2020-04-16T22:40:11.132+0800][31.356s] GC(74) Concurrent Scan Root Regions
[2020-04-16T22:40:11.134+0800][31.358s] GC(74) Concurrent Scan Root Regions 1.919ms
[2020-04-16T22:40:11.134+0800][31.358s] GC(74) Concurrent Mark (31.358s)
[2020-04-16T22:40:11.134+0800][31.358s] GC(74) Concurrent Mark From Roots
[2020-04-16T22:40:11.134+0800][31.358s] GC(74) Using 4 workers of 4 for marking
[2020-04-16T22:40:11.338+0800][31.563s] GC(75) Pause Young (Normal) (G1 Evacuation Pause)
[2020-04-16T22:40:11.338+0800][31.563s] GC(75) Using 4 workers of 4 for evacuation
[2020-04-16T22:40:11.340+0800][31.564s] GC(75)   Pre Evacuate Collection Set: 0.1ms
[2020-04-16T22:40:11.340+0800][31.565s] GC(75)   Merge Heap Roots: 0.1ms
[2020-04-16T22:40:11.340+0800][31.565s] GC(75)   Evacuate Collection Set: 1.1ms
[2020-04-16T22:40:11.340+0800][31.565s] GC(75)   Post Evacuate Collection Set: 0.4ms
[2020-04-16T22:40:11.340+0800][31.565s] GC(75)   Other: 0.2ms
[2020-04-16T22:40:11.340+0800][31.565s] GC(75) Eden regions: 127->0(128)
[2020-04-16T22:40:11.340+0800][31.565s] GC(75) Survivor regions: 1->0(32)
[2020-04-16T22:40:11.340+0800][31.565s] GC(75) Old regions: 319->319
[2020-04-16T22:40:11.340+0800][31.565s] GC(75) Archive regions: 2->2
[2020-04-16T22:40:11.340+0800][31.565s] GC(75) Humongous regions: 1->1
[2020-04-16T22:40:11.340+0800][31.565s] GC(75) Metaspace: 39537K(40620K)->39537K(40620K) NonClass: 34781K(35500K)->34781K(35500K) Class: 4755K(5120K)->4755K(5120K)
[2020-04-16T22:40:11.340+0800][31.565s] GC(75) Pause Young (Normal) (G1 Evacuation Pause) 447M->320M(512M) 2.011ms
[2020-04-16T22:40:11.340+0800][31.565s] GC(75) User=0.01s Sys=0.00s Real=0.01s
[2020-04-16T22:40:11.509+0800][31.734s] GC(76) Pause Young (Normal) (G1 Evacuation Pause)
[2020-04-16T22:40:11.509+0800][31.734s] GC(76) Using 4 workers of 4 for evacuation
[2020-04-16T22:40:11.510+0800][31.735s] GC(76)   Pre Evacuate Collection Set: 0.1ms
[2020-04-16T22:40:11.510+0800][31.735s] GC(76)   Merge Heap Roots: 0.0ms
[2020-04-16T22:40:11.510+0800][31.735s] GC(76)   Evacuate Collection Set: 0.2ms
[2020-04-16T22:40:11.510+0800][31.735s] GC(76)   Post Evacuate Collection Set: 0.4ms
[2020-04-16T22:40:11.511+0800][31.735s] GC(76)   Other: 0.2ms
[2020-04-16T22:40:11.511+0800][31.735s] GC(76) Eden regions: 128->0(128)
[2020-04-16T22:40:11.511+0800][31.735s] GC(76) Survivor regions: 0->0(32)
[2020-04-16T22:40:11.511+0800][31.735s] GC(76) Old regions: 319->319
[2020-04-16T22:40:11.511+0800][31.735s] GC(76) Archive regions: 2->2
[2020-04-16T22:40:11.511+0800][31.735s] GC(76) Humongous regions: 1->1
[2020-04-16T22:40:11.511+0800][31.735s] GC(76) Metaspace: 39537K(40620K)->39537K(40620K) NonClass: 34781K(35500K)->34781K(35500K) Class: 4755K(5120K)->4755K(5120K)
[2020-04-16T22:40:11.511+0800][31.735s] GC(76) Pause Young (Normal) (G1 Evacuation Pause) 448M->320M(512M) 1.278ms
[2020-04-16T22:40:11.511+0800][31.735s] GC(76) User=0.01s Sys=0.00s Real=0.01s
[2020-04-16T22:40:11.827+0800][32.052s] GC(77) Pause Young (Normal) (G1 Evacuation Pause)
[2020-04-16T22:40:11.827+0800][32.052s] GC(77) Using 4 workers of 4 for evacuation
[2020-04-16T22:40:11.828+0800][32.053s] GC(77)   Pre Evacuate Collection Set: 0.1ms
[2020-04-16T22:40:11.828+0800][32.053s] GC(77)   Merge Heap Roots: 0.1ms
[2020-04-16T22:40:11.828+0800][32.053s] GC(77)   Evacuate Collection Set: 0.2ms
[2020-04-16T22:40:11.828+0800][32.053s] GC(77)   Post Evacuate Collection Set: 0.4ms
[2020-04-16T22:40:11.828+0800][32.053s] GC(77)   Other: 0.3ms
[2020-04-16T22:40:11.828+0800][32.053s] GC(77) Eden regions: 128->0(128)
[2020-04-16T22:40:11.828+0800][32.053s] GC(77) Survivor regions: 0->0(32)
[2020-04-16T22:40:11.828+0800][32.053s] GC(77) Old regions: 319->319
[2020-04-16T22:40:11.828+0800][32.053s] GC(77) Archive regions: 2->2
[2020-04-16T22:40:11.828+0800][32.053s] GC(77) Humongous regions: 1->1
[2020-04-16T22:40:11.828+0800][32.053s] GC(77) Metaspace: 39537K(40620K)->39537K(40620K) NonClass: 34781K(35500K)->34781K(35500K) Class: 4755K(5120K)->4755K(5120K)
[2020-04-16T22:40:11.829+0800][32.053s] GC(77) Pause Young (Normal) (G1 Evacuation Pause) 448M->320M(512M) 1.386ms
[2020-04-16T22:40:11.829+0800][32.053s] GC(77) User=0.00s Sys=0.00s Real=0.00s
[2020-04-16T22:40:11.971+0800][32.195s] GC(78) Pause Young (Normal) (G1 Evacuation Pause)
[2020-04-16T22:40:11.971+0800][32.196s] GC(78) Using 4 workers of 4 for evacuation
[2020-04-16T22:40:11.972+0800][32.196s] GC(78)   Pre Evacuate Collection Set: 0.1ms
[2020-04-16T22:40:11.972+0800][32.197s] GC(78)   Merge Heap Roots: 0.0ms
[2020-04-16T22:40:11.972+0800][32.197s] GC(78)   Evacuate Collection Set: 0.3ms
[2020-04-16T22:40:11.972+0800][32.197s] GC(78)   Post Evacuate Collection Set: 0.4ms
[2020-04-16T22:40:11.972+0800][32.197s] GC(78)   Other: 0.2ms
[2020-04-16T22:40:11.972+0800][32.197s] GC(78) Eden regions: 128->0(128)
[2020-04-16T22:40:11.972+0800][32.197s] GC(78) Survivor regions: 0->0(32)
[2020-04-16T22:40:11.972+0800][32.197s] GC(78) Old regions: 319->319
[2020-04-16T22:40:11.972+0800][32.197s] GC(78) Archive regions: 2->2
[2020-04-16T22:40:11.972+0800][32.197s] GC(78) Humongous regions: 1->1
[2020-04-16T22:40:11.972+0800][32.197s] GC(78) Metaspace: 39537K(40620K)->39537K(40620K) NonClass: 34781K(35500K)->34781K(35500K) Class: 4755K(5120K)->4755K(5120K)
[2020-04-16T22:40:11.972+0800][32.197s] GC(78) Pause Young (Normal) (G1 Evacuation Pause) 448M->320M(512M) 1.209ms
[2020-04-16T22:40:11.972+0800][32.197s] GC(78) User=0.00s Sys=0.00s Real=0.00s
[2020-04-16T22:40:12.111+0800][32.335s] GC(79) Pause Young (Normal) (G1 Evacuation Pause)
[2020-04-16T22:40:12.111+0800][32.335s] GC(79) Using 4 workers of 4 for evacuation
[2020-04-16T22:40:12.112+0800][32.336s] GC(79)   Pre Evacuate Collection Set: 0.1ms
[2020-04-16T22:40:12.112+0800][32.336s] GC(79)   Merge Heap Roots: 0.0ms
[2020-04-16T22:40:12.112+0800][32.336s] GC(79)   Evacuate Collection Set: 0.3ms
[2020-04-16T22:40:12.112+0800][32.336s] GC(79)   Post Evacuate Collection Set: 0.4ms
[2020-04-16T22:40:12.112+0800][32.336s] GC(79)   Other: 0.2ms
[2020-04-16T22:40:12.112+0800][32.336s] GC(79) Eden regions: 128->0(128)
[2020-04-16T22:40:12.112+0800][32.336s] GC(79) Survivor regions: 0->0(32)
[2020-04-16T22:40:12.112+0800][32.336s] GC(79) Old regions: 319->319
[2020-04-16T22:40:12.112+0800][32.336s] GC(79) Archive regions: 2->2
[2020-04-16T22:40:12.112+0800][32.336s] GC(79) Humongous regions: 1->1
[2020-04-16T22:40:12.112+0800][32.336s] GC(79) Metaspace: 39537K(40620K)->39537K(40620K) NonClass: 34781K(35500K)->34781K(35500K) Class: 4755K(5120K)->4755K(5120K)
[2020-04-16T22:40:12.112+0800][32.336s] GC(79) Pause Young (Normal) (G1 Evacuation Pause) 448M->320M(512M) 1.300ms
[2020-04-16T22:40:12.112+0800][32.336s] GC(79) User=0.00s Sys=0.00s Real=0.00s
[2020-04-16T22:40:12.122+0800][32.346s] GC(74) Concurrent Mark From Roots 987.929ms
[2020-04-16T22:40:12.122+0800][32.346s] GC(74) Concurrent Preclean
[2020-04-16T22:40:12.122+0800][32.347s] GC(74) Concurrent Preclean 0.155ms
[2020-04-16T22:40:12.122+0800][32.347s] GC(74) Concurrent Mark (31.358s, 32.347s) 988.216ms
[2020-04-16T22:40:12.122+0800][32.347s] GC(74) Pause Remark
[2020-04-16T22:40:12.127+0800][32.352s] GC(74) Pause Remark 333M->333M(512M) 4.806ms
[2020-04-16T22:40:12.127+0800][32.352s] GC(74) User=0.02s Sys=0.00s Real=0.00s
[2020-04-16T22:40:12.127+0800][32.352s] GC(74) Concurrent Rebuild Remembered Sets
[2020-04-16T22:40:12.256+0800][32.480s] GC(80) Pause Young (Normal) (G1 Evacuation Pause)
[2020-04-16T22:40:12.256+0800][32.480s] GC(80) Using 4 workers of 4 for evacuation
[2020-04-16T22:40:12.257+0800][32.481s] GC(80)   Pre Evacuate Collection Set: 0.1ms
[2020-04-16T22:40:12.257+0800][32.481s] GC(80)   Merge Heap Roots: 0.0ms
[2020-04-16T22:40:12.257+0800][32.481s] GC(80)   Evacuate Collection Set: 0.2ms
[2020-04-16T22:40:12.257+0800][32.481s] GC(80)   Post Evacuate Collection Set: 0.4ms
[2020-04-16T22:40:12.257+0800][32.481s] GC(80)   Other: 0.2ms
[2020-04-16T22:40:12.257+0800][32.482s] GC(80) Eden regions: 128->0(128)
[2020-04-16T22:40:12.257+0800][32.482s] GC(80) Survivor regions: 0->0(32)
[2020-04-16T22:40:12.257+0800][32.482s] GC(80) Old regions: 319->319
[2020-04-16T22:40:12.257+0800][32.482s] GC(80) Archive regions: 2->2
[2020-04-16T22:40:12.257+0800][32.482s] GC(80) Humongous regions: 1->1
[2020-04-16T22:40:12.257+0800][32.482s] GC(80) Metaspace: 39537K(40620K)->39537K(40620K) NonClass: 34781K(35500K)->34781K(35500K) Class: 4755K(5120K)->4755K(5120K)
[2020-04-16T22:40:12.257+0800][32.482s] GC(80) Pause Young (Normal) (G1 Evacuation Pause) 448M->320M(512M) 1.297ms
[2020-04-16T22:40:12.257+0800][32.482s] GC(80) User=0.00s Sys=0.00s Real=0.00s
[2020-04-16T22:40:12.373+0800][32.598s] GC(81) Pause Young (Normal) (G1 Evacuation Pause)
[2020-04-16T22:40:12.373+0800][32.598s] GC(81) Using 4 workers of 4 for evacuation
[2020-04-16T22:40:12.374+0800][32.598s] GC(81)   Pre Evacuate Collection Set: 0.1ms
[2020-04-16T22:40:12.374+0800][32.598s] GC(81)   Merge Heap Roots: 0.0ms
[2020-04-16T22:40:12.374+0800][32.598s] GC(81)   Evacuate Collection Set: 0.2ms
[2020-04-16T22:40:12.374+0800][32.599s] GC(81)   Post Evacuate Collection Set: 0.4ms
[2020-04-16T22:40:12.374+0800][32.599s] GC(81)   Other: 0.2ms
[2020-04-16T22:40:12.374+0800][32.599s] GC(81) Eden regions: 128->0(128)
[2020-04-16T22:40:12.374+0800][32.599s] GC(81) Survivor regions: 0->0(32)
[2020-04-16T22:40:12.374+0800][32.599s] GC(81) Old regions: 319->319
[2020-04-16T22:40:12.374+0800][32.599s] GC(81) Archive regions: 2->2
[2020-04-16T22:40:12.374+0800][32.599s] GC(81) Humongous regions: 1->1
[2020-04-16T22:40:12.374+0800][32.599s] GC(81) Metaspace: 39537K(40620K)->39537K(40620K) NonClass: 34781K(35500K)->34781K(35500K) Class: 4755K(5120K)->4755K(5120K)
[2020-04-16T22:40:12.374+0800][32.599s] GC(81) Pause Young (Normal) (G1 Evacuation Pause) 448M->320M(512M) 1.130ms
[2020-04-16T22:40:12.374+0800][32.599s] GC(81) User=0.01s Sys=0.00s Real=0.00s
[2020-04-16T22:40:12.475+0800][32.699s] GC(82) Pause Young (Normal) (G1 Evacuation Pause)
[2020-04-16T22:40:12.475+0800][32.699s] GC(82) Using 4 workers of 4 for evacuation
[2020-04-16T22:40:12.476+0800][32.700s] GC(82)   Pre Evacuate Collection Set: 0.1ms
[2020-04-16T22:40:12.476+0800][32.700s] GC(82)   Merge Heap Roots: 0.0ms
[2020-04-16T22:40:12.476+0800][32.700s] GC(82)   Evacuate Collection Set: 0.3ms
[2020-04-16T22:40:12.476+0800][32.700s] GC(82)   Post Evacuate Collection Set: 0.5ms
[2020-04-16T22:40:12.476+0800][32.700s] GC(82)   Other: 0.2ms
[2020-04-16T22:40:12.476+0800][32.700s] GC(82) Eden regions: 128->0(128)
[2020-04-16T22:40:12.476+0800][32.700s] GC(82) Survivor regions: 0->0(32)
[2020-04-16T22:40:12.476+0800][32.700s] GC(82) Old regions: 319->319
[2020-04-16T22:40:12.476+0800][32.701s] GC(82) Archive regions: 2->2
[2020-04-16T22:40:12.476+0800][32.701s] GC(82) Humongous regions: 1->1
[2020-04-16T22:40:12.476+0800][32.701s] GC(82) Metaspace: 39537K(40620K)->39537K(40620K) NonClass: 34781K(35500K)->34781K(35500K) Class: 4755K(5120K)->4755K(5120K)
[2020-04-16T22:40:12.476+0800][32.701s] GC(82) Pause Young (Normal) (G1 Evacuation Pause) 448M->320M(512M) 1.235ms
[2020-04-16T22:40:12.476+0800][32.701s] GC(82) User=0.00s Sys=0.00s Real=0.00s
[2020-04-16T22:40:12.522+0800][32.746s] GC(74) Concurrent Rebuild Remembered Sets 394.275ms
[2020-04-16T22:40:12.522+0800][32.746s] GC(74) Pause Cleanup
[2020-04-16T22:40:12.522+0800][32.747s] GC(74) Pause Cleanup 385M->385M(512M) 0.404ms
[2020-04-16T22:40:12.522+0800][32.747s] GC(74) User=0.00s Sys=0.00s Real=0.00s
[2020-04-16T22:40:12.523+0800][32.747s] GC(74) Concurrent Cleanup for Next Mark
[2020-04-16T22:40:12.524+0800][32.748s] GC(74) Concurrent Cleanup for Next Mark 1.250ms
[2020-04-16T22:40:12.524+0800][32.748s] GC(74) Concurrent Cycle 1392.019ms
[2020-04-16T22:40:12.544+0800][32.768s] GC(83) Pause Young (Normal) (G1 Evacuation Pause)
[2020-04-16T22:40:12.544+0800][32.768s] GC(83) Using 4 workers of 4 for evacuation
[2020-04-16T22:40:12.544+0800][32.769s] GC(83)   Pre Evacuate Collection Set: 0.1ms
[2020-04-16T22:40:12.544+0800][32.769s] GC(83)   Merge Heap Roots: 0.0ms
[2020-04-16T22:40:12.544+0800][32.769s] GC(83)   Evacuate Collection Set: 0.2ms
[2020-04-16T22:40:12.544+0800][32.769s] GC(83)   Post Evacuate Collection Set: 0.3ms
[2020-04-16T22:40:12.544+0800][32.769s] GC(83)   Other: 0.2ms
[2020-04-16T22:40:12.545+0800][32.769s] GC(83) Eden regions: 128->0(128)
[2020-04-16T22:40:12.545+0800][32.769s] GC(83) Survivor regions: 0->0(32)
[2020-04-16T22:40:12.545+0800][32.769s] GC(83) Old regions: 319->319
[2020-04-16T22:40:12.545+0800][32.769s] GC(83) Archive regions: 2->2
[2020-04-16T22:40:12.545+0800][32.769s] GC(83) Humongous regions: 1->1
[2020-04-16T22:40:12.545+0800][32.769s] GC(83) Metaspace: 39537K(40620K)->39537K(40620K) NonClass: 34781K(35500K)->34781K(35500K) Class: 4755K(5120K)->4755K(5120K)
[2020-04-16T22:40:12.545+0800][32.769s] GC(83) Pause Young (Normal) (G1 Evacuation Pause) 448M->320M(512M) 0.967ms
[2020-04-16T22:40:12.545+0800][32.769s] GC(83) User=0.00s Sys=0.00s Real=0.00s
[2020-04-16T22:40:12.588+0800][32.812s] GC(84) Pause Young (Concurrent Start) (G1 Evacuation Pause)
[2020-04-16T22:40:12.588+0800][32.812s] GC(84) Using 4 workers of 4 for evacuation
[2020-04-16T22:40:12.589+0800][32.813s] GC(84)   Pre Evacuate Collection Set: 0.1ms
[2020-04-16T22:40:12.589+0800][32.814s] GC(84)   Merge Heap Roots: 0.0ms
[2020-04-16T22:40:12.589+0800][32.814s] GC(84)   Evacuate Collection Set: 0.7ms
[2020-04-16T22:40:12.589+0800][32.814s] GC(84)   Post Evacuate Collection Set: 0.3ms
[2020-04-16T22:40:12.589+0800][32.814s] GC(84)   Other: 0.2ms
[2020-04-16T22:40:12.589+0800][32.814s] GC(84) Eden regions: 128->0(128)
[2020-04-16T22:40:12.589+0800][32.814s] GC(84) Survivor regions: 0->0(32)
[2020-04-16T22:40:12.589+0800][32.814s] GC(84) Old regions: 319->319
[2020-04-16T22:40:12.589+0800][32.814s] GC(84) Archive regions: 2->2
[2020-04-16T22:40:12.589+0800][32.814s] GC(84) Humongous regions: 1->1
[2020-04-16T22:40:12.589+0800][32.814s] GC(84) Metaspace: 39537K(40620K)->39537K(40620K) NonClass: 34781K(35500K)->34781K(35500K) Class: 4755K(5120K)->4755K(5120K)
[2020-04-16T22:40:12.589+0800][32.814s] GC(84) Pause Young (Concurrent Start) (G1 Evacuation Pause) 448M->320M(512M) 1.555ms
[2020-04-16T22:40:12.589+0800][32.814s] GC(84) User=0.00s Sys=0.00s Real=0.00s
[2020-04-16T22:40:12.589+0800][32.814s] GC(85) Concurrent Cycle
[2020-04-16T22:40:12.589+0800][32.814s] GC(85) Concurrent Clear Claimed Marks
[2020-04-16T22:40:12.589+0800][32.814s] GC(85) Concurrent Clear Claimed Marks 0.042ms
[2020-04-16T22:40:12.589+0800][32.814s] GC(85) Concurrent Scan Root Regions
[2020-04-16T22:40:12.589+0800][32.814s] GC(85) Concurrent Scan Root Regions 0.010ms
[2020-04-16T22:40:12.589+0800][32.814s] GC(85) Concurrent Mark (32.814s)
[2020-04-16T22:40:12.589+0800][32.814s] GC(85) Concurrent Mark From Roots
[2020-04-16T22:40:12.589+0800][32.814s] GC(85) Using 4 workers of 4 for marking
[2020-04-16T22:40:12.781+0800][33.006s] GC(86) Pause Young (Normal) (G1 Evacuation Pause)
[2020-04-16T22:40:12.781+0800][33.006s] GC(86) Using 4 workers of 4 for evacuation
[2020-04-16T22:40:12.783+0800][33.007s] GC(86)   Pre Evacuate Collection Set: 0.1ms
[2020-04-16T22:40:12.783+0800][33.007s] GC(86)   Merge Heap Roots: 0.1ms
[2020-04-16T22:40:12.783+0800][33.007s] GC(86)   Evacuate Collection Set: 0.6ms
[2020-04-16T22:40:12.783+0800][33.007s] GC(86)   Post Evacuate Collection Set: 0.4ms
[2020-04-16T22:40:12.783+0800][33.007s] GC(86)   Other: 0.2ms
[2020-04-16T22:40:12.783+0800][33.007s] GC(86) Eden regions: 128->0(128)
[2020-04-16T22:40:12.783+0800][33.007s] GC(86) Survivor regions: 0->0(32)
[2020-04-16T22:40:12.783+0800][33.007s] GC(86) Old regions: 319->319
[2020-04-16T22:40:12.783+0800][33.007s] GC(86) Archive regions: 2->2
[2020-04-16T22:40:12.783+0800][33.007s] GC(86) Humongous regions: 1->1
[2020-04-16T22:40:12.783+0800][33.007s] GC(86) Metaspace: 39537K(40620K)->39537K(40620K) NonClass: 34781K(35500K)->34781K(35500K) Class: 4755K(5120K)->4755K(5120K)
[2020-04-16T22:40:12.783+0800][33.007s] GC(86) Pause Young (Normal) (G1 Evacuation Pause) 448M->320M(512M) 1.468ms
[2020-04-16T22:40:12.783+0800][33.007s] GC(86) User=0.00s Sys=0.00s Real=0.00s
[2020-04-16T22:40:12.887+0800][33.112s] GC(87) Pause Young (Normal) (G1 Evacuation Pause)
[2020-04-16T22:40:12.887+0800][33.112s] GC(87) Using 4 workers of 4 for evacuation
[2020-04-16T22:40:12.888+0800][33.112s] GC(87)   Pre Evacuate Collection Set: 0.1ms
[2020-04-16T22:40:12.888+0800][33.113s] GC(87)   Merge Heap Roots: 0.0ms
[2020-04-16T22:40:12.888+0800][33.113s] GC(87)   Evacuate Collection Set: 0.3ms
[2020-04-16T22:40:12.888+0800][33.113s] GC(87)   Post Evacuate Collection Set: 0.4ms
[2020-04-16T22:40:12.888+0800][33.113s] GC(87)   Other: 0.2ms
[2020-04-16T22:40:12.888+0800][33.113s] GC(87) Eden regions: 128->0(128)
[2020-04-16T22:40:12.888+0800][33.113s] GC(87) Survivor regions: 0->0(32)
[2020-04-16T22:40:12.888+0800][33.113s] GC(87) Old regions: 319->319
[2020-04-16T22:40:12.888+0800][33.113s] GC(87) Archive regions: 2->2
[2020-04-16T22:40:12.888+0800][33.113s] GC(87) Humongous regions: 1->1
[2020-04-16T22:40:12.888+0800][33.113s] GC(87) Metaspace: 39537K(40620K)->39537K(40620K) NonClass: 34781K(35500K)->34781K(35500K) Class: 4755K(5120K)->4755K(5120K)
[2020-04-16T22:40:12.888+0800][33.113s] GC(87) Pause Young (Normal) (G1 Evacuation Pause) 448M->320M(512M) 1.140ms
[2020-04-16T22:40:12.888+0800][33.113s] GC(87) User=0.00s Sys=0.00s Real=0.00s
[2020-04-16T22:40:13.057+0800][33.281s] GC(88) Pause Young (Normal) (G1 Evacuation Pause)
[2020-04-16T22:40:13.057+0800][33.281s] GC(88) Using 4 workers of 4 for evacuation
[2020-04-16T22:40:13.058+0800][33.282s] GC(88)   Pre Evacuate Collection Set: 0.1ms
[2020-04-16T22:40:13.058+0800][33.282s] GC(88)   Merge Heap Roots: 0.0ms
[2020-04-16T22:40:13.058+0800][33.282s] GC(88)   Evacuate Collection Set: 0.4ms
[2020-04-16T22:40:13.058+0800][33.282s] GC(88)   Post Evacuate Collection Set: 0.4ms
[2020-04-16T22:40:13.058+0800][33.282s] GC(88)   Other: 0.2ms
[2020-04-16T22:40:13.058+0800][33.282s] GC(88) Eden regions: 128->0(127)
[2020-04-16T22:40:13.058+0800][33.283s] GC(88) Survivor regions: 0->1(32)
[2020-04-16T22:40:13.058+0800][33.283s] GC(88) Old regions: 319->319
[2020-04-16T22:40:13.058+0800][33.283s] GC(88) Archive regions: 2->2
[2020-04-16T22:40:13.058+0800][33.283s] GC(88) Humongous regions: 1->1
[2020-04-16T22:40:13.058+0800][33.283s] GC(88) Metaspace: 39542K(40620K)->39542K(40620K) NonClass: 34786K(35500K)->34786K(35500K) Class: 4755K(5120K)->4755K(5120K)
[2020-04-16T22:40:13.058+0800][33.283s] GC(88) Pause Young (Normal) (G1 Evacuation Pause) 448M->320M(512M) 1.238ms
[2020-04-16T22:40:13.058+0800][33.283s] GC(88) User=0.01s Sys=0.00s Real=0.00s
[2020-04-16T22:40:13.179+0800][33.404s] GC(89) Pause Young (Normal) (G1 Evacuation Pause)
[2020-04-16T22:40:13.179+0800][33.404s] GC(89) Using 4 workers of 4 for evacuation
[2020-04-16T22:40:13.180+0800][33.405s] GC(89)   Pre Evacuate Collection Set: 0.1ms
[2020-04-16T22:40:13.180+0800][33.405s] GC(89)   Merge Heap Roots: 0.0ms
[2020-04-16T22:40:13.180+0800][33.405s] GC(89)   Evacuate Collection Set: 0.3ms
[2020-04-16T22:40:13.180+0800][33.405s] GC(89)   Post Evacuate Collection Set: 0.4ms
[2020-04-16T22:40:13.180+0800][33.405s] GC(89)   Other: 0.2ms
[2020-04-16T22:40:13.180+0800][33.405s] GC(89) Eden regions: 127->0(127)
[2020-04-16T22:40:13.180+0800][33.405s] GC(89) Survivor regions: 1->1(32)
[2020-04-16T22:40:13.180+0800][33.405s] GC(89) Old regions: 319->319
[2020-04-16T22:40:13.180+0800][33.405s] GC(89) Archive regions: 2->2
[2020-04-16T22:40:13.180+0800][33.405s] GC(89) Humongous regions: 1->1
[2020-04-16T22:40:13.181+0800][33.405s] GC(89) Metaspace: 39542K(40620K)->39542K(40620K) NonClass: 34786K(35500K)->34786K(35500K) Class: 4755K(5120K)->4755K(5120K)
[2020-04-16T22:40:13.181+0800][33.405s] GC(89) Pause Young (Normal) (G1 Evacuation Pause) 447M->320M(512M) 1.221ms
[2020-04-16T22:40:13.181+0800][33.405s] GC(89) User=0.00s Sys=0.00s Real=0.01s
[2020-04-16T22:40:13.258+0800][33.482s] GC(85) Concurrent Mark From Roots 668.465ms
[2020-04-16T22:40:13.258+0800][33.482s] GC(85) Concurrent Preclean
[2020-04-16T22:40:13.258+0800][33.483s] GC(85) Concurrent Preclean 0.139ms
[2020-04-16T22:40:13.258+0800][33.483s] GC(85) Concurrent Mark (32.814s, 33.483s) 668.699ms
[2020-04-16T22:40:13.258+0800][33.483s] GC(85) Pause Remark
[2020-04-16T22:40:13.263+0800][33.487s] GC(85) Pause Remark 412M->412M(512M) 4.455ms
[2020-04-16T22:40:13.263+0800][33.487s] GC(85) User=0.01s Sys=0.00s Real=0.01s
[2020-04-16T22:40:13.272+0800][33.496s] GC(85) Concurrent Rebuild Remembered Sets
[2020-04-16T22:40:13.812+0800][34.036s] GC(85) Concurrent Rebuild Remembered Sets 540.507ms
[2020-04-16T22:40:13.816+0800][34.040s] GC(85) Pause Cleanup
[2020-04-16T22:40:13.817+0800][34.041s] GC(85) Pause Cleanup 428M->428M(512M) 0.874ms
[2020-04-16T22:40:13.817+0800][34.041s] GC(85) User=0.00s Sys=0.00s Real=0.00s
[2020-04-16T22:40:13.825+0800][34.050s] GC(85) Concurrent Cleanup for Next Mark
[2020-04-16T22:40:13.827+0800][34.051s] GC(85) Concurrent Cleanup for Next Mark 1.480ms
[2020-04-16T22:40:13.827+0800][34.051s] GC(85) Concurrent Cycle 1237.402ms
[2020-04-16T22:40:14.755+0800][34.979s] GC(90) Pause Young (Normal) (G1 Evacuation Pause)
[2020-04-16T22:40:14.755+0800][34.979s] GC(90) Using 4 workers of 4 for evacuation
[2020-04-16T22:40:14.758+0800][34.982s] GC(90)   Pre Evacuate Collection Set: 0.1ms
[2020-04-16T22:40:14.758+0800][34.983s] GC(90)   Merge Heap Roots: 0.1ms
[2020-04-16T22:40:14.758+0800][34.983s] GC(90)   Evacuate Collection Set: 2.6ms
[2020-04-16T22:40:14.758+0800][34.983s] GC(90)   Post Evacuate Collection Set: 0.5ms
[2020-04-16T22:40:14.758+0800][34.983s] GC(90)   Other: 0.2ms
[2020-04-16T22:40:14.758+0800][34.983s] GC(90) Eden regions: 127->0(126)
[2020-04-16T22:40:14.758+0800][34.983s] GC(90) Survivor regions: 1->2(32)
[2020-04-16T22:40:14.758+0800][34.983s] GC(90) Old regions: 319->319
[2020-04-16T22:40:14.758+0800][34.983s] GC(90) Archive regions: 2->2
[2020-04-16T22:40:14.758+0800][34.983s] GC(90) Humongous regions: 1->1
[2020-04-16T22:40:14.758+0800][34.983s] GC(90) Metaspace: 39599K(40876K)->39599K(40876K) NonClass: 34840K(35756K)->34840K(35756K) Class: 4759K(5120K)->4759K(5120K)
[2020-04-16T22:40:14.758+0800][34.983s] GC(90) Pause Young (Normal) (G1 Evacuation Pause) 447M->321M(512M) 3.711ms
[2020-04-16T22:40:14.758+0800][34.983s] GC(90) User=0.01s Sys=0.00s Real=0.00s
[2020-04-16T22:40:17.593+0800][37.817s] GC(91) Pause Young (Concurrent Start) (G1 Evacuation Pause)
[2020-04-16T22:40:17.593+0800][37.817s] GC(91) Using 4 workers of 4 for evacuation
[2020-04-16T22:40:17.709+0800][37.934s] GC(91)   Pre Evacuate Collection Set: 0.1ms
[2020-04-16T22:40:17.709+0800][37.934s] GC(91)   Merge Heap Roots: 0.1ms
[2020-04-16T22:40:17.709+0800][37.934s] GC(91)   Evacuate Collection Set: 115.5ms
[2020-04-16T22:40:17.710+0800][37.934s] GC(91)   Post Evacuate Collection Set: 0.6ms
[2020-04-16T22:40:17.710+0800][37.934s] GC(91)   Other: 0.2ms
[2020-04-16T22:40:17.710+0800][37.934s] GC(91) Eden regions: 126->0(96)
[2020-04-16T22:40:17.710+0800][37.934s] GC(91) Survivor regions: 2->32(32)
[2020-04-16T22:40:17.710+0800][37.934s] GC(91) Old regions: 319->338
[2020-04-16T22:40:17.710+0800][37.934s] GC(91) Archive regions: 2->2
[2020-04-16T22:40:17.710+0800][37.934s] GC(91) Humongous regions: 1->1
[2020-04-16T22:40:17.710+0800][37.934s] GC(91) Metaspace: 39747K(40876K)->39747K(40876K) NonClass: 34973K(35756K)->34973K(35756K) Class: 4773K(5120K)->4773K(5120K)
[2020-04-16T22:40:17.710+0800][37.934s] GC(91) Pause Young (Concurrent Start) (G1 Evacuation Pause) 447M->371M(512M) 116.877ms
[2020-04-16T22:40:17.710+0800][37.934s] GC(91) User=0.36s Sys=0.03s Real=0.12s
[2020-04-16T22:40:17.710+0800][37.934s] GC(92) Concurrent Cycle
[2020-04-16T22:40:17.710+0800][37.934s] GC(92) Concurrent Clear Claimed Marks
[2020-04-16T22:40:17.710+0800][37.934s] GC(92) Concurrent Clear Claimed Marks 0.133ms
[2020-04-16T22:40:17.710+0800][37.934s] GC(92) Concurrent Scan Root Regions
[2020-04-16T22:40:17.757+0800][37.981s] GC(92) Concurrent Scan Root Regions 46.360ms
[2020-04-16T22:40:17.757+0800][37.981s] GC(92) Concurrent Mark (37.981s)
[2020-04-16T22:40:17.757+0800][37.981s] GC(92) Concurrent Mark From Roots
[2020-04-16T22:40:17.757+0800][37.981s] GC(92) Using 4 workers of 4 for marking
[2020-04-16T22:40:18.471+0800][38.695s] GC(92) Concurrent Mark From Roots 713.804ms
[2020-04-16T22:40:18.471+0800][38.695s] GC(92) Concurrent Preclean
[2020-04-16T22:40:18.471+0800][38.695s] GC(92) Concurrent Preclean 0.187ms
[2020-04-16T22:40:18.471+0800][38.695s] GC(92) Concurrent Mark (37.981s, 38.695s) 714.168ms
[2020-04-16T22:40:18.471+0800][38.695s] GC(92) Pause Remark
[2020-04-16T22:40:18.476+0800][38.700s] GC(92) Pause Remark 460M->460M(512M) 4.635ms
[2020-04-16T22:40:18.476+0800][38.700s] GC(92) User=0.02s Sys=0.00s Real=0.00s
[2020-04-16T22:40:18.476+0800][38.700s] GC(92) Concurrent Rebuild Remembered Sets
[2020-04-16T22:40:18.545+0800][38.769s] GC(93) Pause Young (Normal) (G1 Evacuation Pause)
[2020-04-16T22:40:18.545+0800][38.769s] GC(93) Using 4 workers of 4 for evacuation
[2020-04-16T22:40:18.902+0800][39.126s] GC(93) MMU target violated: 201.0ms (200.0ms/201.0ms)
[2020-04-16T22:40:18.902+0800][39.126s] GC(93) To-space exhausted
[2020-04-16T22:40:18.902+0800][39.126s] GC(93)   Pre Evacuate Collection Set: 0.1ms
[2020-04-16T22:40:18.902+0800][39.126s] GC(93)   Merge Heap Roots: 0.1ms
[2020-04-16T22:40:18.902+0800][39.126s] GC(93)   Evacuate Collection Set: 226.2ms
[2020-04-16T22:40:18.902+0800][39.126s] GC(93)   Post Evacuate Collection Set: 130.1ms
[2020-04-16T22:40:18.902+0800][39.126s] GC(93)   Other: 0.4ms
[2020-04-16T22:40:18.902+0800][39.126s] GC(93) Eden regions: 96->0(109)
[2020-04-16T22:40:18.902+0800][39.126s] GC(93) Survivor regions: 32->19(32)
[2020-04-16T22:40:18.902+0800][39.126s] GC(93) Old regions: 338->467
[2020-04-16T22:40:18.902+0800][39.126s] GC(93) Archive regions: 2->2
[2020-04-16T22:40:18.902+0800][39.126s] GC(93) Humongous regions: 1->1
[2020-04-16T22:40:18.902+0800][39.126s] GC(93) Metaspace: 39747K(40876K)->39747K(40876K) NonClass: 34973K(35756K)->34973K(35756K) Class: 4773K(5120K)->4773K(5120K)
[2020-04-16T22:40:18.902+0800][39.127s] GC(93) Pause Young (Normal) (G1 Evacuation Pause) 467M->487M(512M) 357.240ms
[2020-04-16T22:40:18.903+0800][39.127s] GC(93) User=1.27s Sys=0.02s Real=0.36s
[2020-04-16T22:40:19.283+0800][39.507s] GC(94) Pause Young (Normal) (G1 Evacuation Pause)
[2020-04-16T22:40:19.283+0800][39.507s] GC(94) Using 4 workers of 4 for evacuation
[2020-04-16T22:40:19.438+0800][39.662s] GC(94) To-space exhausted
[2020-04-16T22:40:19.438+0800][39.662s] GC(94)   Pre Evacuate Collection Set: 0.1ms
[2020-04-16T22:40:19.438+0800][39.662s] GC(94)   Merge Heap Roots: 0.1ms
[2020-04-16T22:40:19.438+0800][39.662s] GC(94)   Evacuate Collection Set: 90.4ms
[2020-04-16T22:40:19.438+0800][39.662s] GC(94)   Post Evacuate Collection Set: 64.3ms
[2020-04-16T22:40:19.438+0800][39.662s] GC(94)   Other: 0.3ms
[2020-04-16T22:40:19.438+0800][39.662s] GC(94) Eden regions: 23->0(128)
[2020-04-16T22:40:19.438+0800][39.662s] GC(94) Survivor regions: 19->0(0)
[2020-04-16T22:40:19.438+0800][39.662s] GC(94) Old regions: 467->509
[2020-04-16T22:40:19.438+0800][39.662s] GC(94) Archive regions: 2->2
[2020-04-16T22:40:19.438+0800][39.662s] GC(94) Humongous regions: 1->1
[2020-04-16T22:40:19.438+0800][39.662s] GC(94) Metaspace: 39747K(40876K)->39747K(40876K) NonClass: 34973K(35756K)->34973K(35756K) Class: 4773K(5120K)->4773K(5120K)
[2020-04-16T22:40:19.438+0800][39.662s] GC(94) Pause Young (Normal) (G1 Evacuation Pause) 510M->510M(512M) 155.397ms
[2020-04-16T22:40:19.438+0800][39.662s] GC(94) User=0.55s Sys=0.00s Real=0.15s
[2020-04-16T22:40:19.438+0800][39.662s] GC(95) Using 4 workers of 4 for full compaction
[2020-04-16T22:40:19.438+0800][39.662s] GC(95) Pause Full (G1 Evacuation Pause)
[2020-04-16T22:40:19.439+0800][39.663s] GC(95) Phase 1: Mark live objects
[2020-04-16T22:40:20.108+0800][40.332s] GC(95) Phase 1: Mark live objects 668.365ms
[2020-04-16T22:40:20.108+0800][40.332s] GC(95) Phase 2: Prepare for compaction
[2020-04-16T22:40:20.245+0800][40.469s] GC(95) Phase 2: Prepare for compaction 137.603ms
[2020-04-16T22:40:20.245+0800][40.469s] GC(95) Phase 3: Adjust pointers
[2020-04-16T22:40:20.500+0800][40.724s] GC(95) Phase 3: Adjust pointers 254.237ms
[2020-04-16T22:40:20.500+0800][40.724s] GC(95) Phase 4: Compact heap
[2020-04-16T22:40:20.652+0800][40.876s] GC(95) Phase 4: Compact heap 151.994ms
[2020-04-16T22:40:20.656+0800][40.880s] GC(95) Eden regions: 0->0(128)
[2020-04-16T22:40:20.656+0800][40.880s] GC(95) Survivor regions: 0->0(0)
[2020-04-16T22:40:20.656+0800][40.880s] GC(95) Old regions: 509->468
[2020-04-16T22:40:20.656+0800][40.880s] GC(95) Archive regions: 2->2
[2020-04-16T22:40:20.656+0800][40.880s] GC(95) Humongous regions: 1->1
[2020-04-16T22:40:20.656+0800][40.880s] GC(95) Metaspace: 39747K(40876K)->39633K(40876K) NonClass: 34973K(35756K)->34886K(35756K) Class: 4773K(5120K)->4747K(5120K)
[2020-04-16T22:40:20.656+0800][40.880s] GC(95) Pause Full (G1 Evacuation Pause) 510M->467M(512M) 1217.917ms
[2020-04-16T22:40:20.656+0800][40.880s] GC(95) User=4.45s Sys=0.02s Real=1.22s
[2020-04-16T22:40:20.656+0800][40.881s] GC(92) Concurrent Rebuild Remembered Sets 2180.557ms
[2020-04-16T22:40:20.657+0800][40.881s] GC(92) Concurrent Mark Abort
[2020-04-16T22:40:20.657+0800][40.881s] GC(92) Concurrent Cycle 2946.555ms
[2020-04-16T22:40:20.943+0800][41.167s] GC(96) Pause Young (Normal) (G1 Evacuation Pause)
[2020-04-16T22:40:20.943+0800][41.167s] GC(96) Using 4 workers of 4 for evacuation
[2020-04-16T22:40:21.055+0800][41.279s] GC(96) To-space exhausted
[2020-04-16T22:40:21.055+0800][41.279s] GC(96)   Pre Evacuate Collection Set: 0.1ms
[2020-04-16T22:40:21.055+0800][41.279s] GC(96)   Merge Heap Roots: 0.0ms
[2020-04-16T22:40:21.055+0800][41.279s] GC(96)   Evacuate Collection Set: 60.6ms
[2020-04-16T22:40:21.055+0800][41.279s] GC(96)   Post Evacuate Collection Set: 50.8ms
[2020-04-16T22:40:21.055+0800][41.279s] GC(96)   Other: 0.6ms
[2020-04-16T22:40:21.055+0800][41.279s] GC(96) Eden regions: 41->0(128)
[2020-04-16T22:40:21.055+0800][41.279s] GC(96) Survivor regions: 0->0(0)
[2020-04-16T22:40:21.055+0800][41.279s] GC(96) Old regions: 468->509
[2020-04-16T22:40:21.055+0800][41.279s] GC(96) Archive regions: 2->2
[2020-04-16T22:40:21.055+0800][41.279s] GC(96) Humongous regions: 1->1
[2020-04-16T22:40:21.055+0800][41.279s] GC(96) Metaspace: 39633K(40876K)->39633K(40876K) NonClass: 34886K(35756K)->34886K(35756K) Class: 4747K(5120K)->4747K(5120K)
[2020-04-16T22:40:21.055+0800][41.279s] GC(96) Pause Young (Normal) (G1 Evacuation Pause) 508M->508M(512M) 112.229ms
[2020-04-16T22:40:21.055+0800][41.279s] GC(96) User=0.43s Sys=0.00s Real=0.11s
[2020-04-16T22:40:21.055+0800][41.279s] GC(97) Using 4 workers of 4 for full compaction
[2020-04-16T22:40:21.055+0800][41.279s] GC(97) Pause Full (G1 Evacuation Pause)
[2020-04-16T22:40:21.055+0800][41.279s] GC(97) Phase 1: Mark live objects
[2020-04-16T22:40:21.718+0800][41.942s] GC(97) Phase 1: Mark live objects 662.666ms
[2020-04-16T22:40:21.718+0800][41.942s] GC(97) Phase 2: Prepare for compaction
[2020-04-16T22:40:21.855+0800][42.079s] GC(97) Phase 2: Prepare for compaction 137.080ms
[2020-04-16T22:40:21.855+0800][42.079s] GC(97) Phase 3: Adjust pointers
[2020-04-16T22:40:22.099+0800][42.323s] GC(97) Phase 3: Adjust pointers 243.944ms
[2020-04-16T22:40:22.099+0800][42.323s] GC(97) Phase 4: Compact heap
[2020-04-16T22:40:22.234+0800][42.458s] GC(97) Phase 4: Compact heap 134.790ms
[2020-04-16T22:40:22.238+0800][42.462s] GC(97) Eden regions: 0->0(128)
[2020-04-16T22:40:22.238+0800][42.462s] GC(97) Survivor regions: 0->0(0)
[2020-04-16T22:40:22.238+0800][42.462s] GC(97) Old regions: 509->501
[2020-04-16T22:40:22.238+0800][42.462s] GC(97) Archive regions: 2->2
[2020-04-16T22:40:22.238+0800][42.462s] GC(97) Humongous regions: 1->1
[2020-04-16T22:40:22.238+0800][42.462s] GC(97) Metaspace: 39633K(40876K)->39633K(40876K) NonClass: 34886K(35756K)->34886K(35756K) Class: 4747K(5120K)->4747K(5120K)
[2020-04-16T22:40:22.238+0800][42.462s] GC(97) Pause Full (G1 Evacuation Pause) 508M->501M(512M) 1182.938ms
[2020-04-16T22:40:22.238+0800][42.462s] GC(97) User=4.47s Sys=0.01s Real=1.18s
[2020-04-16T22:40:22.292+0800][42.516s] GC(98) Pause Young (Concurrent Start) (G1 Evacuation Pause)
[2020-04-16T22:40:22.292+0800][42.516s] GC(98) Using 4 workers of 4 for evacuation
[2020-04-16T22:40:22.316+0800][42.540s] GC(98) To-space exhausted
[2020-04-16T22:40:22.316+0800][42.540s] GC(98)   Pre Evacuate Collection Set: 0.1ms
[2020-04-16T22:40:22.316+0800][42.540s] GC(98)   Merge Heap Roots: 0.0ms
[2020-04-16T22:40:22.316+0800][42.540s] GC(98)   Evacuate Collection Set: 11.2ms
[2020-04-16T22:40:22.316+0800][42.540s] GC(98)   Post Evacuate Collection Set: 12.2ms
[2020-04-16T22:40:22.316+0800][42.540s] GC(98)   Other: 0.3ms
[2020-04-16T22:40:22.316+0800][42.540s] GC(98) Eden regions: 8->0(128)
[2020-04-16T22:40:22.316+0800][42.540s] GC(98) Survivor regions: 0->0(0)
[2020-04-16T22:40:22.316+0800][42.540s] GC(98) Old regions: 501->509
[2020-04-16T22:40:22.316+0800][42.540s] GC(98) Archive regions: 2->2
[2020-04-16T22:40:22.316+0800][42.540s] GC(98) Humongous regions: 1->1
[2020-04-16T22:40:22.316+0800][42.540s] GC(98) Metaspace: 39633K(40876K)->39633K(40876K) NonClass: 34886K(35756K)->34886K(35756K) Class: 4747K(5120K)->4747K(5120K)
[2020-04-16T22:40:22.316+0800][42.540s] GC(98) Pause Young (Concurrent Start) (G1 Evacuation Pause) 509M->509M(512M) 24.146ms
[2020-04-16T22:40:22.316+0800][42.540s] GC(98) User=0.08s Sys=0.00s Real=0.02s
[2020-04-16T22:40:22.316+0800][42.540s] GC(99) Using 4 workers of 4 for full compaction
[2020-04-16T22:40:22.316+0800][42.540s] GC(100) Concurrent Cycle
[2020-04-16T22:40:22.316+0800][42.540s] GC(99) Pause Full (G1 Evacuation Pause)
[2020-04-16T22:40:22.316+0800][42.540s] GC(100) Concurrent Clear Claimed Marks
[2020-04-16T22:40:22.316+0800][42.540s] GC(100) Concurrent Clear Claimed Marks 0.150ms
[2020-04-16T22:40:22.316+0800][42.540s] GC(100) Concurrent Scan Root Regions
[2020-04-16T22:40:22.316+0800][42.540s] GC(100) Concurrent Scan Root Regions 0.021ms
[2020-04-16T22:40:22.316+0800][42.540s] GC(100) Concurrent Mark (42.540s)
[2020-04-16T22:40:22.316+0800][42.540s] GC(100) Concurrent Mark From Roots
[2020-04-16T22:40:22.316+0800][42.540s] GC(100) Using 4 workers of 4 for marking
[2020-04-16T22:40:22.317+0800][42.541s] GC(99) Phase 1: Mark live objects
[2020-04-16T22:40:22.982+0800][43.206s] GC(99) Phase 1: Mark live objects 665.011ms
[2020-04-16T22:40:22.982+0800][43.206s] GC(99) Phase 2: Prepare for compaction
[2020-04-16T22:40:23.123+0800][43.347s] GC(99) Phase 2: Prepare for compaction 140.662ms
[2020-04-16T22:40:23.123+0800][43.347s] GC(99) Phase 3: Adjust pointers
[2020-04-16T22:40:23.362+0800][43.586s] GC(99) Phase 3: Adjust pointers 238.768ms
[2020-04-16T22:40:23.362+0800][43.586s] GC(99) Phase 4: Compact heap
[2020-04-16T22:40:23.479+0800][43.703s] GC(99) Phase 4: Compact heap 117.766ms
[2020-04-16T22:40:23.483+0800][43.707s] GC(99) Eden regions: 0->0(128)
[2020-04-16T22:40:23.483+0800][43.708s] GC(99) Survivor regions: 0->0(0)
[2020-04-16T22:40:23.483+0800][43.708s] GC(99) Old regions: 509->508
[2020-04-16T22:40:23.483+0800][43.708s] GC(99) Archive regions: 2->2
[2020-04-16T22:40:23.484+0800][43.708s] GC(99) Humongous regions: 1->1
[2020-04-16T22:40:23.484+0800][43.708s] GC(99) Metaspace: 39633K(40876K)->39633K(40876K) NonClass: 34886K(35756K)->34886K(35756K) Class: 4747K(5120K)->4747K(5120K)
[2020-04-16T22:40:23.484+0800][43.708s] GC(99) Pause Full (G1 Evacuation Pause) 509M->508M(512M) 1167.438ms
[2020-04-16T22:40:23.484+0800][43.708s] GC(99) User=4.38s Sys=0.02s Real=1.17s
[2020-04-16T22:40:23.484+0800][43.708s] GC(100) Concurrent Mark From Roots 1167.395ms
[2020-04-16T22:40:23.484+0800][43.708s] GC(100) Concurrent Mark Abort
[2020-04-16T22:40:23.484+0800][43.708s] GC(100) Concurrent Cycle 1167.755ms
[2020-04-16T22:40:23.494+0800][43.718s] GC(101) Pause Young (Normal) (G1 Evacuation Pause)
[2020-04-16T22:40:23.494+0800][43.718s] GC(101) Using 4 workers of 4 for evacuation
[2020-04-16T22:40:23.499+0800][43.723s] GC(101) To-space exhausted
[2020-04-16T22:40:23.499+0800][43.723s] GC(101)   Pre Evacuate Collection Set: 0.1ms
[2020-04-16T22:40:23.499+0800][43.723s] GC(101)   Merge Heap Roots: 0.0ms
[2020-04-16T22:40:23.499+0800][43.724s] GC(101)   Evacuate Collection Set: 1.9ms
[2020-04-16T22:40:23.499+0800][43.724s] GC(101)   Post Evacuate Collection Set: 2.8ms
[2020-04-16T22:40:23.499+0800][43.724s] GC(101)   Other: 0.3ms
[2020-04-16T22:40:23.499+0800][43.724s] GC(101) Eden regions: 1->0(128)
[2020-04-16T22:40:23.500+0800][43.724s] GC(101) Survivor regions: 0->0(0)
[2020-04-16T22:40:23.500+0800][43.724s] GC(101) Old regions: 508->509
[2020-04-16T22:40:23.500+0800][43.724s] GC(101) Archive regions: 2->2
[2020-04-16T22:40:23.500+0800][43.724s] GC(101) Humongous regions: 1->1
[2020-04-16T22:40:23.500+0800][43.724s] GC(101) Metaspace: 39633K(40876K)->39633K(40876K) NonClass: 34886K(35756K)->34886K(35756K) Class: 4747K(5120K)->4747K(5120K)
[2020-04-16T22:40:23.500+0800][43.724s] GC(101) Pause Young (Normal) (G1 Evacuation Pause) 509M->509M(512M) 5.253ms
[2020-04-16T22:40:23.500+0800][43.724s] GC(101) User=0.01s Sys=0.00s Real=0.01s
[2020-04-16T22:40:23.500+0800][43.724s] GC(102) Using 4 workers of 4 for full compaction
[2020-04-16T22:40:23.500+0800][43.724s] GC(102) Pause Full (G1 Evacuation Pause)
[2020-04-16T22:40:23.500+0800][43.724s] GC(102) Phase 1: Mark live objects
[2020-04-16T22:40:24.484+0800][44.708s] GC(102) Phase 1: Mark live objects 984.305ms
[2020-04-16T22:40:24.484+0800][44.708s] GC(102) Phase 2: Prepare for compaction
[2020-04-16T22:40:24.679+0800][44.903s] GC(102) Phase 2: Prepare for compaction 194.444ms
[2020-04-16T22:40:24.679+0800][44.903s] GC(102) Phase 3: Adjust pointers
[2020-04-16T22:40:24.978+0800][45.202s] GC(102) Phase 3: Adjust pointers 298.890ms
[2020-04-16T22:40:24.978+0800][45.202s] GC(102) Phase 4: Compact heap
[2020-04-16T22:40:25.194+0800][45.418s] GC(102) Phase 4: Compact heap 216.106ms
[2020-04-16T22:40:25.198+0800][45.422s] GC(102) Eden regions: 0->0(128)
[2020-04-16T22:40:25.198+0800][45.422s] GC(102) Survivor regions: 0->0(0)
[2020-04-16T22:40:25.198+0800][45.422s] GC(102) Old regions: 509->508
[2020-04-16T22:40:25.198+0800][45.422s] GC(102) Archive regions: 2->2
[2020-04-16T22:40:25.198+0800][45.422s] GC(102) Humongous regions: 1->1
[2020-04-16T22:40:25.198+0800][45.422s] GC(102) Metaspace: 39633K(40876K)->39633K(40876K) NonClass: 34886K(35756K)->34886K(35756K) Class: 4747K(5120K)->4747K(5120K)
[2020-04-16T22:40:25.198+0800][45.422s] GC(102) Pause Full (G1 Evacuation Pause) 509M->509M(512M) 1698.727ms
[2020-04-16T22:40:25.199+0800][45.423s] GC(102) User=4.79s Sys=0.04s Real=1.69s
[2020-04-16T22:40:25.204+0800][45.428s] GC(103) Pause Young (Concurrent Start) (G1 Evacuation Pause)
[2020-04-16T22:40:25.204+0800][45.428s] GC(103) Using 4 workers of 4 for evacuation
[2020-04-16T22:40:25.214+0800][45.438s] GC(103) To-space exhausted
[2020-04-16T22:40:25.214+0800][45.438s] GC(103)   Pre Evacuate Collection Set: 0.1ms
[2020-04-16T22:40:25.214+0800][45.438s] GC(103)   Merge Heap Roots: 0.0ms
[2020-04-16T22:40:25.214+0800][45.438s] GC(103)   Evacuate Collection Set: 4.0ms
[2020-04-16T22:40:25.214+0800][45.438s] GC(103)   Post Evacuate Collection Set: 5.7ms
[2020-04-16T22:40:25.214+0800][45.438s] GC(103)   Other: 0.3ms
[2020-04-16T22:40:25.214+0800][45.438s] GC(103) Eden regions: 1->0(128)
[2020-04-16T22:40:25.214+0800][45.438s] GC(103) Survivor regions: 0->0(0)
[2020-04-16T22:40:25.214+0800][45.438s] GC(103) Old regions: 508->509
[2020-04-16T22:40:25.214+0800][45.438s] GC(103) Archive regions: 2->2
[2020-04-16T22:40:25.214+0800][45.438s] GC(103) Humongous regions: 1->1
[2020-04-16T22:40:25.214+0800][45.438s] GC(103) Metaspace: 39633K(40876K)->39633K(40876K) NonClass: 34886K(35756K)->34886K(35756K) Class: 4747K(5120K)->4747K(5120K)
[2020-04-16T22:40:25.214+0800][45.438s] GC(103) Pause Young (Concurrent Start) (G1 Evacuation Pause) 510M->510M(512M) 10.326ms
[2020-04-16T22:40:25.214+0800][45.438s] GC(103) User=0.02s Sys=0.00s Real=0.01s
[2020-04-16T22:40:25.214+0800][45.438s] GC(104) Using 4 workers of 4 for full compaction
[2020-04-16T22:40:25.214+0800][45.438s] GC(105) Concurrent Cycle
[2020-04-16T22:40:25.214+0800][45.438s] GC(104) Pause Full (G1 Evacuation Pause)
[2020-04-16T22:40:25.214+0800][45.438s] GC(105) Concurrent Clear Claimed Marks
[2020-04-16T22:40:25.214+0800][45.438s] GC(105) Concurrent Clear Claimed Marks 0.124ms
[2020-04-16T22:40:25.214+0800][45.438s] GC(105) Concurrent Scan Root Regions
[2020-04-16T22:40:25.214+0800][45.438s] GC(105) Concurrent Scan Root Regions 0.018ms
[2020-04-16T22:40:25.214+0800][45.438s] GC(105) Concurrent Mark (45.438s)
[2020-04-16T22:40:25.214+0800][45.438s] GC(105) Concurrent Mark From Roots
[2020-04-16T22:40:25.214+0800][45.439s] GC(105) Using 4 workers of 4 for marking
[2020-04-16T22:40:25.215+0800][45.439s] GC(104) Phase 1: Mark live objects
[2020-04-16T22:40:26.002+0800][46.226s] GC(104) Phase 1: Mark live objects 786.948ms
[2020-04-16T22:40:26.002+0800][46.226s] GC(104) Phase 2: Prepare for compaction
[2020-04-16T22:40:26.157+0800][46.381s] GC(104) Phase 2: Prepare for compaction 154.354ms
[2020-04-16T22:40:26.157+0800][46.381s] GC(104) Phase 3: Adjust pointers
[2020-04-16T22:40:26.421+0800][46.645s] GC(104) Phase 3: Adjust pointers 264.118ms
[2020-04-16T22:40:26.421+0800][46.645s] GC(104) Phase 4: Compact heap
[2020-04-16T22:40:26.535+0800][46.759s] GC(104) Phase 4: Compact heap 114.320ms
[2020-04-16T22:40:26.539+0800][46.763s] GC(104) Eden regions: 0->0(128)
[2020-04-16T22:40:26.539+0800][46.763s] GC(104) Survivor regions: 0->0(0)
[2020-04-16T22:40:26.539+0800][46.763s] GC(104) Old regions: 509->509
[2020-04-16T22:40:26.539+0800][46.763s] GC(104) Archive regions: 2->2
[2020-04-16T22:40:26.539+0800][46.763s] GC(104) Humongous regions: 1->1
[2020-04-16T22:40:26.539+0800][46.763s] GC(104) Metaspace: 39633K(40876K)->39633K(40876K) NonClass: 34886K(35756K)->34886K(35756K) Class: 4747K(5120K)->4747K(5120K)
[2020-04-16T22:40:26.539+0800][46.763s] GC(104) Pause Full (G1 Evacuation Pause) 510M->510M(512M) 1324.537ms
[2020-04-16T22:40:26.539+0800][46.763s] GC(104) User=4.52s Sys=0.02s Real=1.32s
[2020-04-16T22:40:26.539+0800][46.763s] GC(106) Using 4 workers of 4 for full compaction
[2020-04-16T22:40:26.539+0800][46.763s] GC(106) Pause Full (G1 Evacuation Pause)
[2020-04-16T22:40:26.539+0800][46.763s] GC(106) Phase 1: Mark live objects
[2020-04-16T22:40:27.187+0800][47.411s] GC(106) Phase 1: Mark live objects 648.060ms
[2020-04-16T22:40:27.187+0800][47.411s] GC(106) Phase 2: Prepare for compaction
[2020-04-16T22:40:27.333+0800][47.557s] GC(106) Phase 2: Prepare for compaction 145.408ms
[2020-04-16T22:40:27.333+0800][47.557s] GC(106) Phase 3: Adjust pointers
[2020-04-16T22:40:27.748+0800][47.972s] GC(106) Phase 3: Adjust pointers 415.610ms
[2020-04-16T22:40:27.749+0800][47.972s] GC(106) Phase 4: Compact heap
[2020-04-16T22:40:27.949+0800][48.173s] GC(106) Phase 4: Compact heap 200.577ms
[2020-04-16T22:40:27.954+0800][48.178s] GC(106) Eden regions: 0->0(128)
[2020-04-16T22:40:27.954+0800][48.178s] GC(106) Survivor regions: 0->0(0)
[2020-04-16T22:40:27.954+0800][48.178s] GC(106) Old regions: 509->509
[2020-04-16T22:40:27.954+0800][48.178s] GC(106) Archive regions: 2->2
[2020-04-16T22:40:27.954+0800][48.178s] GC(106) Humongous regions: 1->1
[2020-04-16T22:40:27.954+0800][48.178s] GC(106) Metaspace: 39633K(40876K)->39633K(40876K) NonClass: 34886K(35756K)->34886K(35756K) Class: 4747K(5120K)->4747K(5120K)
[2020-04-16T22:40:27.954+0800][48.178s] GC(106) Pause Full (G1 Evacuation Pause) 510M->510M(512M) 1415.234ms
[2020-04-16T22:40:27.954+0800][48.178s] GC(106) User=4.31s Sys=0.01s Real=1.42s
[2020-04-16T22:40:27.955+0800][48.178s] GC(105) Concurrent Mark From Roots 2739.990ms
[2020-04-16T22:40:27.955+0800][48.179s] GC(107) Pause Young (Normal) (G1 Evacuation Pause)
[2020-04-16T22:40:27.955+0800][48.179s] GC(107) Using 4 workers of 4 for evacuation
[2020-04-16T22:40:27.956+0800][48.180s] GC(107)   Pre Evacuate Collection Set: 0.1ms
[2020-04-16T22:40:27.956+0800][48.180s] GC(107)   Merge Heap Roots: 0.0ms
[2020-04-16T22:40:27.956+0800][48.180s] GC(107)   Evacuate Collection Set: 0.8ms
[2020-04-16T22:40:27.956+0800][48.180s] GC(107)   Post Evacuate Collection Set: 0.5ms
[2020-04-16T22:40:27.956+0800][48.180s] GC(107)   Other: 0.1ms
[2020-04-16T22:40:27.956+0800][48.180s] GC(107) Eden regions: 0->0(128)
[2020-04-16T22:40:27.956+0800][48.180s] GC(107) Survivor regions: 0->0(0)
[2020-04-16T22:40:27.956+0800][48.180s] GC(107) Old regions: 509->509
[2020-04-16T22:40:27.956+0800][48.180s] GC(107) Archive regions: 2->2
[2020-04-16T22:40:27.956+0800][48.180s] GC(107) Humongous regions: 1->1
[2020-04-16T22:40:27.956+0800][48.180s] GC(107) Metaspace: 39633K(40876K)->39633K(40876K) NonClass: 34886K(35756K)->34886K(35756K) Class: 4747K(5120K)->4747K(5120K)
[2020-04-16T22:40:27.956+0800][48.180s] GC(107) Pause Young (Normal) (G1 Evacuation Pause) 510M->510M(512M) 1.671ms
[2020-04-16T22:40:27.956+0800][48.180s] GC(107) User=0.00s Sys=0.00s Real=0.00s
[2020-04-16T22:40:27.956+0800][48.180s] GC(108) Using 4 workers of 4 for full compaction
[2020-04-16T22:40:27.956+0800][48.180s] GC(108) Pause Full (G1 Evacuation Pause)
[2020-04-16T22:40:27.957+0800][48.181s] GC(108) Phase 1: Mark live objects
[2020-04-16T22:40:28.906+0800][49.130s] GC(108) Phase 1: Mark live objects 949.386ms
[2020-04-16T22:40:28.906+0800][49.130s] GC(108) Phase 2: Prepare for compaction
[2020-04-16T22:40:29.081+0800][49.304s] GC(108) Phase 2: Prepare for compaction 174.405ms
[2020-04-16T22:40:29.081+0800][49.304s] GC(108) Phase 3: Adjust pointers
[2020-04-16T22:40:29.333+0800][49.557s] GC(108) Phase 3: Adjust pointers 252.663ms
[2020-04-16T22:40:29.333+0800][49.557s] GC(108) Phase 4: Compact heap
[2020-04-16T22:40:29.442+0800][49.666s] GC(108) Phase 4: Compact heap 108.488ms
[2020-04-16T22:40:29.446+0800][49.670s] GC(108) Eden regions: 0->0(128)
[2020-04-16T22:40:29.446+0800][49.670s] GC(108) Survivor regions: 0->0(0)
[2020-04-16T22:40:29.446+0800][49.670s] GC(108) Old regions: 509->509
[2020-04-16T22:40:29.446+0800][49.670s] GC(108) Archive regions: 2->2
[2020-04-16T22:40:29.446+0800][49.670s] GC(108) Humongous regions: 1->1
[2020-04-16T22:40:29.446+0800][49.670s] GC(108) Metaspace: 39633K(40876K)->39633K(40876K) NonClass: 34886K(35756K)->34886K(35756K) Class: 4747K(5120K)->4747K(5120K)
[2020-04-16T22:40:29.446+0800][49.670s] GC(108) Pause Full (G1 Evacuation Pause) 510M->510M(512M) 1489.448ms
[2020-04-16T22:40:29.446+0800][49.670s] GC(108) User=4.82s Sys=0.04s Real=1.49s
[2020-04-16T22:40:29.446+0800][49.670s] GC(109) Using 4 workers of 4 for full compaction
[2020-04-16T22:40:29.446+0800][49.670s] GC(109) Pause Full (G1 Evacuation Pause)
[2020-04-16T22:40:29.446+0800][49.670s] GC(109) Phase 1: Mark live objects
[2020-04-16T22:40:30.123+0800][50.347s] GC(109) Phase 1: Mark live objects 677.044ms
[2020-04-16T22:40:30.123+0800][50.347s] GC(109) Phase 2: Prepare for compaction
[2020-04-16T22:40:30.279+0800][50.503s] GC(109) Phase 2: Prepare for compaction 155.800ms
[2020-04-16T22:40:30.279+0800][50.503s] GC(109) Phase 3: Adjust pointers
[2020-04-16T22:40:30.512+0800][50.735s] GC(109) Phase 3: Adjust pointers 232.152ms
[2020-04-16T22:40:30.512+0800][50.735s] GC(109) Phase 4: Compact heap
[2020-04-16T22:40:30.608+0800][50.832s] GC(109) Phase 4: Compact heap 96.249ms
[2020-04-16T22:40:30.613+0800][50.837s] GC(109) Eden regions: 0->0(128)
[2020-04-16T22:40:30.613+0800][50.837s] GC(109) Survivor regions: 0->0(0)
[2020-04-16T22:40:30.613+0800][50.837s] GC(109) Old regions: 509->509
[2020-04-16T22:40:30.613+0800][50.837s] GC(109) Archive regions: 2->2
[2020-04-16T22:40:30.613+0800][50.837s] GC(109) Humongous regions: 1->1
[2020-04-16T22:40:30.613+0800][50.837s] GC(109) Metaspace: 39633K(40876K)->39633K(40876K) NonClass: 34886K(35756K)->34886K(35756K) Class: 4747K(5120K)->4747K(5120K)
[2020-04-16T22:40:30.613+0800][50.837s] GC(109) Pause Full (G1 Evacuation Pause) 510M->510M(512M) 1166.679ms
[2020-04-16T22:40:30.613+0800][50.837s] GC(109) User=4.37s Sys=0.01s Real=1.17s
[2020-04-16T22:40:30.613+0800][50.837s] GC(105) Concurrent Mark Abort
[2020-04-16T22:40:30.613+0800][50.837s] GC(105) Concurrent Cycle 5398.722ms
