[2020-04-16T22:42:29.505+0800][0.035s] Heap region size: 1M
[2020-04-16T22:42:29.505+0800][0.035s] Heap address: 0x00000007e0000000, size: 512 MB, Compressed Oops mode: Zero based, Oop shift amount: 3
[2020-04-16T22:42:29.511+0800][0.041s] Using G1
[2020-04-16T22:42:29.511+0800][0.041s] Mark closed archive regions in map: [0x00000007fff00000, 0x00000007fff7aff8]
[2020-04-16T22:42:29.511+0800][0.041s] Mark open archive regions in map: [0x00000007ffe00000, 0x00000007ffe50ff8]
[2020-04-16T22:42:29.534+0800][0.063s] Periodic GC disabled
[2020-04-16T22:42:32.768+0800][3.298s] GC(0) Pause Young (Concurrent Start) (Metadata GC Threshold)
[2020-04-16T22:42:32.768+0800][3.298s] GC(0) Using 4 workers of 4 for evacuation
[2020-04-16T22:42:32.786+0800][3.316s] GC(0)   Pre Evacuate Collection Set: 0.1ms
[2020-04-16T22:42:32.786+0800][3.316s] GC(0)   Merge Heap Roots: 0.0ms
[2020-04-16T22:42:32.786+0800][3.316s] GC(0)   Evacuate Collection Set: 16.2ms
[2020-04-16T22:42:32.786+0800][3.316s] GC(0)   Post Evacuate Collection Set: 1.1ms
[2020-04-16T22:42:32.786+0800][3.316s] GC(0)   Other: 0.6ms
[2020-04-16T22:42:32.786+0800][3.316s] GC(0) Eden regions: 117->0(117)
[2020-04-16T22:42:32.786+0800][3.316s] GC(0) Survivor regions: 0->11(32)
[2020-04-16T22:42:32.786+0800][3.316s] GC(0) Old regions: 0->0
[2020-04-16T22:42:32.786+0800][3.316s] GC(0) Archive regions: 2->2
[2020-04-16T22:42:32.786+0800][3.316s] GC(0) Humongous regions: 0->0
[2020-04-16T22:42:32.786+0800][3.316s] GC(0) Metaspace: 20492K(21248K)->20492K(21248K) NonClass: 18120K(18688K)->18120K(18688K) Class: 2372K(2560K)->2372K(2560K)
[2020-04-16T22:42:32.786+0800][3.316s] GC(0) Pause Young (Concurrent Start) (Metadata GC Threshold) 117M->11M(512M) 18.214ms
[2020-04-16T22:42:32.786+0800][3.316s] GC(0) User=0.05s Sys=0.01s Real=0.02s
[2020-04-16T22:42:32.786+0800][3.316s] GC(1) Concurrent Cycle
[2020-04-16T22:42:32.786+0800][3.316s] GC(1) Concurrent Clear Claimed Marks
[2020-04-16T22:42:32.786+0800][3.316s] GC(1) Concurrent Clear Claimed Marks 0.049ms
[2020-04-16T22:42:32.786+0800][3.316s] GC(1) Concurrent Scan Root Regions
[2020-04-16T22:42:32.807+0800][3.337s] GC(1) Concurrent Scan Root Regions 20.538ms
[2020-04-16T22:42:32.807+0800][3.337s] GC(1) Concurrent Mark (3.337s)
[2020-04-16T22:42:32.807+0800][3.337s] GC(1) Concurrent Mark From Roots
[2020-04-16T22:42:32.807+0800][3.337s] GC(1) Using 4 workers of 4 for marking
[2020-04-16T22:42:32.820+0800][3.350s] GC(1) Concurrent Mark From Roots 13.204ms
[2020-04-16T22:42:32.820+0800][3.350s] GC(1) Concurrent Preclean
[2020-04-16T22:42:32.820+0800][3.350s] GC(1) Concurrent Preclean 0.054ms
[2020-04-16T22:42:32.820+0800][3.350s] GC(1) Concurrent Mark (3.337s, 3.350s) 13.388ms
[2020-04-16T22:42:32.825+0800][3.355s] GC(1) Pause Remark
[2020-04-16T22:42:32.831+0800][3.360s] GC(1) Pause Remark 12M->12M(512M) 5.760ms
[2020-04-16T22:42:32.831+0800][3.360s] GC(1) User=0.02s Sys=0.00s Real=0.01s
[2020-04-16T22:42:32.839+0800][3.368s] GC(1) Concurrent Rebuild Remembered Sets
[2020-04-16T22:42:32.840+0800][3.369s] GC(1) Concurrent Rebuild Remembered Sets 0.940ms
[2020-04-16T22:42:32.840+0800][3.370s] GC(1) Pause Cleanup
[2020-04-16T22:42:32.840+0800][3.370s] GC(1) Pause Cleanup 12M->12M(512M) 0.134ms
[2020-04-16T22:42:32.840+0800][3.370s] GC(1) User=0.00s Sys=0.00s Real=0.00s
[2020-04-16T22:42:32.841+0800][3.370s] GC(1) Concurrent Cleanup for Next Mark
[2020-04-16T22:42:32.845+0800][3.375s] GC(1) Concurrent Cleanup for Next Mark 4.247ms
[2020-04-16T22:42:32.845+0800][3.375s] GC(1) Concurrent Cycle 58.780ms
[2020-04-16T22:42:34.295+0800][4.824s] GC(2) Pause Young (Normal) (G1 Evacuation Pause)
[2020-04-16T22:42:34.295+0800][4.824s] GC(2) Using 4 workers of 4 for evacuation
[2020-04-16T22:42:34.315+0800][4.844s] GC(2)   Pre Evacuate Collection Set: 0.0ms
[2020-04-16T22:42:34.315+0800][4.844s] GC(2)   Merge Heap Roots: 0.0ms
[2020-04-16T22:42:34.315+0800][4.844s] GC(2)   Evacuate Collection Set: 18.6ms
[2020-04-16T22:42:34.315+0800][4.844s] GC(2)   Post Evacuate Collection Set: 1.2ms
[2020-04-16T22:42:34.315+0800][4.845s] GC(2)   Other: 0.2ms
[2020-04-16T22:42:34.315+0800][4.845s] GC(2) Eden regions: 117->0(110)
[2020-04-16T22:42:34.315+0800][4.845s] GC(2) Survivor regions: 11->18(32)
[2020-04-16T22:42:34.315+0800][4.845s] GC(2) Old regions: 0->0
[2020-04-16T22:42:34.315+0800][4.845s] GC(2) Archive regions: 2->2
[2020-04-16T22:42:34.315+0800][4.845s] GC(2) Humongous regions: 1->1
[2020-04-16T22:42:34.315+0800][4.845s] GC(2) Metaspace: 27566K(28412K)->27566K(28412K) NonClass: 24298K(24828K)->24298K(24828K) Class: 3268K(3584K)->3268K(3584K)
[2020-04-16T22:42:34.315+0800][4.845s] GC(2) Pause Young (Normal) (G1 Evacuation Pause) 129M->19M(512M) 20.384ms
[2020-04-16T22:42:34.315+0800][4.845s] GC(2) User=0.06s Sys=0.02s Real=0.02s
[2020-04-16T22:42:34.640+0800][5.170s] GC(3) Pause Young (Normal) (G1 Evacuation Pause)
[2020-04-16T22:42:34.640+0800][5.170s] GC(3) Using 4 workers of 4 for evacuation
[2020-04-16T22:42:34.656+0800][5.185s] GC(3)   Pre Evacuate Collection Set: 0.1ms
[2020-04-16T22:42:34.656+0800][5.185s] GC(3)   Merge Heap Roots: 0.0ms
[2020-04-16T22:42:34.656+0800][5.185s] GC(3)   Evacuate Collection Set: 14.4ms
[2020-04-16T22:42:34.656+0800][5.185s] GC(3)   Post Evacuate Collection Set: 1.0ms
[2020-04-16T22:42:34.656+0800][5.185s] GC(3)   Other: 0.2ms
[2020-04-16T22:42:34.656+0800][5.185s] GC(3) Eden regions: 110->0(109)
[2020-04-16T22:42:34.656+0800][5.185s] GC(3) Survivor regions: 18->19(32)
[2020-04-16T22:42:34.656+0800][5.185s] GC(3) Old regions: 0->0
[2020-04-16T22:42:34.656+0800][5.185s] GC(3) Archive regions: 2->2
[2020-04-16T22:42:34.656+0800][5.185s] GC(3) Humongous regions: 1->1
[2020-04-16T22:42:34.656+0800][5.185s] GC(3) Metaspace: 28901K(29948K)->28901K(29948K) NonClass: 25463K(26108K)->25463K(26108K) Class: 3437K(3840K)->3437K(3840K)
[2020-04-16T22:42:34.656+0800][5.186s] GC(3) Pause Young (Normal) (G1 Evacuation Pause) 129M->20M(512M) 15.923ms
[2020-04-16T22:42:34.656+0800][5.186s] GC(3) User=0.06s Sys=0.00s Real=0.01s
[2020-04-16T22:42:35.546+0800][6.076s] GC(4) Pause Young (Normal) (G1 Evacuation Pause)
[2020-04-16T22:42:35.547+0800][6.076s] GC(4) Using 4 workers of 4 for evacuation
[2020-04-16T22:42:35.563+0800][6.093s] GC(4)   Pre Evacuate Collection Set: 0.1ms
[2020-04-16T22:42:35.563+0800][6.093s] GC(4)   Merge Heap Roots: 0.0ms
[2020-04-16T22:42:35.563+0800][6.093s] GC(4)   Evacuate Collection Set: 15.4ms
[2020-04-16T22:42:35.563+0800][6.093s] GC(4)   Post Evacuate Collection Set: 1.1ms
[2020-04-16T22:42:35.563+0800][6.093s] GC(4)   Other: 0.2ms
[2020-04-16T22:42:35.563+0800][6.093s] GC(4) Eden regions: 109->0(108)
[2020-04-16T22:42:35.563+0800][6.093s] GC(4) Survivor regions: 19->20(32)
[2020-04-16T22:42:35.563+0800][6.093s] GC(4) Old regions: 0->0
[2020-04-16T22:42:35.563+0800][6.093s] GC(4) Archive regions: 2->2
[2020-04-16T22:42:35.563+0800][6.093s] GC(4) Humongous regions: 1->1
[2020-04-16T22:42:35.563+0800][6.093s] GC(4) Metaspace: 33456K(34556K)->33456K(34556K) NonClass: 29454K(30204K)->29454K(30204K) Class: 4002K(4352K)->4002K(4352K)
[2020-04-16T22:42:35.563+0800][6.093s] GC(4) Pause Young (Normal) (G1 Evacuation Pause) 129M->21M(512M) 16.975ms
[2020-04-16T22:42:35.563+0800][6.093s] GC(4) User=0.05s Sys=0.00s Real=0.02s
[2020-04-16T22:42:35.850+0800][6.379s] GC(5) Pause Young (Concurrent Start) (Metadata GC Threshold)
[2020-04-16T22:42:35.850+0800][6.379s] GC(5) Using 4 workers of 4 for evacuation
[2020-04-16T22:42:35.869+0800][6.398s] GC(5)   Pre Evacuate Collection Set: 0.1ms
[2020-04-16T22:42:35.869+0800][6.398s] GC(5)   Merge Heap Roots: 0.0ms
[2020-04-16T22:42:35.869+0800][6.398s] GC(5)   Evacuate Collection Set: 16.5ms
[2020-04-16T22:42:35.869+0800][6.398s] GC(5)   Post Evacuate Collection Set: 2.0ms
[2020-04-16T22:42:35.869+0800][6.398s] GC(5)   Other: 0.2ms
[2020-04-16T22:42:35.869+0800][6.398s] GC(5) Eden regions: 39->0(108)
[2020-04-16T22:42:35.869+0800][6.398s] GC(5) Survivor regions: 20->20(32)
[2020-04-16T22:42:35.869+0800][6.398s] GC(5) Old regions: 0->0
[2020-04-16T22:42:35.869+0800][6.398s] GC(5) Archive regions: 2->2
[2020-04-16T22:42:35.869+0800][6.398s] GC(5) Humongous regions: 1->1
[2020-04-16T22:42:35.869+0800][6.398s] GC(5) Metaspace: 35184K(36048K)->35184K(36048K) NonClass: 30915K(31440K)->30915K(31440K) Class: 4269K(4608K)->4269K(4608K)
[2020-04-16T22:42:35.869+0800][6.398s] GC(5) Pause Young (Concurrent Start) (Metadata GC Threshold) 59M->21M(512M) 19.040ms
[2020-04-16T22:42:35.869+0800][6.399s] GC(5) User=0.06s Sys=0.00s Real=0.01s
[2020-04-16T22:42:35.869+0800][6.399s] GC(6) Concurrent Cycle
[2020-04-16T22:42:35.869+0800][6.399s] GC(6) Concurrent Clear Claimed Marks
[2020-04-16T22:42:35.869+0800][6.399s] GC(6) Concurrent Clear Claimed Marks 0.076ms
[2020-04-16T22:42:35.869+0800][6.399s] GC(6) Concurrent Scan Root Regions
[2020-04-16T22:42:35.874+0800][6.404s] GC(6) Concurrent Scan Root Regions 5.111ms
[2020-04-16T22:42:35.874+0800][6.404s] GC(6) Concurrent Mark (6.404s)
[2020-04-16T22:42:35.874+0800][6.404s] GC(6) Concurrent Mark From Roots
[2020-04-16T22:42:35.874+0800][6.404s] GC(6) Using 4 workers of 4 for marking
[2020-04-16T22:42:35.877+0800][6.407s] GC(6) Concurrent Mark From Roots 3.177ms
[2020-04-16T22:42:35.877+0800][6.407s] GC(6) Concurrent Preclean
[2020-04-16T22:42:35.877+0800][6.407s] GC(6) Concurrent Preclean 0.036ms
[2020-04-16T22:42:35.877+0800][6.407s] GC(6) Concurrent Mark (6.404s, 6.407s) 3.294ms
[2020-04-16T22:42:35.878+0800][6.407s] GC(6) Pause Remark
[2020-04-16T22:42:35.885+0800][6.414s] GC(6) Pause Remark 21M->21M(512M) 6.906ms
[2020-04-16T22:42:35.885+0800][6.414s] GC(6) User=0.02s Sys=0.00s Real=0.01s
[2020-04-16T22:42:35.886+0800][6.415s] GC(6) Concurrent Rebuild Remembered Sets
[2020-04-16T22:42:35.887+0800][6.416s] GC(6) Concurrent Rebuild Remembered Sets 1.000ms
[2020-04-16T22:42:35.887+0800][6.417s] GC(6) Pause Cleanup
[2020-04-16T22:42:35.887+0800][6.417s] GC(6) Pause Cleanup 21M->21M(512M) 0.141ms
[2020-04-16T22:42:35.887+0800][6.417s] GC(6) User=0.00s Sys=0.00s Real=0.00s
[2020-04-16T22:42:35.888+0800][6.417s] GC(6) Concurrent Cleanup for Next Mark
[2020-04-16T22:42:35.892+0800][6.421s] GC(6) Concurrent Cleanup for Next Mark 4.003ms
[2020-04-16T22:42:35.892+0800][6.421s] GC(6) Concurrent Cycle 22.856ms
[2020-04-16T22:42:38.072+0800][8.602s] GC(7) Pause Young (Normal) (G1 Evacuation Pause)
[2020-04-16T22:42:38.072+0800][8.602s] GC(7) Using 4 workers of 4 for evacuation
[2020-04-16T22:42:38.149+0800][8.679s] GC(7)   Pre Evacuate Collection Set: 0.1ms
[2020-04-16T22:42:38.149+0800][8.679s] GC(7)   Merge Heap Roots: 0.0ms
[2020-04-16T22:42:38.149+0800][8.679s] GC(7)   Evacuate Collection Set: 74.4ms
[2020-04-16T22:42:38.149+0800][8.679s] GC(7)   Post Evacuate Collection Set: 2.2ms
[2020-04-16T22:42:38.149+0800][8.679s] GC(7)   Other: 0.2ms
[2020-04-16T22:42:38.149+0800][8.679s] GC(7) Eden regions: 108->0(96)
[2020-04-16T22:42:38.149+0800][8.679s] GC(7) Survivor regions: 20->32(32)
[2020-04-16T22:42:38.149+0800][8.679s] GC(7) Old regions: 0->15
[2020-04-16T22:42:38.149+0800][8.679s] GC(7) Archive regions: 2->2
[2020-04-16T22:42:38.149+0800][8.679s] GC(7) Humongous regions: 1->1
[2020-04-16T22:42:38.149+0800][8.679s] GC(7) Metaspace: 37621K(38608K)->37621K(38608K) NonClass: 33075K(33744K)->33075K(33744K) Class: 4545K(4864K)->4545K(4864K)
[2020-04-16T22:42:38.149+0800][8.679s] GC(7) Pause Young (Normal) (G1 Evacuation Pause) 129M->48M(512M) 77.194ms
[2020-04-16T22:42:38.149+0800][8.679s] GC(7) User=0.21s Sys=0.03s Real=0.07s
[2020-04-16T22:42:38.586+0800][9.116s] GC(8) Pause Young (Normal) (G1 Evacuation Pause)
[2020-04-16T22:42:38.586+0800][9.116s] GC(8) Using 4 workers of 4 for evacuation
[2020-04-16T22:42:38.804+0800][9.334s] GC(8) MMU target violated: 201.0ms (200.0ms/201.0ms)
[2020-04-16T22:42:38.804+0800][9.334s] GC(8)   Pre Evacuate Collection Set: 0.1ms
[2020-04-16T22:42:38.804+0800][9.334s] GC(8)   Merge Heap Roots: 0.0ms
[2020-04-16T22:42:38.804+0800][9.334s] GC(8)   Evacuate Collection Set: 215.7ms
[2020-04-16T22:42:38.804+0800][9.334s] GC(8)   Post Evacuate Collection Set: 1.9ms
[2020-04-16T22:42:38.804+0800][9.334s] GC(8)   Other: 0.2ms
[2020-04-16T22:42:38.804+0800][9.334s] GC(8) Eden regions: 96->0(96)
[2020-04-16T22:42:38.804+0800][9.334s] GC(8) Survivor regions: 32->32(32)
[2020-04-16T22:42:38.804+0800][9.334s] GC(8) Old regions: 15->102
[2020-04-16T22:42:38.804+0800][9.334s] GC(8) Archive regions: 2->2
[2020-04-16T22:42:38.804+0800][9.334s] GC(8) Humongous regions: 1->1
[2020-04-16T22:42:38.804+0800][9.334s] GC(8) Metaspace: 37623K(38608K)->37623K(38608K) NonClass: 33077K(33744K)->33077K(33744K) Class: 4545K(4864K)->4545K(4864K)
[2020-04-16T22:42:38.804+0800][9.334s] GC(8) Pause Young (Normal) (G1 Evacuation Pause) 144M->135M(512M) 217.984ms
[2020-04-16T22:42:38.804+0800][9.334s] GC(8) User=0.59s Sys=0.05s Real=0.22s
[2020-04-16T22:42:39.792+0800][10.321s] GC(9) Pause Young (Normal) (G1 Evacuation Pause)
[2020-04-16T22:42:39.792+0800][10.321s] GC(9) Using 4 workers of 4 for evacuation
[2020-04-16T22:42:39.966+0800][10.495s] GC(9)   Pre Evacuate Collection Set: 0.3ms
[2020-04-16T22:42:39.966+0800][10.495s] GC(9)   Merge Heap Roots: 0.1ms
[2020-04-16T22:42:39.966+0800][10.495s] GC(9)   Evacuate Collection Set: 172.1ms
[2020-04-16T22:42:39.966+0800][10.495s] GC(9)   Post Evacuate Collection Set: 1.2ms
[2020-04-16T22:42:39.966+0800][10.495s] GC(9)   Other: 0.2ms
[2020-04-16T22:42:39.966+0800][10.495s] GC(9) Eden regions: 96->0(96)
[2020-04-16T22:42:39.966+0800][10.495s] GC(9) Survivor regions: 32->32(32)
[2020-04-16T22:42:39.966+0800][10.495s] GC(9) Old regions: 102->176
[2020-04-16T22:42:39.966+0800][10.495s] GC(9) Archive regions: 2->2
[2020-04-16T22:42:39.966+0800][10.495s] GC(9) Humongous regions: 1->1
[2020-04-16T22:42:39.966+0800][10.495s] GC(9) Metaspace: 39167K(40144K)->39167K(40144K) NonClass: 34418K(35024K)->34418K(35024K) Class: 4748K(5120K)->4748K(5120K)
[2020-04-16T22:42:39.966+0800][10.495s] GC(9) Pause Young (Normal) (G1 Evacuation Pause) 231M->209M(512M) 174.186ms
[2020-04-16T22:42:39.966+0800][10.495s] GC(9) User=0.58s Sys=0.05s Real=0.17s
[2020-04-16T22:42:40.664+0800][11.193s] GC(10) Pause Young (Normal) (G1 Evacuation Pause)
[2020-04-16T22:42:40.664+0800][11.193s] GC(10) Using 4 workers of 4 for evacuation
[2020-04-16T22:42:40.882+0800][11.412s] GC(10) MMU target violated: 201.0ms (200.0ms/201.0ms)
[2020-04-16T22:42:40.882+0800][11.412s] GC(10)   Pre Evacuate Collection Set: 0.1ms
[2020-04-16T22:42:40.882+0800][11.412s] GC(10)   Merge Heap Roots: 0.1ms
[2020-04-16T22:42:40.882+0800][11.412s] GC(10)   Evacuate Collection Set: 217.7ms
[2020-04-16T22:42:40.882+0800][11.412s] GC(10)   Post Evacuate Collection Set: 0.6ms
[2020-04-16T22:42:40.883+0800][11.412s] GC(10)   Other: 0.2ms
[2020-04-16T22:42:40.883+0800][11.412s] GC(10) Eden regions: 96->0(96)
[2020-04-16T22:42:40.883+0800][11.412s] GC(10) Survivor regions: 32->32(32)
[2020-04-16T22:42:40.883+0800][11.412s] GC(10) Old regions: 176->256
[2020-04-16T22:42:40.883+0800][11.412s] GC(10) Archive regions: 2->2
[2020-04-16T22:42:40.883+0800][11.412s] GC(10) Humongous regions: 1->1
[2020-04-16T22:42:40.883+0800][11.412s] GC(10) Metaspace: 39167K(40144K)->39167K(40144K) NonClass: 34418K(35024K)->34418K(35024K) Class: 4748K(5120K)->4748K(5120K)
[2020-04-16T22:42:40.883+0800][11.412s] GC(10) Pause Young (Normal) (G1 Evacuation Pause) 305M->289M(512M) 218.711ms
[2020-04-16T22:42:40.883+0800][11.412s] GC(10) User=0.62s Sys=0.06s Real=0.22s
[2020-04-16T22:44:26.360+0800][116.886s] GC(11) Pause Young (Concurrent Start) (G1 Evacuation Pause)
[2020-04-16T22:44:26.360+0800][116.887s] GC(11) Using 4 workers of 4 for evacuation
[2020-04-16T22:44:26.448+0800][116.974s] GC(11)   Pre Evacuate Collection Set: 0.1ms
[2020-04-16T22:44:26.448+0800][116.975s] GC(11)   Merge Heap Roots: 0.1ms
[2020-04-16T22:44:26.448+0800][116.975s] GC(11)   Evacuate Collection Set: 86.8ms
[2020-04-16T22:44:26.448+0800][116.975s] GC(11)   Post Evacuate Collection Set: 0.8ms
[2020-04-16T22:44:26.448+0800][116.975s] GC(11)   Other: 0.7ms
[2020-04-16T22:44:26.448+0800][116.975s] GC(11) Eden regions: 96->0(96)
[2020-04-16T22:44:26.448+0800][116.975s] GC(11) Survivor regions: 32->32(32)
[2020-04-16T22:44:26.448+0800][116.975s] GC(11) Old regions: 256->284
[2020-04-16T22:44:26.448+0800][116.975s] GC(11) Archive regions: 2->2
[2020-04-16T22:44:26.448+0800][116.975s] GC(11) Humongous regions: 1->1
[2020-04-16T22:44:26.448+0800][116.975s] GC(11) Metaspace: 39714K(40784K)->39714K(40784K) NonClass: 34904K(35536K)->34904K(35536K) Class: 4809K(5248K)->4809K(5248K)
[2020-04-16T22:44:26.448+0800][116.975s] GC(11) Pause Young (Concurrent Start) (G1 Evacuation Pause) 385M->317M(512M) 88.643ms
[2020-04-16T22:44:26.448+0800][116.975s] GC(11) User=0.31s Sys=0.02s Real=0.08s
[2020-04-16T22:44:26.448+0800][116.975s] GC(12) Concurrent Cycle
[2020-04-16T22:44:26.448+0800][116.975s] GC(12) Concurrent Clear Claimed Marks
[2020-04-16T22:44:26.448+0800][116.975s] GC(12) Concurrent Clear Claimed Marks 0.079ms
[2020-04-16T22:44:26.448+0800][116.975s] GC(12) Concurrent Scan Root Regions
[2020-04-16T22:44:26.489+0800][117.015s] GC(12) Concurrent Scan Root Regions 40.507ms
[2020-04-16T22:44:26.489+0800][117.015s] GC(12) Concurrent Mark (117.015s)
[2020-04-16T22:44:26.489+0800][117.015s] GC(12) Concurrent Mark From Roots
[2020-04-16T22:44:26.489+0800][117.015s] GC(12) Using 4 workers of 4 for marking
[2020-04-16T22:44:26.605+0800][117.131s] GC(13) Pause Young (Normal) (G1 Evacuation Pause)
[2020-04-16T22:44:26.605+0800][117.131s] GC(13) Using 4 workers of 4 for evacuation
[2020-04-16T22:44:26.649+0800][117.175s] GC(13)   Pre Evacuate Collection Set: 0.1ms
[2020-04-16T22:44:26.649+0800][117.176s] GC(13)   Merge Heap Roots: 0.1ms
[2020-04-16T22:44:26.649+0800][117.176s] GC(13)   Evacuate Collection Set: 43.3ms
[2020-04-16T22:44:26.649+0800][117.176s] GC(13)   Post Evacuate Collection Set: 0.6ms
[2020-04-16T22:44:26.649+0800][117.176s] GC(13)   Other: 0.2ms
[2020-04-16T22:44:26.649+0800][117.176s] GC(13) Eden regions: 96->0(108)
[2020-04-16T22:44:26.649+0800][117.176s] GC(13) Survivor regions: 32->20(32)
[2020-04-16T22:44:26.649+0800][117.176s] GC(13) Old regions: 284->298
[2020-04-16T22:44:26.649+0800][117.176s] GC(13) Archive regions: 2->2
[2020-04-16T22:44:26.649+0800][117.176s] GC(13) Humongous regions: 1->1
[2020-04-16T22:44:26.649+0800][117.176s] GC(13) Metaspace: 39751K(40784K)->39751K(40784K) NonClass: 34940K(35536K)->34940K(35536K) Class: 4810K(5248K)->4810K(5248K)
[2020-04-16T22:44:26.649+0800][117.176s] GC(13) Pause Young (Normal) (G1 Evacuation Pause) 413M->319M(512M) 44.348ms
[2020-04-16T22:44:26.649+0800][117.176s] GC(13) User=0.16s Sys=0.00s Real=0.04s
[2020-04-16T22:44:26.972+0800][117.499s] GC(14) Pause Young (Normal) (G1 Evacuation Pause)
[2020-04-16T22:44:26.972+0800][117.499s] GC(14) Using 4 workers of 4 for evacuation
[2020-04-16T22:44:26.997+0800][117.523s] GC(14)   Pre Evacuate Collection Set: 0.1ms
[2020-04-16T22:44:26.997+0800][117.523s] GC(14)   Merge Heap Roots: 0.1ms
[2020-04-16T22:44:26.997+0800][117.523s] GC(14)   Evacuate Collection Set: 23.7ms
[2020-04-16T22:44:26.997+0800][117.523s] GC(14)   Post Evacuate Collection Set: 0.6ms
[2020-04-16T22:44:26.997+0800][117.523s] GC(14)   Other: 0.2ms
[2020-04-16T22:44:26.997+0800][117.523s] GC(14) Eden regions: 108->0(108)
[2020-04-16T22:44:26.997+0800][117.523s] GC(14) Survivor regions: 20->20(32)
[2020-04-16T22:44:26.997+0800][117.523s] GC(14) Old regions: 298->298
[2020-04-16T22:44:26.997+0800][117.523s] GC(14) Archive regions: 2->2
[2020-04-16T22:44:26.997+0800][117.523s] GC(14) Humongous regions: 1->1
[2020-04-16T22:44:26.997+0800][117.523s] GC(14) Metaspace: 39853K(41040K)->39853K(41040K) NonClass: 35042K(35792K)->35042K(35792K) Class: 4811K(5248K)->4811K(5248K)
[2020-04-16T22:44:26.997+0800][117.523s] GC(14) Pause Young (Normal) (G1 Evacuation Pause) 427M->319M(512M) 24.812ms
[2020-04-16T22:44:26.997+0800][117.523s] GC(14) User=0.09s Sys=0.00s Real=0.02s
[2020-04-16T22:44:27.053+0800][117.580s] GC(15) Pause Young (Normal) (G1 Evacuation Pause)
[2020-04-16T22:44:27.053+0800][117.580s] GC(15) Using 4 workers of 4 for evacuation
[2020-04-16T22:44:27.076+0800][117.602s] GC(15)   Pre Evacuate Collection Set: 0.1ms
[2020-04-16T22:44:27.076+0800][117.602s] GC(15)   Merge Heap Roots: 0.1ms
[2020-04-16T22:44:27.076+0800][117.602s] GC(15)   Evacuate Collection Set: 22.2ms
[2020-04-16T22:44:27.076+0800][117.602s] GC(15)   Post Evacuate Collection Set: 0.4ms
[2020-04-16T22:44:27.076+0800][117.603s] GC(15)   Other: 0.1ms
[2020-04-16T22:44:27.076+0800][117.603s] GC(15) Eden regions: 108->0(108)
[2020-04-16T22:44:27.076+0800][117.603s] GC(15) Survivor regions: 20->20(32)
[2020-04-16T22:44:27.076+0800][117.603s] GC(15) Old regions: 298->298
[2020-04-16T22:44:27.076+0800][117.603s] GC(15) Archive regions: 2->2
[2020-04-16T22:44:27.076+0800][117.603s] GC(15) Humongous regions: 1->1
[2020-04-16T22:44:27.076+0800][117.603s] GC(15) Metaspace: 39853K(41040K)->39853K(41040K) NonClass: 35042K(35792K)->35042K(35792K) Class: 4811K(5248K)->4811K(5248K)
[2020-04-16T22:44:27.076+0800][117.603s] GC(15) Pause Young (Normal) (G1 Evacuation Pause) 427M->319M(512M) 23.099ms
[2020-04-16T22:44:27.076+0800][117.603s] GC(15) User=0.09s Sys=0.00s Real=0.02s
[2020-04-16T22:44:27.148+0800][117.674s] GC(16) Pause Young (Normal) (G1 Evacuation Pause)
[2020-04-16T22:44:27.148+0800][117.674s] GC(16) Using 4 workers of 4 for evacuation
[2020-04-16T22:44:27.171+0800][117.697s] GC(16)   Pre Evacuate Collection Set: 0.1ms
[2020-04-16T22:44:27.171+0800][117.697s] GC(16)   Merge Heap Roots: 0.1ms
[2020-04-16T22:44:27.171+0800][117.697s] GC(16)   Evacuate Collection Set: 22.0ms
[2020-04-16T22:44:27.171+0800][117.697s] GC(16)   Post Evacuate Collection Set: 0.6ms
[2020-04-16T22:44:27.171+0800][117.697s] GC(16)   Other: 0.1ms
[2020-04-16T22:44:27.171+0800][117.697s] GC(16) Eden regions: 108->0(108)
[2020-04-16T22:44:27.171+0800][117.697s] GC(16) Survivor regions: 20->20(32)
[2020-04-16T22:44:27.171+0800][117.697s] GC(16) Old regions: 298->298
[2020-04-16T22:44:27.171+0800][117.697s] GC(16) Archive regions: 2->2
[2020-04-16T22:44:27.171+0800][117.697s] GC(16) Humongous regions: 1->1
[2020-04-16T22:44:27.171+0800][117.697s] GC(16) Metaspace: 39853K(41040K)->39853K(41040K) NonClass: 35042K(35792K)->35042K(35792K) Class: 4811K(5248K)->4811K(5248K)
[2020-04-16T22:44:27.171+0800][117.697s] GC(16) Pause Young (Normal) (G1 Evacuation Pause) 427M->319M(512M) 22.974ms
[2020-04-16T22:44:27.171+0800][117.697s] GC(16) User=0.08s Sys=0.00s Real=0.03s
[2020-04-16T22:44:27.174+0800][117.701s] GC(12) Concurrent Mark From Roots 685.165ms
[2020-04-16T22:44:27.174+0800][117.701s] GC(12) Concurrent Preclean
[2020-04-16T22:44:27.174+0800][117.701s] GC(12) Concurrent Preclean 0.134ms
[2020-04-16T22:44:27.174+0800][117.701s] GC(12) Concurrent Mark (117.015s, 117.701s) 685.385ms
[2020-04-16T22:44:27.175+0800][117.701s] GC(12) Pause Remark
[2020-04-16T22:44:27.179+0800][117.705s] GC(12) Pause Remark 323M->323M(512M) 4.365ms
[2020-04-16T22:44:27.179+0800][117.705s] GC(12) User=0.01s Sys=0.00s Real=0.00s
[2020-04-16T22:44:27.179+0800][117.706s] GC(12) Concurrent Rebuild Remembered Sets
[2020-04-16T22:44:27.232+0800][117.759s] GC(17) Pause Young (Normal) (G1 Evacuation Pause)
[2020-04-16T22:44:27.232+0800][117.759s] GC(17) Using 4 workers of 4 for evacuation
[2020-04-16T22:44:27.255+0800][117.781s] GC(17)   Pre Evacuate Collection Set: 0.1ms
[2020-04-16T22:44:27.255+0800][117.782s] GC(17)   Merge Heap Roots: 0.0ms
[2020-04-16T22:44:27.255+0800][117.782s] GC(17)   Evacuate Collection Set: 22.1ms
[2020-04-16T22:44:27.255+0800][117.782s] GC(17)   Post Evacuate Collection Set: 0.4ms
[2020-04-16T22:44:27.255+0800][117.782s] GC(17)   Other: 0.2ms
[2020-04-16T22:44:27.255+0800][117.782s] GC(17) Eden regions: 108->0(107)
[2020-04-16T22:44:27.255+0800][117.782s] GC(17) Survivor regions: 20->21(32)
[2020-04-16T22:44:27.255+0800][117.782s] GC(17) Old regions: 298->298
[2020-04-16T22:44:27.255+0800][117.782s] GC(17) Archive regions: 2->2
[2020-04-16T22:44:27.255+0800][117.782s] GC(17) Humongous regions: 1->1
[2020-04-16T22:44:27.255+0800][117.782s] GC(17) Metaspace: 39853K(41040K)->39853K(41040K) NonClass: 35042K(35792K)->35042K(35792K) Class: 4811K(5248K)->4811K(5248K)
[2020-04-16T22:44:27.255+0800][117.782s] GC(17) Pause Young (Normal) (G1 Evacuation Pause) 427M->320M(512M) 22.967ms
[2020-04-16T22:44:27.255+0800][117.782s] GC(17) User=0.08s Sys=0.01s Real=0.02s
[2020-04-16T22:44:27.312+0800][117.838s] GC(18) Pause Young (Normal) (G1 Evacuation Pause)
[2020-04-16T22:44:27.312+0800][117.838s] GC(18) Using 4 workers of 4 for evacuation
[2020-04-16T22:44:27.335+0800][117.861s] GC(18)   Pre Evacuate Collection Set: 0.1ms
[2020-04-16T22:44:27.335+0800][117.861s] GC(18)   Merge Heap Roots: 0.0ms
[2020-04-16T22:44:27.335+0800][117.861s] GC(18)   Evacuate Collection Set: 22.5ms
[2020-04-16T22:44:27.335+0800][117.861s] GC(18)   Post Evacuate Collection Set: 0.5ms
[2020-04-16T22:44:27.335+0800][117.861s] GC(18)   Other: 0.2ms
[2020-04-16T22:44:27.335+0800][117.861s] GC(18) Eden regions: 107->0(107)
[2020-04-16T22:44:27.335+0800][117.861s] GC(18) Survivor regions: 21->21(32)
[2020-04-16T22:44:27.335+0800][117.861s] GC(18) Old regions: 298->298
[2020-04-16T22:44:27.335+0800][117.861s] GC(18) Archive regions: 2->2
[2020-04-16T22:44:27.335+0800][117.861s] GC(18) Humongous regions: 1->1
[2020-04-16T22:44:27.335+0800][117.861s] GC(18) Metaspace: 39853K(41040K)->39853K(41040K) NonClass: 35042K(35792K)->35042K(35792K) Class: 4811K(5248K)->4811K(5248K)
[2020-04-16T22:44:27.335+0800][117.861s] GC(18) Pause Young (Normal) (G1 Evacuation Pause) 427M->320M(512M) 23.353ms
[2020-04-16T22:44:27.335+0800][117.861s] GC(18) User=0.08s Sys=0.00s Real=0.02s
[2020-04-16T22:44:27.390+0800][117.916s] GC(19) Pause Young (Normal) (G1 Evacuation Pause)
[2020-04-16T22:44:27.390+0800][117.916s] GC(19) Using 4 workers of 4 for evacuation
[2020-04-16T22:44:27.416+0800][117.943s] GC(19)   Pre Evacuate Collection Set: 0.1ms
[2020-04-16T22:44:27.416+0800][117.943s] GC(19)   Merge Heap Roots: 0.1ms
[2020-04-16T22:44:27.416+0800][117.943s] GC(19)   Evacuate Collection Set: 25.5ms
[2020-04-16T22:44:27.416+0800][117.943s] GC(19)   Post Evacuate Collection Set: 0.5ms
[2020-04-16T22:44:27.416+0800][117.943s] GC(19)   Other: 0.2ms
[2020-04-16T22:44:27.416+0800][117.943s] GC(19) Eden regions: 107->0(117)
[2020-04-16T22:44:27.416+0800][117.943s] GC(19) Survivor regions: 21->11(32)
[2020-04-16T22:44:27.416+0800][117.943s] GC(19) Old regions: 298->308
[2020-04-16T22:44:27.416+0800][117.943s] GC(19) Archive regions: 2->2
[2020-04-16T22:44:27.416+0800][117.943s] GC(19) Humongous regions: 1->1
[2020-04-16T22:44:27.416+0800][117.943s] GC(19) Metaspace: 39853K(41040K)->39853K(41040K) NonClass: 35042K(35792K)->35042K(35792K) Class: 4811K(5248K)->4811K(5248K)
[2020-04-16T22:44:27.416+0800][117.943s] GC(19) Pause Young (Normal) (G1 Evacuation Pause) 427M->319M(512M) 26.547ms
[2020-04-16T22:44:27.416+0800][117.943s] GC(19) User=0.10s Sys=0.00s Real=0.02s
[2020-04-16T22:44:27.470+0800][117.997s] GC(20) Pause Young (Normal) (G1 Evacuation Pause)
[2020-04-16T22:44:27.470+0800][117.997s] GC(20) Using 4 workers of 4 for evacuation
[2020-04-16T22:44:27.486+0800][118.013s] GC(20)   Pre Evacuate Collection Set: 0.1ms
[2020-04-16T22:44:27.486+0800][118.013s] GC(20)   Merge Heap Roots: 0.1ms
[2020-04-16T22:44:27.486+0800][118.013s] GC(20)   Evacuate Collection Set: 15.0ms
[2020-04-16T22:44:27.486+0800][118.013s] GC(20)   Post Evacuate Collection Set: 0.5ms
[2020-04-16T22:44:27.486+0800][118.013s] GC(20)   Other: 0.2ms
[2020-04-16T22:44:27.486+0800][118.013s] GC(20) Eden regions: 117->0(126)
[2020-04-16T22:44:27.486+0800][118.013s] GC(20) Survivor regions: 11->2(32)
[2020-04-16T22:44:27.486+0800][118.013s] GC(20) Old regions: 308->318
[2020-04-16T22:44:27.486+0800][118.013s] GC(20) Archive regions: 2->2
[2020-04-16T22:44:27.486+0800][118.013s] GC(20) Humongous regions: 1->1
[2020-04-16T22:44:27.486+0800][118.013s] GC(20) Metaspace: 39853K(41040K)->39853K(41040K) NonClass: 35042K(35792K)->35042K(35792K) Class: 4811K(5248K)->4811K(5248K)
[2020-04-16T22:44:27.486+0800][118.013s] GC(20) Pause Young (Normal) (G1 Evacuation Pause) 436M->321M(512M) 15.908ms
[2020-04-16T22:44:27.486+0800][118.013s] GC(20) User=0.05s Sys=0.01s Real=0.01s
[2020-04-16T22:44:27.492+0800][118.019s] GC(12) Concurrent Rebuild Remembered Sets 313.341ms
[2020-04-16T22:44:27.493+0800][118.019s] GC(12) Pause Cleanup
[2020-04-16T22:44:27.493+0800][118.019s] GC(12) Pause Cleanup 334M->334M(512M) 0.228ms
[2020-04-16T22:44:27.493+0800][118.019s] GC(12) User=0.00s Sys=0.00s Real=0.00s
[2020-04-16T22:44:27.493+0800][118.019s] GC(12) Concurrent Cleanup for Next Mark
[2020-04-16T22:44:27.495+0800][118.022s] GC(12) Concurrent Cleanup for Next Mark 2.058ms
[2020-04-16T22:44:27.495+0800][118.022s] GC(12) Concurrent Cycle 1046.799ms
[2020-04-16T22:44:27.516+0800][118.043s] GC(21) Pause Young (Normal) (G1 Evacuation Pause)
[2020-04-16T22:44:27.516+0800][118.043s] GC(21) Using 4 workers of 4 for evacuation
[2020-04-16T22:44:27.519+0800][118.046s] GC(21)   Pre Evacuate Collection Set: 0.1ms
[2020-04-16T22:44:27.519+0800][118.046s] GC(21)   Merge Heap Roots: 0.1ms
[2020-04-16T22:44:27.519+0800][118.046s] GC(21)   Evacuate Collection Set: 2.5ms
[2020-04-16T22:44:27.519+0800][118.046s] GC(21)   Post Evacuate Collection Set: 0.4ms
[2020-04-16T22:44:27.519+0800][118.046s] GC(21)   Other: 0.2ms
[2020-04-16T22:44:27.519+0800][118.046s] GC(21) Eden regions: 126->0(127)
[2020-04-16T22:44:27.519+0800][118.046s] GC(21) Survivor regions: 2->1(32)
[2020-04-16T22:44:27.519+0800][118.046s] GC(21) Old regions: 318->319
[2020-04-16T22:44:27.519+0800][118.046s] GC(21) Archive regions: 2->2
[2020-04-16T22:44:27.519+0800][118.046s] GC(21) Humongous regions: 1->1
[2020-04-16T22:44:27.519+0800][118.046s] GC(21) Metaspace: 39853K(41040K)->39853K(41040K) NonClass: 35042K(35792K)->35042K(35792K) Class: 4811K(5248K)->4811K(5248K)
[2020-04-16T22:44:27.520+0800][118.046s] GC(21) Pause Young (Normal) (G1 Evacuation Pause) 447M->321M(512M) 3.349ms
[2020-04-16T22:44:27.520+0800][118.046s] GC(21) User=0.01s Sys=0.00s Real=0.01s
[2020-04-16T22:44:27.546+0800][118.073s] GC(22) Pause Young (Concurrent Start) (G1 Evacuation Pause)
[2020-04-16T22:44:27.546+0800][118.073s] GC(22) Using 4 workers of 4 for evacuation
[2020-04-16T22:44:27.548+0800][118.075s] GC(22)   Pre Evacuate Collection Set: 0.1ms
[2020-04-16T22:44:27.548+0800][118.075s] GC(22)   Merge Heap Roots: 0.0ms
[2020-04-16T22:44:27.548+0800][118.075s] GC(22)   Evacuate Collection Set: 1.3ms
[2020-04-16T22:44:27.548+0800][118.075s] GC(22)   Post Evacuate Collection Set: 0.4ms
[2020-04-16T22:44:27.549+0800][118.075s] GC(22)   Other: 0.2ms
[2020-04-16T22:44:27.549+0800][118.075s] GC(22) Eden regions: 127->0(128)
[2020-04-16T22:44:27.549+0800][118.075s] GC(22) Survivor regions: 1->0(32)
[2020-04-16T22:44:27.549+0800][118.075s] GC(22) Old regions: 319->320
[2020-04-16T22:44:27.549+0800][118.075s] GC(22) Archive regions: 2->2
[2020-04-16T22:44:27.549+0800][118.075s] GC(22) Humongous regions: 1->1
[2020-04-16T22:44:27.549+0800][118.075s] GC(22) Metaspace: 39853K(41040K)->39853K(41040K) NonClass: 35042K(35792K)->35042K(35792K) Class: 4811K(5248K)->4811K(5248K)
[2020-04-16T22:44:27.549+0800][118.075s] GC(22) Pause Young (Concurrent Start) (G1 Evacuation Pause) 448M->321M(512M) 2.142ms
[2020-04-16T22:44:27.549+0800][118.075s] GC(22) User=0.00s Sys=0.00s Real=0.00s
[2020-04-16T22:44:27.549+0800][118.075s] GC(23) Concurrent Cycle
[2020-04-16T22:44:27.549+0800][118.075s] GC(23) Concurrent Clear Claimed Marks
[2020-04-16T22:44:27.549+0800][118.075s] GC(23) Concurrent Clear Claimed Marks 0.074ms
[2020-04-16T22:44:27.549+0800][118.075s] GC(23) Concurrent Scan Root Regions
[2020-04-16T22:44:27.549+0800][118.076s] GC(23) Concurrent Scan Root Regions 0.639ms
[2020-04-16T22:44:27.549+0800][118.076s] GC(23) Concurrent Mark (118.076s)
[2020-04-16T22:44:27.549+0800][118.076s] GC(23) Concurrent Mark From Roots
[2020-04-16T22:44:27.549+0800][118.076s] GC(23) Using 4 workers of 4 for marking
[2020-04-16T22:44:27.653+0800][118.179s] GC(24) Pause Young (Normal) (G1 Evacuation Pause)
[2020-04-16T22:44:27.653+0800][118.179s] GC(24) Using 4 workers of 4 for evacuation
[2020-04-16T22:44:27.654+0800][118.180s] GC(24)   Pre Evacuate Collection Set: 0.1ms
[2020-04-16T22:44:27.654+0800][118.180s] GC(24)   Merge Heap Roots: 0.0ms
[2020-04-16T22:44:27.654+0800][118.180s] GC(24)   Evacuate Collection Set: 0.2ms
[2020-04-16T22:44:27.654+0800][118.180s] GC(24)   Post Evacuate Collection Set: 0.3ms
[2020-04-16T22:44:27.654+0800][118.180s] GC(24)   Other: 0.2ms
[2020-04-16T22:44:27.654+0800][118.180s] GC(24) Eden regions: 128->0(128)
[2020-04-16T22:44:27.654+0800][118.180s] GC(24) Survivor regions: 0->0(32)
[2020-04-16T22:44:27.654+0800][118.180s] GC(24) Old regions: 320->320
[2020-04-16T22:44:27.654+0800][118.180s] GC(24) Archive regions: 2->2
[2020-04-16T22:44:27.654+0800][118.180s] GC(24) Humongous regions: 1->1
[2020-04-16T22:44:27.654+0800][118.180s] GC(24) Metaspace: 39853K(41040K)->39853K(41040K) NonClass: 35042K(35792K)->35042K(35792K) Class: 4811K(5248K)->4811K(5248K)
[2020-04-16T22:44:27.654+0800][118.180s] GC(24) Pause Young (Normal) (G1 Evacuation Pause) 449M->321M(512M) 0.902ms
[2020-04-16T22:44:27.654+0800][118.180s] GC(24) User=0.00s Sys=0.00s Real=0.00s
[2020-04-16T22:44:27.722+0800][118.249s] GC(25) Pause Young (Normal) (G1 Evacuation Pause)
[2020-04-16T22:44:27.722+0800][118.249s] GC(25) Using 4 workers of 4 for evacuation
[2020-04-16T22:44:27.723+0800][118.250s] GC(25)   Pre Evacuate Collection Set: 0.1ms
[2020-04-16T22:44:27.723+0800][118.250s] GC(25)   Merge Heap Roots: 0.0ms
[2020-04-16T22:44:27.723+0800][118.250s] GC(25)   Evacuate Collection Set: 0.5ms
[2020-04-16T22:44:27.723+0800][118.250s] GC(25)   Post Evacuate Collection Set: 0.4ms
[2020-04-16T22:44:27.724+0800][118.250s] GC(25)   Other: 0.2ms
[2020-04-16T22:44:27.724+0800][118.250s] GC(25) Eden regions: 128->0(128)
[2020-04-16T22:44:27.724+0800][118.250s] GC(25) Survivor regions: 0->0(32)
[2020-04-16T22:44:27.724+0800][118.250s] GC(25) Old regions: 320->320
[2020-04-16T22:44:27.724+0800][118.250s] GC(25) Archive regions: 2->2
[2020-04-16T22:44:27.724+0800][118.250s] GC(25) Humongous regions: 1->1
[2020-04-16T22:44:27.724+0800][118.250s] GC(25) Metaspace: 39853K(41040K)->39853K(41040K) NonClass: 35042K(35792K)->35042K(35792K) Class: 4811K(5248K)->4811K(5248K)
[2020-04-16T22:44:27.724+0800][118.250s] GC(25) Pause Young (Normal) (G1 Evacuation Pause) 449M->321M(512M) 1.284ms
[2020-04-16T22:44:27.724+0800][118.250s] GC(25) User=0.00s Sys=0.00s Real=0.00s
[2020-04-16T22:44:27.800+0800][118.326s] GC(26) Pause Young (Normal) (G1 Evacuation Pause)
[2020-04-16T22:44:27.800+0800][118.326s] GC(26) Using 4 workers of 4 for evacuation
[2020-04-16T22:44:27.800+0800][118.327s] GC(26)   Pre Evacuate Collection Set: 0.1ms
[2020-04-16T22:44:27.800+0800][118.327s] GC(26)   Merge Heap Roots: 0.1ms
[2020-04-16T22:44:27.800+0800][118.327s] GC(26)   Evacuate Collection Set: 0.2ms
[2020-04-16T22:44:27.800+0800][118.327s] GC(26)   Post Evacuate Collection Set: 0.3ms
[2020-04-16T22:44:27.800+0800][118.327s] GC(26)   Other: 0.2ms
[2020-04-16T22:44:27.800+0800][118.327s] GC(26) Eden regions: 128->0(128)
[2020-04-16T22:44:27.800+0800][118.327s] GC(26) Survivor regions: 0->0(32)
[2020-04-16T22:44:27.800+0800][118.327s] GC(26) Old regions: 320->320
[2020-04-16T22:44:27.800+0800][118.327s] GC(26) Archive regions: 2->2
[2020-04-16T22:44:27.800+0800][118.327s] GC(26) Humongous regions: 1->1
[2020-04-16T22:44:27.800+0800][118.327s] GC(26) Metaspace: 39853K(41040K)->39853K(41040K) NonClass: 35042K(35792K)->35042K(35792K) Class: 4811K(5248K)->4811K(5248K)
[2020-04-16T22:44:27.800+0800][118.327s] GC(26) Pause Young (Normal) (G1 Evacuation Pause) 449M->321M(512M) 0.903ms
[2020-04-16T22:44:27.801+0800][118.327s] GC(26) User=0.00s Sys=0.00s Real=0.00s
[2020-04-16T22:44:27.871+0800][118.398s] GC(27) Pause Young (Normal) (G1 Evacuation Pause)
[2020-04-16T22:44:27.871+0800][118.398s] GC(27) Using 4 workers of 4 for evacuation
[2020-04-16T22:44:27.872+0800][118.398s] GC(27)   Pre Evacuate Collection Set: 0.0ms
[2020-04-16T22:44:27.872+0800][118.398s] GC(27)   Merge Heap Roots: 0.0ms
[2020-04-16T22:44:27.872+0800][118.398s] GC(27)   Evacuate Collection Set: 0.2ms
[2020-04-16T22:44:27.872+0800][118.398s] GC(27)   Post Evacuate Collection Set: 0.3ms
[2020-04-16T22:44:27.872+0800][118.398s] GC(27)   Other: 0.2ms
[2020-04-16T22:44:27.872+0800][118.398s] GC(27) Eden regions: 128->0(128)
[2020-04-16T22:44:27.872+0800][118.398s] GC(27) Survivor regions: 0->0(32)
[2020-04-16T22:44:27.872+0800][118.398s] GC(27) Old regions: 320->320
[2020-04-16T22:44:27.872+0800][118.398s] GC(27) Archive regions: 2->2
[2020-04-16T22:44:27.872+0800][118.398s] GC(27) Humongous regions: 1->1
[2020-04-16T22:44:27.872+0800][118.398s] GC(27) Metaspace: 39853K(41040K)->39853K(41040K) NonClass: 35042K(35792K)->35042K(35792K) Class: 4811K(5248K)->4811K(5248K)
[2020-04-16T22:44:27.872+0800][118.398s] GC(27) Pause Young (Normal) (G1 Evacuation Pause) 449M->321M(512M) 0.838ms
[2020-04-16T22:44:27.872+0800][118.398s] GC(27) User=0.01s Sys=0.00s Real=0.00s
[2020-04-16T22:44:27.938+0800][118.464s] GC(28) Pause Young (Normal) (G1 Evacuation Pause)
[2020-04-16T22:44:27.938+0800][118.465s] GC(28) Using 4 workers of 4 for evacuation
[2020-04-16T22:44:27.939+0800][118.465s] GC(28)   Pre Evacuate Collection Set: 0.1ms
[2020-04-16T22:44:27.939+0800][118.465s] GC(28)   Merge Heap Roots: 0.0ms
[2020-04-16T22:44:27.939+0800][118.465s] GC(28)   Evacuate Collection Set: 0.2ms
[2020-04-16T22:44:27.939+0800][118.465s] GC(28)   Post Evacuate Collection Set: 0.3ms
[2020-04-16T22:44:27.939+0800][118.465s] GC(28)   Other: 0.1ms
[2020-04-16T22:44:27.939+0800][118.465s] GC(28) Eden regions: 128->0(128)
[2020-04-16T22:44:27.939+0800][118.465s] GC(28) Survivor regions: 0->0(32)
[2020-04-16T22:44:27.939+0800][118.465s] GC(28) Old regions: 320->320
[2020-04-16T22:44:27.939+0800][118.465s] GC(28) Archive regions: 2->2
[2020-04-16T22:44:27.939+0800][118.465s] GC(28) Humongous regions: 1->1
[2020-04-16T22:44:27.939+0800][118.465s] GC(28) Metaspace: 39853K(41040K)->39853K(41040K) NonClass: 35042K(35792K)->35042K(35792K) Class: 4811K(5248K)->4811K(5248K)
[2020-04-16T22:44:27.939+0800][118.465s] GC(28) Pause Young (Normal) (G1 Evacuation Pause) 449M->321M(512M) 0.930ms
[2020-04-16T22:44:27.939+0800][118.465s] GC(28) User=0.00s Sys=0.00s Real=0.00s
[2020-04-16T22:44:27.984+0800][118.510s] GC(23) Concurrent Mark From Roots 434.551ms
[2020-04-16T22:44:27.984+0800][118.510s] GC(23) Concurrent Preclean
[2020-04-16T22:44:27.984+0800][118.511s] GC(23) Concurrent Preclean 0.101ms
[2020-04-16T22:44:27.984+0800][118.511s] GC(23) Concurrent Mark (118.076s, 118.511s) 434.729ms
[2020-04-16T22:44:27.984+0800][118.511s] GC(23) Pause Remark
[2020-04-16T22:44:27.996+0800][118.522s] GC(23) Pause Remark 395M->395M(512M) 11.601ms
[2020-04-16T22:44:27.996+0800][118.522s] GC(23) User=0.02s Sys=0.02s Real=0.01s
[2020-04-16T22:44:27.996+0800][118.522s] GC(23) Concurrent Rebuild Remembered Sets
[2020-04-16T22:44:28.029+0800][118.555s] GC(29) Pause Young (Normal) (G1 Evacuation Pause)
[2020-04-16T22:44:28.029+0800][118.555s] GC(29) Using 4 workers of 4 for evacuation
[2020-04-16T22:44:28.030+0800][118.556s] GC(29)   Pre Evacuate Collection Set: 0.1ms
[2020-04-16T22:44:28.030+0800][118.556s] GC(29)   Merge Heap Roots: 0.1ms
[2020-04-16T22:44:28.030+0800][118.556s] GC(29)   Evacuate Collection Set: 0.2ms
[2020-04-16T22:44:28.030+0800][118.556s] GC(29)   Post Evacuate Collection Set: 0.3ms
[2020-04-16T22:44:28.030+0800][118.556s] GC(29)   Other: 0.1ms
[2020-04-16T22:44:28.030+0800][118.556s] GC(29) Eden regions: 128->0(128)
[2020-04-16T22:44:28.030+0800][118.556s] GC(29) Survivor regions: 0->0(32)
[2020-04-16T22:44:28.030+0800][118.556s] GC(29) Old regions: 320->320
[2020-04-16T22:44:28.030+0800][118.556s] GC(29) Archive regions: 2->2
[2020-04-16T22:44:28.030+0800][118.556s] GC(29) Humongous regions: 1->1
[2020-04-16T22:44:28.030+0800][118.556s] GC(29) Metaspace: 39850K(41040K)->39850K(41040K) NonClass: 35039K(35792K)->35039K(35792K) Class: 4810K(5248K)->4810K(5248K)
[2020-04-16T22:44:28.030+0800][118.556s] GC(29) Pause Young (Normal) (G1 Evacuation Pause) 449M->321M(512M) 0.991ms
[2020-04-16T22:44:28.030+0800][118.556s] GC(29) User=0.00s Sys=0.00s Real=0.01s
[2020-04-16T22:44:28.093+0800][118.619s] GC(30) Pause Young (Normal) (G1 Evacuation Pause)
[2020-04-16T22:44:28.093+0800][118.619s] GC(30) Using 4 workers of 4 for evacuation
[2020-04-16T22:44:28.093+0800][118.620s] GC(30)   Pre Evacuate Collection Set: 0.1ms
[2020-04-16T22:44:28.093+0800][118.620s] GC(30)   Merge Heap Roots: 0.0ms
[2020-04-16T22:44:28.093+0800][118.620s] GC(30)   Evacuate Collection Set: 0.2ms
[2020-04-16T22:44:28.093+0800][118.620s] GC(30)   Post Evacuate Collection Set: 0.3ms
[2020-04-16T22:44:28.093+0800][118.620s] GC(30)   Other: 0.2ms
[2020-04-16T22:44:28.093+0800][118.620s] GC(30) Eden regions: 128->0(128)
[2020-04-16T22:44:28.093+0800][118.620s] GC(30) Survivor regions: 0->0(32)
[2020-04-16T22:44:28.093+0800][118.620s] GC(30) Old regions: 320->320
[2020-04-16T22:44:28.093+0800][118.620s] GC(30) Archive regions: 2->2
[2020-04-16T22:44:28.093+0800][118.620s] GC(30) Humongous regions: 1->1
[2020-04-16T22:44:28.093+0800][118.620s] GC(30) Metaspace: 39850K(41040K)->39850K(41040K) NonClass: 35039K(35792K)->35039K(35792K) Class: 4810K(5248K)->4810K(5248K)
[2020-04-16T22:44:28.093+0800][118.620s] GC(30) Pause Young (Normal) (G1 Evacuation Pause) 449M->321M(512M) 0.895ms
[2020-04-16T22:44:28.093+0800][118.620s] GC(30) User=0.00s Sys=0.00s Real=0.00s
[2020-04-16T22:44:28.163+0800][118.689s] GC(31) Pause Young (Normal) (G1 Evacuation Pause)
[2020-04-16T22:44:28.163+0800][118.690s] GC(31) Using 4 workers of 4 for evacuation
[2020-04-16T22:44:28.164+0800][118.690s] GC(31)   Pre Evacuate Collection Set: 0.1ms
[2020-04-16T22:44:28.164+0800][118.690s] GC(31)   Merge Heap Roots: 0.0ms
[2020-04-16T22:44:28.164+0800][118.690s] GC(31)   Evacuate Collection Set: 0.2ms
[2020-04-16T22:44:28.164+0800][118.690s] GC(31)   Post Evacuate Collection Set: 0.4ms
[2020-04-16T22:44:28.164+0800][118.690s] GC(31)   Other: 0.1ms
[2020-04-16T22:44:28.164+0800][118.690s] GC(31) Eden regions: 128->0(128)
[2020-04-16T22:44:28.164+0800][118.690s] GC(31) Survivor regions: 0->0(32)
[2020-04-16T22:44:28.164+0800][118.690s] GC(31) Old regions: 320->320
[2020-04-16T22:44:28.164+0800][118.690s] GC(31) Archive regions: 2->2
[2020-04-16T22:44:28.164+0800][118.690s] GC(31) Humongous regions: 1->1
[2020-04-16T22:44:28.164+0800][118.690s] GC(31) Metaspace: 39850K(41040K)->39850K(41040K) NonClass: 35039K(35792K)->35039K(35792K) Class: 4810K(5248K)->4810K(5248K)
[2020-04-16T22:44:28.164+0800][118.690s] GC(31) Pause Young (Normal) (G1 Evacuation Pause) 449M->321M(512M) 0.992ms
[2020-04-16T22:44:28.164+0800][118.690s] GC(31) User=0.00s Sys=0.00s Real=0.00s
[2020-04-16T22:44:28.226+0800][118.753s] GC(32) Pause Young (Normal) (G1 Evacuation Pause)
[2020-04-16T22:44:28.226+0800][118.753s] GC(32) Using 4 workers of 4 for evacuation
[2020-04-16T22:44:28.227+0800][118.753s] GC(32)   Pre Evacuate Collection Set: 0.1ms
[2020-04-16T22:44:28.227+0800][118.753s] GC(32)   Merge Heap Roots: 0.0ms
[2020-04-16T22:44:28.227+0800][118.753s] GC(32)   Evacuate Collection Set: 0.2ms
[2020-04-16T22:44:28.227+0800][118.753s] GC(32)   Post Evacuate Collection Set: 0.4ms
[2020-04-16T22:44:28.227+0800][118.753s] GC(32)   Other: 0.1ms
[2020-04-16T22:44:28.227+0800][118.753s] GC(32) Eden regions: 128->0(128)
[2020-04-16T22:44:28.227+0800][118.753s] GC(32) Survivor regions: 0->0(32)
[2020-04-16T22:44:28.227+0800][118.753s] GC(32) Old regions: 320->320
[2020-04-16T22:44:28.227+0800][118.753s] GC(32) Archive regions: 2->2
[2020-04-16T22:44:28.227+0800][118.753s] GC(32) Humongous regions: 1->1
[2020-04-16T22:44:28.227+0800][118.753s] GC(32) Metaspace: 39850K(41040K)->39850K(41040K) NonClass: 35039K(35792K)->35039K(35792K) Class: 4810K(5248K)->4810K(5248K)
[2020-04-16T22:44:28.227+0800][118.753s] GC(32) Pause Young (Normal) (G1 Evacuation Pause) 449M->321M(512M) 0.920ms
[2020-04-16T22:44:28.227+0800][118.753s] GC(32) User=0.00s Sys=0.00s Real=0.00s
[2020-04-16T22:44:28.229+0800][118.756s] GC(23) Concurrent Rebuild Remembered Sets 233.393ms
[2020-04-16T22:44:28.230+0800][118.756s] GC(23) Pause Cleanup
[2020-04-16T22:44:28.230+0800][118.756s] GC(23) Pause Cleanup 327M->327M(512M) 0.356ms
[2020-04-16T22:44:28.230+0800][118.756s] GC(23) User=0.00s Sys=0.00s Real=0.00s
[2020-04-16T22:44:28.230+0800][118.756s] GC(23) Concurrent Cleanup for Next Mark
[2020-04-16T22:44:28.232+0800][118.759s] GC(23) Concurrent Cleanup for Next Mark 2.111ms
[2020-04-16T22:44:28.232+0800][118.759s] GC(23) Concurrent Cycle 683.531ms
[2020-04-16T22:44:28.259+0800][118.786s] GC(33) Pause Young (Normal) (G1 Evacuation Pause)
[2020-04-16T22:44:28.259+0800][118.786s] GC(33) Using 4 workers of 4 for evacuation
[2020-04-16T22:44:28.260+0800][118.786s] GC(33)   Pre Evacuate Collection Set: 0.1ms
[2020-04-16T22:44:28.260+0800][118.786s] GC(33)   Merge Heap Roots: 0.1ms
[2020-04-16T22:44:28.260+0800][118.786s] GC(33)   Evacuate Collection Set: 0.2ms
[2020-04-16T22:44:28.260+0800][118.786s] GC(33)   Post Evacuate Collection Set: 0.3ms
[2020-04-16T22:44:28.260+0800][118.786s] GC(33)   Other: 0.2ms
[2020-04-16T22:44:28.260+0800][118.786s] GC(33) Eden regions: 128->0(128)
[2020-04-16T22:44:28.260+0800][118.786s] GC(33) Survivor regions: 0->0(32)
[2020-04-16T22:44:28.260+0800][118.786s] GC(33) Old regions: 320->320
[2020-04-16T22:44:28.260+0800][118.786s] GC(33) Archive regions: 2->2
[2020-04-16T22:44:28.260+0800][118.786s] GC(33) Humongous regions: 1->1
[2020-04-16T22:44:28.260+0800][118.786s] GC(33) Metaspace: 39850K(41040K)->39850K(41040K) NonClass: 35039K(35792K)->35039K(35792K) Class: 4810K(5248K)->4810K(5248K)
[2020-04-16T22:44:28.260+0800][118.786s] GC(33) Pause Young (Normal) (G1 Evacuation Pause) 449M->321M(512M) 0.898ms
[2020-04-16T22:44:28.260+0800][118.786s] GC(33) User=0.00s Sys=0.00s Real=0.01s
[2020-04-16T22:44:28.291+0800][118.817s] GC(34) Pause Young (Concurrent Start) (G1 Evacuation Pause)
[2020-04-16T22:44:28.291+0800][118.817s] GC(34) Using 4 workers of 4 for evacuation
[2020-04-16T22:44:28.292+0800][118.818s] GC(34)   Pre Evacuate Collection Set: 0.1ms
[2020-04-16T22:44:28.292+0800][118.818s] GC(34)   Merge Heap Roots: 0.1ms
[2020-04-16T22:44:28.292+0800][118.818s] GC(34)   Evacuate Collection Set: 0.5ms
[2020-04-16T22:44:28.292+0800][118.818s] GC(34)   Post Evacuate Collection Set: 0.3ms
[2020-04-16T22:44:28.292+0800][118.818s] GC(34)   Other: 0.2ms
[2020-04-16T22:44:28.292+0800][118.818s] GC(34) Eden regions: 128->0(128)
[2020-04-16T22:44:28.292+0800][118.819s] GC(34) Survivor regions: 0->0(32)
[2020-04-16T22:44:28.292+0800][118.819s] GC(34) Old regions: 320->320
[2020-04-16T22:44:28.292+0800][118.819s] GC(34) Archive regions: 2->2
[2020-04-16T22:44:28.292+0800][118.819s] GC(34) Humongous regions: 1->1
[2020-04-16T22:44:28.292+0800][118.819s] GC(34) Metaspace: 39850K(41040K)->39850K(41040K) NonClass: 35039K(35792K)->35039K(35792K) Class: 4810K(5248K)->4810K(5248K)
[2020-04-16T22:44:28.292+0800][118.819s] GC(34) Pause Young (Concurrent Start) (G1 Evacuation Pause) 449M->321M(512M) 1.323ms
[2020-04-16T22:44:28.292+0800][118.819s] GC(34) User=0.00s Sys=0.00s Real=0.00s
[2020-04-16T22:44:28.292+0800][118.819s] GC(35) Concurrent Cycle
[2020-04-16T22:44:28.292+0800][118.819s] GC(35) Concurrent Clear Claimed Marks
[2020-04-16T22:44:28.292+0800][118.819s] GC(35) Concurrent Clear Claimed Marks 0.034ms
[2020-04-16T22:44:28.292+0800][118.819s] GC(35) Concurrent Scan Root Regions
[2020-04-16T22:44:28.292+0800][118.819s] GC(35) Concurrent Scan Root Regions 0.007ms
[2020-04-16T22:44:28.292+0800][118.819s] GC(35) Concurrent Mark (118.819s)
[2020-04-16T22:44:28.292+0800][118.819s] GC(35) Concurrent Mark From Roots
[2020-04-16T22:44:28.292+0800][118.819s] GC(35) Using 4 workers of 4 for marking
[2020-04-16T22:44:28.404+0800][118.930s] GC(36) Pause Young (Normal) (G1 Evacuation Pause)
[2020-04-16T22:44:28.404+0800][118.930s] GC(36) Using 4 workers of 4 for evacuation
[2020-04-16T22:44:28.405+0800][118.931s] GC(36)   Pre Evacuate Collection Set: 0.1ms
[2020-04-16T22:44:28.405+0800][118.931s] GC(36)   Merge Heap Roots: 0.1ms
[2020-04-16T22:44:28.405+0800][118.931s] GC(36)   Evacuate Collection Set: 0.4ms
[2020-04-16T22:44:28.405+0800][118.931s] GC(36)   Post Evacuate Collection Set: 0.4ms
[2020-04-16T22:44:28.405+0800][118.931s] GC(36)   Other: 0.1ms
[2020-04-16T22:44:28.405+0800][118.931s] GC(36) Eden regions: 128->0(128)
[2020-04-16T22:44:28.405+0800][118.931s] GC(36) Survivor regions: 0->0(32)
[2020-04-16T22:44:28.405+0800][118.931s] GC(36) Old regions: 320->320
[2020-04-16T22:44:28.405+0800][118.931s] GC(36) Archive regions: 2->2
[2020-04-16T22:44:28.405+0800][118.931s] GC(36) Humongous regions: 1->1
[2020-04-16T22:44:28.405+0800][118.931s] GC(36) Metaspace: 39850K(41040K)->39850K(41040K) NonClass: 35039K(35792K)->35039K(35792K) Class: 4810K(5248K)->4810K(5248K)
[2020-04-16T22:44:28.405+0800][118.931s] GC(36) Pause Young (Normal) (G1 Evacuation Pause) 449M->321M(512M) 1.110ms
[2020-04-16T22:44:28.405+0800][118.931s] GC(36) User=0.00s Sys=0.00s Real=0.00s
[2020-04-16T22:44:28.482+0800][119.009s] GC(37) Pause Young (Normal) (G1 Evacuation Pause)
[2020-04-16T22:44:28.482+0800][119.009s] GC(37) Using 4 workers of 4 for evacuation
[2020-04-16T22:44:28.483+0800][119.009s] GC(37)   Pre Evacuate Collection Set: 0.1ms
[2020-04-16T22:44:28.483+0800][119.009s] GC(37)   Merge Heap Roots: 0.0ms
[2020-04-16T22:44:28.483+0800][119.009s] GC(37)   Evacuate Collection Set: 0.2ms
[2020-04-16T22:44:28.483+0800][119.009s] GC(37)   Post Evacuate Collection Set: 0.3ms
[2020-04-16T22:44:28.483+0800][119.009s] GC(37)   Other: 0.2ms
[2020-04-16T22:44:28.483+0800][119.009s] GC(37) Eden regions: 128->0(128)
[2020-04-16T22:44:28.483+0800][119.009s] GC(37) Survivor regions: 0->0(32)
[2020-04-16T22:44:28.483+0800][119.009s] GC(37) Old regions: 320->320
[2020-04-16T22:44:28.483+0800][119.009s] GC(37) Archive regions: 2->2
[2020-04-16T22:44:28.483+0800][119.009s] GC(37) Humongous regions: 1->1
[2020-04-16T22:44:28.483+0800][119.009s] GC(37) Metaspace: 39850K(41040K)->39850K(41040K) NonClass: 35039K(35792K)->35039K(35792K) Class: 4810K(5248K)->4810K(5248K)
[2020-04-16T22:44:28.483+0800][119.009s] GC(37) Pause Young (Normal) (G1 Evacuation Pause) 449M->321M(512M) 0.825ms
[2020-04-16T22:44:28.483+0800][119.009s] GC(37) User=0.00s Sys=0.00s Real=0.00s
[2020-04-16T22:44:28.583+0800][119.109s] GC(38) Pause Young (Normal) (G1 Evacuation Pause)
[2020-04-16T22:44:28.583+0800][119.109s] GC(38) Using 4 workers of 4 for evacuation
[2020-04-16T22:44:28.583+0800][119.110s] GC(38)   Pre Evacuate Collection Set: 0.1ms
[2020-04-16T22:44:28.583+0800][119.110s] GC(38)   Merge Heap Roots: 0.0ms
[2020-04-16T22:44:28.583+0800][119.110s] GC(38)   Evacuate Collection Set: 0.2ms
[2020-04-16T22:44:28.583+0800][119.110s] GC(38)   Post Evacuate Collection Set: 0.3ms
[2020-04-16T22:44:28.583+0800][119.110s] GC(38)   Other: 0.1ms
[2020-04-16T22:44:28.583+0800][119.110s] GC(38) Eden regions: 128->0(128)
[2020-04-16T22:44:28.583+0800][119.110s] GC(38) Survivor regions: 0->0(32)
[2020-04-16T22:44:28.583+0800][119.110s] GC(38) Old regions: 320->320
[2020-04-16T22:44:28.583+0800][119.110s] GC(38) Archive regions: 2->2
[2020-04-16T22:44:28.583+0800][119.110s] GC(38) Humongous regions: 1->1
[2020-04-16T22:44:28.583+0800][119.110s] GC(38) Metaspace: 39850K(41040K)->39850K(41040K) NonClass: 35039K(35792K)->35039K(35792K) Class: 4810K(5248K)->4810K(5248K)
[2020-04-16T22:44:28.583+0800][119.110s] GC(38) Pause Young (Normal) (G1 Evacuation Pause) 449M->321M(512M) 0.794ms
[2020-04-16T22:44:28.583+0800][119.110s] GC(38) User=0.00s Sys=0.00s Real=0.00s
[2020-04-16T22:44:28.724+0800][119.251s] GC(39) Pause Young (Normal) (G1 Evacuation Pause)
[2020-04-16T22:44:28.724+0800][119.251s] GC(39) Using 4 workers of 4 for evacuation
[2020-04-16T22:44:28.726+0800][119.252s] GC(39)   Pre Evacuate Collection Set: 0.1ms
[2020-04-16T22:44:28.726+0800][119.252s] GC(39)   Merge Heap Roots: 0.0ms
[2020-04-16T22:44:28.726+0800][119.252s] GC(39)   Evacuate Collection Set: 0.9ms
[2020-04-16T22:44:28.726+0800][119.252s] GC(39)   Post Evacuate Collection Set: 0.3ms
[2020-04-16T22:44:28.726+0800][119.252s] GC(39)   Other: 0.2ms
[2020-04-16T22:44:28.726+0800][119.252s] GC(39) Eden regions: 128->0(127)
[2020-04-16T22:44:28.726+0800][119.252s] GC(39) Survivor regions: 0->1(32)
[2020-04-16T22:44:28.726+0800][119.252s] GC(39) Old regions: 320->320
[2020-04-16T22:44:28.726+0800][119.252s] GC(39) Archive regions: 2->2
[2020-04-16T22:44:28.726+0800][119.252s] GC(39) Humongous regions: 1->1
[2020-04-16T22:44:28.726+0800][119.252s] GC(39) Metaspace: 39863K(41040K)->39863K(41040K) NonClass: 35052K(35792K)->35052K(35792K) Class: 4810K(5248K)->4810K(5248K)
[2020-04-16T22:44:28.726+0800][119.252s] GC(39) Pause Young (Normal) (G1 Evacuation Pause) 449M->321M(512M) 1.605ms
[2020-04-16T22:44:28.726+0800][119.252s] GC(39) User=0.00s Sys=0.00s Real=0.00s
[2020-04-16T22:44:28.871+0800][119.397s] GC(35) Concurrent Mark From Roots 578.513ms
[2020-04-16T22:44:28.871+0800][119.397s] GC(35) Concurrent Preclean
[2020-04-16T22:44:28.871+0800][119.397s] GC(35) Concurrent Preclean 0.146ms
[2020-04-16T22:44:28.871+0800][119.397s] GC(35) Concurrent Mark (118.819s, 119.397s) 578.754ms
[2020-04-16T22:44:28.871+0800][119.398s] GC(35) Pause Remark
[2020-04-16T22:44:28.874+0800][119.401s] GC(35) Pause Remark 439M->439M(512M) 3.144ms
[2020-04-16T22:44:28.874+0800][119.401s] GC(35) User=0.02s Sys=0.00s Real=0.00s
[2020-04-16T22:44:28.874+0800][119.401s] GC(35) Concurrent Rebuild Remembered Sets
[2020-04-16T22:44:28.879+0800][119.405s] GC(40) Pause Young (Normal) (G1 Evacuation Pause)
[2020-04-16T22:44:28.879+0800][119.405s] GC(40) Using 4 workers of 4 for evacuation
[2020-04-16T22:44:28.880+0800][119.406s] GC(40)   Pre Evacuate Collection Set: 0.0ms
[2020-04-16T22:44:28.880+0800][119.406s] GC(40)   Merge Heap Roots: 0.0ms
[2020-04-16T22:44:28.880+0800][119.406s] GC(40)   Evacuate Collection Set: 0.4ms
[2020-04-16T22:44:28.880+0800][119.406s] GC(40)   Post Evacuate Collection Set: 0.3ms
[2020-04-16T22:44:28.880+0800][119.406s] GC(40)   Other: 0.1ms
[2020-04-16T22:44:28.880+0800][119.406s] GC(40) Eden regions: 127->0(127)
[2020-04-16T22:44:28.880+0800][119.406s] GC(40) Survivor regions: 1->1(32)
[2020-04-16T22:44:28.880+0800][119.406s] GC(40) Old regions: 320->320
[2020-04-16T22:44:28.880+0800][119.406s] GC(40) Archive regions: 2->2
[2020-04-16T22:44:28.880+0800][119.406s] GC(40) Humongous regions: 1->1
[2020-04-16T22:44:28.880+0800][119.406s] GC(40) Metaspace: 39863K(41040K)->39863K(41040K) NonClass: 35052K(35792K)->35052K(35792K) Class: 4810K(5248K)->4810K(5248K)
[2020-04-16T22:44:28.880+0800][119.406s] GC(40) Pause Young (Normal) (G1 Evacuation Pause) 448M->321M(512M) 0.985ms
[2020-04-16T22:44:28.880+0800][119.406s] GC(40) User=0.00s Sys=0.01s Real=0.01s
[2020-04-16T22:44:28.974+0800][119.501s] GC(41) Pause Young (Normal) (G1 Evacuation Pause)
[2020-04-16T22:44:28.974+0800][119.501s] GC(41) Using 4 workers of 4 for evacuation
[2020-04-16T22:44:28.975+0800][119.501s] GC(41)   Pre Evacuate Collection Set: 0.0ms
[2020-04-16T22:44:28.975+0800][119.501s] GC(41)   Merge Heap Roots: 0.0ms
[2020-04-16T22:44:28.975+0800][119.501s] GC(41)   Evacuate Collection Set: 0.3ms
[2020-04-16T22:44:28.975+0800][119.501s] GC(41)   Post Evacuate Collection Set: 0.2ms
[2020-04-16T22:44:28.975+0800][119.502s] GC(41)   Other: 0.1ms
[2020-04-16T22:44:28.975+0800][119.502s] GC(41) Eden regions: 127->0(127)
[2020-04-16T22:44:28.975+0800][119.502s] GC(41) Survivor regions: 1->1(32)
[2020-04-16T22:44:28.975+0800][119.502s] GC(41) Old regions: 320->320
[2020-04-16T22:44:28.975+0800][119.502s] GC(41) Archive regions: 2->2
[2020-04-16T22:44:28.975+0800][119.502s] GC(41) Humongous regions: 1->1
[2020-04-16T22:44:28.975+0800][119.502s] GC(41) Metaspace: 39863K(41040K)->39863K(41040K) NonClass: 35052K(35792K)->35052K(35792K) Class: 4810K(5248K)->4810K(5248K)
[2020-04-16T22:44:28.975+0800][119.502s] GC(41) Pause Young (Normal) (G1 Evacuation Pause) 448M->321M(512M) 0.942ms
[2020-04-16T22:44:28.975+0800][119.502s] GC(41) User=0.01s Sys=0.00s Real=0.00s
[2020-04-16T22:44:29.038+0800][119.564s] GC(42) Pause Young (Normal) (G1 Evacuation Pause)
[2020-04-16T22:44:29.038+0800][119.564s] GC(42) Using 4 workers of 4 for evacuation
[2020-04-16T22:44:29.039+0800][119.565s] GC(42)   Pre Evacuate Collection Set: 0.1ms
[2020-04-16T22:44:29.039+0800][119.565s] GC(42)   Merge Heap Roots: 0.1ms
[2020-04-16T22:44:29.039+0800][119.565s] GC(42)   Evacuate Collection Set: 0.4ms
[2020-04-16T22:44:29.039+0800][119.565s] GC(42)   Post Evacuate Collection Set: 0.4ms
[2020-04-16T22:44:29.039+0800][119.565s] GC(42)   Other: 0.1ms
[2020-04-16T22:44:29.039+0800][119.565s] GC(42) Eden regions: 127->0(127)
[2020-04-16T22:44:29.039+0800][119.565s] GC(42) Survivor regions: 1->1(32)
[2020-04-16T22:44:29.039+0800][119.565s] GC(42) Old regions: 320->320
[2020-04-16T22:44:29.039+0800][119.565s] GC(42) Archive regions: 2->2
[2020-04-16T22:44:29.039+0800][119.565s] GC(42) Humongous regions: 1->1
[2020-04-16T22:44:29.039+0800][119.565s] GC(42) Metaspace: 39863K(41040K)->39863K(41040K) NonClass: 35052K(35792K)->35052K(35792K) Class: 4810K(5248K)->4810K(5248K)
[2020-04-16T22:44:29.039+0800][119.565s] GC(42) Pause Young (Normal) (G1 Evacuation Pause) 448M->321M(512M) 1.190ms
[2020-04-16T22:44:29.039+0800][119.565s] GC(42) User=0.01s Sys=0.00s Real=0.00s
[2020-04-16T22:44:29.104+0800][119.631s] GC(43) Pause Young (Normal) (G1 Evacuation Pause)
[2020-04-16T22:44:29.104+0800][119.631s] GC(43) Using 4 workers of 4 for evacuation
[2020-04-16T22:44:29.105+0800][119.632s] GC(43)   Pre Evacuate Collection Set: 0.1ms
[2020-04-16T22:44:29.105+0800][119.632s] GC(43)   Merge Heap Roots: 0.1ms
[2020-04-16T22:44:29.105+0800][119.632s] GC(43)   Evacuate Collection Set: 0.4ms
[2020-04-16T22:44:29.105+0800][119.632s] GC(43)   Post Evacuate Collection Set: 0.3ms
[2020-04-16T22:44:29.105+0800][119.632s] GC(43)   Other: 0.2ms
[2020-04-16T22:44:29.105+0800][119.632s] GC(43) Eden regions: 127->0(127)
[2020-04-16T22:44:29.105+0800][119.632s] GC(43) Survivor regions: 1->1(32)
[2020-04-16T22:44:29.105+0800][119.632s] GC(43) Old regions: 320->320
[2020-04-16T22:44:29.105+0800][119.632s] GC(43) Archive regions: 2->2
[2020-04-16T22:44:29.105+0800][119.632s] GC(43) Humongous regions: 1->1
[2020-04-16T22:44:29.105+0800][119.632s] GC(43) Metaspace: 39863K(41040K)->39863K(41040K) NonClass: 35052K(35792K)->35052K(35792K) Class: 4810K(5248K)->4810K(5248K)
[2020-04-16T22:44:29.105+0800][119.632s] GC(43) Pause Young (Normal) (G1 Evacuation Pause) 448M->321M(512M) 1.119ms
[2020-04-16T22:44:29.105+0800][119.632s] GC(43) User=0.00s Sys=0.00s Real=0.00s
[2020-04-16T22:44:29.128+0800][119.655s] GC(35) Concurrent Rebuild Remembered Sets 253.964ms
[2020-04-16T22:44:29.129+0800][119.655s] GC(35) Pause Cleanup
[2020-04-16T22:44:29.129+0800][119.655s] GC(35) Pause Cleanup 378M->378M(512M) 0.261ms
[2020-04-16T22:44:29.129+0800][119.655s] GC(35) User=0.00s Sys=0.00s Real=0.00s
[2020-04-16T22:44:29.129+0800][119.655s] GC(35) Concurrent Cleanup for Next Mark
[2020-04-16T22:44:29.130+0800][119.656s] GC(35) Concurrent Cleanup for Next Mark 0.685ms
[2020-04-16T22:44:29.130+0800][119.656s] GC(35) Concurrent Cycle 837.430ms
[2020-04-16T22:44:29.144+0800][119.670s] GC(44) Pause Young (Normal) (G1 Evacuation Pause)
[2020-04-16T22:44:29.144+0800][119.670s] GC(44) Using 4 workers of 4 for evacuation
[2020-04-16T22:44:29.145+0800][119.671s] GC(44)   Pre Evacuate Collection Set: 0.1ms
[2020-04-16T22:44:29.145+0800][119.671s] GC(44)   Merge Heap Roots: 0.1ms
[2020-04-16T22:44:29.145+0800][119.671s] GC(44)   Evacuate Collection Set: 0.4ms
[2020-04-16T22:44:29.145+0800][119.671s] GC(44)   Post Evacuate Collection Set: 0.4ms
[2020-04-16T22:44:29.145+0800][119.671s] GC(44)   Other: 0.1ms
[2020-04-16T22:44:29.145+0800][119.671s] GC(44) Eden regions: 127->0(127)
[2020-04-16T22:44:29.145+0800][119.671s] GC(44) Survivor regions: 1->1(32)
[2020-04-16T22:44:29.145+0800][119.671s] GC(44) Old regions: 320->320
[2020-04-16T22:44:29.145+0800][119.671s] GC(44) Archive regions: 2->2
[2020-04-16T22:44:29.145+0800][119.671s] GC(44) Humongous regions: 1->1
[2020-04-16T22:44:29.145+0800][119.671s] GC(44) Metaspace: 39863K(41040K)->39863K(41040K) NonClass: 35052K(35792K)->35052K(35792K) Class: 4810K(5248K)->4810K(5248K)
[2020-04-16T22:44:29.145+0800][119.671s] GC(44) Pause Young (Normal) (G1 Evacuation Pause) 448M->321M(512M) 1.136ms
[2020-04-16T22:44:29.145+0800][119.671s] GC(44) User=0.00s Sys=0.00s Real=0.00s
[2020-04-16T22:44:29.174+0800][119.701s] GC(45) Pause Young (Concurrent Start) (G1 Evacuation Pause)
[2020-04-16T22:44:29.174+0800][119.701s] GC(45) Using 4 workers of 4 for evacuation
[2020-04-16T22:44:29.175+0800][119.702s] GC(45)   Pre Evacuate Collection Set: 0.1ms
[2020-04-16T22:44:29.175+0800][119.702s] GC(45)   Merge Heap Roots: 0.0ms
[2020-04-16T22:44:29.175+0800][119.702s] GC(45)   Evacuate Collection Set: 0.7ms
[2020-04-16T22:44:29.175+0800][119.702s] GC(45)   Post Evacuate Collection Set: 0.3ms
[2020-04-16T22:44:29.175+0800][119.702s] GC(45)   Other: 0.1ms
[2020-04-16T22:44:29.175+0800][119.702s] GC(45) Eden regions: 127->0(127)
[2020-04-16T22:44:29.175+0800][119.702s] GC(45) Survivor regions: 1->1(32)
[2020-04-16T22:44:29.175+0800][119.702s] GC(45) Old regions: 320->320
[2020-04-16T22:44:29.175+0800][119.702s] GC(45) Archive regions: 2->2
[2020-04-16T22:44:29.176+0800][119.702s] GC(45) Humongous regions: 1->1
[2020-04-16T22:44:29.176+0800][119.702s] GC(45) Metaspace: 39863K(41040K)->39863K(41040K) NonClass: 35052K(35792K)->35052K(35792K) Class: 4810K(5248K)->4810K(5248K)
[2020-04-16T22:44:29.176+0800][119.702s] GC(45) Pause Young (Concurrent Start) (G1 Evacuation Pause) 448M->321M(512M) 1.372ms
[2020-04-16T22:44:29.176+0800][119.702s] GC(45) User=0.00s Sys=0.00s Real=0.00s
[2020-04-16T22:44:29.176+0800][119.702s] GC(46) Concurrent Cycle
[2020-04-16T22:44:29.176+0800][119.702s] GC(46) Concurrent Clear Claimed Marks
[2020-04-16T22:44:29.176+0800][119.702s] GC(46) Concurrent Clear Claimed Marks 0.049ms
[2020-04-16T22:44:29.176+0800][119.702s] GC(46) Concurrent Scan Root Regions
[2020-04-16T22:44:29.176+0800][119.703s] GC(46) Concurrent Scan Root Regions 0.698ms
[2020-04-16T22:44:29.176+0800][119.703s] GC(46) Concurrent Mark (119.703s)
[2020-04-16T22:44:29.176+0800][119.703s] GC(46) Concurrent Mark From Roots
[2020-04-16T22:44:29.176+0800][119.703s] GC(46) Using 4 workers of 4 for marking
[2020-04-16T22:44:29.279+0800][119.806s] GC(47) Pause Young (Normal) (G1 Evacuation Pause)
[2020-04-16T22:44:29.279+0800][119.806s] GC(47) Using 4 workers of 4 for evacuation
[2020-04-16T22:44:29.280+0800][119.807s] GC(47)   Pre Evacuate Collection Set: 0.1ms
[2020-04-16T22:44:29.280+0800][119.807s] GC(47)   Merge Heap Roots: 0.1ms
[2020-04-16T22:44:29.280+0800][119.807s] GC(47)   Evacuate Collection Set: 0.5ms
[2020-04-16T22:44:29.280+0800][119.807s] GC(47)   Post Evacuate Collection Set: 0.4ms
[2020-04-16T22:44:29.280+0800][119.807s] GC(47)   Other: 0.2ms
[2020-04-16T22:44:29.280+0800][119.807s] GC(47) Eden regions: 127->0(127)
[2020-04-16T22:44:29.280+0800][119.807s] GC(47) Survivor regions: 1->1(32)
[2020-04-16T22:44:29.280+0800][119.807s] GC(47) Old regions: 320->320
[2020-04-16T22:44:29.280+0800][119.807s] GC(47) Archive regions: 2->2
[2020-04-16T22:44:29.280+0800][119.807s] GC(47) Humongous regions: 1->1
[2020-04-16T22:44:29.280+0800][119.807s] GC(47) Metaspace: 39863K(41040K)->39863K(41040K) NonClass: 35052K(35792K)->35052K(35792K) Class: 4810K(5248K)->4810K(5248K)
[2020-04-16T22:44:29.280+0800][119.807s] GC(47) Pause Young (Normal) (G1 Evacuation Pause) 448M->321M(512M) 1.220ms
[2020-04-16T22:44:29.280+0800][119.807s] GC(47) User=0.00s Sys=0.00s Real=0.01s
[2020-04-16T22:44:29.357+0800][119.884s] GC(48) Pause Young (Normal) (G1 Evacuation Pause)
[2020-04-16T22:44:29.357+0800][119.884s] GC(48) Using 4 workers of 4 for evacuation
[2020-04-16T22:44:29.358+0800][119.885s] GC(48)   Pre Evacuate Collection Set: 0.1ms
[2020-04-16T22:44:29.358+0800][119.885s] GC(48)   Merge Heap Roots: 0.1ms
[2020-04-16T22:44:29.359+0800][119.885s] GC(48)   Evacuate Collection Set: 0.5ms
[2020-04-16T22:44:29.359+0800][119.885s] GC(48)   Post Evacuate Collection Set: 0.3ms
[2020-04-16T22:44:29.359+0800][119.885s] GC(48)   Other: 0.1ms
[2020-04-16T22:44:29.359+0800][119.885s] GC(48) Eden regions: 127->0(128)
[2020-04-16T22:44:29.359+0800][119.885s] GC(48) Survivor regions: 1->0(32)
[2020-04-16T22:44:29.359+0800][119.885s] GC(48) Old regions: 320->320
[2020-04-16T22:44:29.359+0800][119.885s] GC(48) Archive regions: 2->2
[2020-04-16T22:44:29.359+0800][119.885s] GC(48) Humongous regions: 1->1
[2020-04-16T22:44:29.359+0800][119.885s] GC(48) Metaspace: 39863K(41040K)->39863K(41040K) NonClass: 35052K(35792K)->35052K(35792K) Class: 4810K(5248K)->4810K(5248K)
[2020-04-16T22:44:29.359+0800][119.885s] GC(48) Pause Young (Normal) (G1 Evacuation Pause) 448M->321M(512M) 1.233ms
[2020-04-16T22:44:29.359+0800][119.885s] GC(48) User=0.01s Sys=0.00s Real=0.00s
[2020-04-16T22:44:29.423+0800][119.950s] GC(49) Pause Young (Normal) (G1 Evacuation Pause)
[2020-04-16T22:44:29.423+0800][119.950s] GC(49) Using 4 workers of 4 for evacuation
[2020-04-16T22:44:29.424+0800][119.950s] GC(49)   Pre Evacuate Collection Set: 0.1ms
[2020-04-16T22:44:29.424+0800][119.950s] GC(49)   Merge Heap Roots: 0.0ms
[2020-04-16T22:44:29.424+0800][119.950s] GC(49)   Evacuate Collection Set: 0.2ms
[2020-04-16T22:44:29.424+0800][119.950s] GC(49)   Post Evacuate Collection Set: 0.3ms
[2020-04-16T22:44:29.424+0800][119.950s] GC(49)   Other: 0.2ms
[2020-04-16T22:44:29.424+0800][119.950s] GC(49) Eden regions: 128->0(128)
[2020-04-16T22:44:29.424+0800][119.950s] GC(49) Survivor regions: 0->0(32)
[2020-04-16T22:44:29.424+0800][119.950s] GC(49) Old regions: 320->320
[2020-04-16T22:44:29.424+0800][119.950s] GC(49) Archive regions: 2->2
[2020-04-16T22:44:29.424+0800][119.950s] GC(49) Humongous regions: 1->1
[2020-04-16T22:44:29.424+0800][119.950s] GC(49) Metaspace: 39863K(41040K)->39863K(41040K) NonClass: 35052K(35792K)->35052K(35792K) Class: 4810K(5248K)->4810K(5248K)
[2020-04-16T22:44:29.424+0800][119.950s] GC(49) Pause Young (Normal) (G1 Evacuation Pause) 449M->321M(512M) 0.825ms
[2020-04-16T22:44:29.424+0800][119.950s] GC(49) User=0.00s Sys=0.00s Real=0.00s
[2020-04-16T22:44:29.495+0800][120.021s] GC(50) Pause Young (Normal) (G1 Evacuation Pause)
[2020-04-16T22:44:29.495+0800][120.021s] GC(50) Using 4 workers of 4 for evacuation
[2020-04-16T22:44:29.496+0800][120.022s] GC(50)   Pre Evacuate Collection Set: 0.1ms
[2020-04-16T22:44:29.496+0800][120.022s] GC(50)   Merge Heap Roots: 0.1ms
[2020-04-16T22:44:29.496+0800][120.022s] GC(50)   Evacuate Collection Set: 0.2ms
[2020-04-16T22:44:29.496+0800][120.022s] GC(50)   Post Evacuate Collection Set: 0.3ms
[2020-04-16T22:44:29.496+0800][120.022s] GC(50)   Other: 0.2ms
[2020-04-16T22:44:29.496+0800][120.022s] GC(50) Eden regions: 128->0(128)
[2020-04-16T22:44:29.496+0800][120.022s] GC(50) Survivor regions: 0->0(32)
[2020-04-16T22:44:29.496+0800][120.022s] GC(50) Old regions: 320->320
[2020-04-16T22:44:29.496+0800][120.022s] GC(50) Archive regions: 2->2
[2020-04-16T22:44:29.496+0800][120.022s] GC(50) Humongous regions: 1->1
[2020-04-16T22:44:29.496+0800][120.022s] GC(50) Metaspace: 39863K(41040K)->39863K(41040K) NonClass: 35052K(35792K)->35052K(35792K) Class: 4810K(5248K)->4810K(5248K)
[2020-04-16T22:44:29.496+0800][120.022s] GC(50) Pause Young (Normal) (G1 Evacuation Pause) 449M->321M(512M) 0.872ms
[2020-04-16T22:44:29.496+0800][120.022s] GC(50) User=0.00s Sys=0.00s Real=0.00s
[2020-04-16T22:44:29.573+0800][120.099s] GC(51) Pause Young (Normal) (G1 Evacuation Pause)
[2020-04-16T22:44:29.573+0800][120.100s] GC(51) Using 4 workers of 4 for evacuation
[2020-04-16T22:44:29.574+0800][120.100s] GC(51)   Pre Evacuate Collection Set: 0.0ms
[2020-04-16T22:44:29.574+0800][120.100s] GC(51)   Merge Heap Roots: 0.0ms
[2020-04-16T22:44:29.574+0800][120.100s] GC(51)   Evacuate Collection Set: 0.2ms
[2020-04-16T22:44:29.574+0800][120.100s] GC(51)   Post Evacuate Collection Set: 0.3ms
[2020-04-16T22:44:29.574+0800][120.100s] GC(51)   Other: 0.1ms
[2020-04-16T22:44:29.574+0800][120.100s] GC(51) Eden regions: 128->0(128)
[2020-04-16T22:44:29.574+0800][120.100s] GC(51) Survivor regions: 0->0(32)
[2020-04-16T22:44:29.574+0800][120.100s] GC(51) Old regions: 320->320
[2020-04-16T22:44:29.574+0800][120.100s] GC(51) Archive regions: 2->2
[2020-04-16T22:44:29.574+0800][120.100s] GC(51) Humongous regions: 1->1
[2020-04-16T22:44:29.574+0800][120.100s] GC(51) Metaspace: 39863K(41040K)->39863K(41040K) NonClass: 35052K(35792K)->35052K(35792K) Class: 4810K(5248K)->4810K(5248K)
[2020-04-16T22:44:29.574+0800][120.100s] GC(51) Pause Young (Normal) (G1 Evacuation Pause) 449M->321M(512M) 0.799ms
[2020-04-16T22:44:29.574+0800][120.100s] GC(51) User=0.01s Sys=0.00s Real=0.00s
[2020-04-16T22:44:29.613+0800][120.140s] GC(46) Concurrent Mark From Roots 436.761ms
[2020-04-16T22:44:29.613+0800][120.140s] GC(46) Concurrent Preclean
[2020-04-16T22:44:29.613+0800][120.140s] GC(46) Concurrent Preclean 0.119ms
[2020-04-16T22:44:29.613+0800][120.140s] GC(46) Concurrent Mark (119.703s, 120.140s) 436.955ms
[2020-04-16T22:44:29.614+0800][120.140s] GC(46) Pause Remark
[2020-04-16T22:44:29.617+0800][120.143s] GC(46) Pause Remark 398M->398M(512M) 3.038ms
[2020-04-16T22:44:29.617+0800][120.143s] GC(46) User=0.01s Sys=0.00s Real=0.00s
[2020-04-16T22:44:29.617+0800][120.143s] GC(46) Concurrent Rebuild Remembered Sets
[2020-04-16T22:44:29.638+0800][120.164s] GC(52) Pause Young (Normal) (G1 Evacuation Pause)
[2020-04-16T22:44:29.638+0800][120.164s] GC(52) Using 4 workers of 4 for evacuation
[2020-04-16T22:44:29.639+0800][120.165s] GC(52)   Pre Evacuate Collection Set: 0.1ms
[2020-04-16T22:44:29.639+0800][120.165s] GC(52)   Merge Heap Roots: 0.0ms
[2020-04-16T22:44:29.639+0800][120.165s] GC(52)   Evacuate Collection Set: 0.2ms
[2020-04-16T22:44:29.639+0800][120.165s] GC(52)   Post Evacuate Collection Set: 0.3ms
[2020-04-16T22:44:29.639+0800][120.165s] GC(52)   Other: 0.1ms
[2020-04-16T22:44:29.639+0800][120.165s] GC(52) Eden regions: 128->0(128)
[2020-04-16T22:44:29.639+0800][120.165s] GC(52) Survivor regions: 0->0(32)
[2020-04-16T22:44:29.639+0800][120.165s] GC(52) Old regions: 320->320
[2020-04-16T22:44:29.639+0800][120.165s] GC(52) Archive regions: 2->2
[2020-04-16T22:44:29.639+0800][120.165s] GC(52) Humongous regions: 1->1
[2020-04-16T22:44:29.639+0800][120.165s] GC(52) Metaspace: 39863K(41040K)->39863K(41040K) NonClass: 35052K(35792K)->35052K(35792K) Class: 4810K(5248K)->4810K(5248K)
[2020-04-16T22:44:29.639+0800][120.165s] GC(52) Pause Young (Normal) (G1 Evacuation Pause) 449M->321M(512M) 0.801ms
[2020-04-16T22:44:29.639+0800][120.165s] GC(52) User=0.00s Sys=0.00s Real=0.00s
[2020-04-16T22:44:29.707+0800][120.234s] GC(53) Pause Young (Normal) (G1 Evacuation Pause)
[2020-04-16T22:44:29.708+0800][120.234s] GC(53) Using 4 workers of 4 for evacuation
[2020-04-16T22:44:29.708+0800][120.235s] GC(53)   Pre Evacuate Collection Set: 0.1ms
[2020-04-16T22:44:29.708+0800][120.235s] GC(53)   Merge Heap Roots: 0.0ms
[2020-04-16T22:44:29.708+0800][120.235s] GC(53)   Evacuate Collection Set: 0.2ms
[2020-04-16T22:44:29.708+0800][120.235s] GC(53)   Post Evacuate Collection Set: 0.4ms
[2020-04-16T22:44:29.708+0800][120.235s] GC(53)   Other: 0.1ms
[2020-04-16T22:44:29.708+0800][120.235s] GC(53) Eden regions: 128->0(128)
[2020-04-16T22:44:29.708+0800][120.235s] GC(53) Survivor regions: 0->0(32)
[2020-04-16T22:44:29.708+0800][120.235s] GC(53) Old regions: 320->320
[2020-04-16T22:44:29.708+0800][120.235s] GC(53) Archive regions: 2->2
[2020-04-16T22:44:29.708+0800][120.235s] GC(53) Humongous regions: 1->1
[2020-04-16T22:44:29.708+0800][120.235s] GC(53) Metaspace: 39863K(41040K)->39863K(41040K) NonClass: 35052K(35792K)->35052K(35792K) Class: 4810K(5248K)->4810K(5248K)
[2020-04-16T22:44:29.708+0800][120.235s] GC(53) Pause Young (Normal) (G1 Evacuation Pause) 449M->321M(512M) 0.842ms
[2020-04-16T22:44:29.708+0800][120.235s] GC(53) User=0.00s Sys=0.00s Real=0.00s
[2020-04-16T22:44:29.781+0800][120.308s] GC(54) Pause Young (Normal) (G1 Evacuation Pause)
[2020-04-16T22:44:29.781+0800][120.308s] GC(54) Using 4 workers of 4 for evacuation
[2020-04-16T22:44:29.782+0800][120.309s] GC(54)   Pre Evacuate Collection Set: 0.1ms
[2020-04-16T22:44:29.782+0800][120.309s] GC(54)   Merge Heap Roots: 0.0ms
[2020-04-16T22:44:29.782+0800][120.309s] GC(54)   Evacuate Collection Set: 0.2ms
[2020-04-16T22:44:29.782+0800][120.309s] GC(54)   Post Evacuate Collection Set: 0.4ms
[2020-04-16T22:44:29.782+0800][120.309s] GC(54)   Other: 0.2ms
[2020-04-16T22:44:29.782+0800][120.309s] GC(54) Eden regions: 128->0(128)
[2020-04-16T22:44:29.782+0800][120.309s] GC(54) Survivor regions: 0->0(32)
[2020-04-16T22:44:29.782+0800][120.309s] GC(54) Old regions: 320->320
[2020-04-16T22:44:29.782+0800][120.309s] GC(54) Archive regions: 2->2
[2020-04-16T22:44:29.782+0800][120.309s] GC(54) Humongous regions: 1->1
[2020-04-16T22:44:29.782+0800][120.309s] GC(54) Metaspace: 39863K(41040K)->39863K(41040K) NonClass: 35052K(35792K)->35052K(35792K) Class: 4810K(5248K)->4810K(5248K)
[2020-04-16T22:44:29.782+0800][120.309s] GC(54) Pause Young (Normal) (G1 Evacuation Pause) 449M->321M(512M) 0.951ms
[2020-04-16T22:44:29.782+0800][120.309s] GC(54) User=0.00s Sys=0.00s Real=0.00s
[2020-04-16T22:44:29.844+0800][120.370s] GC(46) Concurrent Rebuild Remembered Sets 227.027ms
[2020-04-16T22:44:29.844+0800][120.370s] GC(46) Pause Cleanup
[2020-04-16T22:44:29.844+0800][120.371s] GC(46) Pause Cleanup 435M->435M(512M) 0.287ms
[2020-04-16T22:44:29.844+0800][120.371s] GC(46) User=0.00s Sys=0.00s Real=0.00s
[2020-04-16T22:44:29.844+0800][120.371s] GC(46) Concurrent Cleanup for Next Mark
[2020-04-16T22:44:29.845+0800][120.371s] GC(46) Concurrent Cleanup for Next Mark 0.686ms
[2020-04-16T22:44:29.845+0800][120.371s] GC(46) Concurrent Cycle 669.443ms
[2020-04-16T22:44:29.848+0800][120.375s] GC(55) Pause Young (Normal) (G1 Evacuation Pause)
[2020-04-16T22:44:29.848+0800][120.375s] GC(55) Using 4 workers of 4 for evacuation
[2020-04-16T22:44:29.849+0800][120.376s] GC(55)   Pre Evacuate Collection Set: 0.1ms
[2020-04-16T22:44:29.849+0800][120.376s] GC(55)   Merge Heap Roots: 0.0ms
[2020-04-16T22:44:29.849+0800][120.376s] GC(55)   Evacuate Collection Set: 0.2ms
[2020-04-16T22:44:29.849+0800][120.376s] GC(55)   Post Evacuate Collection Set: 0.4ms
[2020-04-16T22:44:29.849+0800][120.376s] GC(55)   Other: 0.1ms
[2020-04-16T22:44:29.849+0800][120.376s] GC(55) Eden regions: 128->0(128)
[2020-04-16T22:44:29.849+0800][120.376s] GC(55) Survivor regions: 0->0(32)
[2020-04-16T22:44:29.849+0800][120.376s] GC(55) Old regions: 320->320
[2020-04-16T22:44:29.849+0800][120.376s] GC(55) Archive regions: 2->2
[2020-04-16T22:44:29.849+0800][120.376s] GC(55) Humongous regions: 1->1
[2020-04-16T22:44:29.849+0800][120.376s] GC(55) Metaspace: 39863K(41040K)->39863K(41040K) NonClass: 35052K(35792K)->35052K(35792K) Class: 4810K(5248K)->4810K(5248K)
[2020-04-16T22:44:29.849+0800][120.376s] GC(55) Pause Young (Normal) (G1 Evacuation Pause) 449M->321M(512M) 0.977ms
[2020-04-16T22:44:29.849+0800][120.376s] GC(55) User=0.00s Sys=0.00s Real=0.00s
[2020-04-16T22:44:29.880+0800][120.406s] GC(56) Pause Young (Concurrent Start) (G1 Evacuation Pause)
[2020-04-16T22:44:29.880+0800][120.406s] GC(56) Using 4 workers of 4 for evacuation
[2020-04-16T22:44:29.881+0800][120.408s] GC(56)   Pre Evacuate Collection Set: 0.1ms
[2020-04-16T22:44:29.881+0800][120.408s] GC(56)   Merge Heap Roots: 0.0ms
[2020-04-16T22:44:29.881+0800][120.408s] GC(56)   Evacuate Collection Set: 0.6ms
[2020-04-16T22:44:29.881+0800][120.408s] GC(56)   Post Evacuate Collection Set: 0.3ms
[2020-04-16T22:44:29.881+0800][120.408s] GC(56)   Other: 0.2ms
[2020-04-16T22:44:29.881+0800][120.408s] GC(56) Eden regions: 128->0(128)
[2020-04-16T22:44:29.881+0800][120.408s] GC(56) Survivor regions: 0->0(32)
[2020-04-16T22:44:29.881+0800][120.408s] GC(56) Old regions: 320->320
[2020-04-16T22:44:29.881+0800][120.408s] GC(56) Archive regions: 2->2
[2020-04-16T22:44:29.881+0800][120.408s] GC(56) Humongous regions: 1->1
[2020-04-16T22:44:29.881+0800][120.408s] GC(56) Metaspace: 39863K(41040K)->39863K(41040K) NonClass: 35052K(35792K)->35052K(35792K) Class: 4810K(5248K)->4810K(5248K)
[2020-04-16T22:44:29.881+0800][120.408s] GC(56) Pause Young (Concurrent Start) (G1 Evacuation Pause) 449M->321M(512M) 1.355ms
[2020-04-16T22:44:29.881+0800][120.408s] GC(56) User=0.00s Sys=0.00s Real=0.00s
[2020-04-16T22:44:29.881+0800][120.408s] GC(57) Concurrent Cycle
[2020-04-16T22:44:29.881+0800][120.408s] GC(57) Concurrent Clear Claimed Marks
[2020-04-16T22:44:29.881+0800][120.408s] GC(57) Concurrent Clear Claimed Marks 0.034ms
[2020-04-16T22:44:29.881+0800][120.408s] GC(57) Concurrent Scan Root Regions
[2020-04-16T22:44:29.881+0800][120.408s] GC(57) Concurrent Scan Root Regions 0.008ms
[2020-04-16T22:44:29.881+0800][120.408s] GC(57) Concurrent Mark (120.408s)
[2020-04-16T22:44:29.881+0800][120.408s] GC(57) Concurrent Mark From Roots
[2020-04-16T22:44:29.882+0800][120.408s] GC(57) Using 4 workers of 4 for marking
[2020-04-16T22:44:29.984+0800][120.510s] GC(58) Pause Young (Normal) (G1 Evacuation Pause)
[2020-04-16T22:44:29.984+0800][120.510s] GC(58) Using 4 workers of 4 for evacuation
[2020-04-16T22:44:29.985+0800][120.511s] GC(58)   Pre Evacuate Collection Set: 0.1ms
[2020-04-16T22:44:29.985+0800][120.511s] GC(58)   Merge Heap Roots: 0.0ms
[2020-04-16T22:44:29.985+0800][120.511s] GC(58)   Evacuate Collection Set: 0.3ms
[2020-04-16T22:44:29.985+0800][120.511s] GC(58)   Post Evacuate Collection Set: 0.3ms
[2020-04-16T22:44:29.985+0800][120.511s] GC(58)   Other: 0.2ms
[2020-04-16T22:44:29.985+0800][120.511s] GC(58) Eden regions: 128->0(128)
[2020-04-16T22:44:29.985+0800][120.511s] GC(58) Survivor regions: 0->0(32)
[2020-04-16T22:44:29.985+0800][120.511s] GC(58) Old regions: 320->320
[2020-04-16T22:44:29.985+0800][120.511s] GC(58) Archive regions: 2->2
[2020-04-16T22:44:29.985+0800][120.511s] GC(58) Humongous regions: 1->1
[2020-04-16T22:44:29.985+0800][120.511s] GC(58) Metaspace: 39863K(41040K)->39863K(41040K) NonClass: 35052K(35792K)->35052K(35792K) Class: 4810K(5248K)->4810K(5248K)
[2020-04-16T22:44:29.985+0800][120.511s] GC(58) Pause Young (Normal) (G1 Evacuation Pause) 449M->321M(512M) 1.042ms
[2020-04-16T22:44:29.985+0800][120.511s] GC(58) User=0.00s Sys=0.00s Real=0.00s
[2020-04-16T22:44:30.054+0800][120.580s] GC(59) Pause Young (Normal) (G1 Evacuation Pause)
[2020-04-16T22:44:30.054+0800][120.580s] GC(59) Using 4 workers of 4 for evacuation
[2020-04-16T22:44:30.054+0800][120.581s] GC(59)   Pre Evacuate Collection Set: 0.1ms
[2020-04-16T22:44:30.055+0800][120.581s] GC(59)   Merge Heap Roots: 0.0ms
[2020-04-16T22:44:30.055+0800][120.581s] GC(59)   Evacuate Collection Set: 0.2ms
[2020-04-16T22:44:30.055+0800][120.581s] GC(59)   Post Evacuate Collection Set: 0.4ms
[2020-04-16T22:44:30.055+0800][120.581s] GC(59)   Other: 0.2ms
[2020-04-16T22:44:30.055+0800][120.581s] GC(59) Eden regions: 128->0(128)
[2020-04-16T22:44:30.055+0800][120.581s] GC(59) Survivor regions: 0->0(32)
[2020-04-16T22:44:30.055+0800][120.581s] GC(59) Old regions: 320->320
[2020-04-16T22:44:30.055+0800][120.581s] GC(59) Archive regions: 2->2
[2020-04-16T22:44:30.055+0800][120.581s] GC(59) Humongous regions: 1->1
[2020-04-16T22:44:30.055+0800][120.581s] GC(59) Metaspace: 39863K(41040K)->39863K(41040K) NonClass: 35052K(35792K)->35052K(35792K) Class: 4810K(5248K)->4810K(5248K)
[2020-04-16T22:44:30.055+0800][120.581s] GC(59) Pause Young (Normal) (G1 Evacuation Pause) 449M->321M(512M) 0.908ms
[2020-04-16T22:44:30.055+0800][120.581s] GC(59) User=0.00s Sys=0.00s Real=0.00s
[2020-04-16T22:44:30.130+0800][120.656s] GC(60) Pause Young (Normal) (G1 Evacuation Pause)
[2020-04-16T22:44:30.130+0800][120.656s] GC(60) Using 4 workers of 4 for evacuation
[2020-04-16T22:44:30.131+0800][120.657s] GC(60)   Pre Evacuate Collection Set: 0.1ms
[2020-04-16T22:44:30.131+0800][120.657s] GC(60)   Merge Heap Roots: 0.0ms
[2020-04-16T22:44:30.131+0800][120.657s] GC(60)   Evacuate Collection Set: 0.2ms
[2020-04-16T22:44:30.131+0800][120.657s] GC(60)   Post Evacuate Collection Set: 0.3ms
[2020-04-16T22:44:30.131+0800][120.657s] GC(60)   Other: 0.1ms
[2020-04-16T22:44:30.131+0800][120.657s] GC(60) Eden regions: 128->0(128)
[2020-04-16T22:44:30.131+0800][120.657s] GC(60) Survivor regions: 0->0(32)
[2020-04-16T22:44:30.131+0800][120.657s] GC(60) Old regions: 320->320
[2020-04-16T22:44:30.131+0800][120.657s] GC(60) Archive regions: 2->2
[2020-04-16T22:44:30.131+0800][120.657s] GC(60) Humongous regions: 1->1
[2020-04-16T22:44:30.131+0800][120.657s] GC(60) Metaspace: 39863K(41040K)->39863K(41040K) NonClass: 35052K(35792K)->35052K(35792K) Class: 4810K(5248K)->4810K(5248K)
[2020-04-16T22:44:30.131+0800][120.657s] GC(60) Pause Young (Normal) (G1 Evacuation Pause) 449M->321M(512M) 0.939ms
[2020-04-16T22:44:30.131+0800][120.657s] GC(60) User=0.01s Sys=0.00s Real=0.00s
[2020-04-16T22:44:30.200+0800][120.726s] GC(61) Pause Young (Normal) (G1 Evacuation Pause)
[2020-04-16T22:44:30.200+0800][120.726s] GC(61) Using 4 workers of 4 for evacuation
[2020-04-16T22:44:30.201+0800][120.727s] GC(61)   Pre Evacuate Collection Set: 0.1ms
[2020-04-16T22:44:30.201+0800][120.727s] GC(61)   Merge Heap Roots: 0.0ms
[2020-04-16T22:44:30.201+0800][120.727s] GC(61)   Evacuate Collection Set: 0.2ms
[2020-04-16T22:44:30.201+0800][120.727s] GC(61)   Post Evacuate Collection Set: 0.4ms
[2020-04-16T22:44:30.201+0800][120.727s] GC(61)   Other: 0.2ms
[2020-04-16T22:44:30.201+0800][120.727s] GC(61) Eden regions: 128->0(128)
[2020-04-16T22:44:30.201+0800][120.727s] GC(61) Survivor regions: 0->0(32)
[2020-04-16T22:44:30.201+0800][120.727s] GC(61) Old regions: 320->320
[2020-04-16T22:44:30.201+0800][120.727s] GC(61) Archive regions: 2->2
[2020-04-16T22:44:30.201+0800][120.727s] GC(61) Humongous regions: 1->1
[2020-04-16T22:44:30.201+0800][120.727s] GC(61) Metaspace: 39863K(41040K)->39863K(41040K) NonClass: 35052K(35792K)->35052K(35792K) Class: 4810K(5248K)->4810K(5248K)
[2020-04-16T22:44:30.201+0800][120.727s] GC(61) Pause Young (Normal) (G1 Evacuation Pause) 449M->321M(512M) 0.941ms
[2020-04-16T22:44:30.201+0800][120.727s] GC(61) User=0.00s Sys=0.00s Real=0.00s
[2020-04-16T22:44:30.279+0800][120.805s] GC(62) Pause Young (Normal) (G1 Evacuation Pause)
[2020-04-16T22:44:30.279+0800][120.805s] GC(62) Using 4 workers of 4 for evacuation
[2020-04-16T22:44:30.280+0800][120.806s] GC(62)   Pre Evacuate Collection Set: 0.1ms
[2020-04-16T22:44:30.280+0800][120.806s] GC(62)   Merge Heap Roots: 0.0ms
[2020-04-16T22:44:30.280+0800][120.806s] GC(62)   Evacuate Collection Set: 0.2ms
[2020-04-16T22:44:30.280+0800][120.806s] GC(62)   Post Evacuate Collection Set: 0.3ms
[2020-04-16T22:44:30.280+0800][120.806s] GC(62)   Other: 0.2ms
[2020-04-16T22:44:30.280+0800][120.806s] GC(62) Eden regions: 128->0(128)
[2020-04-16T22:44:30.280+0800][120.806s] GC(62) Survivor regions: 0->0(32)
[2020-04-16T22:44:30.280+0800][120.806s] GC(62) Old regions: 320->320
[2020-04-16T22:44:30.280+0800][120.806s] GC(62) Archive regions: 2->2
[2020-04-16T22:44:30.280+0800][120.806s] GC(62) Humongous regions: 1->1
[2020-04-16T22:44:30.280+0800][120.806s] GC(62) Metaspace: 39863K(41040K)->39863K(41040K) NonClass: 35052K(35792K)->35052K(35792K) Class: 4810K(5248K)->4810K(5248K)
[2020-04-16T22:44:30.280+0800][120.806s] GC(62) Pause Young (Normal) (G1 Evacuation Pause) 449M->321M(512M) 0.981ms
[2020-04-16T22:44:30.280+0800][120.806s] GC(62) User=0.00s Sys=0.00s Real=0.01s
[2020-04-16T22:44:30.300+0800][120.826s] GC(57) Concurrent Mark From Roots 418.345ms
[2020-04-16T22:44:30.300+0800][120.826s] GC(57) Concurrent Preclean
[2020-04-16T22:44:30.300+0800][120.826s] GC(57) Concurrent Preclean 0.114ms
[2020-04-16T22:44:30.300+0800][120.826s] GC(57) Concurrent Mark (120.408s, 120.826s) 418.530ms
[2020-04-16T22:44:30.300+0800][120.827s] GC(57) Pause Remark
[2020-04-16T22:44:30.303+0800][120.830s] GC(57) Pause Remark 369M->369M(512M) 3.050ms
[2020-04-16T22:44:30.303+0800][120.830s] GC(57) User=0.01s Sys=0.00s Real=0.00s
[2020-04-16T22:44:30.303+0800][120.830s] GC(57) Concurrent Rebuild Remembered Sets
[2020-04-16T22:44:30.340+0800][120.866s] GC(63) Pause Young (Normal) (G1 Evacuation Pause)
[2020-04-16T22:44:30.340+0800][120.866s] GC(63) Using 4 workers of 4 for evacuation
[2020-04-16T22:44:30.341+0800][120.867s] GC(63)   Pre Evacuate Collection Set: 0.1ms
[2020-04-16T22:44:30.341+0800][120.867s] GC(63)   Merge Heap Roots: 0.0ms
[2020-04-16T22:44:30.341+0800][120.867s] GC(63)   Evacuate Collection Set: 0.2ms
[2020-04-16T22:44:30.341+0800][120.867s] GC(63)   Post Evacuate Collection Set: 0.3ms
[2020-04-16T22:44:30.341+0800][120.867s] GC(63)   Other: 0.2ms
[2020-04-16T22:44:30.341+0800][120.867s] GC(63) Eden regions: 128->0(128)
[2020-04-16T22:44:30.341+0800][120.867s] GC(63) Survivor regions: 0->0(32)
[2020-04-16T22:44:30.341+0800][120.867s] GC(63) Old regions: 320->320
[2020-04-16T22:44:30.341+0800][120.867s] GC(63) Archive regions: 2->2
[2020-04-16T22:44:30.341+0800][120.867s] GC(63) Humongous regions: 1->1
[2020-04-16T22:44:30.341+0800][120.867s] GC(63) Metaspace: 39863K(41040K)->39863K(41040K) NonClass: 35052K(35792K)->35052K(35792K) Class: 4810K(5248K)->4810K(5248K)
[2020-04-16T22:44:30.341+0800][120.867s] GC(63) Pause Young (Normal) (G1 Evacuation Pause) 449M->321M(512M) 0.856ms
[2020-04-16T22:44:30.341+0800][120.867s] GC(63) User=0.00s Sys=0.00s Real=0.00s
[2020-04-16T22:44:30.452+0800][120.978s] GC(64) Pause Young (Normal) (G1 Evacuation Pause)
[2020-04-16T22:44:30.452+0800][120.978s] GC(64) Using 4 workers of 4 for evacuation
[2020-04-16T22:44:30.453+0800][120.979s] GC(64)   Pre Evacuate Collection Set: 0.0ms
[2020-04-16T22:44:30.453+0800][120.979s] GC(64)   Merge Heap Roots: 0.0ms
[2020-04-16T22:44:30.453+0800][120.979s] GC(64)   Evacuate Collection Set: 0.8ms
[2020-04-16T22:44:30.453+0800][120.979s] GC(64)   Post Evacuate Collection Set: 0.3ms
[2020-04-16T22:44:30.453+0800][120.979s] GC(64)   Other: 0.1ms
[2020-04-16T22:44:30.453+0800][120.979s] GC(64) Eden regions: 128->0(127)
[2020-04-16T22:44:30.453+0800][120.979s] GC(64) Survivor regions: 0->1(32)
[2020-04-16T22:44:30.453+0800][120.979s] GC(64) Old regions: 320->320
[2020-04-16T22:44:30.453+0800][120.979s] GC(64) Archive regions: 2->2
[2020-04-16T22:44:30.453+0800][120.979s] GC(64) Humongous regions: 1->1
[2020-04-16T22:44:30.453+0800][120.979s] GC(64) Metaspace: 39915K(41040K)->39915K(41040K) NonClass: 35101K(35792K)->35101K(35792K) Class: 4814K(5248K)->4814K(5248K)
[2020-04-16T22:44:30.453+0800][120.979s] GC(64) Pause Young (Normal) (G1 Evacuation Pause) 449M->321M(512M) 1.369ms
[2020-04-16T22:44:30.453+0800][120.979s] GC(64) User=0.01s Sys=0.00s Real=0.00s
[2020-04-16T22:44:30.555+0800][121.081s] GC(65) Pause Young (Normal) (G1 Evacuation Pause)
[2020-04-16T22:44:30.555+0800][121.081s] GC(65) Using 4 workers of 4 for evacuation
[2020-04-16T22:44:30.556+0800][121.082s] GC(65)   Pre Evacuate Collection Set: 0.1ms
[2020-04-16T22:44:30.556+0800][121.082s] GC(65)   Merge Heap Roots: 0.0ms
[2020-04-16T22:44:30.556+0800][121.082s] GC(65)   Evacuate Collection Set: 0.5ms
[2020-04-16T22:44:30.556+0800][121.082s] GC(65)   Post Evacuate Collection Set: 0.4ms
[2020-04-16T22:44:30.556+0800][121.082s] GC(65)   Other: 0.1ms
[2020-04-16T22:44:30.556+0800][121.082s] GC(65) Eden regions: 127->0(127)
[2020-04-16T22:44:30.556+0800][121.082s] GC(65) Survivor regions: 1->1(32)
[2020-04-16T22:44:30.556+0800][121.082s] GC(65) Old regions: 320->320
[2020-04-16T22:44:30.556+0800][121.082s] GC(65) Archive regions: 2->2
[2020-04-16T22:44:30.556+0800][121.082s] GC(65) Humongous regions: 1->1
[2020-04-16T22:44:30.556+0800][121.082s] GC(65) Metaspace: 39915K(41040K)->39915K(41040K) NonClass: 35101K(35792K)->35101K(35792K) Class: 4814K(5248K)->4814K(5248K)
[2020-04-16T22:44:30.556+0800][121.082s] GC(65) Pause Young (Normal) (G1 Evacuation Pause) 448M->321M(512M) 1.244ms
[2020-04-16T22:44:30.556+0800][121.082s] GC(65) User=0.00s Sys=0.00s Real=0.00s
[2020-04-16T22:44:30.587+0800][121.114s] GC(57) Concurrent Rebuild Remembered Sets 283.805ms
[2020-04-16T22:44:30.587+0800][121.114s] GC(57) Pause Cleanup
[2020-04-16T22:44:30.588+0800][121.114s] GC(57) Pause Cleanup 372M->372M(512M) 0.283ms
[2020-04-16T22:44:30.588+0800][121.114s] GC(57) User=0.00s Sys=0.00s Real=0.00s
[2020-04-16T22:44:30.588+0800][121.114s] GC(57) Concurrent Cleanup for Next Mark
[2020-04-16T22:44:30.589+0800][121.115s] GC(57) Concurrent Cleanup for Next Mark 0.788ms
[2020-04-16T22:44:30.589+0800][121.115s] GC(57) Concurrent Cycle 707.124ms
[2020-04-16T22:44:30.607+0800][121.133s] GC(66) Pause Young (Normal) (G1 Evacuation Pause)
[2020-04-16T22:44:30.607+0800][121.133s] GC(66) Using 4 workers of 4 for evacuation
[2020-04-16T22:44:30.608+0800][121.134s] GC(66)   Pre Evacuate Collection Set: 0.0ms
[2020-04-16T22:44:30.608+0800][121.134s] GC(66)   Merge Heap Roots: 0.0ms
[2020-04-16T22:44:30.608+0800][121.134s] GC(66)   Evacuate Collection Set: 0.4ms
[2020-04-16T22:44:30.608+0800][121.134s] GC(66)   Post Evacuate Collection Set: 0.3ms
[2020-04-16T22:44:30.608+0800][121.134s] GC(66)   Other: 0.1ms
[2020-04-16T22:44:30.608+0800][121.134s] GC(66) Eden regions: 127->0(127)
[2020-04-16T22:44:30.608+0800][121.134s] GC(66) Survivor regions: 1->1(32)
[2020-04-16T22:44:30.608+0800][121.134s] GC(66) Old regions: 320->320
[2020-04-16T22:44:30.608+0800][121.134s] GC(66) Archive regions: 2->2
[2020-04-16T22:44:30.608+0800][121.134s] GC(66) Humongous regions: 1->1
[2020-04-16T22:44:30.608+0800][121.134s] GC(66) Metaspace: 39915K(41040K)->39915K(41040K) NonClass: 35101K(35792K)->35101K(35792K) Class: 4814K(5248K)->4814K(5248K)
[2020-04-16T22:44:30.608+0800][121.134s] GC(66) Pause Young (Normal) (G1 Evacuation Pause) 448M->321M(512M) 0.993ms
[2020-04-16T22:44:30.608+0800][121.134s] GC(66) User=0.00s Sys=0.00s Real=0.00s
[2020-04-16T22:44:30.647+0800][121.173s] GC(67) Pause Young (Concurrent Start) (G1 Evacuation Pause)
[2020-04-16T22:44:30.647+0800][121.173s] GC(67) Using 4 workers of 4 for evacuation
[2020-04-16T22:44:30.648+0800][121.174s] GC(67)   Pre Evacuate Collection Set: 0.1ms
[2020-04-16T22:44:30.648+0800][121.174s] GC(67)   Merge Heap Roots: 0.0ms
[2020-04-16T22:44:30.648+0800][121.174s] GC(67)   Evacuate Collection Set: 0.7ms
[2020-04-16T22:44:30.648+0800][121.174s] GC(67)   Post Evacuate Collection Set: 0.4ms
[2020-04-16T22:44:30.648+0800][121.174s] GC(67)   Other: 0.2ms
[2020-04-16T22:44:30.648+0800][121.174s] GC(67) Eden regions: 127->0(127)
[2020-04-16T22:44:30.648+0800][121.174s] GC(67) Survivor regions: 1->1(32)
[2020-04-16T22:44:30.648+0800][121.174s] GC(67) Old regions: 320->320
[2020-04-16T22:44:30.648+0800][121.174s] GC(67) Archive regions: 2->2
[2020-04-16T22:44:30.648+0800][121.174s] GC(67) Humongous regions: 1->1
[2020-04-16T22:44:30.648+0800][121.174s] GC(67) Metaspace: 39915K(41040K)->39915K(41040K) NonClass: 35101K(35792K)->35101K(35792K) Class: 4814K(5248K)->4814K(5248K)
[2020-04-16T22:44:30.648+0800][121.174s] GC(67) Pause Young (Concurrent Start) (G1 Evacuation Pause) 448M->321M(512M) 1.443ms
[2020-04-16T22:44:30.648+0800][121.174s] GC(67) User=0.00s Sys=0.00s Real=0.00s
[2020-04-16T22:44:30.648+0800][121.174s] GC(68) Concurrent Cycle
[2020-04-16T22:44:30.648+0800][121.174s] GC(68) Concurrent Clear Claimed Marks
[2020-04-16T22:44:30.648+0800][121.174s] GC(68) Concurrent Clear Claimed Marks 0.043ms
[2020-04-16T22:44:30.648+0800][121.174s] GC(68) Concurrent Scan Root Regions
[2020-04-16T22:44:30.649+0800][121.175s] GC(68) Concurrent Scan Root Regions 0.767ms
[2020-04-16T22:44:30.649+0800][121.175s] GC(68) Concurrent Mark (121.175s)
[2020-04-16T22:44:30.649+0800][121.175s] GC(68) Concurrent Mark From Roots
[2020-04-16T22:44:30.649+0800][121.175s] GC(68) Using 4 workers of 4 for marking
[2020-04-16T22:44:30.785+0800][121.311s] GC(69) Pause Young (Normal) (G1 Evacuation Pause)
[2020-04-16T22:44:30.785+0800][121.311s] GC(69) Using 4 workers of 4 for evacuation
[2020-04-16T22:44:30.786+0800][121.312s] GC(69)   Pre Evacuate Collection Set: 0.0ms
[2020-04-16T22:44:30.786+0800][121.312s] GC(69)   Merge Heap Roots: 0.0ms
[2020-04-16T22:44:30.786+0800][121.312s] GC(69)   Evacuate Collection Set: 0.6ms
[2020-04-16T22:44:30.786+0800][121.312s] GC(69)   Post Evacuate Collection Set: 0.3ms
[2020-04-16T22:44:30.786+0800][121.312s] GC(69)   Other: 0.1ms
[2020-04-16T22:44:30.786+0800][121.312s] GC(69) Eden regions: 127->0(127)
[2020-04-16T22:44:30.786+0800][121.312s] GC(69) Survivor regions: 1->1(32)
[2020-04-16T22:44:30.786+0800][121.312s] GC(69) Old regions: 320->320
[2020-04-16T22:44:30.786+0800][121.312s] GC(69) Archive regions: 2->2
[2020-04-16T22:44:30.786+0800][121.312s] GC(69) Humongous regions: 1->1
[2020-04-16T22:44:30.786+0800][121.312s] GC(69) Metaspace: 39915K(41040K)->39915K(41040K) NonClass: 35101K(35792K)->35101K(35792K) Class: 4814K(5248K)->4814K(5248K)
[2020-04-16T22:44:30.786+0800][121.312s] GC(69) Pause Young (Normal) (G1 Evacuation Pause) 448M->321M(512M) 1.177ms
[2020-04-16T22:44:30.786+0800][121.312s] GC(69) User=0.00s Sys=0.00s Real=0.00s
[2020-04-16T22:44:30.872+0800][121.398s] GC(70) Pause Young (Normal) (G1 Evacuation Pause)
[2020-04-16T22:44:30.872+0800][121.398s] GC(70) Using 4 workers of 4 for evacuation
[2020-04-16T22:44:30.873+0800][121.399s] GC(70)   Pre Evacuate Collection Set: 0.0ms
[2020-04-16T22:44:30.873+0800][121.399s] GC(70)   Merge Heap Roots: 0.0ms
[2020-04-16T22:44:30.873+0800][121.399s] GC(70)   Evacuate Collection Set: 0.4ms
[2020-04-16T22:44:30.873+0800][121.399s] GC(70)   Post Evacuate Collection Set: 0.3ms
[2020-04-16T22:44:30.873+0800][121.399s] GC(70)   Other: 0.2ms
[2020-04-16T22:44:30.873+0800][121.399s] GC(70) Eden regions: 127->0(127)
[2020-04-16T22:44:30.873+0800][121.399s] GC(70) Survivor regions: 1->1(32)
[2020-04-16T22:44:30.873+0800][121.399s] GC(70) Old regions: 320->320
[2020-04-16T22:44:30.873+0800][121.399s] GC(70) Archive regions: 2->2
[2020-04-16T22:44:30.873+0800][121.399s] GC(70) Humongous regions: 1->1
[2020-04-16T22:44:30.873+0800][121.399s] GC(70) Metaspace: 39915K(41040K)->39915K(41040K) NonClass: 35101K(35792K)->35101K(35792K) Class: 4814K(5248K)->4814K(5248K)
[2020-04-16T22:44:30.873+0800][121.399s] GC(70) Pause Young (Normal) (G1 Evacuation Pause) 448M->321M(512M) 1.044ms
[2020-04-16T22:44:30.873+0800][121.399s] GC(70) User=0.00s Sys=0.00s Real=0.00s
[2020-04-16T22:44:30.961+0800][121.487s] GC(71) Pause Young (Normal) (G1 Evacuation Pause)
[2020-04-16T22:44:30.961+0800][121.487s] GC(71) Using 4 workers of 4 for evacuation
[2020-04-16T22:44:30.962+0800][121.488s] GC(71)   Pre Evacuate Collection Set: 0.0ms
[2020-04-16T22:44:30.962+0800][121.488s] GC(71)   Merge Heap Roots: 0.0ms
[2020-04-16T22:44:30.962+0800][121.488s] GC(71)   Evacuate Collection Set: 0.5ms
[2020-04-16T22:44:30.962+0800][121.488s] GC(71)   Post Evacuate Collection Set: 0.3ms
[2020-04-16T22:44:30.962+0800][121.488s] GC(71)   Other: 0.1ms
[2020-04-16T22:44:30.962+0800][121.488s] GC(71) Eden regions: 127->0(127)
[2020-04-16T22:44:30.962+0800][121.488s] GC(71) Survivor regions: 1->1(32)
[2020-04-16T22:44:30.962+0800][121.488s] GC(71) Old regions: 320->320
[2020-04-16T22:44:30.962+0800][121.488s] GC(71) Archive regions: 2->2
[2020-04-16T22:44:30.962+0800][121.488s] GC(71) Humongous regions: 1->1
[2020-04-16T22:44:30.962+0800][121.488s] GC(71) Metaspace: 39915K(41040K)->39915K(41040K) NonClass: 35101K(35792K)->35101K(35792K) Class: 4814K(5248K)->4814K(5248K)
[2020-04-16T22:44:30.962+0800][121.488s] GC(71) Pause Young (Normal) (G1 Evacuation Pause) 448M->321M(512M) 1.079ms
[2020-04-16T22:44:30.962+0800][121.488s] GC(71) User=0.01s Sys=0.00s Real=0.00s
[2020-04-16T22:44:31.041+0800][121.567s] GC(72) Pause Young (Normal) (G1 Evacuation Pause)
[2020-04-16T22:44:31.041+0800][121.567s] GC(72) Using 4 workers of 4 for evacuation
[2020-04-16T22:44:31.042+0800][121.568s] GC(72)   Pre Evacuate Collection Set: 0.1ms
[2020-04-16T22:44:31.042+0800][121.568s] GC(72)   Merge Heap Roots: 0.0ms
[2020-04-16T22:44:31.042+0800][121.568s] GC(72)   Evacuate Collection Set: 0.4ms
[2020-04-16T22:44:31.042+0800][121.568s] GC(72)   Post Evacuate Collection Set: 0.3ms
[2020-04-16T22:44:31.042+0800][121.568s] GC(72)   Other: 0.1ms
[2020-04-16T22:44:31.042+0800][121.568s] GC(72) Eden regions: 127->0(127)
[2020-04-16T22:44:31.042+0800][121.568s] GC(72) Survivor regions: 1->1(32)
[2020-04-16T22:44:31.042+0800][121.568s] GC(72) Old regions: 320->320
[2020-04-16T22:44:31.042+0800][121.568s] GC(72) Archive regions: 2->2
[2020-04-16T22:44:31.042+0800][121.568s] GC(72) Humongous regions: 1->1
[2020-04-16T22:44:31.042+0800][121.568s] GC(72) Metaspace: 39915K(41040K)->39915K(41040K) NonClass: 35101K(35792K)->35101K(35792K) Class: 4814K(5248K)->4814K(5248K)
[2020-04-16T22:44:31.042+0800][121.568s] GC(72) Pause Young (Normal) (G1 Evacuation Pause) 448M->321M(512M) 1.021ms
[2020-04-16T22:44:31.042+0800][121.568s] GC(72) User=0.01s Sys=0.00s Real=0.00s
[2020-04-16T22:44:31.130+0800][121.656s] GC(73) Pause Young (Normal) (G1 Evacuation Pause)
[2020-04-16T22:44:31.130+0800][121.656s] GC(73) Using 4 workers of 4 for evacuation
[2020-04-16T22:44:31.131+0800][121.657s] GC(73)   Pre Evacuate Collection Set: 0.1ms
[2020-04-16T22:44:31.131+0800][121.657s] GC(73)   Merge Heap Roots: 0.0ms
[2020-04-16T22:44:31.131+0800][121.657s] GC(73)   Evacuate Collection Set: 0.5ms
[2020-04-16T22:44:31.131+0800][121.657s] GC(73)   Post Evacuate Collection Set: 0.3ms
[2020-04-16T22:44:31.131+0800][121.657s] GC(73)   Other: 0.2ms
[2020-04-16T22:44:31.131+0800][121.657s] GC(73) Eden regions: 127->0(128)
[2020-04-16T22:44:31.131+0800][121.657s] GC(73) Survivor regions: 1->0(32)
[2020-04-16T22:44:31.131+0800][121.657s] GC(73) Old regions: 320->320
[2020-04-16T22:44:31.131+0800][121.657s] GC(73) Archive regions: 2->2
[2020-04-16T22:44:31.131+0800][121.657s] GC(73) Humongous regions: 1->1
[2020-04-16T22:44:31.131+0800][121.657s] GC(73) Metaspace: 39915K(41040K)->39915K(41040K) NonClass: 35101K(35792K)->35101K(35792K) Class: 4814K(5248K)->4814K(5248K)
[2020-04-16T22:44:31.131+0800][121.657s] GC(73) Pause Young (Normal) (G1 Evacuation Pause) 448M->321M(512M) 1.169ms
[2020-04-16T22:44:31.131+0800][121.657s] GC(73) User=0.00s Sys=0.00s Real=0.00s
[2020-04-16T22:44:31.168+0800][121.694s] GC(68) Concurrent Mark From Roots 518.831ms
[2020-04-16T22:44:31.168+0800][121.694s] GC(68) Concurrent Preclean
[2020-04-16T22:44:31.168+0800][121.694s] GC(68) Concurrent Preclean 0.149ms
[2020-04-16T22:44:31.168+0800][121.694s] GC(68) Concurrent Mark (121.175s, 121.694s) 519.072ms
[2020-04-16T22:44:31.168+0800][121.694s] GC(68) Pause Remark
[2020-04-16T22:44:31.171+0800][121.697s] GC(68) Pause Remark 382M->382M(512M) 2.961ms
[2020-04-16T22:44:31.171+0800][121.697s] GC(68) User=0.01s Sys=0.00s Real=0.01s
[2020-04-16T22:44:31.171+0800][121.698s] GC(68) Concurrent Rebuild Remembered Sets
[2020-04-16T22:44:31.206+0800][121.732s] GC(74) Pause Young (Normal) (G1 Evacuation Pause)
[2020-04-16T22:44:31.206+0800][121.732s] GC(74) Using 4 workers of 4 for evacuation
[2020-04-16T22:44:31.207+0800][121.733s] GC(74)   Pre Evacuate Collection Set: 0.0ms
[2020-04-16T22:44:31.207+0800][121.733s] GC(74)   Merge Heap Roots: 0.0ms
[2020-04-16T22:44:31.207+0800][121.733s] GC(74)   Evacuate Collection Set: 0.3ms
[2020-04-16T22:44:31.207+0800][121.733s] GC(74)   Post Evacuate Collection Set: 0.3ms
[2020-04-16T22:44:31.207+0800][121.733s] GC(74)   Other: 0.1ms
[2020-04-16T22:44:31.207+0800][121.733s] GC(74) Eden regions: 128->0(128)
[2020-04-16T22:44:31.207+0800][121.733s] GC(74) Survivor regions: 0->0(32)
[2020-04-16T22:44:31.207+0800][121.733s] GC(74) Old regions: 320->320
[2020-04-16T22:44:31.207+0800][121.733s] GC(74) Archive regions: 2->2
[2020-04-16T22:44:31.207+0800][121.733s] GC(74) Humongous regions: 1->1
[2020-04-16T22:44:31.207+0800][121.733s] GC(74) Metaspace: 39915K(41040K)->39915K(41040K) NonClass: 35101K(35792K)->35101K(35792K) Class: 4814K(5248K)->4814K(5248K)
[2020-04-16T22:44:31.207+0800][121.733s] GC(74) Pause Young (Normal) (G1 Evacuation Pause) 449M->321M(512M) 0.875ms
[2020-04-16T22:44:31.207+0800][121.733s] GC(74) User=0.00s Sys=0.00s Real=0.00s
[2020-04-16T22:44:31.290+0800][121.816s] GC(75) Pause Young (Normal) (G1 Evacuation Pause)
[2020-04-16T22:44:31.290+0800][121.816s] GC(75) Using 4 workers of 4 for evacuation
[2020-04-16T22:44:31.291+0800][121.817s] GC(75)   Pre Evacuate Collection Set: 0.1ms
[2020-04-16T22:44:31.291+0800][121.817s] GC(75)   Merge Heap Roots: 0.0ms
[2020-04-16T22:44:31.291+0800][121.817s] GC(75)   Evacuate Collection Set: 0.2ms
[2020-04-16T22:44:31.291+0800][121.817s] GC(75)   Post Evacuate Collection Set: 0.3ms
[2020-04-16T22:44:31.291+0800][121.817s] GC(75)   Other: 0.1ms
[2020-04-16T22:44:31.291+0800][121.817s] GC(75) Eden regions: 128->0(128)
[2020-04-16T22:44:31.291+0800][121.817s] GC(75) Survivor regions: 0->0(32)
[2020-04-16T22:44:31.291+0800][121.817s] GC(75) Old regions: 320->320
[2020-04-16T22:44:31.291+0800][121.817s] GC(75) Archive regions: 2->2
[2020-04-16T22:44:31.291+0800][121.817s] GC(75) Humongous regions: 1->1
[2020-04-16T22:44:31.291+0800][121.817s] GC(75) Metaspace: 39915K(41040K)->39915K(41040K) NonClass: 35101K(35792K)->35101K(35792K) Class: 4814K(5248K)->4814K(5248K)
[2020-04-16T22:44:31.291+0800][121.817s] GC(75) Pause Young (Normal) (G1 Evacuation Pause) 449M->321M(512M) 0.815ms
[2020-04-16T22:44:31.291+0800][121.817s] GC(75) User=0.00s Sys=0.00s Real=0.00s
[2020-04-16T22:44:31.359+0800][121.886s] GC(76) Pause Young (Normal) (G1 Evacuation Pause)
[2020-04-16T22:44:31.359+0800][121.886s] GC(76) Using 4 workers of 4 for evacuation
[2020-04-16T22:44:31.360+0800][121.886s] GC(76)   Pre Evacuate Collection Set: 0.1ms
[2020-04-16T22:44:31.360+0800][121.886s] GC(76)   Merge Heap Roots: 0.0ms
[2020-04-16T22:44:31.360+0800][121.886s] GC(76)   Evacuate Collection Set: 0.2ms
[2020-04-16T22:44:31.360+0800][121.886s] GC(76)   Post Evacuate Collection Set: 0.3ms
[2020-04-16T22:44:31.360+0800][121.886s] GC(76)   Other: 0.1ms
[2020-04-16T22:44:31.360+0800][121.886s] GC(76) Eden regions: 128->0(128)
[2020-04-16T22:44:31.360+0800][121.886s] GC(76) Survivor regions: 0->0(32)
[2020-04-16T22:44:31.360+0800][121.886s] GC(76) Old regions: 320->320
[2020-04-16T22:44:31.360+0800][121.886s] GC(76) Archive regions: 2->2
[2020-04-16T22:44:31.360+0800][121.886s] GC(76) Humongous regions: 1->1
[2020-04-16T22:44:31.360+0800][121.886s] GC(76) Metaspace: 39915K(41040K)->39915K(41040K) NonClass: 35101K(35792K)->35101K(35792K) Class: 4814K(5248K)->4814K(5248K)
[2020-04-16T22:44:31.360+0800][121.886s] GC(76) Pause Young (Normal) (G1 Evacuation Pause) 449M->321M(512M) 0.777ms
[2020-04-16T22:44:31.360+0800][121.886s] GC(76) User=0.00s Sys=0.00s Real=0.01s
[2020-04-16T22:44:31.414+0800][121.940s] GC(68) Concurrent Rebuild Remembered Sets 242.520ms
[2020-04-16T22:44:31.414+0800][121.940s] GC(68) Pause Cleanup
[2020-04-16T22:44:31.414+0800][121.941s] GC(68) Pause Cleanup 422M->422M(512M) 0.267ms
[2020-04-16T22:44:31.414+0800][121.941s] GC(68) User=0.00s Sys=0.00s Real=0.00s
[2020-04-16T22:44:31.414+0800][121.941s] GC(68) Concurrent Cleanup for Next Mark
[2020-04-16T22:44:31.415+0800][121.941s] GC(68) Concurrent Cleanup for Next Mark 0.678ms
[2020-04-16T22:44:31.415+0800][121.941s] GC(68) Concurrent Cycle 767.050ms
[2020-04-16T22:44:31.422+0800][121.948s] GC(77) Pause Young (Normal) (G1 Evacuation Pause)
[2020-04-16T22:44:31.422+0800][121.948s] GC(77) Using 4 workers of 4 for evacuation
[2020-04-16T22:44:31.423+0800][121.949s] GC(77)   Pre Evacuate Collection Set: 0.1ms
[2020-04-16T22:44:31.423+0800][121.949s] GC(77)   Merge Heap Roots: 0.0ms
[2020-04-16T22:44:31.423+0800][121.949s] GC(77)   Evacuate Collection Set: 0.3ms
[2020-04-16T22:44:31.423+0800][121.949s] GC(77)   Post Evacuate Collection Set: 0.3ms
[2020-04-16T22:44:31.423+0800][121.949s] GC(77)   Other: 0.1ms
[2020-04-16T22:44:31.423+0800][121.949s] GC(77) Eden regions: 128->0(128)
[2020-04-16T22:44:31.423+0800][121.949s] GC(77) Survivor regions: 0->0(32)
[2020-04-16T22:44:31.423+0800][121.949s] GC(77) Old regions: 320->320
[2020-04-16T22:44:31.423+0800][121.949s] GC(77) Archive regions: 2->2
[2020-04-16T22:44:31.423+0800][121.949s] GC(77) Humongous regions: 1->1
[2020-04-16T22:44:31.423+0800][121.949s] GC(77) Metaspace: 39915K(41040K)->39915K(41040K) NonClass: 35101K(35792K)->35101K(35792K) Class: 4814K(5248K)->4814K(5248K)
[2020-04-16T22:44:31.423+0800][121.949s] GC(77) Pause Young (Normal) (G1 Evacuation Pause) 449M->321M(512M) 0.909ms
[2020-04-16T22:44:31.423+0800][121.949s] GC(77) User=0.00s Sys=0.00s Real=0.00s
[2020-04-16T22:44:31.453+0800][121.979s] GC(78) Pause Young (Concurrent Start) (G1 Evacuation Pause)
[2020-04-16T22:44:31.453+0800][121.979s] GC(78) Using 4 workers of 4 for evacuation
[2020-04-16T22:44:31.454+0800][121.981s] GC(78)   Pre Evacuate Collection Set: 0.1ms
[2020-04-16T22:44:31.454+0800][121.981s] GC(78)   Merge Heap Roots: 0.0ms
[2020-04-16T22:44:31.454+0800][121.981s] GC(78)   Evacuate Collection Set: 0.5ms
[2020-04-16T22:44:31.454+0800][121.981s] GC(78)   Post Evacuate Collection Set: 0.3ms
[2020-04-16T22:44:31.454+0800][121.981s] GC(78)   Other: 0.2ms
[2020-04-16T22:44:31.454+0800][121.981s] GC(78) Eden regions: 128->0(128)
[2020-04-16T22:44:31.454+0800][121.981s] GC(78) Survivor regions: 0->0(32)
[2020-04-16T22:44:31.454+0800][121.981s] GC(78) Old regions: 320->320
[2020-04-16T22:44:31.454+0800][121.981s] GC(78) Archive regions: 2->2
[2020-04-16T22:44:31.454+0800][121.981s] GC(78) Humongous regions: 1->1
[2020-04-16T22:44:31.454+0800][121.981s] GC(78) Metaspace: 39915K(41040K)->39915K(41040K) NonClass: 35101K(35792K)->35101K(35792K) Class: 4814K(5248K)->4814K(5248K)
[2020-04-16T22:44:31.454+0800][121.981s] GC(78) Pause Young (Concurrent Start) (G1 Evacuation Pause) 449M->321M(512M) 1.322ms
[2020-04-16T22:44:31.454+0800][121.981s] GC(78) User=0.01s Sys=0.00s Real=0.00s
[2020-04-16T22:44:31.454+0800][121.981s] GC(79) Concurrent Cycle
[2020-04-16T22:44:31.454+0800][121.981s] GC(79) Concurrent Clear Claimed Marks
[2020-04-16T22:44:31.454+0800][121.981s] GC(79) Concurrent Clear Claimed Marks 0.032ms
[2020-04-16T22:44:31.455+0800][121.981s] GC(79) Concurrent Scan Root Regions
[2020-04-16T22:44:31.455+0800][121.981s] GC(79) Concurrent Scan Root Regions 0.016ms
[2020-04-16T22:44:31.455+0800][121.981s] GC(79) Concurrent Mark (121.981s)
[2020-04-16T22:44:31.455+0800][121.981s] GC(79) Concurrent Mark From Roots
[2020-04-16T22:44:31.455+0800][121.981s] GC(79) Using 4 workers of 4 for marking
[2020-04-16T22:44:31.562+0800][122.088s] GC(80) Pause Young (Normal) (G1 Evacuation Pause)
[2020-04-16T22:44:31.562+0800][122.088s] GC(80) Using 4 workers of 4 for evacuation
[2020-04-16T22:44:31.563+0800][122.089s] GC(80)   Pre Evacuate Collection Set: 0.1ms
[2020-04-16T22:44:31.563+0800][122.089s] GC(80)   Merge Heap Roots: 0.1ms
[2020-04-16T22:44:31.563+0800][122.089s] GC(80)   Evacuate Collection Set: 0.4ms
[2020-04-16T22:44:31.563+0800][122.089s] GC(80)   Post Evacuate Collection Set: 0.4ms
[2020-04-16T22:44:31.563+0800][122.089s] GC(80)   Other: 0.2ms
[2020-04-16T22:44:31.563+0800][122.089s] GC(80) Eden regions: 128->0(128)
[2020-04-16T22:44:31.563+0800][122.089s] GC(80) Survivor regions: 0->0(32)
[2020-04-16T22:44:31.563+0800][122.089s] GC(80) Old regions: 320->320
[2020-04-16T22:44:31.563+0800][122.089s] GC(80) Archive regions: 2->2
[2020-04-16T22:44:31.563+0800][122.089s] GC(80) Humongous regions: 1->1
[2020-04-16T22:44:31.563+0800][122.089s] GC(80) Metaspace: 39915K(41040K)->39915K(41040K) NonClass: 35101K(35792K)->35101K(35792K) Class: 4814K(5248K)->4814K(5248K)
[2020-04-16T22:44:31.563+0800][122.089s] GC(80) Pause Young (Normal) (G1 Evacuation Pause) 449M->321M(512M) 1.156ms
[2020-04-16T22:44:31.563+0800][122.089s] GC(80) User=0.00s Sys=0.00s Real=0.00s
[2020-04-16T22:44:31.641+0800][122.167s] GC(81) Pause Young (Normal) (G1 Evacuation Pause)
[2020-04-16T22:44:31.641+0800][122.167s] GC(81) Using 4 workers of 4 for evacuation
[2020-04-16T22:44:31.642+0800][122.168s] GC(81)   Pre Evacuate Collection Set: 0.1ms
[2020-04-16T22:44:31.642+0800][122.168s] GC(81)   Merge Heap Roots: 0.0ms
[2020-04-16T22:44:31.642+0800][122.168s] GC(81)   Evacuate Collection Set: 0.2ms
[2020-04-16T22:44:31.642+0800][122.168s] GC(81)   Post Evacuate Collection Set: 0.3ms
[2020-04-16T22:44:31.642+0800][122.168s] GC(81)   Other: 0.1ms
[2020-04-16T22:44:31.642+0800][122.168s] GC(81) Eden regions: 128->0(128)
[2020-04-16T22:44:31.642+0800][122.168s] GC(81) Survivor regions: 0->0(32)
[2020-04-16T22:44:31.642+0800][122.168s] GC(81) Old regions: 320->320
[2020-04-16T22:44:31.642+0800][122.168s] GC(81) Archive regions: 2->2
[2020-04-16T22:44:31.642+0800][122.168s] GC(81) Humongous regions: 1->1
[2020-04-16T22:44:31.642+0800][122.168s] GC(81) Metaspace: 39915K(41040K)->39915K(41040K) NonClass: 35101K(35792K)->35101K(35792K) Class: 4814K(5248K)->4814K(5248K)
[2020-04-16T22:44:31.642+0800][122.168s] GC(81) Pause Young (Normal) (G1 Evacuation Pause) 449M->321M(512M) 0.797ms
[2020-04-16T22:44:31.642+0800][122.168s] GC(81) User=0.00s Sys=0.00s Real=0.00s
[2020-04-16T22:44:31.729+0800][122.256s] GC(82) Pause Young (Normal) (G1 Evacuation Pause)
[2020-04-16T22:44:31.729+0800][122.256s] GC(82) Using 4 workers of 4 for evacuation
[2020-04-16T22:44:31.730+0800][122.256s] GC(82)   Pre Evacuate Collection Set: 0.1ms
[2020-04-16T22:44:31.730+0800][122.256s] GC(82)   Merge Heap Roots: 0.0ms
[2020-04-16T22:44:31.730+0800][122.256s] GC(82)   Evacuate Collection Set: 0.3ms
[2020-04-16T22:44:31.730+0800][122.256s] GC(82)   Post Evacuate Collection Set: 0.3ms
[2020-04-16T22:44:31.730+0800][122.256s] GC(82)   Other: 0.1ms
[2020-04-16T22:44:31.730+0800][122.256s] GC(82) Eden regions: 128->0(128)
[2020-04-16T22:44:31.730+0800][122.256s] GC(82) Survivor regions: 0->0(32)
[2020-04-16T22:44:31.730+0800][122.256s] GC(82) Old regions: 320->320
[2020-04-16T22:44:31.730+0800][122.256s] GC(82) Archive regions: 2->2
[2020-04-16T22:44:31.730+0800][122.256s] GC(82) Humongous regions: 1->1
[2020-04-16T22:44:31.730+0800][122.256s] GC(82) Metaspace: 39915K(41040K)->39915K(41040K) NonClass: 35101K(35792K)->35101K(35792K) Class: 4814K(5248K)->4814K(5248K)
[2020-04-16T22:44:31.730+0800][122.256s] GC(82) Pause Young (Normal) (G1 Evacuation Pause) 449M->321M(512M) 0.883ms
[2020-04-16T22:44:31.730+0800][122.256s] GC(82) User=0.00s Sys=0.00s Real=0.01s
[2020-04-16T22:44:31.795+0800][122.322s] GC(83) Pause Young (Normal) (G1 Evacuation Pause)
[2020-04-16T22:44:31.796+0800][122.322s] GC(83) Using 4 workers of 4 for evacuation
[2020-04-16T22:44:31.796+0800][122.323s] GC(83)   Pre Evacuate Collection Set: 0.1ms
[2020-04-16T22:44:31.796+0800][122.323s] GC(83)   Merge Heap Roots: 0.0ms
[2020-04-16T22:44:31.796+0800][122.323s] GC(83)   Evacuate Collection Set: 0.2ms
[2020-04-16T22:44:31.796+0800][122.323s] GC(83)   Post Evacuate Collection Set: 0.3ms
[2020-04-16T22:44:31.796+0800][122.323s] GC(83)   Other: 0.1ms
[2020-04-16T22:44:31.796+0800][122.323s] GC(83) Eden regions: 128->0(128)
[2020-04-16T22:44:31.796+0800][122.323s] GC(83) Survivor regions: 0->0(32)
[2020-04-16T22:44:31.796+0800][122.323s] GC(83) Old regions: 320->320
[2020-04-16T22:44:31.796+0800][122.323s] GC(83) Archive regions: 2->2
[2020-04-16T22:44:31.796+0800][122.323s] GC(83) Humongous regions: 1->1
[2020-04-16T22:44:31.796+0800][122.323s] GC(83) Metaspace: 39915K(41040K)->39915K(41040K) NonClass: 35101K(35792K)->35101K(35792K) Class: 4814K(5248K)->4814K(5248K)
[2020-04-16T22:44:31.796+0800][122.323s] GC(83) Pause Young (Normal) (G1 Evacuation Pause) 449M->321M(512M) 0.842ms
[2020-04-16T22:44:31.796+0800][122.323s] GC(83) User=0.00s Sys=0.00s Real=0.00s
[2020-04-16T22:44:31.864+0800][122.390s] GC(84) Pause Young (Normal) (G1 Evacuation Pause)
[2020-04-16T22:44:31.864+0800][122.390s] GC(84) Using 4 workers of 4 for evacuation
[2020-04-16T22:44:31.865+0800][122.391s] GC(84)   Pre Evacuate Collection Set: 0.1ms
[2020-04-16T22:44:31.865+0800][122.391s] GC(84)   Merge Heap Roots: 0.0ms
[2020-04-16T22:44:31.865+0800][122.391s] GC(84)   Evacuate Collection Set: 0.2ms
[2020-04-16T22:44:31.865+0800][122.391s] GC(84)   Post Evacuate Collection Set: 0.2ms
[2020-04-16T22:44:31.865+0800][122.391s] GC(84)   Other: 0.1ms
[2020-04-16T22:44:31.865+0800][122.391s] GC(84) Eden regions: 128->0(128)
[2020-04-16T22:44:31.865+0800][122.391s] GC(84) Survivor regions: 0->0(32)
[2020-04-16T22:44:31.865+0800][122.391s] GC(84) Old regions: 320->320
[2020-04-16T22:44:31.865+0800][122.391s] GC(84) Archive regions: 2->2
[2020-04-16T22:44:31.865+0800][122.391s] GC(84) Humongous regions: 1->1
[2020-04-16T22:44:31.865+0800][122.391s] GC(84) Metaspace: 39915K(41040K)->39915K(41040K) NonClass: 35101K(35792K)->35101K(35792K) Class: 4814K(5248K)->4814K(5248K)
[2020-04-16T22:44:31.865+0800][122.391s] GC(84) Pause Young (Normal) (G1 Evacuation Pause) 449M->321M(512M) 0.792ms
[2020-04-16T22:44:31.865+0800][122.391s] GC(84) User=0.01s Sys=0.00s Real=0.00s
[2020-04-16T22:44:31.879+0800][122.405s] GC(79) Concurrent Mark From Roots 424.241ms
[2020-04-16T22:44:31.879+0800][122.405s] GC(79) Concurrent Preclean
[2020-04-16T22:44:31.879+0800][122.405s] GC(79) Concurrent Preclean 0.151ms
[2020-04-16T22:44:31.879+0800][122.405s] GC(79) Concurrent Mark (121.981s, 122.405s) 424.467ms
[2020-04-16T22:44:31.879+0800][122.406s] GC(79) Pause Remark
[2020-04-16T22:44:31.882+0800][122.408s] GC(79) Pause Remark 331M->331M(512M) 2.961ms
[2020-04-16T22:44:31.882+0800][122.409s] GC(79) User=0.01s Sys=0.00s Real=0.01s
[2020-04-16T22:44:31.882+0800][122.409s] GC(79) Concurrent Rebuild Remembered Sets
[2020-04-16T22:44:31.943+0800][122.469s] GC(85) Pause Young (Normal) (G1 Evacuation Pause)
[2020-04-16T22:44:31.943+0800][122.469s] GC(85) Using 4 workers of 4 for evacuation
[2020-04-16T22:44:31.944+0800][122.470s] GC(85)   Pre Evacuate Collection Set: 0.1ms
[2020-04-16T22:44:31.944+0800][122.470s] GC(85)   Merge Heap Roots: 0.0ms
[2020-04-16T22:44:31.944+0800][122.470s] GC(85)   Evacuate Collection Set: 0.2ms
[2020-04-16T22:44:31.944+0800][122.470s] GC(85)   Post Evacuate Collection Set: 0.3ms
[2020-04-16T22:44:31.944+0800][122.470s] GC(85)   Other: 0.1ms
[2020-04-16T22:44:31.944+0800][122.470s] GC(85) Eden regions: 128->0(128)
[2020-04-16T22:44:31.944+0800][122.470s] GC(85) Survivor regions: 0->0(32)
[2020-04-16T22:44:31.944+0800][122.470s] GC(85) Old regions: 320->320
[2020-04-16T22:44:31.944+0800][122.470s] GC(85) Archive regions: 2->2
[2020-04-16T22:44:31.944+0800][122.470s] GC(85) Humongous regions: 1->1
[2020-04-16T22:44:31.944+0800][122.470s] GC(85) Metaspace: 39915K(41040K)->39915K(41040K) NonClass: 35101K(35792K)->35101K(35792K) Class: 4814K(5248K)->4814K(5248K)
[2020-04-16T22:44:31.944+0800][122.470s] GC(85) Pause Young (Normal) (G1 Evacuation Pause) 449M->321M(512M) 0.828ms
[2020-04-16T22:44:31.944+0800][122.470s] GC(85) User=0.01s Sys=0.00s Real=0.00s
[2020-04-16T22:44:32.009+0800][122.535s] GC(86) Pause Young (Normal) (G1 Evacuation Pause)
[2020-04-16T22:44:32.009+0800][122.535s] GC(86) Using 4 workers of 4 for evacuation
[2020-04-16T22:44:32.010+0800][122.536s] GC(86)   Pre Evacuate Collection Set: 0.1ms
[2020-04-16T22:44:32.010+0800][122.536s] GC(86)   Merge Heap Roots: 0.0ms
[2020-04-16T22:44:32.010+0800][122.536s] GC(86)   Evacuate Collection Set: 0.3ms
[2020-04-16T22:44:32.010+0800][122.536s] GC(86)   Post Evacuate Collection Set: 0.3ms
[2020-04-16T22:44:32.010+0800][122.536s] GC(86)   Other: 0.1ms
[2020-04-16T22:44:32.010+0800][122.536s] GC(86) Eden regions: 128->0(128)
[2020-04-16T22:44:32.010+0800][122.536s] GC(86) Survivor regions: 0->0(32)
[2020-04-16T22:44:32.010+0800][122.536s] GC(86) Old regions: 320->320
[2020-04-16T22:44:32.010+0800][122.536s] GC(86) Archive regions: 2->2
[2020-04-16T22:44:32.010+0800][122.536s] GC(86) Humongous regions: 1->1
[2020-04-16T22:44:32.010+0800][122.536s] GC(86) Metaspace: 39915K(41040K)->39915K(41040K) NonClass: 35101K(35792K)->35101K(35792K) Class: 4814K(5248K)->4814K(5248K)
[2020-04-16T22:44:32.010+0800][122.536s] GC(86) Pause Young (Normal) (G1 Evacuation Pause) 449M->321M(512M) 0.891ms
[2020-04-16T22:44:32.010+0800][122.536s] GC(86) User=0.00s Sys=0.00s Real=0.01s
[2020-04-16T22:44:32.079+0800][122.606s] GC(87) Pause Young (Normal) (G1 Evacuation Pause)
[2020-04-16T22:44:32.079+0800][122.606s] GC(87) Using 4 workers of 4 for evacuation
[2020-04-16T22:44:32.080+0800][122.606s] GC(87)   Pre Evacuate Collection Set: 0.1ms
[2020-04-16T22:44:32.080+0800][122.606s] GC(87)   Merge Heap Roots: 0.1ms
[2020-04-16T22:44:32.080+0800][122.606s] GC(87)   Evacuate Collection Set: 0.2ms
[2020-04-16T22:44:32.080+0800][122.606s] GC(87)   Post Evacuate Collection Set: 0.3ms
[2020-04-16T22:44:32.080+0800][122.606s] GC(87)   Other: 0.1ms
[2020-04-16T22:44:32.080+0800][122.606s] GC(87) Eden regions: 128->0(128)
[2020-04-16T22:44:32.080+0800][122.606s] GC(87) Survivor regions: 0->0(32)
[2020-04-16T22:44:32.080+0800][122.606s] GC(87) Old regions: 320->320
[2020-04-16T22:44:32.080+0800][122.607s] GC(87) Archive regions: 2->2
[2020-04-16T22:44:32.080+0800][122.607s] GC(87) Humongous regions: 1->1
[2020-04-16T22:44:32.080+0800][122.607s] GC(87) Metaspace: 39915K(41040K)->39915K(41040K) NonClass: 35101K(35792K)->35101K(35792K) Class: 4814K(5248K)->4814K(5248K)
[2020-04-16T22:44:32.080+0800][122.607s] GC(87) Pause Young (Normal) (G1 Evacuation Pause) 449M->321M(512M) 0.835ms
[2020-04-16T22:44:32.080+0800][122.607s] GC(87) User=0.00s Sys=0.00s Real=0.01s
[2020-04-16T22:44:32.121+0800][122.647s] GC(79) Concurrent Rebuild Remembered Sets 238.364ms
[2020-04-16T22:44:32.121+0800][122.647s] GC(79) Pause Cleanup
[2020-04-16T22:44:32.121+0800][122.648s] GC(79) Pause Cleanup 388M->388M(512M) 0.350ms
[2020-04-16T22:44:32.121+0800][122.648s] GC(79) User=0.00s Sys=0.00s Real=0.00s
[2020-04-16T22:44:32.121+0800][122.648s] GC(79) Concurrent Cleanup for Next Mark
[2020-04-16T22:44:32.122+0800][122.649s] GC(79) Concurrent Cleanup for Next Mark 0.734ms
[2020-04-16T22:44:32.122+0800][122.649s] GC(79) Concurrent Cycle 667.790ms
[2020-04-16T22:44:32.137+0800][122.663s] GC(88) Pause Young (Normal) (G1 Evacuation Pause)
[2020-04-16T22:44:32.137+0800][122.663s] GC(88) Using 4 workers of 4 for evacuation
[2020-04-16T22:44:32.137+0800][122.664s] GC(88)   Pre Evacuate Collection Set: 0.1ms
[2020-04-16T22:44:32.138+0800][122.664s] GC(88)   Merge Heap Roots: 0.0ms
[2020-04-16T22:44:32.138+0800][122.664s] GC(88)   Evacuate Collection Set: 0.2ms
[2020-04-16T22:44:32.138+0800][122.664s] GC(88)   Post Evacuate Collection Set: 0.3ms
[2020-04-16T22:44:32.138+0800][122.664s] GC(88)   Other: 0.1ms
[2020-04-16T22:44:32.138+0800][122.664s] GC(88) Eden regions: 128->0(128)
[2020-04-16T22:44:32.138+0800][122.664s] GC(88) Survivor regions: 0->0(32)
[2020-04-16T22:44:32.138+0800][122.664s] GC(88) Old regions: 320->320
[2020-04-16T22:44:32.138+0800][122.664s] GC(88) Archive regions: 2->2
[2020-04-16T22:44:32.138+0800][122.664s] GC(88) Humongous regions: 1->1
[2020-04-16T22:44:32.138+0800][122.664s] GC(88) Metaspace: 39915K(41040K)->39915K(41040K) NonClass: 35101K(35792K)->35101K(35792K) Class: 4814K(5248K)->4814K(5248K)
[2020-04-16T22:44:32.138+0800][122.664s] GC(88) Pause Young (Normal) (G1 Evacuation Pause) 449M->321M(512M) 0.867ms
[2020-04-16T22:44:32.138+0800][122.664s] GC(88) User=0.00s Sys=0.00s Real=0.00s
[2020-04-16T22:44:33.589+0800][124.115s] GC(89) Pause Young (Concurrent Start) (G1 Evacuation Pause)
[2020-04-16T22:44:33.589+0800][124.115s] GC(89) Using 4 workers of 4 for evacuation
[2020-04-16T22:44:33.607+0800][124.134s] GC(89)   Pre Evacuate Collection Set: 0.1ms
[2020-04-16T22:44:33.608+0800][124.134s] GC(89)   Merge Heap Roots: 0.0ms
[2020-04-16T22:44:33.608+0800][124.134s] GC(89)   Evacuate Collection Set: 17.8ms
[2020-04-16T22:44:33.608+0800][124.134s] GC(89)   Post Evacuate Collection Set: 0.4ms
[2020-04-16T22:44:33.608+0800][124.134s] GC(89)   Other: 0.2ms
[2020-04-16T22:44:33.608+0800][124.134s] GC(89) Eden regions: 128->0(114)
[2020-04-16T22:44:33.608+0800][124.134s] GC(89) Survivor regions: 0->14(32)
[2020-04-16T22:44:33.608+0800][124.134s] GC(89) Old regions: 320->320
[2020-04-16T22:44:33.608+0800][124.134s] GC(89) Archive regions: 2->2
[2020-04-16T22:44:33.608+0800][124.134s] GC(89) Humongous regions: 1->1
[2020-04-16T22:44:33.608+0800][124.134s] GC(89) Metaspace: 40132K(41040K)->40132K(41040K) NonClass: 35302K(35792K)->35302K(35792K) Class: 4830K(5248K)->4830K(5248K)
[2020-04-16T22:44:33.608+0800][124.134s] GC(89) Pause Young (Concurrent Start) (G1 Evacuation Pause) 449M->334M(512M) 18.681ms
[2020-04-16T22:44:33.608+0800][124.134s] GC(89) User=0.07s Sys=0.00s Real=0.02s
[2020-04-16T22:44:33.608+0800][124.134s] GC(90) Concurrent Cycle
[2020-04-16T22:44:33.608+0800][124.134s] GC(90) Concurrent Clear Claimed Marks
[2020-04-16T22:44:33.608+0800][124.134s] GC(90) Concurrent Clear Claimed Marks 0.073ms
[2020-04-16T22:44:33.608+0800][124.134s] GC(90) Concurrent Scan Root Regions
[2020-04-16T22:44:33.617+0800][124.144s] GC(90) Concurrent Scan Root Regions 9.689ms
[2020-04-16T22:44:33.618+0800][124.144s] GC(90) Concurrent Mark (124.144s)
[2020-04-16T22:44:33.618+0800][124.144s] GC(90) Concurrent Mark From Roots
[2020-04-16T22:44:33.618+0800][124.144s] GC(90) Using 4 workers of 4 for marking
[2020-04-16T22:44:34.119+0800][124.645s] GC(90) Concurrent Mark From Roots 500.978ms
[2020-04-16T22:44:34.119+0800][124.645s] GC(90) Concurrent Preclean
[2020-04-16T22:44:34.119+0800][124.645s] GC(90) Concurrent Preclean 0.172ms
[2020-04-16T22:44:34.119+0800][124.645s] GC(90) Concurrent Mark (124.144s, 124.645s) 501.241ms
[2020-04-16T22:44:34.119+0800][124.645s] GC(90) Pause Remark
[2020-04-16T22:44:34.124+0800][124.650s] GC(90) Pause Remark 377M->377M(512M) 4.520ms
[2020-04-16T22:44:34.124+0800][124.650s] GC(90) User=0.01s Sys=0.00s Real=0.01s
[2020-04-16T22:44:34.124+0800][124.650s] GC(90) Concurrent Rebuild Remembered Sets
[2020-04-16T22:44:34.379+0800][124.905s] GC(90) Concurrent Rebuild Remembered Sets 255.290ms
[2020-04-16T22:44:34.379+0800][124.906s] GC(90) Pause Cleanup
[2020-04-16T22:44:34.380+0800][124.906s] GC(90) Pause Cleanup 435M->435M(512M) 0.331ms
[2020-04-16T22:44:34.380+0800][124.906s] GC(90) User=0.00s Sys=0.00s Real=0.01s
[2020-04-16T22:44:34.380+0800][124.906s] GC(90) Concurrent Cleanup for Next Mark
[2020-04-16T22:44:34.381+0800][124.907s] GC(90) Concurrent Cleanup for Next Mark 1.136ms
[2020-04-16T22:44:34.381+0800][124.907s] GC(90) Concurrent Cycle 773.234ms
[2020-04-16T22:44:34.410+0800][124.936s] GC(91) Pause Young (Normal) (G1 Evacuation Pause)
[2020-04-16T22:44:34.410+0800][124.936s] GC(91) Using 4 workers of 4 for evacuation
[2020-04-16T22:44:34.609+0800][125.135s] GC(91) To-space exhausted
[2020-04-16T22:44:34.609+0800][125.136s] GC(91)   Pre Evacuate Collection Set: 0.1ms
[2020-04-16T22:44:34.609+0800][125.136s] GC(91)   Merge Heap Roots: 0.1ms
[2020-04-16T22:44:34.609+0800][125.136s] GC(91)   Evacuate Collection Set: 146.8ms
[2020-04-16T22:44:34.609+0800][125.136s] GC(91)   Post Evacuate Collection Set: 52.3ms
[2020-04-16T22:44:34.609+0800][125.136s] GC(91)   Other: 0.3ms
[2020-04-16T22:44:34.609+0800][125.136s] GC(91) Eden regions: 114->0(96)
[2020-04-16T22:44:34.609+0800][125.136s] GC(91) Survivor regions: 14->32(32)
[2020-04-16T22:44:34.609+0800][125.136s] GC(91) Old regions: 320->411
[2020-04-16T22:44:34.609+0800][125.136s] GC(91) Archive regions: 2->2
[2020-04-16T22:44:34.609+0800][125.136s] GC(91) Humongous regions: 1->1
[2020-04-16T22:44:34.609+0800][125.136s] GC(91) Metaspace: 40157K(41296K)->40157K(41296K) NonClass: 35326K(36048K)->35326K(36048K) Class: 4831K(5248K)->4831K(5248K)
[2020-04-16T22:44:34.609+0800][125.136s] GC(91) Pause Young (Normal) (G1 Evacuation Pause) 448M->444M(512M) 199.673ms
[2020-04-16T22:44:34.609+0800][125.136s] GC(91) User=0.75s Sys=0.03s Real=0.19s
[2020-04-16T22:44:34.862+0800][125.388s] GC(92) Pause Young (Concurrent Start) (G1 Evacuation Pause)
[2020-04-16T22:44:34.862+0800][125.388s] GC(92) Using 4 workers of 4 for evacuation
[2020-04-16T22:44:35.103+0800][125.629s] GC(92) MMU target violated: 201.0ms (200.0ms/201.0ms)
[2020-04-16T22:44:35.103+0800][125.629s] GC(92) To-space exhausted
[2020-04-16T22:44:35.103+0800][125.629s] GC(92)   Pre Evacuate Collection Set: 0.1ms
[2020-04-16T22:44:35.103+0800][125.630s] GC(92)   Merge Heap Roots: 0.1ms
[2020-04-16T22:44:35.103+0800][125.630s] GC(92)   Evacuate Collection Set: 121.6ms
[2020-04-16T22:44:35.103+0800][125.630s] GC(92)   Post Evacuate Collection Set: 119.0ms
[2020-04-16T22:44:35.103+0800][125.630s] GC(92)   Other: 0.3ms
[2020-04-16T22:44:35.103+0800][125.630s] GC(92) Eden regions: 66->0(128)
[2020-04-16T22:44:35.103+0800][125.630s] GC(92) Survivor regions: 32->0(0)
[2020-04-16T22:44:35.103+0800][125.630s] GC(92) Old regions: 411->509
[2020-04-16T22:44:35.103+0800][125.630s] GC(92) Archive regions: 2->2
[2020-04-16T22:44:35.103+0800][125.630s] GC(92) Humongous regions: 1->1
[2020-04-16T22:44:35.103+0800][125.630s] GC(92) Metaspace: 40157K(41296K)->40157K(41296K) NonClass: 35326K(36048K)->35326K(36048K) Class: 4831K(5248K)->4831K(5248K)
[2020-04-16T22:44:35.103+0800][125.630s] GC(92) Pause Young (Concurrent Start) (G1 Evacuation Pause) 510M->510M(512M) 241.246ms
[2020-04-16T22:44:35.103+0800][125.630s] GC(92) User=0.88s Sys=0.01s Real=0.24s
[2020-04-16T22:44:35.103+0800][125.630s] GC(93) Using 4 workers of 4 for full compaction
[2020-04-16T22:44:35.103+0800][125.630s] GC(94) Concurrent Cycle
[2020-04-16T22:44:35.103+0800][125.630s] GC(94) Concurrent Clear Claimed Marks
[2020-04-16T22:44:35.103+0800][125.630s] GC(93) Pause Full (G1 Evacuation Pause)
[2020-04-16T22:44:35.104+0800][125.630s] GC(94) Concurrent Clear Claimed Marks 0.104ms
[2020-04-16T22:44:35.104+0800][125.630s] GC(94) Concurrent Scan Root Regions
[2020-04-16T22:44:35.104+0800][125.630s] GC(94) Concurrent Scan Root Regions 0.021ms
[2020-04-16T22:44:35.104+0800][125.630s] GC(94) Concurrent Mark (125.630s)
[2020-04-16T22:44:35.104+0800][125.630s] GC(94) Concurrent Mark From Roots
[2020-04-16T22:44:35.104+0800][125.630s] GC(94) Using 4 workers of 4 for marking
[2020-04-16T22:44:35.104+0800][125.630s] GC(93) Phase 1: Mark live objects
[2020-04-16T22:44:35.599+0800][126.126s] GC(93) Phase 1: Mark live objects 495.226ms
[2020-04-16T22:44:35.599+0800][126.126s] GC(93) Phase 2: Prepare for compaction
[2020-04-16T22:44:35.751+0800][126.278s] GC(93) Phase 2: Prepare for compaction 151.834ms
[2020-04-16T22:44:35.751+0800][126.278s] GC(93) Phase 3: Adjust pointers
[2020-04-16T22:44:35.950+0800][126.476s] GC(93) Phase 3: Adjust pointers 198.246ms
[2020-04-16T22:44:35.950+0800][126.476s] GC(93) Phase 4: Compact heap
[2020-04-16T22:44:36.067+0800][126.593s] GC(93) Phase 4: Compact heap 117.323ms
[2020-04-16T22:44:36.071+0800][126.597s] GC(93) Eden regions: 0->0(128)
[2020-04-16T22:44:36.071+0800][126.597s] GC(93) Survivor regions: 0->0(0)
[2020-04-16T22:44:36.071+0800][126.597s] GC(93) Old regions: 509->480
[2020-04-16T22:44:36.071+0800][126.597s] GC(93) Archive regions: 2->2
[2020-04-16T22:44:36.071+0800][126.597s] GC(93) Humongous regions: 1->1
[2020-04-16T22:44:36.071+0800][126.597s] GC(93) Metaspace: 40157K(41296K)->40044K(41296K) NonClass: 35326K(36048K)->35238K(36048K) Class: 4831K(5248K)->4805K(5248K)
[2020-04-16T22:44:36.071+0800][126.597s] GC(93) Pause Full (G1 Evacuation Pause) 510M->479M(512M) 967.684ms
[2020-04-16T22:44:36.072+0800][126.598s] GC(93) User=3.30s Sys=0.06s Real=0.97s
[2020-04-16T22:44:36.072+0800][126.598s] GC(94) Concurrent Mark From Roots 968.059ms
[2020-04-16T22:44:36.072+0800][126.598s] GC(94) Concurrent Mark Abort
[2020-04-16T22:44:36.072+0800][126.598s] GC(94) Concurrent Cycle 968.343ms
[2020-04-16T22:44:36.261+0800][126.787s] GC(95) Pause Young (Normal) (G1 Evacuation Pause)
[2020-04-16T22:44:36.261+0800][126.787s] GC(95) Using 4 workers of 4 for evacuation
[2020-04-16T22:44:36.332+0800][126.858s] GC(95) To-space exhausted
[2020-04-16T22:44:36.332+0800][126.858s] GC(95)   Pre Evacuate Collection Set: 0.1ms
[2020-04-16T22:44:36.332+0800][126.858s] GC(95)   Merge Heap Roots: 0.1ms
[2020-04-16T22:44:36.332+0800][126.858s] GC(95)   Evacuate Collection Set: 38.0ms
[2020-04-16T22:44:36.332+0800][126.858s] GC(95)   Post Evacuate Collection Set: 32.7ms
[2020-04-16T22:44:36.332+0800][126.858s] GC(95)   Other: 0.3ms
[2020-04-16T22:44:36.332+0800][126.858s] GC(95) Eden regions: 29->0(128)
[2020-04-16T22:44:36.332+0800][126.858s] GC(95) Survivor regions: 0->0(0)
[2020-04-16T22:44:36.332+0800][126.858s] GC(95) Old regions: 480->509
[2020-04-16T22:44:36.332+0800][126.858s] GC(95) Archive regions: 2->2
[2020-04-16T22:44:36.332+0800][126.858s] GC(95) Humongous regions: 1->1
[2020-04-16T22:44:36.332+0800][126.858s] GC(95) Metaspace: 40044K(41296K)->40044K(41296K) NonClass: 35238K(36048K)->35238K(36048K) Class: 4805K(5248K)->4805K(5248K)
[2020-04-16T22:44:36.332+0800][126.858s] GC(95) Pause Young (Normal) (G1 Evacuation Pause) 508M->508M(512M) 71.097ms
[2020-04-16T22:44:36.332+0800][126.858s] GC(95) User=0.22s Sys=0.00s Real=0.07s
[2020-04-16T22:44:36.332+0800][126.858s] GC(96) Using 4 workers of 4 for full compaction
[2020-04-16T22:44:36.332+0800][126.858s] GC(96) Pause Full (G1 Evacuation Pause)
[2020-04-16T22:44:36.332+0800][126.858s] GC(96) Phase 1: Mark live objects
[2020-04-16T22:44:36.895+0800][127.421s] GC(96) Phase 1: Mark live objects 563.066ms
[2020-04-16T22:44:36.895+0800][127.421s] GC(96) Phase 2: Prepare for compaction
[2020-04-16T22:44:37.003+0800][127.529s] GC(96) Phase 2: Prepare for compaction 107.288ms
[2020-04-16T22:44:37.003+0800][127.529s] GC(96) Phase 3: Adjust pointers
[2020-04-16T22:44:37.195+0800][127.721s] GC(96) Phase 3: Adjust pointers 192.277ms
[2020-04-16T22:44:37.195+0800][127.721s] GC(96) Phase 4: Compact heap
[2020-04-16T22:44:37.326+0800][127.852s] GC(96) Phase 4: Compact heap 130.863ms
[2020-04-16T22:44:37.331+0800][127.857s] GC(96) Eden regions: 0->0(128)
[2020-04-16T22:44:37.331+0800][127.857s] GC(96) Survivor regions: 0->0(0)
[2020-04-16T22:44:37.331+0800][127.857s] GC(96) Old regions: 509->503
[2020-04-16T22:44:37.331+0800][127.857s] GC(96) Archive regions: 2->2
[2020-04-16T22:44:37.331+0800][127.857s] GC(96) Humongous regions: 1->1
[2020-04-16T22:44:37.331+0800][127.857s] GC(96) Metaspace: 40044K(41296K)->40044K(41296K) NonClass: 35238K(36048K)->35238K(36048K) Class: 4805K(5248K)->4805K(5248K)
[2020-04-16T22:44:37.331+0800][127.857s] GC(96) Pause Full (G1 Evacuation Pause) 508M->503M(512M) 998.749ms
[2020-04-16T22:44:37.331+0800][127.857s] GC(96) User=3.39s Sys=0.02s Real=1.00s
[2020-04-16T22:44:37.368+0800][127.894s] GC(97) Pause Young (Concurrent Start) (G1 Evacuation Pause)
[2020-04-16T22:44:37.368+0800][127.894s] GC(97) Using 4 workers of 4 for evacuation
[2020-04-16T22:44:37.385+0800][127.911s] GC(97) To-space exhausted
[2020-04-16T22:44:37.385+0800][127.911s] GC(97)   Pre Evacuate Collection Set: 0.1ms
[2020-04-16T22:44:37.385+0800][127.911s] GC(97)   Merge Heap Roots: 0.0ms
[2020-04-16T22:44:37.385+0800][127.911s] GC(97)   Evacuate Collection Set: 8.6ms
[2020-04-16T22:44:37.385+0800][127.911s] GC(97)   Post Evacuate Collection Set: 8.3ms
[2020-04-16T22:44:37.385+0800][127.911s] GC(97)   Other: 0.2ms
[2020-04-16T22:44:37.385+0800][127.911s] GC(97) Eden regions: 6->0(128)
[2020-04-16T22:44:37.385+0800][127.911s] GC(97) Survivor regions: 0->0(0)
[2020-04-16T22:44:37.385+0800][127.911s] GC(97) Old regions: 503->509
[2020-04-16T22:44:37.385+0800][127.911s] GC(97) Archive regions: 2->2
[2020-04-16T22:44:37.385+0800][127.911s] GC(97) Humongous regions: 1->1
[2020-04-16T22:44:37.385+0800][127.911s] GC(97) Metaspace: 40044K(41296K)->40044K(41296K) NonClass: 35238K(36048K)->35238K(36048K) Class: 4805K(5248K)->4805K(5248K)
[2020-04-16T22:44:37.385+0800][127.911s] GC(97) Pause Young (Concurrent Start) (G1 Evacuation Pause) 509M->509M(512M) 17.377ms
[2020-04-16T22:44:37.385+0800][127.911s] GC(97) User=0.05s Sys=0.00s Real=0.02s
[2020-04-16T22:44:37.385+0800][127.911s] GC(99) Concurrent Cycle
[2020-04-16T22:44:37.385+0800][127.911s] GC(98) Using 4 workers of 4 for full compaction
[2020-04-16T22:44:37.385+0800][127.911s] GC(99) Concurrent Clear Claimed Marks
[2020-04-16T22:44:37.385+0800][127.911s] GC(98) Pause Full (G1 Evacuation Pause)
[2020-04-16T22:44:37.385+0800][127.911s] GC(99) Concurrent Clear Claimed Marks 0.107ms
[2020-04-16T22:44:37.385+0800][127.911s] GC(99) Concurrent Scan Root Regions
[2020-04-16T22:44:37.385+0800][127.911s] GC(99) Concurrent Scan Root Regions 0.011ms
[2020-04-16T22:44:37.385+0800][127.911s] GC(99) Concurrent Mark (127.911s)
[2020-04-16T22:44:37.385+0800][127.911s] GC(99) Concurrent Mark From Roots
[2020-04-16T22:44:37.385+0800][127.911s] GC(99) Using 4 workers of 4 for marking
[2020-04-16T22:44:37.386+0800][127.912s] GC(98) Phase 1: Mark live objects
[2020-04-16T22:44:38.011+0800][128.537s] GC(98) Phase 1: Mark live objects 624.680ms
[2020-04-16T22:44:38.011+0800][128.537s] GC(98) Phase 2: Prepare for compaction
[2020-04-16T22:44:38.127+0800][128.653s] GC(98) Phase 2: Prepare for compaction 116.015ms
[2020-04-16T22:44:38.127+0800][128.653s] GC(98) Phase 3: Adjust pointers
[2020-04-16T22:44:38.329+0800][128.855s] GC(98) Phase 3: Adjust pointers 201.720ms
[2020-04-16T22:44:38.329+0800][128.855s] GC(98) Phase 4: Compact heap
[2020-04-16T22:44:38.435+0800][128.962s] GC(98) Phase 4: Compact heap 106.834ms
[2020-04-16T22:44:38.439+0800][128.965s] GC(98) Eden regions: 0->0(128)
[2020-04-16T22:44:38.439+0800][128.965s] GC(98) Survivor regions: 0->0(0)
[2020-04-16T22:44:38.439+0800][128.965s] GC(98) Old regions: 509->507
[2020-04-16T22:44:38.439+0800][128.965s] GC(98) Archive regions: 2->2
[2020-04-16T22:44:38.439+0800][128.965s] GC(98) Humongous regions: 1->1
[2020-04-16T22:44:38.439+0800][128.965s] GC(98) Metaspace: 40044K(41296K)->40044K(41296K) NonClass: 35238K(36048K)->35238K(36048K) Class: 4805K(5248K)->4805K(5248K)
[2020-04-16T22:44:38.439+0800][128.965s] GC(98) Pause Full (G1 Evacuation Pause) 509M->508M(512M) 1053.559ms
[2020-04-16T22:44:38.439+0800][128.965s] GC(98) User=3.39s Sys=0.02s Real=1.05s
[2020-04-16T22:44:38.439+0800][128.965s] GC(99) Concurrent Mark From Roots 1053.701ms
[2020-04-16T22:44:38.439+0800][128.965s] GC(99) Concurrent Mark Abort
[2020-04-16T22:44:38.439+0800][128.965s] GC(99) Concurrent Cycle 1053.946ms
[2020-04-16T22:44:38.452+0800][128.978s] GC(100) Pause Young (Normal) (G1 Evacuation Pause)
[2020-04-16T22:44:38.452+0800][128.978s] GC(100) Using 4 workers of 4 for evacuation
[2020-04-16T22:44:38.458+0800][128.985s] GC(100) To-space exhausted
[2020-04-16T22:44:38.459+0800][128.985s] GC(100)   Pre Evacuate Collection Set: 0.1ms
[2020-04-16T22:44:38.459+0800][128.985s] GC(100)   Merge Heap Roots: 0.0ms
[2020-04-16T22:44:38.459+0800][128.985s] GC(100)   Evacuate Collection Set: 4.1ms
[2020-04-16T22:44:38.459+0800][128.985s] GC(100)   Post Evacuate Collection Set: 2.1ms
[2020-04-16T22:44:38.459+0800][128.985s] GC(100)   Other: 0.2ms
[2020-04-16T22:44:38.459+0800][128.985s] GC(100) Eden regions: 2->0(128)
[2020-04-16T22:44:38.459+0800][128.985s] GC(100) Survivor regions: 0->0(0)
[2020-04-16T22:44:38.459+0800][128.985s] GC(100) Old regions: 507->509
[2020-04-16T22:44:38.459+0800][128.985s] GC(100) Archive regions: 2->2
[2020-04-16T22:44:38.459+0800][128.985s] GC(100) Humongous regions: 1->1
[2020-04-16T22:44:38.459+0800][128.985s] GC(100) Metaspace: 40053K(41296K)->40053K(41296K) NonClass: 35248K(36048K)->35248K(36048K) Class: 4805K(5248K)->4805K(5248K)
[2020-04-16T22:44:38.459+0800][128.985s] GC(100) Pause Young (Normal) (G1 Evacuation Pause) 510M->510M(512M) 6.572ms
[2020-04-16T22:44:38.459+0800][128.985s] GC(100) User=0.00s Sys=0.00s Real=0.00s
[2020-04-16T22:44:38.459+0800][128.985s] GC(101) Using 4 workers of 4 for full compaction
[2020-04-16T22:44:38.459+0800][128.985s] GC(101) Pause Full (G1 Evacuation Pause)
[2020-04-16T22:44:38.459+0800][128.985s] GC(101) Phase 1: Mark live objects
[2020-04-16T22:44:39.011+0800][129.537s] GC(101) Phase 1: Mark live objects 552.050ms
[2020-04-16T22:44:39.011+0800][129.537s] GC(101) Phase 2: Prepare for compaction
[2020-04-16T22:44:39.141+0800][129.667s] GC(101) Phase 2: Prepare for compaction 129.471ms
[2020-04-16T22:44:39.141+0800][129.667s] GC(101) Phase 3: Adjust pointers
[2020-04-16T22:44:39.389+0800][129.915s] GC(101) Phase 3: Adjust pointers 247.835ms
[2020-04-16T22:44:39.389+0800][129.915s] GC(101) Phase 4: Compact heap
[2020-04-16T22:44:39.503+0800][130.029s] GC(101) Phase 4: Compact heap 114.219ms
[2020-04-16T22:44:39.506+0800][130.032s] GC(101) Eden regions: 0->0(128)
[2020-04-16T22:44:39.506+0800][130.033s] GC(101) Survivor regions: 0->0(0)
[2020-04-16T22:44:39.506+0800][130.033s] GC(101) Old regions: 509->508
[2020-04-16T22:44:39.506+0800][130.033s] GC(101) Archive regions: 2->2
[2020-04-16T22:44:39.506+0800][130.033s] GC(101) Humongous regions: 1->1
[2020-04-16T22:44:39.506+0800][130.033s] GC(101) Metaspace: 40053K(41296K)->40053K(41296K) NonClass: 35248K(36048K)->35248K(36048K) Class: 4805K(5248K)->4805K(5248K)
[2020-04-16T22:44:39.506+0800][130.033s] GC(101) Pause Full (G1 Evacuation Pause) 510M->508M(512M) 1047.686ms
[2020-04-16T22:44:39.507+0800][130.033s] GC(101) User=3.44s Sys=0.01s Real=1.05s
[2020-04-16T22:44:39.508+0800][130.034s] GC(102) Pause Young (Concurrent Start) (G1 Evacuation Pause)
[2020-04-16T22:44:39.508+0800][130.034s] GC(102) Using 4 workers of 4 for evacuation
[2020-04-16T22:44:39.510+0800][130.036s] GC(102) To-space exhausted
[2020-04-16T22:44:39.510+0800][130.036s] GC(102)   Pre Evacuate Collection Set: 0.1ms
[2020-04-16T22:44:39.510+0800][130.036s] GC(102)   Merge Heap Roots: 0.4ms
[2020-04-16T22:44:39.510+0800][130.036s] GC(102)   Evacuate Collection Set: 0.9ms
[2020-04-16T22:44:39.510+0800][130.036s] GC(102)   Post Evacuate Collection Set: 0.3ms
[2020-04-16T22:44:39.510+0800][130.036s] GC(102)   Other: 0.2ms
[2020-04-16T22:44:39.510+0800][130.036s] GC(102) Eden regions: 1->0(128)
[2020-04-16T22:44:39.510+0800][130.036s] GC(102) Survivor regions: 0->0(0)
[2020-04-16T22:44:39.510+0800][130.036s] GC(102) Old regions: 508->509
[2020-04-16T22:44:39.510+0800][130.036s] GC(102) Archive regions: 2->2
[2020-04-16T22:44:39.510+0800][130.036s] GC(102) Humongous regions: 1->1
[2020-04-16T22:44:39.510+0800][130.036s] GC(102) Metaspace: 40054K(41296K)->40054K(41296K) NonClass: 35248K(36048K)->35248K(36048K) Class: 4805K(5248K)->4805K(5248K)
[2020-04-16T22:44:39.510+0800][130.036s] GC(102) Pause Young (Concurrent Start) (G1 Evacuation Pause) 509M->509M(512M) 2.030ms
[2020-04-16T22:44:39.510+0800][130.036s] GC(102) User=0.00s Sys=0.00s Real=0.01s
[2020-04-16T22:44:39.510+0800][130.036s] GC(104) Concurrent Cycle
[2020-04-16T22:44:39.510+0800][130.036s] GC(103) Using 4 workers of 4 for full compaction
[2020-04-16T22:44:39.510+0800][130.036s] GC(104) Concurrent Clear Claimed Marks
[2020-04-16T22:44:39.510+0800][130.036s] GC(103) Pause Full (G1 Evacuation Pause)
[2020-04-16T22:44:39.510+0800][130.036s] GC(104) Concurrent Clear Claimed Marks 0.081ms
[2020-04-16T22:44:39.510+0800][130.036s] GC(104) Concurrent Scan Root Regions
[2020-04-16T22:44:39.510+0800][130.036s] GC(104) Concurrent Scan Root Regions 0.019ms
[2020-04-16T22:44:39.510+0800][130.036s] GC(104) Concurrent Mark (130.036s)
[2020-04-16T22:44:39.510+0800][130.036s] GC(104) Concurrent Mark From Roots
[2020-04-16T22:44:39.510+0800][130.036s] GC(104) Using 4 workers of 4 for marking
[2020-04-16T22:44:39.511+0800][130.037s] GC(103) Phase 1: Mark live objects
[2020-04-16T22:44:40.040+0800][130.566s] GC(103) Phase 1: Mark live objects 528.905ms
[2020-04-16T22:44:40.040+0800][130.566s] GC(103) Phase 2: Prepare for compaction
[2020-04-16T22:44:40.148+0800][130.674s] GC(103) Phase 2: Prepare for compaction 107.747ms
[2020-04-16T22:44:40.148+0800][130.674s] GC(103) Phase 3: Adjust pointers
[2020-04-16T22:44:40.339+0800][130.865s] GC(103) Phase 3: Adjust pointers 191.032ms
[2020-04-16T22:44:40.339+0800][130.865s] GC(103) Phase 4: Compact heap
[2020-04-16T22:44:40.437+0800][130.963s] GC(103) Phase 4: Compact heap 97.643ms
[2020-04-16T22:44:40.440+0800][130.966s] GC(103) Eden regions: 0->0(128)
[2020-04-16T22:44:40.440+0800][130.966s] GC(103) Survivor regions: 0->0(0)
[2020-04-16T22:44:40.440+0800][130.966s] GC(103) Old regions: 509->508
[2020-04-16T22:44:40.440+0800][130.966s] GC(103) Archive regions: 2->2
[2020-04-16T22:44:40.440+0800][130.966s] GC(103) Humongous regions: 1->1
[2020-04-16T22:44:40.440+0800][130.966s] GC(103) Metaspace: 40054K(41296K)->40054K(41296K) NonClass: 35248K(36048K)->35248K(36048K) Class: 4805K(5248K)->4805K(5248K)
[2020-04-16T22:44:40.440+0800][130.966s] GC(103) Pause Full (G1 Evacuation Pause) 509M->508M(512M) 929.805ms
[2020-04-16T22:44:40.440+0800][130.966s] GC(103) User=3.43s Sys=0.01s Real=0.93s
[2020-04-16T22:44:40.441+0800][130.967s] GC(104) Concurrent Mark From Roots 930.461ms
[2020-04-16T22:44:40.441+0800][130.967s] GC(105) Pause Young (Normal) (G1 Evacuation Pause)
[2020-04-16T22:44:40.441+0800][130.967s] GC(105) Using 4 workers of 4 for evacuation
[2020-04-16T22:44:40.442+0800][130.968s] GC(105) To-space exhausted
[2020-04-16T22:44:40.442+0800][130.968s] GC(105)   Pre Evacuate Collection Set: 0.0ms
[2020-04-16T22:44:40.442+0800][130.968s] GC(105)   Merge Heap Roots: 0.0ms
[2020-04-16T22:44:40.442+0800][130.968s] GC(105)   Evacuate Collection Set: 0.5ms
[2020-04-16T22:44:40.442+0800][130.968s] GC(105)   Post Evacuate Collection Set: 0.4ms
[2020-04-16T22:44:40.442+0800][130.968s] GC(105)   Other: 0.2ms
[2020-04-16T22:44:40.442+0800][130.968s] GC(105) Eden regions: 1->0(128)
[2020-04-16T22:44:40.442+0800][130.968s] GC(105) Survivor regions: 0->0(0)
[2020-04-16T22:44:40.442+0800][130.968s] GC(105) Old regions: 508->509
[2020-04-16T22:44:40.442+0800][130.968s] GC(105) Archive regions: 2->2
[2020-04-16T22:44:40.442+0800][130.968s] GC(105) Humongous regions: 1->1
[2020-04-16T22:44:40.442+0800][130.968s] GC(105) Metaspace: 40054K(41296K)->40054K(41296K) NonClass: 35248K(36048K)->35248K(36048K) Class: 4805K(5248K)->4805K(5248K)
[2020-04-16T22:44:40.442+0800][130.968s] GC(105) Pause Young (Normal) (G1 Evacuation Pause) 509M->509M(512M) 1.225ms
[2020-04-16T22:44:40.442+0800][130.968s] GC(105) User=0.00s Sys=0.00s Real=0.00s
[2020-04-16T22:44:40.442+0800][130.968s] GC(106) Using 4 workers of 4 for full compaction
[2020-04-16T22:44:40.442+0800][130.968s] GC(106) Pause Full (G1 Evacuation Pause)
[2020-04-16T22:44:40.443+0800][130.969s] GC(106) Phase 1: Mark live objects
[2020-04-16T22:44:40.980+0800][131.506s] GC(106) Phase 1: Mark live objects 537.334ms
[2020-04-16T22:44:40.980+0800][131.506s] GC(106) Phase 2: Prepare for compaction
[2020-04-16T22:44:41.101+0800][131.627s] GC(106) Phase 2: Prepare for compaction 121.200ms
[2020-04-16T22:44:41.101+0800][131.627s] GC(106) Phase 3: Adjust pointers
[2020-04-16T22:44:41.300+0800][131.826s] GC(106) Phase 3: Adjust pointers 198.764ms
[2020-04-16T22:44:41.300+0800][131.826s] GC(106) Phase 4: Compact heap
[2020-04-16T22:44:41.386+0800][131.912s] GC(106) Phase 4: Compact heap 86.127ms
[2020-04-16T22:44:41.389+0800][131.916s] GC(106) Eden regions: 0->0(128)
[2020-04-16T22:44:41.390+0800][131.916s] GC(106) Survivor regions: 0->0(0)
[2020-04-16T22:44:41.390+0800][131.916s] GC(106) Old regions: 509->508
[2020-04-16T22:44:41.390+0800][131.916s] GC(106) Archive regions: 2->2
[2020-04-16T22:44:41.390+0800][131.916s] GC(106) Humongous regions: 1->1
[2020-04-16T22:44:41.390+0800][131.916s] GC(106) Metaspace: 40054K(41296K)->40054K(41296K) NonClass: 35248K(36048K)->35248K(36048K) Class: 4805K(5248K)->4805K(5248K)
[2020-04-16T22:44:41.390+0800][131.916s] GC(106) Pause Full (G1 Evacuation Pause) 509M->508M(512M) 947.346ms
[2020-04-16T22:44:41.390+0800][131.916s] GC(106) User=3.39s Sys=0.01s Real=0.95s
[2020-04-16T22:44:41.390+0800][131.916s] GC(104) Concurrent Mark Abort
[2020-04-16T22:44:41.390+0800][131.916s] GC(104) Concurrent Cycle 1879.611ms
[2020-04-16T22:44:41.390+0800][131.916s] GC(107) Pause Young (Normal) (G1 Evacuation Pause)
[2020-04-16T22:44:41.390+0800][131.916s] GC(107) Using 4 workers of 4 for evacuation
[2020-04-16T22:44:41.391+0800][131.917s] GC(107) To-space exhausted
[2020-04-16T22:44:41.391+0800][131.917s] GC(107)   Pre Evacuate Collection Set: 0.1ms
[2020-04-16T22:44:41.391+0800][131.917s] GC(107)   Merge Heap Roots: 0.1ms
[2020-04-16T22:44:41.391+0800][131.917s] GC(107)   Evacuate Collection Set: 0.3ms
[2020-04-16T22:44:41.391+0800][131.917s] GC(107)   Post Evacuate Collection Set: 0.4ms
[2020-04-16T22:44:41.391+0800][131.917s] GC(107)   Other: 0.1ms
[2020-04-16T22:44:41.391+0800][131.917s] GC(107) Eden regions: 1->0(128)
[2020-04-16T22:44:41.391+0800][131.917s] GC(107) Survivor regions: 0->0(0)
[2020-04-16T22:44:41.391+0800][131.917s] GC(107) Old regions: 508->509
[2020-04-16T22:44:41.391+0800][131.917s] GC(107) Archive regions: 2->2
[2020-04-16T22:44:41.391+0800][131.917s] GC(107) Humongous regions: 1->1
[2020-04-16T22:44:41.391+0800][131.917s] GC(107) Metaspace: 40054K(41296K)->40054K(41296K) NonClass: 35248K(36048K)->35248K(36048K) Class: 4805K(5248K)->4805K(5248K)
[2020-04-16T22:44:41.391+0800][131.917s] GC(107) Pause Young (Normal) (G1 Evacuation Pause) 509M->509M(512M) 1.017ms
[2020-04-16T22:44:41.391+0800][131.917s] GC(107) User=0.00s Sys=0.00s Real=0.00s
[2020-04-16T22:44:41.391+0800][131.917s] GC(108) Using 4 workers of 4 for full compaction
[2020-04-16T22:44:41.391+0800][131.917s] GC(108) Pause Full (G1 Evacuation Pause)
[2020-04-16T22:44:41.391+0800][131.918s] GC(108) Phase 1: Mark live objects
[2020-04-16T22:44:41.930+0800][132.456s] GC(108) Phase 1: Mark live objects 538.934ms
[2020-04-16T22:44:41.930+0800][132.457s] GC(108) Phase 2: Prepare for compaction
[2020-04-16T22:44:42.042+0800][132.568s] GC(108) Phase 2: Prepare for compaction 111.304ms
[2020-04-16T22:44:42.042+0800][132.568s] GC(108) Phase 3: Adjust pointers
[2020-04-16T22:44:42.232+0800][132.758s] GC(108) Phase 3: Adjust pointers 190.143ms
[2020-04-16T22:44:42.232+0800][132.758s] GC(108) Phase 4: Compact heap
[2020-04-16T22:44:42.325+0800][132.851s] GC(108) Phase 4: Compact heap 92.910ms
[2020-04-16T22:44:42.330+0800][132.856s] GC(108) Eden regions: 0->0(128)
[2020-04-16T22:44:42.330+0800][132.856s] GC(108) Survivor regions: 0->0(0)
[2020-04-16T22:44:42.330+0800][132.856s] GC(108) Old regions: 509->508
[2020-04-16T22:44:42.330+0800][132.856s] GC(108) Archive regions: 2->2
[2020-04-16T22:44:42.330+0800][132.856s] GC(108) Humongous regions: 1->1
[2020-04-16T22:44:42.330+0800][132.856s] GC(108) Metaspace: 40054K(41296K)->40054K(41296K) NonClass: 35248K(36048K)->35248K(36048K) Class: 4805K(5248K)->4805K(5248K)
[2020-04-16T22:44:42.330+0800][132.856s] GC(108) Pause Full (G1 Evacuation Pause) 509M->508M(512M) 938.431ms
[2020-04-16T22:44:42.330+0800][132.856s] GC(108) User=3.45s Sys=0.01s Real=0.94s
[2020-04-16T22:44:42.330+0800][132.856s] GC(109) Pause Young (Concurrent Start) (G1 Evacuation Pause)
[2020-04-16T22:44:42.330+0800][132.856s] GC(109) Using 4 workers of 4 for evacuation
[2020-04-16T22:44:42.332+0800][132.858s] GC(109) To-space exhausted
[2020-04-16T22:44:42.332+0800][132.858s] GC(109)   Pre Evacuate Collection Set: 0.1ms
[2020-04-16T22:44:42.332+0800][132.858s] GC(109)   Merge Heap Roots: 0.0ms
[2020-04-16T22:44:42.332+0800][132.858s] GC(109)   Evacuate Collection Set: 0.7ms
[2020-04-16T22:44:42.332+0800][132.858s] GC(109)   Post Evacuate Collection Set: 0.3ms
[2020-04-16T22:44:42.332+0800][132.858s] GC(109)   Other: 0.1ms
[2020-04-16T22:44:42.332+0800][132.858s] GC(109) Eden regions: 1->0(128)
[2020-04-16T22:44:42.332+0800][132.858s] GC(109) Survivor regions: 0->0(0)
[2020-04-16T22:44:42.332+0800][132.858s] GC(109) Old regions: 508->509
[2020-04-16T22:44:42.332+0800][132.858s] GC(109) Archive regions: 2->2
[2020-04-16T22:44:42.332+0800][132.858s] GC(109) Humongous regions: 1->1
[2020-04-16T22:44:42.332+0800][132.858s] GC(109) Metaspace: 40054K(41296K)->40054K(41296K) NonClass: 35248K(36048K)->35248K(36048K) Class: 4805K(5248K)->4805K(5248K)
[2020-04-16T22:44:42.332+0800][132.858s] GC(109) Pause Young (Concurrent Start) (G1 Evacuation Pause) 509M->509M(512M) 1.364ms
[2020-04-16T22:44:42.332+0800][132.858s] GC(109) User=0.00s Sys=0.00s Real=0.00s
[2020-04-16T22:44:42.332+0800][132.858s] GC(110) Using 4 workers of 4 for full compaction
[2020-04-16T22:44:42.332+0800][132.858s] GC(110) Pause Full (G1 Evacuation Pause)
[2020-04-16T22:44:42.332+0800][132.858s] GC(111) Concurrent Cycle
[2020-04-16T22:44:42.332+0800][132.858s] GC(111) Concurrent Clear Claimed Marks
[2020-04-16T22:44:42.332+0800][132.858s] GC(111) Concurrent Clear Claimed Marks 0.096ms
[2020-04-16T22:44:42.332+0800][132.858s] GC(111) Concurrent Scan Root Regions
[2020-04-16T22:44:42.332+0800][132.858s] GC(111) Concurrent Scan Root Regions 0.021ms
[2020-04-16T22:44:42.332+0800][132.858s] GC(111) Concurrent Mark (132.858s)
[2020-04-16T22:44:42.332+0800][132.858s] GC(111) Concurrent Mark From Roots
[2020-04-16T22:44:42.332+0800][132.858s] GC(111) Using 4 workers of 4 for marking
[2020-04-16T22:44:42.333+0800][132.859s] GC(110) Phase 1: Mark live objects
[2020-04-16T22:44:42.865+0800][133.391s] GC(110) Phase 1: Mark live objects 532.735ms
[2020-04-16T22:44:42.865+0800][133.391s] GC(110) Phase 2: Prepare for compaction
[2020-04-16T22:44:42.980+0800][133.506s] GC(110) Phase 2: Prepare for compaction 114.630ms
[2020-04-16T22:44:42.980+0800][133.506s] GC(110) Phase 3: Adjust pointers
[2020-04-16T22:44:43.174+0800][133.700s] GC(110) Phase 3: Adjust pointers 193.647ms
[2020-04-16T22:44:43.174+0800][133.700s] GC(110) Phase 4: Compact heap
[2020-04-16T22:44:43.268+0800][133.794s] GC(110) Phase 4: Compact heap 94.638ms
[2020-04-16T22:44:43.273+0800][133.799s] GC(110) Eden regions: 0->0(128)
[2020-04-16T22:44:43.273+0800][133.799s] GC(110) Survivor regions: 0->0(0)
[2020-04-16T22:44:43.273+0800][133.799s] GC(110) Old regions: 509->508
[2020-04-16T22:44:43.273+0800][133.799s] GC(110) Archive regions: 2->2
[2020-04-16T22:44:43.273+0800][133.799s] GC(110) Humongous regions: 1->1
[2020-04-16T22:44:43.273+0800][133.799s] GC(110) Metaspace: 40054K(41296K)->40054K(41296K) NonClass: 35248K(36048K)->35248K(36048K) Class: 4805K(5248K)->4805K(5248K)
[2020-04-16T22:44:43.273+0800][133.799s] GC(110) Pause Full (G1 Evacuation Pause) 509M->509M(512M) 941.410ms
[2020-04-16T22:44:43.273+0800][133.799s] GC(110) User=3.44s Sys=0.01s Real=0.94s
[2020-04-16T22:44:43.274+0800][133.800s] GC(111) Concurrent Mark From Roots 941.549ms
[2020-04-16T22:44:43.274+0800][133.800s] GC(111) Concurrent Mark Abort
[2020-04-16T22:44:43.274+0800][133.800s] GC(111) Concurrent Cycle 941.828ms
[2020-04-16T22:44:43.274+0800][133.800s] GC(112) Pause Young (Normal) (G1 Evacuation Pause)
[2020-04-16T22:44:43.274+0800][133.800s] GC(112) Using 4 workers of 4 for evacuation
[2020-04-16T22:44:43.275+0800][133.801s] GC(112) To-space exhausted
[2020-04-16T22:44:43.275+0800][133.801s] GC(112)   Pre Evacuate Collection Set: 0.1ms
[2020-04-16T22:44:43.275+0800][133.801s] GC(112)   Merge Heap Roots: 0.0ms
[2020-04-16T22:44:43.275+0800][133.801s] GC(112)   Evacuate Collection Set: 0.3ms
[2020-04-16T22:44:43.275+0800][133.801s] GC(112)   Post Evacuate Collection Set: 0.3ms
[2020-04-16T22:44:43.275+0800][133.801s] GC(112)   Other: 0.1ms
[2020-04-16T22:44:43.275+0800][133.801s] GC(112) Eden regions: 1->0(128)
[2020-04-16T22:44:43.275+0800][133.801s] GC(112) Survivor regions: 0->0(0)
[2020-04-16T22:44:43.275+0800][133.801s] GC(112) Old regions: 508->509
[2020-04-16T22:44:43.275+0800][133.801s] GC(112) Archive regions: 2->2
[2020-04-16T22:44:43.275+0800][133.801s] GC(112) Humongous regions: 1->1
[2020-04-16T22:44:43.275+0800][133.801s] GC(112) Metaspace: 40054K(41296K)->40054K(41296K) NonClass: 35248K(36048K)->35248K(36048K) Class: 4805K(5248K)->4805K(5248K)
[2020-04-16T22:44:43.275+0800][133.801s] GC(112) Pause Young (Normal) (G1 Evacuation Pause) 510M->510M(512M) 0.874ms
[2020-04-16T22:44:43.275+0800][133.801s] GC(112) User=0.00s Sys=0.00s Real=0.00s
[2020-04-16T22:44:43.275+0800][133.801s] GC(113) Using 4 workers of 4 for full compaction
[2020-04-16T22:44:43.275+0800][133.801s] GC(113) Pause Full (G1 Evacuation Pause)
[2020-04-16T22:44:43.275+0800][133.801s] GC(113) Phase 1: Mark live objects
[2020-04-16T22:44:43.813+0800][134.339s] GC(113) Phase 1: Mark live objects 537.829ms
[2020-04-16T22:44:43.813+0800][134.339s] GC(113) Phase 2: Prepare for compaction
[2020-04-16T22:44:43.939+0800][134.465s] GC(113) Phase 2: Prepare for compaction 125.976ms
[2020-04-16T22:44:43.939+0800][134.465s] GC(113) Phase 3: Adjust pointers
[2020-04-16T22:44:44.141+0800][134.667s] GC(113) Phase 3: Adjust pointers 201.978ms
[2020-04-16T22:44:44.141+0800][134.667s] GC(113) Phase 4: Compact heap
[2020-04-16T22:44:44.221+0800][134.747s] GC(113) Phase 4: Compact heap 79.622ms
[2020-04-16T22:44:44.228+0800][134.754s] GC(113) Eden regions: 0->0(128)
[2020-04-16T22:44:44.228+0800][134.754s] GC(113) Survivor regions: 0->0(0)
[2020-04-16T22:44:44.228+0800][134.754s] GC(113) Old regions: 509->508
[2020-04-16T22:44:44.228+0800][134.754s] GC(113) Archive regions: 2->2
[2020-04-16T22:44:44.228+0800][134.754s] GC(113) Humongous regions: 1->1
[2020-04-16T22:44:44.228+0800][134.754s] GC(113) Metaspace: 40054K(41296K)->40054K(41296K) NonClass: 35248K(36048K)->35248K(36048K) Class: 4805K(5248K)->4805K(5248K)
[2020-04-16T22:44:44.228+0800][134.754s] GC(113) Pause Full (G1 Evacuation Pause) 510M->509M(512M) 953.169ms
[2020-04-16T22:44:44.229+0800][134.755s] GC(113) User=3.44s Sys=0.01s Real=0.95s
[2020-04-16T22:44:44.229+0800][134.755s] GC(114) Pause Young (Concurrent Start) (G1 Evacuation Pause)
[2020-04-16T22:44:44.229+0800][134.755s] GC(114) Using 4 workers of 4 for evacuation
[2020-04-16T22:44:44.230+0800][134.756s] GC(114) To-space exhausted
[2020-04-16T22:44:44.230+0800][134.756s] GC(114)   Pre Evacuate Collection Set: 0.1ms
[2020-04-16T22:44:44.230+0800][134.756s] GC(114)   Merge Heap Roots: 0.0ms
[2020-04-16T22:44:44.230+0800][134.756s] GC(114)   Evacuate Collection Set: 0.7ms
[2020-04-16T22:44:44.230+0800][134.756s] GC(114)   Post Evacuate Collection Set: 0.3ms
[2020-04-16T22:44:44.230+0800][134.756s] GC(114)   Other: 0.2ms
[2020-04-16T22:44:44.230+0800][134.756s] GC(114) Eden regions: 1->0(128)
[2020-04-16T22:44:44.230+0800][134.756s] GC(114) Survivor regions: 0->0(0)
[2020-04-16T22:44:44.230+0800][134.756s] GC(114) Old regions: 508->509
[2020-04-16T22:44:44.231+0800][134.756s] GC(114) Archive regions: 2->2
[2020-04-16T22:44:44.231+0800][134.756s] GC(114) Humongous regions: 1->1
[2020-04-16T22:44:44.231+0800][134.756s] GC(114) Metaspace: 40054K(41296K)->40054K(41296K) NonClass: 35248K(36048K)->35248K(36048K) Class: 4805K(5248K)->4805K(5248K)
[2020-04-16T22:44:44.231+0800][134.757s] GC(114) Pause Young (Concurrent Start) (G1 Evacuation Pause) 510M->510M(512M) 1.532ms
[2020-04-16T22:44:44.231+0800][134.757s] GC(114) User=0.00s Sys=0.00s Real=0.01s
[2020-04-16T22:44:44.231+0800][134.757s] GC(116) Concurrent Cycle
[2020-04-16T22:44:44.231+0800][134.757s] GC(115) Using 4 workers of 4 for full compaction
[2020-04-16T22:44:44.231+0800][134.757s] GC(116) Concurrent Clear Claimed Marks
[2020-04-16T22:44:44.231+0800][134.757s] GC(115) Pause Full (G1 Evacuation Pause)
[2020-04-16T22:44:44.231+0800][134.757s] GC(116) Concurrent Clear Claimed Marks 0.067ms
[2020-04-16T22:44:44.231+0800][134.757s] GC(116) Concurrent Scan Root Regions
[2020-04-16T22:44:44.231+0800][134.757s] GC(116) Concurrent Scan Root Regions 0.023ms
[2020-04-16T22:44:44.231+0800][134.757s] GC(116) Concurrent Mark (134.757s)
[2020-04-16T22:44:44.231+0800][134.757s] GC(116) Concurrent Mark From Roots
[2020-04-16T22:44:44.231+0800][134.757s] GC(116) Using 4 workers of 4 for marking
[2020-04-16T22:44:44.231+0800][134.757s] GC(115) Phase 1: Mark live objects
[2020-04-16T22:44:44.771+0800][135.297s] GC(115) Phase 1: Mark live objects 539.654ms
[2020-04-16T22:44:44.771+0800][135.297s] GC(115) Phase 2: Prepare for compaction
[2020-04-16T22:44:44.889+0800][135.415s] GC(115) Phase 2: Prepare for compaction 118.178ms
[2020-04-16T22:44:44.889+0800][135.415s] GC(115) Phase 3: Adjust pointers
[2020-04-16T22:44:45.086+0800][135.612s] GC(115) Phase 3: Adjust pointers 196.329ms
[2020-04-16T22:44:45.086+0800][135.612s] GC(115) Phase 4: Compact heap
[2020-04-16T22:44:45.180+0800][135.705s] GC(115) Phase 4: Compact heap 93.643ms
[2020-04-16T22:44:45.183+0800][135.709s] GC(115) Eden regions: 0->0(128)
[2020-04-16T22:44:45.183+0800][135.709s] GC(115) Survivor regions: 0->0(0)
[2020-04-16T22:44:45.183+0800][135.709s] GC(115) Old regions: 509->508
[2020-04-16T22:44:45.183+0800][135.709s] GC(115) Archive regions: 2->2
[2020-04-16T22:44:45.183+0800][135.709s] GC(115) Humongous regions: 1->1
[2020-04-16T22:44:45.183+0800][135.709s] GC(115) Metaspace: 40054K(41296K)->40054K(41296K) NonClass: 35248K(36048K)->35248K(36048K) Class: 4805K(5248K)->4805K(5248K)
[2020-04-16T22:44:45.183+0800][135.709s] GC(115) Pause Full (G1 Evacuation Pause) 510M->509M(512M) 952.526ms
[2020-04-16T22:44:45.183+0800][135.709s] GC(115) User=3.47s Sys=0.01s Real=0.95s
[2020-04-16T22:44:45.185+0800][135.711s] GC(116) Concurrent Mark From Roots 954.169ms
[2020-04-16T22:44:45.185+0800][135.711s] GC(116) Concurrent Mark Abort
[2020-04-16T22:44:45.185+0800][135.711s] GC(116) Concurrent Cycle 954.437ms
[2020-04-16T22:44:45.185+0800][135.711s] GC(117) Pause Young (Normal) (G1 Evacuation Pause)
[2020-04-16T22:44:45.185+0800][135.711s] GC(117) Using 4 workers of 4 for evacuation
[2020-04-16T22:44:45.188+0800][135.714s] GC(117) To-space exhausted
[2020-04-16T22:44:45.188+0800][135.714s] GC(117)   Pre Evacuate Collection Set: 1.2ms
[2020-04-16T22:44:45.188+0800][135.714s] GC(117)   Merge Heap Roots: 0.0ms
[2020-04-16T22:44:45.188+0800][135.714s] GC(117)   Evacuate Collection Set: 0.6ms
[2020-04-16T22:44:45.188+0800][135.714s] GC(117)   Post Evacuate Collection Set: 0.4ms
[2020-04-16T22:44:45.188+0800][135.714s] GC(117)   Other: 0.2ms
[2020-04-16T22:44:45.188+0800][135.714s] GC(117) Eden regions: 1->0(128)
[2020-04-16T22:44:45.188+0800][135.714s] GC(117) Survivor regions: 0->0(0)
[2020-04-16T22:44:45.188+0800][135.714s] GC(117) Old regions: 508->509
[2020-04-16T22:44:45.188+0800][135.714s] GC(117) Archive regions: 2->2
[2020-04-16T22:44:45.188+0800][135.714s] GC(117) Humongous regions: 1->1
[2020-04-16T22:44:45.188+0800][135.714s] GC(117) Metaspace: 40057K(41296K)->40057K(41296K) NonClass: 35251K(36048K)->35251K(36048K) Class: 4805K(5248K)->4805K(5248K)
[2020-04-16T22:44:45.188+0800][135.714s] GC(117) Pause Young (Normal) (G1 Evacuation Pause) 510M->510M(512M) 2.617ms
[2020-04-16T22:44:45.188+0800][135.714s] GC(117) User=0.00s Sys=0.00s Real=0.00s
[2020-04-16T22:44:45.188+0800][135.714s] GC(118) Using 4 workers of 4 for full compaction
[2020-04-16T22:44:45.188+0800][135.714s] GC(118) Pause Full (G1 Evacuation Pause)
[2020-04-16T22:44:45.188+0800][135.714s] GC(118) Phase 1: Mark live objects
[2020-04-16T22:44:45.743+0800][136.269s] GC(118) Phase 1: Mark live objects 555.204ms
[2020-04-16T22:44:45.743+0800][136.269s] GC(118) Phase 2: Prepare for compaction
[2020-04-16T22:44:45.863+0800][136.389s] GC(118) Phase 2: Prepare for compaction 119.201ms
[2020-04-16T22:44:45.863+0800][136.389s] GC(118) Phase 3: Adjust pointers
[2020-04-16T22:44:46.059+0800][136.585s] GC(118) Phase 3: Adjust pointers 196.052ms
[2020-04-16T22:44:46.059+0800][136.585s] GC(118) Phase 4: Compact heap
[2020-04-16T22:44:46.142+0800][136.668s] GC(118) Phase 4: Compact heap 83.219ms
[2020-04-16T22:44:46.146+0800][136.672s] GC(118) Eden regions: 0->0(128)
[2020-04-16T22:44:46.146+0800][136.672s] GC(118) Survivor regions: 0->0(0)
[2020-04-16T22:44:46.146+0800][136.672s] GC(118) Old regions: 509->508
[2020-04-16T22:44:46.146+0800][136.672s] GC(118) Archive regions: 2->2
[2020-04-16T22:44:46.146+0800][136.672s] GC(118) Humongous regions: 1->1
[2020-04-16T22:44:46.146+0800][136.672s] GC(118) Metaspace: 40057K(41296K)->40057K(41296K) NonClass: 35251K(36048K)->35251K(36048K) Class: 4805K(5248K)->4805K(5248K)
[2020-04-16T22:44:46.146+0800][136.672s] GC(118) Pause Full (G1 Evacuation Pause) 510M->508M(512M) 958.306ms
[2020-04-16T22:44:46.146+0800][136.672s] GC(118) User=3.48s Sys=0.01s Real=0.96s
[2020-04-16T22:44:46.150+0800][136.676s] GC(119) Pause Young (Concurrent Start) (G1 Evacuation Pause)
[2020-04-16T22:44:46.150+0800][136.676s] GC(119) Using 4 workers of 4 for evacuation
[2020-04-16T22:44:46.151+0800][136.677s] GC(119) To-space exhausted
[2020-04-16T22:44:46.151+0800][136.677s] GC(119)   Pre Evacuate Collection Set: 0.1ms
[2020-04-16T22:44:46.151+0800][136.677s] GC(119)   Merge Heap Roots: 0.0ms
[2020-04-16T22:44:46.151+0800][136.677s] GC(119)   Evacuate Collection Set: 0.7ms
[2020-04-16T22:44:46.151+0800][136.677s] GC(119)   Post Evacuate Collection Set: 0.8ms
[2020-04-16T22:44:46.151+0800][136.677s] GC(119)   Other: 0.2ms
[2020-04-16T22:44:46.151+0800][136.677s] GC(119) Eden regions: 1->0(128)
[2020-04-16T22:44:46.151+0800][136.677s] GC(119) Survivor regions: 0->0(0)
[2020-04-16T22:44:46.151+0800][136.677s] GC(119) Old regions: 508->509
[2020-04-16T22:44:46.151+0800][136.677s] GC(119) Archive regions: 2->2
[2020-04-16T22:44:46.151+0800][136.677s] GC(119) Humongous regions: 1->1
[2020-04-16T22:44:46.152+0800][136.677s] GC(119) Metaspace: 40066K(41296K)->40066K(41296K) NonClass: 35261K(36048K)->35261K(36048K) Class: 4805K(5248K)->4805K(5248K)
[2020-04-16T22:44:46.152+0800][136.677s] GC(119) Pause Young (Concurrent Start) (G1 Evacuation Pause) 509M->509M(512M) 1.903ms
[2020-04-16T22:44:46.152+0800][136.677s] GC(119) User=0.01s Sys=0.00s Real=0.00s
[2020-04-16T22:44:46.152+0800][136.677s] GC(120) Using 4 workers of 4 for full compaction
[2020-04-16T22:44:46.152+0800][136.677s] GC(120) Pause Full (G1 Evacuation Pause)
[2020-04-16T22:44:46.152+0800][136.678s] GC(121) Concurrent Cycle
[2020-04-16T22:44:46.152+0800][136.678s] GC(121) Concurrent Clear Claimed Marks
[2020-04-16T22:44:46.152+0800][136.678s] GC(121) Concurrent Clear Claimed Marks 0.180ms
[2020-04-16T22:44:46.152+0800][136.678s] GC(121) Concurrent Scan Root Regions
[2020-04-16T22:44:46.152+0800][136.678s] GC(121) Concurrent Scan Root Regions 0.027ms
[2020-04-16T22:44:46.152+0800][136.678s] GC(121) Concurrent Mark (136.678s)
[2020-04-16T22:44:46.152+0800][136.678s] GC(121) Concurrent Mark From Roots
[2020-04-16T22:44:46.152+0800][136.678s] GC(121) Using 4 workers of 4 for marking
[2020-04-16T22:44:46.153+0800][136.678s] GC(120) Phase 1: Mark live objects
[2020-04-16T22:44:46.702+0800][137.228s] GC(120) Phase 1: Mark live objects 549.913ms
[2020-04-16T22:44:46.703+0800][137.228s] GC(120) Phase 2: Prepare for compaction
[2020-04-16T22:44:46.823+0800][137.349s] GC(120) Phase 2: Prepare for compaction 120.440ms
[2020-04-16T22:44:46.823+0800][137.349s] GC(120) Phase 3: Adjust pointers
[2020-04-16T22:44:47.031+0800][137.557s] GC(120) Phase 3: Adjust pointers 207.806ms
[2020-04-16T22:44:47.031+0800][137.557s] GC(120) Phase 4: Compact heap
[2020-04-16T22:44:47.129+0800][137.654s] GC(120) Phase 4: Compact heap 97.614ms
[2020-04-16T22:44:47.134+0800][137.660s] GC(120) Eden regions: 0->0(128)
[2020-04-16T22:44:47.134+0800][137.660s] GC(120) Survivor regions: 0->0(0)
[2020-04-16T22:44:47.134+0800][137.660s] GC(120) Old regions: 509->508
[2020-04-16T22:44:47.134+0800][137.660s] GC(120) Archive regions: 2->2
[2020-04-16T22:44:47.134+0800][137.660s] GC(120) Humongous regions: 1->1
[2020-04-16T22:44:47.134+0800][137.660s] GC(120) Metaspace: 40066K(41296K)->40066K(41296K) NonClass: 35261K(36048K)->35261K(36048K) Class: 4805K(5248K)->4805K(5248K)
[2020-04-16T22:44:47.134+0800][137.660s] GC(120) Pause Full (G1 Evacuation Pause) 509M->509M(512M) 982.825ms
[2020-04-16T22:44:47.135+0800][137.660s] GC(120) User=3.49s Sys=0.01s Real=0.98s
[2020-04-16T22:44:47.137+0800][137.663s] GC(121) Concurrent Mark From Roots 985.015ms
[2020-04-16T22:44:47.137+0800][137.663s] GC(121) Concurrent Mark Abort
[2020-04-16T22:44:47.138+0800][137.663s] GC(121) Concurrent Cycle 985.877ms
[2020-04-16T22:44:47.147+0800][137.673s] GC(122) Pause Young (Normal) (G1 Evacuation Pause)
[2020-04-16T22:44:47.147+0800][137.673s] GC(122) Using 4 workers of 4 for evacuation
[2020-04-16T22:44:47.153+0800][137.679s] GC(122) To-space exhausted
[2020-04-16T22:44:47.153+0800][137.679s] GC(122)   Pre Evacuate Collection Set: 0.1ms
[2020-04-16T22:44:47.153+0800][137.679s] GC(122)   Merge Heap Roots: 0.0ms
[2020-04-16T22:44:47.153+0800][137.679s] GC(122)   Evacuate Collection Set: 4.3ms
[2020-04-16T22:44:47.153+0800][137.679s] GC(122)   Post Evacuate Collection Set: 1.3ms
[2020-04-16T22:44:47.153+0800][137.679s] GC(122)   Other: 0.2ms
[2020-04-16T22:44:47.153+0800][137.679s] GC(122) Eden regions: 1->0(128)
[2020-04-16T22:44:47.153+0800][137.679s] GC(122) Survivor regions: 0->0(0)
[2020-04-16T22:44:47.153+0800][137.679s] GC(122) Old regions: 508->509
[2020-04-16T22:44:47.153+0800][137.679s] GC(122) Archive regions: 2->2
[2020-04-16T22:44:47.153+0800][137.679s] GC(122) Humongous regions: 1->1
[2020-04-16T22:44:47.153+0800][137.679s] GC(122) Metaspace: 40069K(41296K)->40069K(41296K) NonClass: 35263K(36048K)->35263K(36048K) Class: 4805K(5248K)->4805K(5248K)
[2020-04-16T22:44:47.153+0800][137.679s] GC(122) Pause Young (Normal) (G1 Evacuation Pause) 510M->510M(512M) 6.089ms
[2020-04-16T22:44:47.153+0800][137.679s] GC(122) User=0.00s Sys=0.00s Real=0.01s
[2020-04-16T22:44:47.153+0800][137.679s] GC(123) Using 4 workers of 4 for full compaction
[2020-04-16T22:44:47.153+0800][137.679s] GC(123) Pause Full (G1 Evacuation Pause)
[2020-04-16T22:44:47.153+0800][137.679s] GC(123) Phase 1: Mark live objects
[2020-04-16T22:44:47.698+0800][138.224s] GC(123) Phase 1: Mark live objects 544.429ms
[2020-04-16T22:44:47.698+0800][138.224s] GC(123) Phase 2: Prepare for compaction
[2020-04-16T22:44:47.816+0800][138.342s] GC(123) Phase 2: Prepare for compaction 118.047ms
[2020-04-16T22:44:47.816+0800][138.342s] GC(123) Phase 3: Adjust pointers
[2020-04-16T22:44:48.039+0800][138.565s] GC(123) Phase 3: Adjust pointers 222.853ms
[2020-04-16T22:44:48.039+0800][138.565s] GC(123) Phase 4: Compact heap
[2020-04-16T22:44:48.133+0800][138.659s] GC(123) Phase 4: Compact heap 94.498ms
[2020-04-16T22:44:48.137+0800][138.663s] GC(123) Eden regions: 0->0(128)
[2020-04-16T22:44:48.137+0800][138.663s] GC(123) Survivor regions: 0->0(0)
[2020-04-16T22:44:48.137+0800][138.663s] GC(123) Old regions: 509->508
[2020-04-16T22:44:48.137+0800][138.663s] GC(123) Archive regions: 2->2
[2020-04-16T22:44:48.137+0800][138.663s] GC(123) Humongous regions: 1->1
[2020-04-16T22:44:48.137+0800][138.663s] GC(123) Metaspace: 40069K(41296K)->40069K(41296K) NonClass: 35263K(36048K)->35263K(36048K) Class: 4805K(5248K)->4805K(5248K)
[2020-04-16T22:44:48.137+0800][138.663s] GC(123) Pause Full (G1 Evacuation Pause) 510M->509M(512M) 984.235ms
[2020-04-16T22:44:48.138+0800][138.663s] GC(123) User=3.56s Sys=0.01s Real=0.98s
[2020-04-16T22:44:48.138+0800][138.664s] GC(124) Pause Young (Concurrent Start) (G1 Evacuation Pause)
[2020-04-16T22:44:48.138+0800][138.664s] GC(124) Using 4 workers of 4 for evacuation
[2020-04-16T22:44:48.139+0800][138.665s] GC(124) To-space exhausted
[2020-04-16T22:44:48.139+0800][138.665s] GC(124)   Pre Evacuate Collection Set: 0.1ms
[2020-04-16T22:44:48.139+0800][138.665s] GC(124)   Merge Heap Roots: 0.0ms
[2020-04-16T22:44:48.139+0800][138.665s] GC(124)   Evacuate Collection Set: 0.6ms
[2020-04-16T22:44:48.139+0800][138.665s] GC(124)   Post Evacuate Collection Set: 0.4ms
[2020-04-16T22:44:48.139+0800][138.665s] GC(124)   Other: 0.2ms
[2020-04-16T22:44:48.139+0800][138.665s] GC(124) Eden regions: 1->0(128)
[2020-04-16T22:44:48.140+0800][138.665s] GC(124) Survivor regions: 0->0(0)
[2020-04-16T22:44:48.140+0800][138.665s] GC(124) Old regions: 508->509
[2020-04-16T22:44:48.140+0800][138.665s] GC(124) Archive regions: 2->2
[2020-04-16T22:44:48.140+0800][138.665s] GC(124) Humongous regions: 1->1
[2020-04-16T22:44:48.140+0800][138.665s] GC(124) Metaspace: 40069K(41296K)->40069K(41296K) NonClass: 35264K(36048K)->35264K(36048K) Class: 4805K(5248K)->4805K(5248K)
[2020-04-16T22:44:48.140+0800][138.665s] GC(124) Pause Young (Concurrent Start) (G1 Evacuation Pause) 510M->510M(512M) 1.335ms
[2020-04-16T22:44:48.140+0800][138.665s] GC(124) User=0.00s Sys=0.00s Real=0.01s
[2020-04-16T22:44:48.140+0800][138.665s] GC(125) Using 4 workers of 4 for full compaction
[2020-04-16T22:44:48.140+0800][138.665s] GC(125) Pause Full (G1 Evacuation Pause)
[2020-04-16T22:44:48.140+0800][138.665s] GC(126) Concurrent Cycle
[2020-04-16T22:44:48.140+0800][138.666s] GC(126) Concurrent Clear Claimed Marks
[2020-04-16T22:44:48.140+0800][138.666s] GC(126) Concurrent Clear Claimed Marks 0.107ms
[2020-04-16T22:44:48.140+0800][138.666s] GC(126) Concurrent Scan Root Regions
[2020-04-16T22:44:48.140+0800][138.666s] GC(126) Concurrent Scan Root Regions 0.032ms
[2020-04-16T22:44:48.140+0800][138.666s] GC(126) Concurrent Mark (138.666s)
[2020-04-16T22:44:48.140+0800][138.666s] GC(126) Concurrent Mark From Roots
[2020-04-16T22:44:48.140+0800][138.666s] GC(126) Using 4 workers of 4 for marking
[2020-04-16T22:44:48.140+0800][138.666s] GC(125) Phase 1: Mark live objects
[2020-04-16T22:44:48.705+0800][139.231s] GC(125) Phase 1: Mark live objects 564.607ms
[2020-04-16T22:44:48.705+0800][139.231s] GC(125) Phase 2: Prepare for compaction
[2020-04-16T22:44:48.823+0800][139.348s] GC(125) Phase 2: Prepare for compaction 117.481ms
[2020-04-16T22:44:48.823+0800][139.348s] GC(125) Phase 3: Adjust pointers
[2020-04-16T22:44:49.018+0800][139.543s] GC(125) Phase 3: Adjust pointers 194.917ms
[2020-04-16T22:44:49.018+0800][139.543s] GC(125) Phase 4: Compact heap
[2020-04-16T22:44:49.106+0800][139.631s] GC(125) Phase 4: Compact heap 87.976ms
[2020-04-16T22:44:49.109+0800][139.635s] GC(125) Eden regions: 0->0(128)
[2020-04-16T22:44:49.109+0800][139.635s] GC(125) Survivor regions: 0->0(0)
[2020-04-16T22:44:49.109+0800][139.635s] GC(125) Old regions: 509->508
[2020-04-16T22:44:49.109+0800][139.635s] GC(125) Archive regions: 2->2
[2020-04-16T22:44:49.109+0800][139.635s] GC(125) Humongous regions: 1->1
[2020-04-16T22:44:49.109+0800][139.635s] GC(125) Metaspace: 40069K(41296K)->40069K(41296K) NonClass: 35264K(36048K)->35264K(36048K) Class: 4805K(5248K)->4805K(5248K)
[2020-04-16T22:44:49.109+0800][139.635s] GC(125) Pause Full (G1 Evacuation Pause) 510M->509M(512M) 969.634ms
[2020-04-16T22:44:49.109+0800][139.635s] GC(125) User=3.58s Sys=0.01s Real=0.96s
[2020-04-16T22:44:49.110+0800][139.635s] GC(126) Concurrent Mark From Roots 969.642ms
[2020-04-16T22:44:49.110+0800][139.635s] GC(126) Concurrent Mark Abort
[2020-04-16T22:44:49.110+0800][139.635s] GC(126) Concurrent Cycle 970.009ms
[2020-04-16T22:44:49.110+0800][139.636s] GC(127) Pause Young (Normal) (G1 Evacuation Pause)
[2020-04-16T22:44:49.110+0800][139.636s] GC(127) Using 4 workers of 4 for evacuation
[2020-04-16T22:44:49.111+0800][139.637s] GC(127) To-space exhausted
[2020-04-16T22:44:49.111+0800][139.637s] GC(127)   Pre Evacuate Collection Set: 0.1ms
[2020-04-16T22:44:49.111+0800][139.637s] GC(127)   Merge Heap Roots: 0.1ms
[2020-04-16T22:44:49.111+0800][139.637s] GC(127)   Evacuate Collection Set: 0.3ms
[2020-04-16T22:44:49.111+0800][139.637s] GC(127)   Post Evacuate Collection Set: 0.5ms
[2020-04-16T22:44:49.111+0800][139.637s] GC(127)   Other: 0.2ms
[2020-04-16T22:44:49.111+0800][139.637s] GC(127) Eden regions: 1->0(128)
[2020-04-16T22:44:49.111+0800][139.637s] GC(127) Survivor regions: 0->0(0)
[2020-04-16T22:44:49.111+0800][139.637s] GC(127) Old regions: 508->509
[2020-04-16T22:44:49.111+0800][139.637s] GC(127) Archive regions: 2->2
[2020-04-16T22:44:49.111+0800][139.637s] GC(127) Humongous regions: 1->1
[2020-04-16T22:44:49.111+0800][139.637s] GC(127) Metaspace: 40069K(41296K)->40069K(41296K) NonClass: 35264K(36048K)->35264K(36048K) Class: 4805K(5248K)->4805K(5248K)
[2020-04-16T22:44:49.111+0800][139.637s] GC(127) Pause Young (Normal) (G1 Evacuation Pause) 510M->510M(512M) 1.211ms
[2020-04-16T22:44:49.111+0800][139.637s] GC(127) User=0.00s Sys=0.00s Real=0.00s
[2020-04-16T22:44:49.111+0800][139.637s] GC(128) Using 4 workers of 4 for full compaction
[2020-04-16T22:44:49.111+0800][139.637s] GC(128) Pause Full (G1 Evacuation Pause)
[2020-04-16T22:44:49.112+0800][139.638s] GC(128) Phase 1: Mark live objects
[2020-04-16T22:44:49.702+0800][140.228s] GC(128) Phase 1: Mark live objects 590.465ms
[2020-04-16T22:44:49.702+0800][140.228s] GC(128) Phase 2: Prepare for compaction
[2020-04-16T22:44:49.841+0800][140.367s] GC(128) Phase 2: Prepare for compaction 138.889ms
[2020-04-16T22:44:49.841+0800][140.367s] GC(128) Phase 3: Adjust pointers
[2020-04-16T22:44:50.077+0800][140.602s] GC(128) Phase 3: Adjust pointers 235.376ms
[2020-04-16T22:44:50.077+0800][140.602s] GC(128) Phase 4: Compact heap
[2020-04-16T22:44:50.164+0800][140.690s] GC(128) Phase 4: Compact heap 87.691ms
[2020-04-16T22:44:50.168+0800][140.694s] GC(128) Eden regions: 0->0(128)
[2020-04-16T22:44:50.168+0800][140.694s] GC(128) Survivor regions: 0->0(0)
[2020-04-16T22:44:50.168+0800][140.694s] GC(128) Old regions: 509->508
[2020-04-16T22:44:50.168+0800][140.694s] GC(128) Archive regions: 2->2
[2020-04-16T22:44:50.168+0800][140.694s] GC(128) Humongous regions: 1->1
[2020-04-16T22:44:50.168+0800][140.694s] GC(128) Metaspace: 40069K(41296K)->40069K(41296K) NonClass: 35264K(36048K)->35264K(36048K) Class: 4805K(5248K)->4805K(5248K)
[2020-04-16T22:44:50.168+0800][140.694s] GC(128) Pause Full (G1 Evacuation Pause) 510M->509M(512M) 1056.686ms
[2020-04-16T22:44:50.168+0800][140.694s] GC(128) User=3.55s Sys=0.01s Real=1.05s
[2020-04-16T22:44:50.169+0800][140.695s] GC(129) Pause Young (Concurrent Start) (G1 Evacuation Pause)
[2020-04-16T22:44:50.169+0800][140.695s] GC(129) Using 4 workers of 4 for evacuation
[2020-04-16T22:44:50.171+0800][140.697s] GC(129) To-space exhausted
[2020-04-16T22:44:50.171+0800][140.697s] GC(129)   Pre Evacuate Collection Set: 0.1ms
[2020-04-16T22:44:50.171+0800][140.697s] GC(129)   Merge Heap Roots: 0.0ms
[2020-04-16T22:44:50.171+0800][140.697s] GC(129)   Evacuate Collection Set: 1.6ms
[2020-04-16T22:44:50.171+0800][140.697s] GC(129)   Post Evacuate Collection Set: 0.4ms
[2020-04-16T22:44:50.171+0800][140.697s] GC(129)   Other: 0.2ms
[2020-04-16T22:44:50.171+0800][140.697s] GC(129) Eden regions: 1->0(128)
[2020-04-16T22:44:50.171+0800][140.697s] GC(129) Survivor regions: 0->0(0)
[2020-04-16T22:44:50.171+0800][140.697s] GC(129) Old regions: 508->509
[2020-04-16T22:44:50.171+0800][140.697s] GC(129) Archive regions: 2->2
[2020-04-16T22:44:50.171+0800][140.697s] GC(129) Humongous regions: 1->1
[2020-04-16T22:44:50.171+0800][140.697s] GC(129) Metaspace: 40069K(41296K)->40069K(41296K) NonClass: 35264K(36048K)->35264K(36048K) Class: 4805K(5248K)->4805K(5248K)
[2020-04-16T22:44:50.171+0800][140.697s] GC(129) Pause Young (Concurrent Start) (G1 Evacuation Pause) 510M->510M(512M) 2.441ms
[2020-04-16T22:44:50.171+0800][140.697s] GC(129) User=0.01s Sys=0.00s Real=0.01s
[2020-04-16T22:44:50.171+0800][140.697s] GC(130) Using 4 workers of 4 for full compaction
[2020-04-16T22:44:50.171+0800][140.697s] GC(131) Concurrent Cycle
[2020-04-16T22:44:50.171+0800][140.697s] GC(130) Pause Full (G1 Evacuation Pause)
[2020-04-16T22:44:50.171+0800][140.697s] GC(131) Concurrent Clear Claimed Marks
[2020-04-16T22:44:50.171+0800][140.697s] GC(131) Concurrent Clear Claimed Marks 0.105ms
[2020-04-16T22:44:50.171+0800][140.697s] GC(131) Concurrent Scan Root Regions
[2020-04-16T22:44:50.171+0800][140.697s] GC(131) Concurrent Scan Root Regions 0.015ms
[2020-04-16T22:44:50.171+0800][140.697s] GC(131) Concurrent Mark (140.697s)
[2020-04-16T22:44:50.171+0800][140.697s] GC(131) Concurrent Mark From Roots
[2020-04-16T22:44:50.172+0800][140.697s] GC(131) Using 4 workers of 4 for marking
[2020-04-16T22:44:50.172+0800][140.698s] GC(130) Phase 1: Mark live objects
[2020-04-16T22:44:50.731+0800][141.257s] GC(130) Phase 1: Mark live objects 558.713ms
[2020-04-16T22:44:50.731+0800][141.257s] GC(130) Phase 2: Prepare for compaction
[2020-04-16T22:44:50.855+0800][141.380s] GC(130) Phase 2: Prepare for compaction 123.514ms
[2020-04-16T22:44:50.855+0800][141.380s] GC(130) Phase 3: Adjust pointers
[2020-04-16T22:44:51.050+0800][141.576s] GC(130) Phase 3: Adjust pointers 195.283ms
[2020-04-16T22:44:51.050+0800][141.576s] GC(130) Phase 4: Compact heap
[2020-04-16T22:44:51.128+0800][141.654s] GC(130) Phase 4: Compact heap 78.399ms
[2020-04-16T22:44:51.132+0800][141.658s] GC(130) Eden regions: 0->0(128)
[2020-04-16T22:44:51.132+0800][141.658s] GC(130) Survivor regions: 0->0(0)
[2020-04-16T22:44:51.132+0800][141.658s] GC(130) Old regions: 509->508
[2020-04-16T22:44:51.132+0800][141.658s] GC(130) Archive regions: 2->2
[2020-04-16T22:44:51.132+0800][141.658s] GC(130) Humongous regions: 1->1
[2020-04-16T22:44:51.132+0800][141.658s] GC(130) Metaspace: 40069K(41296K)->40069K(41296K) NonClass: 35264K(36048K)->35264K(36048K) Class: 4805K(5248K)->4805K(5248K)
[2020-04-16T22:44:51.132+0800][141.658s] GC(130) Pause Full (G1 Evacuation Pause) 510M->509M(512M) 960.860ms
[2020-04-16T22:44:51.132+0800][141.658s] GC(130) User=3.56s Sys=0.01s Real=0.96s
[2020-04-16T22:44:51.132+0800][141.658s] GC(131) Concurrent Mark From Roots 960.922ms
[2020-04-16T22:44:51.133+0800][141.658s] GC(131) Concurrent Mark Abort
[2020-04-16T22:44:51.133+0800][141.658s] GC(131) Concurrent Cycle 961.284ms
[2020-04-16T22:44:51.133+0800][141.659s] GC(132) Pause Young (Normal) (G1 Evacuation Pause)
[2020-04-16T22:44:51.133+0800][141.659s] GC(132) Using 4 workers of 4 for evacuation
[2020-04-16T22:44:51.134+0800][141.660s] GC(132) To-space exhausted
[2020-04-16T22:44:51.134+0800][141.660s] GC(132)   Pre Evacuate Collection Set: 0.2ms
[2020-04-16T22:44:51.134+0800][141.660s] GC(132)   Merge Heap Roots: 0.0ms
[2020-04-16T22:44:51.135+0800][141.660s] GC(132)   Evacuate Collection Set: 0.8ms
[2020-04-16T22:44:51.135+0800][141.660s] GC(132)   Post Evacuate Collection Set: 0.4ms
[2020-04-16T22:44:51.135+0800][141.660s] GC(132)   Other: 0.3ms
[2020-04-16T22:44:51.135+0800][141.660s] GC(132) Eden regions: 1->0(128)
[2020-04-16T22:44:51.135+0800][141.660s] GC(132) Survivor regions: 0->0(0)
[2020-04-16T22:44:51.135+0800][141.660s] GC(132) Old regions: 508->509
[2020-04-16T22:44:51.135+0800][141.660s] GC(132) Archive regions: 2->2
[2020-04-16T22:44:51.135+0800][141.660s] GC(132) Humongous regions: 1->1
[2020-04-16T22:44:51.135+0800][141.660s] GC(132) Metaspace: 40069K(41296K)->40069K(41296K) NonClass: 35264K(36048K)->35264K(36048K) Class: 4805K(5248K)->4805K(5248K)
[2020-04-16T22:44:51.135+0800][141.660s] GC(132) Pause Young (Normal) (G1 Evacuation Pause) 510M->510M(512M) 1.753ms
[2020-04-16T22:44:51.135+0800][141.660s] GC(132) User=0.00s Sys=0.00s Real=0.00s
[2020-04-16T22:44:51.135+0800][141.660s] GC(133) Using 4 workers of 4 for full compaction
[2020-04-16T22:44:51.135+0800][141.661s] GC(133) Pause Full (G1 Evacuation Pause)
[2020-04-16T22:44:51.135+0800][141.661s] GC(133) Phase 1: Mark live objects
[2020-04-16T22:44:51.708+0800][142.234s] GC(133) Phase 1: Mark live objects 572.981ms
[2020-04-16T22:44:51.708+0800][142.234s] GC(133) Phase 2: Prepare for compaction
[2020-04-16T22:44:51.828+0800][142.354s] GC(133) Phase 2: Prepare for compaction 119.710ms
[2020-04-16T22:44:51.828+0800][142.354s] GC(133) Phase 3: Adjust pointers
[2020-04-16T22:44:52.035+0800][142.561s] GC(133) Phase 3: Adjust pointers 206.872ms
[2020-04-16T22:44:52.035+0800][142.561s] GC(133) Phase 4: Compact heap
[2020-04-16T22:44:52.114+0800][142.640s] GC(133) Phase 4: Compact heap 78.839ms
[2020-04-16T22:44:52.118+0800][142.644s] GC(133) Eden regions: 0->0(128)
[2020-04-16T22:44:52.118+0800][142.644s] GC(133) Survivor regions: 0->0(0)
[2020-04-16T22:44:52.118+0800][142.644s] GC(133) Old regions: 509->508
[2020-04-16T22:44:52.118+0800][142.644s] GC(133) Archive regions: 2->2
[2020-04-16T22:44:52.118+0800][142.644s] GC(133) Humongous regions: 1->1
[2020-04-16T22:44:52.118+0800][142.644s] GC(133) Metaspace: 40069K(41296K)->40069K(41296K) NonClass: 35264K(36048K)->35264K(36048K) Class: 4805K(5248K)->4805K(5248K)
[2020-04-16T22:44:52.118+0800][142.644s] GC(133) Pause Full (G1 Evacuation Pause) 510M->509M(512M) 983.641ms
[2020-04-16T22:44:52.119+0800][142.645s] GC(133) User=3.59s Sys=0.01s Real=0.98s
[2020-04-16T22:44:52.120+0800][142.645s] GC(134) Pause Young (Concurrent Start) (G1 Evacuation Pause)
[2020-04-16T22:44:52.120+0800][142.646s] GC(134) Using 4 workers of 4 for evacuation
[2020-04-16T22:44:52.122+0800][142.647s] GC(134) To-space exhausted
[2020-04-16T22:44:52.122+0800][142.647s] GC(134)   Pre Evacuate Collection Set: 0.1ms
[2020-04-16T22:44:52.122+0800][142.647s] GC(134)   Merge Heap Roots: 0.0ms
[2020-04-16T22:44:52.122+0800][142.647s] GC(134)   Evacuate Collection Set: 1.1ms
[2020-04-16T22:44:52.122+0800][142.647s] GC(134)   Post Evacuate Collection Set: 0.4ms
[2020-04-16T22:44:52.122+0800][142.647s] GC(134)   Other: 0.2ms
[2020-04-16T22:44:52.122+0800][142.647s] GC(134) Eden regions: 1->0(128)
[2020-04-16T22:44:52.122+0800][142.647s] GC(134) Survivor regions: 0->0(0)
[2020-04-16T22:44:52.122+0800][142.647s] GC(134) Old regions: 508->509
[2020-04-16T22:44:52.122+0800][142.647s] GC(134) Archive regions: 2->2
[2020-04-16T22:44:52.122+0800][142.647s] GC(134) Humongous regions: 1->1
[2020-04-16T22:44:52.122+0800][142.647s] GC(134) Metaspace: 40069K(41296K)->40069K(41296K) NonClass: 35264K(36048K)->35264K(36048K) Class: 4805K(5248K)->4805K(5248K)
[2020-04-16T22:44:52.122+0800][142.648s] GC(134) Pause Young (Concurrent Start) (G1 Evacuation Pause) 510M->510M(512M) 2.075ms
[2020-04-16T22:44:52.122+0800][142.648s] GC(134) User=0.00s Sys=0.00s Real=0.00s
[2020-04-16T22:44:52.122+0800][142.648s] GC(135) Using 4 workers of 4 for full compaction
[2020-04-16T22:44:52.122+0800][142.648s] GC(136) Concurrent Cycle
[2020-04-16T22:44:52.122+0800][142.648s] GC(135) Pause Full (G1 Evacuation Pause)
[2020-04-16T22:44:52.122+0800][142.648s] GC(136) Concurrent Clear Claimed Marks
[2020-04-16T22:44:52.122+0800][142.648s] GC(136) Concurrent Clear Claimed Marks 0.101ms
[2020-04-16T22:44:52.122+0800][142.648s] GC(136) Concurrent Scan Root Regions
[2020-04-16T22:44:52.122+0800][142.648s] GC(136) Concurrent Scan Root Regions 0.019ms
[2020-04-16T22:44:52.122+0800][142.648s] GC(136) Concurrent Mark (142.648s)
[2020-04-16T22:44:52.122+0800][142.648s] GC(136) Concurrent Mark From Roots
[2020-04-16T22:44:52.122+0800][142.648s] GC(136) Using 4 workers of 4 for marking
[2020-04-16T22:44:52.123+0800][142.649s] GC(135) Phase 1: Mark live objects
[2020-04-16T22:44:52.682+0800][143.207s] GC(135) Phase 1: Mark live objects 558.665ms
[2020-04-16T22:44:52.682+0800][143.207s] GC(135) Phase 2: Prepare for compaction
[2020-04-16T22:44:52.799+0800][143.325s] GC(135) Phase 2: Prepare for compaction 117.502ms
[2020-04-16T22:44:52.799+0800][143.325s] GC(135) Phase 3: Adjust pointers
[2020-04-16T22:44:52.999+0800][143.524s] GC(135) Phase 3: Adjust pointers 199.389ms
[2020-04-16T22:44:52.999+0800][143.524s] GC(135) Phase 4: Compact heap
[2020-04-16T22:44:53.085+0800][143.610s] GC(135) Phase 4: Compact heap 85.777ms
[2020-04-16T22:44:53.088+0800][143.614s] GC(135) Eden regions: 0->0(128)
[2020-04-16T22:44:53.088+0800][143.614s] GC(135) Survivor regions: 0->0(0)
[2020-04-16T22:44:53.088+0800][143.614s] GC(135) Old regions: 509->508
[2020-04-16T22:44:53.088+0800][143.614s] GC(135) Archive regions: 2->2
[2020-04-16T22:44:53.088+0800][143.614s] GC(135) Humongous regions: 1->1
[2020-04-16T22:44:53.088+0800][143.614s] GC(135) Metaspace: 40069K(41296K)->40069K(41296K) NonClass: 35264K(36048K)->35264K(36048K) Class: 4805K(5248K)->4805K(5248K)
[2020-04-16T22:44:53.088+0800][143.614s] GC(135) Pause Full (G1 Evacuation Pause) 510M->509M(512M) 966.263ms
[2020-04-16T22:44:53.088+0800][143.614s] GC(135) User=3.62s Sys=0.01s Real=0.96s
[2020-04-16T22:44:53.089+0800][143.614s] GC(136) Concurrent Mark From Roots 966.415ms
[2020-04-16T22:44:53.089+0800][143.614s] GC(136) Concurrent Mark Abort
[2020-04-16T22:44:53.089+0800][143.614s] GC(136) Concurrent Cycle 966.712ms
[2020-04-16T22:44:53.089+0800][143.615s] GC(137) Pause Young (Normal) (G1 Evacuation Pause)
[2020-04-16T22:44:53.089+0800][143.615s] GC(137) Using 4 workers of 4 for evacuation
[2020-04-16T22:44:53.090+0800][143.616s] GC(137) To-space exhausted
[2020-04-16T22:44:53.090+0800][143.616s] GC(137)   Pre Evacuate Collection Set: 0.1ms
[2020-04-16T22:44:53.090+0800][143.616s] GC(137)   Merge Heap Roots: 0.0ms
[2020-04-16T22:44:53.090+0800][143.616s] GC(137)   Evacuate Collection Set: 0.2ms
[2020-04-16T22:44:53.090+0800][143.616s] GC(137)   Post Evacuate Collection Set: 0.4ms
[2020-04-16T22:44:53.090+0800][143.616s] GC(137)   Other: 0.1ms
[2020-04-16T22:44:53.090+0800][143.616s] GC(137) Eden regions: 1->0(128)
[2020-04-16T22:44:53.090+0800][143.616s] GC(137) Survivor regions: 0->0(0)
[2020-04-16T22:44:53.090+0800][143.616s] GC(137) Old regions: 508->509
[2020-04-16T22:44:53.090+0800][143.616s] GC(137) Archive regions: 2->2
[2020-04-16T22:44:53.090+0800][143.616s] GC(137) Humongous regions: 1->1
[2020-04-16T22:44:53.090+0800][143.616s] GC(137) Metaspace: 40069K(41296K)->40069K(41296K) NonClass: 35264K(36048K)->35264K(36048K) Class: 4805K(5248K)->4805K(5248K)
[2020-04-16T22:44:53.090+0800][143.616s] GC(137) Pause Young (Normal) (G1 Evacuation Pause) 510M->510M(512M) 0.968ms
[2020-04-16T22:44:53.090+0800][143.616s] GC(137) User=0.00s Sys=0.00s Real=0.01s
[2020-04-16T22:44:53.090+0800][143.616s] GC(138) Using 4 workers of 4 for full compaction
[2020-04-16T22:44:53.090+0800][143.616s] GC(138) Pause Full (G1 Evacuation Pause)
[2020-04-16T22:44:53.090+0800][143.616s] GC(138) Phase 1: Mark live objects
[2020-04-16T22:44:53.653+0800][144.179s] GC(138) Phase 1: Mark live objects 562.726ms
[2020-04-16T22:44:53.653+0800][144.179s] GC(138) Phase 2: Prepare for compaction
[2020-04-16T22:44:53.774+0800][144.299s] GC(138) Phase 2: Prepare for compaction 120.365ms
[2020-04-16T22:44:53.774+0800][144.299s] GC(138) Phase 3: Adjust pointers
[2020-04-16T22:44:53.973+0800][144.499s] GC(138) Phase 3: Adjust pointers 199.393ms
[2020-04-16T22:44:53.973+0800][144.499s] GC(138) Phase 4: Compact heap
[2020-04-16T22:44:54.051+0800][144.576s] GC(138) Phase 4: Compact heap 77.406ms
[2020-04-16T22:44:54.054+0800][144.580s] GC(138) Eden regions: 0->0(128)
[2020-04-16T22:44:54.054+0800][144.580s] GC(138) Survivor regions: 0->0(0)
[2020-04-16T22:44:54.054+0800][144.580s] GC(138) Old regions: 509->508
[2020-04-16T22:44:54.054+0800][144.580s] GC(138) Archive regions: 2->2
[2020-04-16T22:44:54.054+0800][144.580s] GC(138) Humongous regions: 1->1
[2020-04-16T22:44:54.054+0800][144.580s] GC(138) Metaspace: 40069K(41296K)->40069K(41296K) NonClass: 35264K(36048K)->35264K(36048K) Class: 4805K(5248K)->4805K(5248K)
[2020-04-16T22:44:54.054+0800][144.580s] GC(138) Pause Full (G1 Evacuation Pause) 510M->509M(512M) 964.123ms
[2020-04-16T22:44:54.054+0800][144.580s] GC(138) User=3.59s Sys=0.01s Real=0.96s
[2020-04-16T22:44:54.055+0800][144.581s] GC(139) Pause Young (Concurrent Start) (G1 Evacuation Pause)
[2020-04-16T22:44:54.055+0800][144.581s] GC(139) Using 4 workers of 4 for evacuation
[2020-04-16T22:44:54.056+0800][144.582s] GC(139) To-space exhausted
[2020-04-16T22:44:54.056+0800][144.582s] GC(139)   Pre Evacuate Collection Set: 0.1ms
[2020-04-16T22:44:54.056+0800][144.582s] GC(139)   Merge Heap Roots: 0.0ms
[2020-04-16T22:44:54.056+0800][144.582s] GC(139)   Evacuate Collection Set: 0.7ms
[2020-04-16T22:44:54.056+0800][144.582s] GC(139)   Post Evacuate Collection Set: 0.3ms
[2020-04-16T22:44:54.056+0800][144.582s] GC(139)   Other: 0.1ms
[2020-04-16T22:44:54.056+0800][144.582s] GC(139) Eden regions: 1->0(128)
[2020-04-16T22:44:54.056+0800][144.582s] GC(139) Survivor regions: 0->0(0)
[2020-04-16T22:44:54.056+0800][144.582s] GC(139) Old regions: 508->509
[2020-04-16T22:44:54.056+0800][144.582s] GC(139) Archive regions: 2->2
[2020-04-16T22:44:54.056+0800][144.582s] GC(139) Humongous regions: 1->1
[2020-04-16T22:44:54.056+0800][144.582s] GC(139) Metaspace: 40069K(41296K)->40069K(41296K) NonClass: 35264K(36048K)->35264K(36048K) Class: 4805K(5248K)->4805K(5248K)
[2020-04-16T22:44:54.056+0800][144.582s] GC(139) Pause Young (Concurrent Start) (G1 Evacuation Pause) 510M->510M(512M) 1.333ms
[2020-04-16T22:44:54.056+0800][144.582s] GC(139) User=0.00s Sys=0.00s Real=0.00s
[2020-04-16T22:44:54.056+0800][144.582s] GC(140) Using 4 workers of 4 for full compaction
[2020-04-16T22:44:54.056+0800][144.582s] GC(140) Pause Full (G1 Evacuation Pause)
[2020-04-16T22:44:54.056+0800][144.582s] GC(141) Concurrent Cycle
[2020-04-16T22:44:54.056+0800][144.582s] GC(141) Concurrent Clear Claimed Marks
[2020-04-16T22:44:54.056+0800][144.582s] GC(141) Concurrent Clear Claimed Marks 0.097ms
[2020-04-16T22:44:54.056+0800][144.582s] GC(141) Concurrent Scan Root Regions
[2020-04-16T22:44:54.057+0800][144.582s] GC(141) Concurrent Scan Root Regions 0.031ms
[2020-04-16T22:44:54.057+0800][144.582s] GC(141) Concurrent Mark (144.582s)
[2020-04-16T22:44:54.057+0800][144.582s] GC(141) Concurrent Mark From Roots
[2020-04-16T22:44:54.057+0800][144.582s] GC(141) Using 4 workers of 4 for marking
[2020-04-16T22:44:54.057+0800][144.583s] GC(140) Phase 1: Mark live objects
[2020-04-16T22:44:54.630+0800][145.156s] GC(140) Phase 1: Mark live objects 573.362ms
[2020-04-16T22:44:54.631+0800][145.156s] GC(140) Phase 2: Prepare for compaction
[2020-04-16T22:44:54.751+0800][145.276s] GC(140) Phase 2: Prepare for compaction 120.267ms
[2020-04-16T22:44:54.751+0800][145.277s] GC(140) Phase 3: Adjust pointers
[2020-04-16T22:44:54.959+0800][145.484s] GC(140) Phase 3: Adjust pointers 207.637ms
[2020-04-16T22:44:54.959+0800][145.484s] GC(140) Phase 4: Compact heap
[2020-04-16T22:44:55.034+0800][145.559s] GC(140) Phase 4: Compact heap 75.189ms
[2020-04-16T22:44:55.037+0800][145.563s] GC(140) Eden regions: 0->0(128)
[2020-04-16T22:44:55.037+0800][145.563s] GC(140) Survivor regions: 0->0(0)
[2020-04-16T22:44:55.037+0800][145.563s] GC(140) Old regions: 509->508
[2020-04-16T22:44:55.037+0800][145.563s] GC(140) Archive regions: 2->2
[2020-04-16T22:44:55.037+0800][145.563s] GC(140) Humongous regions: 1->1
[2020-04-16T22:44:55.037+0800][145.563s] GC(140) Metaspace: 40069K(41296K)->40069K(41296K) NonClass: 35264K(36048K)->35264K(36048K) Class: 4805K(5248K)->4805K(5248K)
[2020-04-16T22:44:55.037+0800][145.563s] GC(140) Pause Full (G1 Evacuation Pause) 510M->509M(512M) 980.956ms
[2020-04-16T22:44:55.037+0800][145.563s] GC(140) User=3.59s Sys=0.02s Real=0.98s
[2020-04-16T22:44:55.038+0800][145.563s] GC(141) Concurrent Mark From Roots 980.923ms
[2020-04-16T22:44:55.038+0800][145.563s] GC(141) Concurrent Mark Abort
[2020-04-16T22:44:55.038+0800][145.563s] GC(141) Concurrent Cycle 981.245ms
[2020-04-16T22:44:55.038+0800][145.564s] GC(142) Pause Young (Normal) (G1 Evacuation Pause)
[2020-04-16T22:44:55.038+0800][145.564s] GC(142) Using 4 workers of 4 for evacuation
[2020-04-16T22:44:55.039+0800][145.565s] GC(142) To-space exhausted
[2020-04-16T22:44:55.039+0800][145.565s] GC(142)   Pre Evacuate Collection Set: 0.1ms
[2020-04-16T22:44:55.039+0800][145.565s] GC(142)   Merge Heap Roots: 0.0ms
[2020-04-16T22:44:55.039+0800][145.565s] GC(142)   Evacuate Collection Set: 0.5ms
[2020-04-16T22:44:55.039+0800][145.565s] GC(142)   Post Evacuate Collection Set: 0.3ms
[2020-04-16T22:44:55.039+0800][145.565s] GC(142)   Other: 0.1ms
[2020-04-16T22:44:55.039+0800][145.565s] GC(142) Eden regions: 1->0(128)
[2020-04-16T22:44:55.039+0800][145.565s] GC(142) Survivor regions: 0->0(0)
[2020-04-16T22:44:55.039+0800][145.565s] GC(142) Old regions: 508->509
[2020-04-16T22:44:55.039+0800][145.565s] GC(142) Archive regions: 2->2
[2020-04-16T22:44:55.039+0800][145.565s] GC(142) Humongous regions: 1->1
[2020-04-16T22:44:55.039+0800][145.565s] GC(142) Metaspace: 40069K(41296K)->40069K(41296K) NonClass: 35264K(36048K)->35264K(36048K) Class: 4805K(5248K)->4805K(5248K)
[2020-04-16T22:44:55.039+0800][145.565s] GC(142) Pause Young (Normal) (G1 Evacuation Pause) 510M->510M(512M) 1.132ms
[2020-04-16T22:44:55.039+0800][145.565s] GC(142) User=0.01s Sys=0.00s Real=0.00s
[2020-04-16T22:44:55.039+0800][145.565s] GC(143) Using 4 workers of 4 for full compaction
[2020-04-16T22:44:55.039+0800][145.565s] GC(143) Pause Full (G1 Evacuation Pause)
[2020-04-16T22:44:55.039+0800][145.565s] GC(143) Phase 1: Mark live objects
[2020-04-16T22:44:55.604+0800][146.129s] GC(143) Phase 1: Mark live objects 564.338ms
[2020-04-16T22:44:55.604+0800][146.129s] GC(143) Phase 2: Prepare for compaction
[2020-04-16T22:44:55.731+0800][146.256s] GC(143) Phase 2: Prepare for compaction 126.963ms
[2020-04-16T22:44:55.731+0800][146.256s] GC(143) Phase 3: Adjust pointers
[2020-04-16T22:44:55.937+0800][146.462s] GC(143) Phase 3: Adjust pointers 205.893ms
[2020-04-16T22:44:55.937+0800][146.462s] GC(143) Phase 4: Compact heap
[2020-04-16T22:44:56.013+0800][146.539s] GC(143) Phase 4: Compact heap 76.502ms
[2020-04-16T22:44:56.017+0800][146.542s] GC(143) Eden regions: 0->0(128)
[2020-04-16T22:44:56.017+0800][146.542s] GC(143) Survivor regions: 0->0(0)
[2020-04-16T22:44:56.017+0800][146.542s] GC(143) Old regions: 509->508
[2020-04-16T22:44:56.017+0800][146.542s] GC(143) Archive regions: 2->2
[2020-04-16T22:44:56.017+0800][146.542s] GC(143) Humongous regions: 1->1
[2020-04-16T22:44:56.017+0800][146.542s] GC(143) Metaspace: 40069K(41296K)->40069K(41296K) NonClass: 35264K(36048K)->35264K(36048K) Class: 4805K(5248K)->4805K(5248K)
[2020-04-16T22:44:56.017+0800][146.542s] GC(143) Pause Full (G1 Evacuation Pause) 510M->509M(512M) 977.581ms
[2020-04-16T22:44:56.017+0800][146.543s] GC(143) User=3.59s Sys=0.00s Real=0.98s
[2020-04-16T22:44:56.017+0800][146.543s] GC(144) Pause Young (Concurrent Start) (G1 Evacuation Pause)
[2020-04-16T22:44:56.017+0800][146.543s] GC(144) Using 4 workers of 4 for evacuation
[2020-04-16T22:44:56.019+0800][146.544s] GC(144) To-space exhausted
[2020-04-16T22:44:56.019+0800][146.544s] GC(144)   Pre Evacuate Collection Set: 0.1ms
[2020-04-16T22:44:56.019+0800][146.544s] GC(144)   Merge Heap Roots: 0.0ms
[2020-04-16T22:44:56.019+0800][146.545s] GC(144)   Evacuate Collection Set: 0.9ms
[2020-04-16T22:44:56.019+0800][146.545s] GC(144)   Post Evacuate Collection Set: 0.3ms
[2020-04-16T22:44:56.019+0800][146.545s] GC(144)   Other: 0.2ms
[2020-04-16T22:44:56.019+0800][146.545s] GC(144) Eden regions: 1->0(128)
[2020-04-16T22:44:56.019+0800][146.545s] GC(144) Survivor regions: 0->0(0)
[2020-04-16T22:44:56.019+0800][146.545s] GC(144) Old regions: 508->509
[2020-04-16T22:44:56.019+0800][146.545s] GC(144) Archive regions: 2->2
[2020-04-16T22:44:56.019+0800][146.545s] GC(144) Humongous regions: 1->1
[2020-04-16T22:44:56.019+0800][146.545s] GC(144) Metaspace: 40069K(41296K)->40069K(41296K) NonClass: 35264K(36048K)->35264K(36048K) Class: 4805K(5248K)->4805K(5248K)
[2020-04-16T22:44:56.019+0800][146.545s] GC(144) Pause Young (Concurrent Start) (G1 Evacuation Pause) 510M->510M(512M) 1.791ms
[2020-04-16T22:44:56.019+0800][146.545s] GC(144) User=0.00s Sys=0.00s Real=0.00s
[2020-04-16T22:44:56.019+0800][146.545s] GC(146) Concurrent Cycle
[2020-04-16T22:44:56.019+0800][146.545s] GC(145) Using 4 workers of 4 for full compaction
[2020-04-16T22:44:56.019+0800][146.545s] GC(146) Concurrent Clear Claimed Marks
[2020-04-16T22:44:56.019+0800][146.545s] GC(145) Pause Full (G1 Evacuation Pause)
[2020-04-16T22:44:56.019+0800][146.545s] GC(146) Concurrent Clear Claimed Marks 0.123ms
[2020-04-16T22:44:56.019+0800][146.545s] GC(146) Concurrent Scan Root Regions
[2020-04-16T22:44:56.019+0800][146.545s] GC(146) Concurrent Scan Root Regions 0.018ms
[2020-04-16T22:44:56.019+0800][146.545s] GC(146) Concurrent Mark (146.545s)
[2020-04-16T22:44:56.019+0800][146.545s] GC(146) Concurrent Mark From Roots
[2020-04-16T22:44:56.019+0800][146.545s] GC(146) Using 4 workers of 4 for marking
[2020-04-16T22:44:56.021+0800][146.546s] GC(145) Phase 1: Mark live objects
[2020-04-16T22:44:56.611+0800][147.137s] GC(145) Phase 1: Mark live objects 590.332ms
[2020-04-16T22:44:56.611+0800][147.137s] GC(145) Phase 2: Prepare for compaction
[2020-04-16T22:44:56.741+0800][147.266s] GC(145) Phase 2: Prepare for compaction 129.432ms
[2020-04-16T22:44:56.741+0800][147.266s] GC(145) Phase 3: Adjust pointers
[2020-04-16T22:44:56.949+0800][147.475s] GC(145) Phase 3: Adjust pointers 208.809ms
[2020-04-16T22:44:56.949+0800][147.475s] GC(145) Phase 4: Compact heap
[2020-04-16T22:44:57.032+0800][147.558s] GC(145) Phase 4: Compact heap 82.564ms
[2020-04-16T22:44:57.036+0800][147.561s] GC(145) Eden regions: 0->0(128)
[2020-04-16T22:44:57.036+0800][147.561s] GC(145) Survivor regions: 0->0(0)
[2020-04-16T22:44:57.036+0800][147.561s] GC(145) Old regions: 509->508
[2020-04-16T22:44:57.036+0800][147.561s] GC(145) Archive regions: 2->2
[2020-04-16T22:44:57.036+0800][147.561s] GC(145) Humongous regions: 1->1
[2020-04-16T22:44:57.036+0800][147.561s] GC(145) Metaspace: 40069K(41296K)->40069K(41296K) NonClass: 35264K(36048K)->35264K(36048K) Class: 4805K(5248K)->4805K(5248K)
[2020-04-16T22:44:57.036+0800][147.561s] GC(145) Pause Full (G1 Evacuation Pause) 510M->509M(512M) 1016.366ms
[2020-04-16T22:44:57.036+0800][147.561s] GC(145) User=3.61s Sys=0.01s Real=1.02s
[2020-04-16T22:44:57.036+0800][147.561s] GC(146) Concurrent Mark From Roots 1016.450ms
[2020-04-16T22:44:57.036+0800][147.561s] GC(146) Concurrent Mark Abort
[2020-04-16T22:44:57.036+0800][147.562s] GC(146) Concurrent Cycle 1016.752ms
[2020-04-16T22:44:57.036+0800][147.562s] GC(147) Pause Young (Normal) (G1 Evacuation Pause)
[2020-04-16T22:44:57.036+0800][147.562s] GC(147) Using 4 workers of 4 for evacuation
[2020-04-16T22:44:57.037+0800][147.563s] GC(147) To-space exhausted
[2020-04-16T22:44:57.037+0800][147.563s] GC(147)   Pre Evacuate Collection Set: 0.1ms
[2020-04-16T22:44:57.037+0800][147.563s] GC(147)   Merge Heap Roots: 0.0ms
[2020-04-16T22:44:57.037+0800][147.563s] GC(147)   Evacuate Collection Set: 0.3ms
[2020-04-16T22:44:57.037+0800][147.563s] GC(147)   Post Evacuate Collection Set: 0.4ms
[2020-04-16T22:44:57.037+0800][147.563s] GC(147)   Other: 0.1ms
[2020-04-16T22:44:57.037+0800][147.563s] GC(147) Eden regions: 1->0(128)
[2020-04-16T22:44:57.037+0800][147.563s] GC(147) Survivor regions: 0->0(0)
[2020-04-16T22:44:57.037+0800][147.563s] GC(147) Old regions: 508->509
[2020-04-16T22:44:57.037+0800][147.563s] GC(147) Archive regions: 2->2
[2020-04-16T22:44:57.037+0800][147.563s] GC(147) Humongous regions: 1->1
[2020-04-16T22:44:57.037+0800][147.563s] GC(147) Metaspace: 40069K(41296K)->40069K(41296K) NonClass: 35264K(36048K)->35264K(36048K) Class: 4805K(5248K)->4805K(5248K)
[2020-04-16T22:44:57.037+0800][147.563s] GC(147) Pause Young (Normal) (G1 Evacuation Pause) 510M->510M(512M) 0.950ms
[2020-04-16T22:44:57.037+0800][147.563s] GC(147) User=0.00s Sys=0.00s Real=0.00s
[2020-04-16T22:44:57.037+0800][147.563s] GC(148) Using 4 workers of 4 for full compaction
[2020-04-16T22:44:57.037+0800][147.563s] GC(148) Pause Full (G1 Evacuation Pause)
[2020-04-16T22:44:57.038+0800][147.563s] GC(148) Phase 1: Mark live objects
[2020-04-16T22:44:57.613+0800][148.138s] GC(148) Phase 1: Mark live objects 575.094ms
[2020-04-16T22:44:57.613+0800][148.138s] GC(148) Phase 2: Prepare for compaction
[2020-04-16T22:44:57.738+0800][148.263s] GC(148) Phase 2: Prepare for compaction 124.749ms
[2020-04-16T22:44:57.738+0800][148.263s] GC(148) Phase 3: Adjust pointers
[2020-04-16T22:44:57.944+0800][148.470s] GC(148) Phase 3: Adjust pointers 206.363ms
[2020-04-16T22:44:57.944+0800][148.470s] GC(148) Phase 4: Compact heap
[2020-04-16T22:44:58.024+0800][148.550s] GC(148) Phase 4: Compact heap 80.277ms
[2020-04-16T22:44:58.029+0800][148.554s] GC(148) Eden regions: 0->0(128)
[2020-04-16T22:44:58.029+0800][148.554s] GC(148) Survivor regions: 0->0(0)
[2020-04-16T22:44:58.029+0800][148.554s] GC(148) Old regions: 509->508
[2020-04-16T22:44:58.029+0800][148.554s] GC(148) Archive regions: 2->2
[2020-04-16T22:44:58.029+0800][148.554s] GC(148) Humongous regions: 1->1
[2020-04-16T22:44:58.029+0800][148.554s] GC(148) Metaspace: 40069K(41296K)->40069K(41296K) NonClass: 35264K(36048K)->35264K(36048K) Class: 4805K(5248K)->4805K(5248K)
[2020-04-16T22:44:58.029+0800][148.554s] GC(148) Pause Full (G1 Evacuation Pause) 510M->509M(512M) 991.338ms
[2020-04-16T22:44:58.029+0800][148.554s] GC(148) User=3.64s Sys=0.01s Real=0.99s
[2020-04-16T22:44:58.031+0800][148.557s] GC(149) Pause Young (Concurrent Start) (G1 Evacuation Pause)
[2020-04-16T22:44:58.031+0800][148.557s] GC(149) Using 4 workers of 4 for evacuation
[2020-04-16T22:44:58.033+0800][148.559s] GC(149) To-space exhausted
[2020-04-16T22:44:58.033+0800][148.559s] GC(149)   Pre Evacuate Collection Set: 0.1ms
[2020-04-16T22:44:58.033+0800][148.559s] GC(149)   Merge Heap Roots: 0.0ms
[2020-04-16T22:44:58.033+0800][148.559s] GC(149)   Evacuate Collection Set: 0.9ms
[2020-04-16T22:44:58.033+0800][148.559s] GC(149)   Post Evacuate Collection Set: 0.8ms
[2020-04-16T22:44:58.033+0800][148.559s] GC(149)   Other: 0.2ms
[2020-04-16T22:44:58.033+0800][148.559s] GC(149) Eden regions: 1->0(128)
[2020-04-16T22:44:58.033+0800][148.559s] GC(149) Survivor regions: 0->0(0)
[2020-04-16T22:44:58.033+0800][148.559s] GC(149) Old regions: 508->509
[2020-04-16T22:44:58.033+0800][148.559s] GC(149) Archive regions: 2->2
[2020-04-16T22:44:58.033+0800][148.559s] GC(149) Humongous regions: 1->1
[2020-04-16T22:44:58.033+0800][148.559s] GC(149) Metaspace: 40072K(41296K)->40072K(41296K) NonClass: 35266K(36048K)->35266K(36048K) Class: 4805K(5248K)->4805K(5248K)
[2020-04-16T22:44:58.033+0800][148.559s] GC(149) Pause Young (Concurrent Start) (G1 Evacuation Pause) 510M->510M(512M) 2.043ms
[2020-04-16T22:44:58.033+0800][148.559s] GC(149) User=0.00s Sys=0.00s Real=0.00s
[2020-04-16T22:44:58.033+0800][148.559s] GC(151) Concurrent Cycle
[2020-04-16T22:44:58.033+0800][148.559s] GC(150) Using 4 workers of 4 for full compaction
[2020-04-16T22:44:58.033+0800][148.559s] GC(151) Concurrent Clear Claimed Marks
[2020-04-16T22:44:58.033+0800][148.559s] GC(150) Pause Full (G1 Evacuation Pause)
[2020-04-16T22:44:58.033+0800][148.559s] GC(151) Concurrent Clear Claimed Marks 0.071ms
[2020-04-16T22:44:58.033+0800][148.559s] GC(151) Concurrent Scan Root Regions
[2020-04-16T22:44:58.033+0800][148.559s] GC(151) Concurrent Scan Root Regions 0.021ms
[2020-04-16T22:44:58.033+0800][148.559s] GC(151) Concurrent Mark (148.559s)
[2020-04-16T22:44:58.033+0800][148.559s] GC(151) Concurrent Mark From Roots
[2020-04-16T22:44:58.033+0800][148.559s] GC(151) Using 4 workers of 4 for marking
[2020-04-16T22:44:58.034+0800][148.560s] GC(150) Phase 1: Mark live objects
[2020-04-16T22:44:58.611+0800][149.137s] GC(150) Phase 1: Mark live objects 576.843ms
[2020-04-16T22:44:58.611+0800][149.137s] GC(150) Phase 2: Prepare for compaction
[2020-04-16T22:44:58.731+0800][149.257s] GC(150) Phase 2: Prepare for compaction 120.415ms
[2020-04-16T22:44:58.732+0800][149.257s] GC(150) Phase 3: Adjust pointers
[2020-04-16T22:44:58.935+0800][149.461s] GC(150) Phase 3: Adjust pointers 203.490ms
[2020-04-16T22:44:58.935+0800][149.461s] GC(150) Phase 4: Compact heap
[2020-04-16T22:44:59.017+0800][149.543s] GC(150) Phase 4: Compact heap 82.150ms
[2020-04-16T22:44:59.021+0800][149.547s] GC(150) Eden regions: 0->0(128)
[2020-04-16T22:44:59.021+0800][149.547s] GC(150) Survivor regions: 0->0(0)
[2020-04-16T22:44:59.021+0800][149.547s] GC(150) Old regions: 509->508
[2020-04-16T22:44:59.021+0800][149.547s] GC(150) Archive regions: 2->2
[2020-04-16T22:44:59.021+0800][149.547s] GC(150) Humongous regions: 1->1
[2020-04-16T22:44:59.021+0800][149.547s] GC(150) Metaspace: 40072K(41296K)->40072K(41296K) NonClass: 35266K(36048K)->35266K(36048K) Class: 4805K(5248K)->4805K(5248K)
[2020-04-16T22:44:59.021+0800][149.547s] GC(150) Pause Full (G1 Evacuation Pause) 510M->509M(512M) 987.914ms
[2020-04-16T22:44:59.021+0800][149.547s] GC(150) User=3.66s Sys=0.01s Real=0.99s
[2020-04-16T22:44:59.022+0800][149.547s] GC(151) Concurrent Mark From Roots 988.296ms
[2020-04-16T22:44:59.022+0800][149.547s] GC(151) Concurrent Mark Abort
[2020-04-16T22:44:59.022+0800][149.547s] GC(151) Concurrent Cycle 988.549ms
[2020-04-16T22:44:59.022+0800][149.548s] GC(152) Pause Young (Normal) (G1 Evacuation Pause)
[2020-04-16T22:44:59.022+0800][149.548s] GC(152) Using 4 workers of 4 for evacuation
[2020-04-16T22:44:59.023+0800][149.549s] GC(152) To-space exhausted
[2020-04-16T22:44:59.023+0800][149.549s] GC(152)   Pre Evacuate Collection Set: 0.1ms
[2020-04-16T22:44:59.023+0800][149.549s] GC(152)   Merge Heap Roots: 0.0ms
[2020-04-16T22:44:59.023+0800][149.549s] GC(152)   Evacuate Collection Set: 0.4ms
[2020-04-16T22:44:59.023+0800][149.549s] GC(152)   Post Evacuate Collection Set: 0.5ms
[2020-04-16T22:44:59.023+0800][149.549s] GC(152)   Other: 0.2ms
[2020-04-16T22:44:59.023+0800][149.549s] GC(152) Eden regions: 1->0(128)
[2020-04-16T22:44:59.023+0800][149.549s] GC(152) Survivor regions: 0->0(0)
[2020-04-16T22:44:59.023+0800][149.549s] GC(152) Old regions: 508->509
[2020-04-16T22:44:59.023+0800][149.549s] GC(152) Archive regions: 2->2
[2020-04-16T22:44:59.023+0800][149.549s] GC(152) Humongous regions: 1->1
[2020-04-16T22:44:59.023+0800][149.549s] GC(152) Metaspace: 40072K(41296K)->40072K(41296K) NonClass: 35266K(36048K)->35266K(36048K) Class: 4805K(5248K)->4805K(5248K)
[2020-04-16T22:44:59.023+0800][149.549s] GC(152) Pause Young (Normal) (G1 Evacuation Pause) 510M->510M(512M) 1.248ms
[2020-04-16T22:44:59.023+0800][149.549s] GC(152) User=0.00s Sys=0.00s Real=0.00s
[2020-04-16T22:44:59.023+0800][149.549s] GC(153) Using 4 workers of 4 for full compaction
[2020-04-16T22:44:59.023+0800][149.549s] GC(153) Pause Full (G1 Evacuation Pause)
[2020-04-16T22:44:59.024+0800][149.549s] GC(153) Phase 1: Mark live objects
[2020-04-16T22:44:59.599+0800][150.124s] GC(153) Phase 1: Mark live objects 575.138ms
[2020-04-16T22:44:59.599+0800][150.125s] GC(153) Phase 2: Prepare for compaction
[2020-04-16T22:44:59.724+0800][150.250s] GC(153) Phase 2: Prepare for compaction 125.000ms
[2020-04-16T22:44:59.724+0800][150.250s] GC(153) Phase 3: Adjust pointers
[2020-04-16T22:44:59.926+0800][150.452s] GC(153) Phase 3: Adjust pointers 202.273ms
[2020-04-16T22:44:59.926+0800][150.452s] GC(153) Phase 4: Compact heap
[2020-04-16T22:45:00.006+0800][150.532s] GC(153) Phase 4: Compact heap 79.606ms
[2020-04-16T22:45:00.010+0800][150.535s] GC(153) Eden regions: 0->0(128)
[2020-04-16T22:45:00.010+0800][150.535s] GC(153) Survivor regions: 0->0(0)
[2020-04-16T22:45:00.010+0800][150.535s] GC(153) Old regions: 509->508
[2020-04-16T22:45:00.010+0800][150.535s] GC(153) Archive regions: 2->2
[2020-04-16T22:45:00.010+0800][150.535s] GC(153) Humongous regions: 1->1
[2020-04-16T22:45:00.010+0800][150.535s] GC(153) Metaspace: 40072K(41296K)->40072K(41296K) NonClass: 35266K(36048K)->35266K(36048K) Class: 4805K(5248K)->4805K(5248K)
[2020-04-16T22:45:00.010+0800][150.535s] GC(153) Pause Full (G1 Evacuation Pause) 510M->509M(512M) 986.146ms
[2020-04-16T22:45:00.010+0800][150.535s] GC(153) User=3.65s Sys=0.01s Real=0.99s
[2020-04-16T22:45:00.011+0800][150.536s] GC(154) Pause Young (Concurrent Start) (G1 Evacuation Pause)
[2020-04-16T22:45:00.011+0800][150.536s] GC(154) Using 4 workers of 4 for evacuation
[2020-04-16T22:45:00.012+0800][150.538s] GC(154) To-space exhausted
[2020-04-16T22:45:00.012+0800][150.538s] GC(154)   Pre Evacuate Collection Set: 0.1ms
[2020-04-16T22:45:00.012+0800][150.538s] GC(154)   Merge Heap Roots: 0.0ms
[2020-04-16T22:45:00.012+0800][150.538s] GC(154)   Evacuate Collection Set: 0.6ms
[2020-04-16T22:45:00.012+0800][150.538s] GC(154)   Post Evacuate Collection Set: 0.5ms
[2020-04-16T22:45:00.012+0800][150.538s] GC(154)   Other: 0.1ms
[2020-04-16T22:45:00.012+0800][150.538s] GC(154) Eden regions: 1->0(128)
[2020-04-16T22:45:00.012+0800][150.538s] GC(154) Survivor regions: 0->0(0)
[2020-04-16T22:45:00.012+0800][150.538s] GC(154) Old regions: 508->509
[2020-04-16T22:45:00.012+0800][150.538s] GC(154) Archive regions: 2->2
[2020-04-16T22:45:00.012+0800][150.538s] GC(154) Humongous regions: 1->1
[2020-04-16T22:45:00.012+0800][150.538s] GC(154) Metaspace: 40072K(41296K)->40072K(41296K) NonClass: 35267K(36048K)->35267K(36048K) Class: 4805K(5248K)->4805K(5248K)
[2020-04-16T22:45:00.012+0800][150.538s] GC(154) Pause Young (Concurrent Start) (G1 Evacuation Pause) 510M->510M(512M) 1.427ms
[2020-04-16T22:45:00.012+0800][150.538s] GC(154) User=0.00s Sys=0.00s Real=0.00s
[2020-04-16T22:45:00.012+0800][150.538s] GC(156) Concurrent Cycle
[2020-04-16T22:45:00.012+0800][150.538s] GC(155) Using 4 workers of 4 for full compaction
[2020-04-16T22:45:00.012+0800][150.538s] GC(156) Concurrent Clear Claimed Marks
[2020-04-16T22:45:00.012+0800][150.538s] GC(155) Pause Full (G1 Evacuation Pause)
[2020-04-16T22:45:00.012+0800][150.538s] GC(156) Concurrent Clear Claimed Marks 0.087ms
[2020-04-16T22:45:00.012+0800][150.538s] GC(156) Concurrent Scan Root Regions
[2020-04-16T22:45:00.012+0800][150.538s] GC(156) Concurrent Scan Root Regions 0.012ms
[2020-04-16T22:45:00.012+0800][150.538s] GC(156) Concurrent Mark (150.538s)
[2020-04-16T22:45:00.012+0800][150.538s] GC(156) Concurrent Mark From Roots
[2020-04-16T22:45:00.012+0800][150.538s] GC(156) Using 4 workers of 4 for marking
[2020-04-16T22:45:00.013+0800][150.539s] GC(155) Phase 1: Mark live objects
[2020-04-16T22:45:00.702+0800][151.227s] GC(155) Phase 1: Mark live objects 688.566ms
[2020-04-16T22:45:00.702+0800][151.228s] GC(155) Phase 2: Prepare for compaction
[2020-04-16T22:45:00.826+0800][151.352s] GC(155) Phase 2: Prepare for compaction 124.247ms
[2020-04-16T22:45:00.826+0800][151.352s] GC(155) Phase 3: Adjust pointers
[2020-04-16T22:45:01.031+0800][151.556s] GC(155) Phase 3: Adjust pointers 204.413ms
[2020-04-16T22:45:01.031+0800][151.556s] GC(155) Phase 4: Compact heap
[2020-04-16T22:45:01.112+0800][151.637s] GC(155) Phase 4: Compact heap 80.914ms
[2020-04-16T22:45:01.115+0800][151.641s] GC(155) Eden regions: 0->0(128)
[2020-04-16T22:45:01.115+0800][151.641s] GC(155) Survivor regions: 0->0(0)
[2020-04-16T22:45:01.115+0800][151.641s] GC(155) Old regions: 509->509
[2020-04-16T22:45:01.115+0800][151.641s] GC(155) Archive regions: 2->2
[2020-04-16T22:45:01.115+0800][151.641s] GC(155) Humongous regions: 1->1
[2020-04-16T22:45:01.115+0800][151.641s] GC(155) Metaspace: 40072K(41296K)->40072K(41296K) NonClass: 35267K(36048K)->35267K(36048K) Class: 4805K(5248K)->4805K(5248K)
[2020-04-16T22:45:01.115+0800][151.641s] GC(155) Pause Full (G1 Evacuation Pause) 510M->509M(512M) 1103.084ms
[2020-04-16T22:45:01.116+0800][151.641s] GC(155) User=3.71s Sys=0.01s Real=1.10s
[2020-04-16T22:45:01.116+0800][151.641s] GC(157) Using 4 workers of 4 for full compaction
[2020-04-16T22:45:01.116+0800][151.641s] GC(157) Pause Full (G1 Evacuation Pause)
[2020-04-16T22:45:01.116+0800][151.641s] GC(157) Phase 1: Mark live objects
[2020-04-16T22:45:01.694+0800][152.220s] GC(157) Phase 1: Mark live objects 578.056ms
[2020-04-16T22:45:01.694+0800][152.220s] GC(157) Phase 2: Prepare for compaction
[2020-04-16T22:45:01.824+0800][152.349s] GC(157) Phase 2: Prepare for compaction 129.399ms
[2020-04-16T22:45:01.824+0800][152.349s] GC(157) Phase 3: Adjust pointers
[2020-04-16T22:45:02.033+0800][152.559s] GC(157) Phase 3: Adjust pointers 209.490ms
[2020-04-16T22:45:02.033+0800][152.559s] GC(157) Phase 4: Compact heap
[2020-04-16T22:45:02.110+0800][152.635s] GC(157) Phase 4: Compact heap 76.903ms
[2020-04-16T22:45:02.114+0800][152.639s] GC(157) Eden regions: 0->0(128)
[2020-04-16T22:45:02.114+0800][152.639s] GC(157) Survivor regions: 0->0(0)
[2020-04-16T22:45:02.114+0800][152.639s] GC(157) Old regions: 509->509
[2020-04-16T22:45:02.114+0800][152.639s] GC(157) Archive regions: 2->2
[2020-04-16T22:45:02.114+0800][152.639s] GC(157) Humongous regions: 1->1
[2020-04-16T22:45:02.114+0800][152.639s] GC(157) Metaspace: 40072K(41296K)->40072K(41296K) NonClass: 35267K(36048K)->35267K(36048K) Class: 4805K(5248K)->4805K(5248K)
[2020-04-16T22:45:02.114+0800][152.639s] GC(157) Pause Full (G1 Evacuation Pause) 509M->509M(512M) 997.900ms
[2020-04-16T22:45:02.114+0800][152.639s] GC(157) User=3.69s Sys=0.01s Real=1.00s
[2020-04-16T22:45:02.114+0800][152.639s] GC(156) Concurrent Mark From Roots 2101.330ms
[2020-04-16T22:45:02.114+0800][152.639s] GC(158) Pause Young (Normal) (G1 Evacuation Pause)
[2020-04-16T22:45:02.114+0800][152.639s] GC(158) Using 4 workers of 4 for evacuation
[2020-04-16T22:45:02.115+0800][152.640s] GC(158)   Pre Evacuate Collection Set: 0.1ms
[2020-04-16T22:45:02.115+0800][152.640s] GC(158)   Merge Heap Roots: 0.0ms
[2020-04-16T22:45:02.115+0800][152.640s] GC(158)   Evacuate Collection Set: 0.2ms
[2020-04-16T22:45:02.115+0800][152.640s] GC(158)   Post Evacuate Collection Set: 0.2ms
[2020-04-16T22:45:02.115+0800][152.640s] GC(158)   Other: 0.1ms
[2020-04-16T22:45:02.115+0800][152.640s] GC(158) Eden regions: 0->0(128)
[2020-04-16T22:45:02.115+0800][152.640s] GC(158) Survivor regions: 0->0(0)
[2020-04-16T22:45:02.115+0800][152.640s] GC(158) Old regions: 509->509
[2020-04-16T22:45:02.115+0800][152.640s] GC(158) Archive regions: 2->2
[2020-04-16T22:45:02.115+0800][152.640s] GC(158) Humongous regions: 1->1
[2020-04-16T22:45:02.115+0800][152.640s] GC(158) Metaspace: 40072K(41296K)->40072K(41296K) NonClass: 35267K(36048K)->35267K(36048K) Class: 4805K(5248K)->4805K(5248K)
[2020-04-16T22:45:02.115+0800][152.640s] GC(158) Pause Young (Normal) (G1 Evacuation Pause) 509M->509M(512M) 0.660ms
[2020-04-16T22:45:02.115+0800][152.640s] GC(158) User=0.00s Sys=0.00s Real=0.00s
[2020-04-16T22:45:02.115+0800][152.640s] GC(159) Using 4 workers of 4 for full compaction
[2020-04-16T22:45:02.115+0800][152.640s] GC(159) Pause Full (G1 Evacuation Pause)
[2020-04-16T22:45:02.115+0800][152.641s] GC(159) Phase 1: Mark live objects
[2020-04-16T22:45:02.689+0800][153.215s] GC(159) Phase 1: Mark live objects 574.402ms
[2020-04-16T22:45:02.690+0800][153.215s] GC(159) Phase 2: Prepare for compaction
[2020-04-16T22:45:02.815+0800][153.340s] GC(159) Phase 2: Prepare for compaction 125.473ms
[2020-04-16T22:45:02.815+0800][153.341s] GC(159) Phase 3: Adjust pointers
[2020-04-16T22:45:03.023+0800][153.549s] GC(159) Phase 3: Adjust pointers 208.324ms
[2020-04-16T22:45:03.023+0800][153.549s] GC(159) Phase 4: Compact heap
[2020-04-16T22:45:03.107+0800][153.633s] GC(159) Phase 4: Compact heap 83.915ms
[2020-04-16T22:45:03.111+0800][153.637s] GC(159) Eden regions: 0->0(128)
[2020-04-16T22:45:03.111+0800][153.637s] GC(159) Survivor regions: 0->0(0)
[2020-04-16T22:45:03.111+0800][153.637s] GC(159) Old regions: 509->509
[2020-04-16T22:45:03.111+0800][153.637s] GC(159) Archive regions: 2->2
[2020-04-16T22:45:03.111+0800][153.637s] GC(159) Humongous regions: 1->1
[2020-04-16T22:45:03.111+0800][153.637s] GC(159) Metaspace: 40072K(41296K)->40072K(41296K) NonClass: 35267K(36048K)->35267K(36048K) Class: 4805K(5248K)->4805K(5248K)
[2020-04-16T22:45:03.111+0800][153.637s] GC(159) Pause Full (G1 Evacuation Pause) 509M->509M(512M) 996.508ms
[2020-04-16T22:45:03.111+0800][153.637s] GC(159) User=3.71s Sys=0.01s Real=1.00s
[2020-04-16T22:45:03.111+0800][153.637s] GC(160) Using 4 workers of 4 for full compaction
[2020-04-16T22:45:03.112+0800][153.637s] GC(160) Pause Full (G1 Evacuation Pause)
[2020-04-16T22:45:03.112+0800][153.637s] GC(160) Phase 1: Mark live objects
[2020-04-16T22:45:03.709+0800][154.235s] GC(160) Phase 1: Mark live objects 597.174ms
[2020-04-16T22:45:03.709+0800][154.235s] GC(160) Phase 2: Prepare for compaction
[2020-04-16T22:45:03.840+0800][154.366s] GC(160) Phase 2: Prepare for compaction 131.263ms
[2020-04-16T22:45:03.841+0800][154.366s] GC(160) Phase 3: Adjust pointers
[2020-04-16T22:45:04.052+0800][154.577s] GC(160) Phase 3: Adjust pointers 211.173ms
[2020-04-16T22:45:04.052+0800][154.577s] GC(160) Phase 4: Compact heap
[2020-04-16T22:45:04.129+0800][154.655s] GC(160) Phase 4: Compact heap 77.613ms
[2020-04-16T22:45:04.133+0800][154.658s] GC(160) Eden regions: 0->0(128)
[2020-04-16T22:45:04.133+0800][154.658s] GC(160) Survivor regions: 0->0(0)
[2020-04-16T22:45:04.133+0800][154.658s] GC(160) Old regions: 509->509
[2020-04-16T22:45:04.133+0800][154.658s] GC(160) Archive regions: 2->2
[2020-04-16T22:45:04.133+0800][154.658s] GC(160) Humongous regions: 1->1
[2020-04-16T22:45:04.133+0800][154.658s] GC(160) Metaspace: 40072K(41296K)->40072K(41296K) NonClass: 35267K(36048K)->35267K(36048K) Class: 4805K(5248K)->4805K(5248K)
[2020-04-16T22:45:04.133+0800][154.658s] GC(160) Pause Full (G1 Evacuation Pause) 509M->509M(512M) 1021.379ms
[2020-04-16T22:45:04.133+0800][154.658s] GC(160) User=3.71s Sys=0.01s Real=1.02s
[2020-04-16T22:45:04.133+0800][154.659s] GC(156) Concurrent Mark Abort
[2020-04-16T22:45:04.133+0800][154.659s] GC(156) Concurrent Cycle 4120.823ms
